<html>
<body>
<pre>
<h1>µVision Build Log</h1>
<h2>Project:</h2>
C:\Users\alver\Desktop\ProyectoEstacion\MiniDK-2\uVision\Estacion.uvproj
Project File Date:  10/25/2019

<h2>Output:</h2>
Build target 'MiniDK-2'
custom translating WEB.inp...
Custom: C:\Keil\ARM\bin\fcarm @..\TCPIP\Web.inp
FCARM FILE CONVERTER V2.41
Completed 1 File(s), Ratio 48%
linking...
Program Size: Code=102468 RO-data=4640 RW-data=676 ZI-data=24984  
".\Estacion.axf" - 0 Errors, 0 Warning(s).
Load "C:\\Users\\alver\\Desktop\\ProyectoEstacion\\MiniDK-2\\uVision\\Estacion.axf" 
Set JLink Project File to "C:\Users\alver\Desktop\ProyectoEstacion\MiniDK-2\uVision\JLinkSettings.ini"
* JLink Info: Device "LPC1768" selected (512 KB flash, 32 KB RAM).
 
JLink info:
------------
DLL: V4.68a, compiled Apr 12 2013 13:26:50
Firmware: J-Link ARM V8 compiled Nov 28 2014 13:44:46
Hardware: V8.00
Feature(s) : RDI,FlashDL,FlashBP,JFlash,GDBFULL 
 
* JLink Info: Found SWD-DP with ID 0x2BA01477
* JLink Info: TPIU fitted.
* JLink Info: ETM fitted.
* JLink Info: FPUnit: 6 code (BP) slots and 2 literal slots
* JLink Info: Found Cortex-M3 r2p0, Little endian.
ROMTableAddr = 0xE00FF003
 
Target info:
------------
Device: LPC1768
VTarget = 3.261V
State of Pins: 
TCK: 0, TDI: 1, TDO: 0, TMS: 1, TRES: 1, TRST: 1
Hardware-Breakpoints: 6
Software-Breakpoints: 8192
Watchpoints:          4
JTAG speed: 4000 kHz
 
Erase Done.
Programming Done.
Verify OK.
Build target 'MiniDK-2'
custom translating WEB.inp...
Custom: C:\Keil\ARM\bin\fcarm @..\TCPIP\Web.inp
FCARM FILE CONVERTER V2.41
Completed 1 File(s), Ratio 48%
compiling WEB.C...
compiling Anemometro.c...
linking...
Program Size: Code=102476 RO-data=4640 RW-data=676 ZI-data=24984  
".\Estacion.axf" - 0 Errors, 0 Warning(s).
Load "C:\\Users\\alver\\Desktop\\ProyectoEstacion\\MiniDK-2\\uVision\\Estacion.axf" 
Set JLink Project File to "C:\Users\alver\Desktop\ProyectoEstacion\MiniDK-2\uVision\JLinkSettings.ini"
* JLink Info: Device "LPC1768" selected (512 KB flash, 32 KB RAM).
 
JLink info:
------------
DLL: V4.68a, compiled Apr 12 2013 13:26:50
Firmware: J-Link ARM V8 compiled Nov 28 2014 13:44:46
Hardware: V8.00
Feature(s) : RDI,FlashDL,FlashBP,JFlash,GDBFULL 
 
* JLink Info: Found SWD-DP with ID 0x2BA01477
* JLink Info: TPIU fitted.
* JLink Info: ETM fitted.
* JLink Info: FPUnit: 6 code (BP) slots and 2 literal slots
* JLink Info: Found Cortex-M3 r2p0, Little endian.
ROMTableAddr = 0xE00FF003
 
Target info:
------------
Device: LPC1768
VTarget = 3.261V
State of Pins: 
TCK: 0, TDI: 1, TDO: 0, TMS: 1, TRES: 1, TRST: 1
Hardware-Breakpoints: 6
Software-Breakpoints: 8192
Watchpoints:          4
JTAG speed: 4000 kHz
 
Erase Done.
Programming Done.
Verify OK.
Build target 'MiniDK-2'
custom translating WEB.inp...
Custom: C:\Keil\ARM\bin\fcarm @..\TCPIP\Web.inp
FCARM FILE CONVERTER V2.41
Completed 1 File(s), Ratio 48%
compiling Anemometro.c...
linking...
Program Size: Code=102468 RO-data=4640 RW-data=676 ZI-data=24984  
".\Estacion.axf" - 0 Errors, 0 Warning(s).
Load "C:\\Users\\alver\\Desktop\\ProyectoEstacion\\MiniDK-2\\uVision\\Estacion.axf" 
Set JLink Project File to "C:\Users\alver\Desktop\ProyectoEstacion\MiniDK-2\uVision\JLinkSettings.ini"
* JLink Info: Device "LPC1768" selected (512 KB flash, 32 KB RAM).
 
JLink info:
------------
DLL: V4.68a, compiled Apr 12 2013 13:26:50
Firmware: J-Link ARM V8 compiled Nov 28 2014 13:44:46
Hardware: V8.00
Feature(s) : RDI,FlashDL,FlashBP,JFlash,GDBFULL 
 
* JLink Info: Found SWD-DP with ID 0x2BA01477
* JLink Info: TPIU fitted.
* JLink Info: ETM fitted.
* JLink Info: FPUnit: 6 code (BP) slots and 2 literal slots
* JLink Info: Found Cortex-M3 r2p0, Little endian.
ROMTableAddr = 0xE00FF003
 
Target info:
------------
Device: LPC1768
VTarget = 3.261V
State of Pins: 
TCK: 0, TDI: 1, TDO: 0, TMS: 1, TRES: 1, TRST: 1
Hardware-Breakpoints: 6
Software-Breakpoints: 8192
Watchpoints:          4
JTAG speed: 4000 kHz
 
Erase Done.
Programming Done.
Verify OK.
Build target 'MiniDK-2'
custom translating WEB.inp...
Custom: C:\Keil\ARM\bin\fcarm @..\TCPIP\Web.inp
FCARM FILE CONVERTER V2.41
Completed 1 File(s), Ratio 48%
compiling WEB.C...
linking...
Program Size: Code=102468 RO-data=4640 RW-data=676 ZI-data=24984  
".\Estacion.axf" - 0 Errors, 0 Warning(s).
Load "C:\\Users\\alver\\Desktop\\ProyectoEstacion\\MiniDK-2\\uVision\\Estacion.axf" 
Set JLink Project File to "C:\Users\alver\Desktop\ProyectoEstacion\MiniDK-2\uVision\JLinkSettings.ini"
* JLink Info: Device "LPC1768" selected (512 KB flash, 32 KB RAM).
 
JLink info:
------------
DLL: V4.68a, compiled Apr 12 2013 13:26:50
Firmware: J-Link ARM V8 compiled Nov 28 2014 13:44:46
Hardware: V8.00
Feature(s) : RDI,FlashDL,FlashBP,JFlash,GDBFULL 
 
* JLink Info: Found SWD-DP with ID 0x2BA01477
* JLink Info: TPIU fitted.
* JLink Info: ETM fitted.
* JLink Info: FPUnit: 6 code (BP) slots and 2 literal slots
* JLink Info: Found Cortex-M3 r2p0, Little endian.
ROMTableAddr = 0xE00FF003
 
Target info:
------------
Device: LPC1768
VTarget = 3.261V
State of Pins: 
TCK: 0, TDI: 1, TDO: 0, TMS: 1, TRES: 1, TRST: 1
Hardware-Breakpoints: 6
Software-Breakpoints: 8192
Watchpoints:          4
JTAG speed: 4000 kHz
 
Erase Done.
Programming Done.
Verify OK.
Build target 'MiniDK-2'
custom translating WEB.inp...
Custom: C:\Keil\ARM\bin\fcarm @..\TCPIP\Web.inp
FCARM FILE CONVERTER V2.41
Completed 1 File(s), Ratio 48%
compiling Anemometro.c...
linking...
Program Size: Code=102476 RO-data=4640 RW-data=676 ZI-data=24984  
".\Estacion.axf" - 0 Errors, 0 Warning(s).
Load "C:\\Users\\alver\\Desktop\\ProyectoEstacion\\MiniDK-2\\uVision\\Estacion.axf" 
Set JLink Project File to "C:\Users\alver\Desktop\ProyectoEstacion\MiniDK-2\uVision\JLinkSettings.ini"
* JLink Info: Device "LPC1768" selected (512 KB flash, 32 KB RAM).
 
JLink info:
------------
DLL: V4.68a, compiled Apr 12 2013 13:26:50
Firmware: J-Link ARM V8 compiled Nov 28 2014 13:44:46
Hardware: V8.00
Feature(s) : RDI,FlashDL,FlashBP,JFlash,GDBFULL 
 
* JLink Info: Found SWD-DP with ID 0x2BA01477
* JLink Info: TPIU fitted.
* JLink Info: ETM fitted.
* JLink Info: FPUnit: 6 code (BP) slots and 2 literal slots
* JLink Info: Found Cortex-M3 r2p0, Little endian.
ROMTableAddr = 0xE00FF003
 
Target info:
------------
Device: LPC1768
VTarget = 3.267V
State of Pins: 
TCK: 0, TDI: 1, TDO: 0, TMS: 1, TRES: 1, TRST: 1
Hardware-Breakpoints: 6
Software-Breakpoints: 8192
Watchpoints:          4
JTAG speed: 4000 kHz
 
Erase Done.
Programming Done.
Verify OK.
Build target 'MiniDK-2'
custom translating WEB.inp...
Custom: C:\Keil\ARM\bin\fcarm @..\TCPIP\Web.inp
FCARM FILE CONVERTER V2.41
Completed 1 File(s), Ratio 48%
compiling WEB.C...
compiling Anemometro.c...
linking...
Program Size: Code=102476 RO-data=4640 RW-data=676 ZI-data=24984  
".\Estacion.axf" - 0 Errors, 0 Warning(s).
Load "C:\\Users\\alver\\Desktop\\ProyectoEstacion\\MiniDK-2\\uVision\\Estacion.axf" 
Set JLink Project File to "C:\Users\alver\Desktop\ProyectoEstacion\MiniDK-2\uVision\JLinkSettings.ini"
* JLink Info: Device "LPC1768" selected (512 KB flash, 32 KB RAM).
 
JLink info:
------------
DLL: V4.68a, compiled Apr 12 2013 13:26:50
Firmware: J-Link ARM V8 compiled Nov 28 2014 13:44:46
Hardware: V8.00
Feature(s) : RDI,FlashDL,FlashBP,JFlash,GDBFULL 
 
* JLink Info: Found SWD-DP with ID 0x2BA01477
* JLink Info: TPIU fitted.
* JLink Info: ETM fitted.
* JLink Info: FPUnit: 6 code (BP) slots and 2 literal slots
* JLink Info: Found Cortex-M3 r2p0, Little endian.
ROMTableAddr = 0xE00FF003
 
Target info:
------------
Device: LPC1768
VTarget = 3.261V
State of Pins: 
TCK: 0, TDI: 1, TDO: 0, TMS: 1, TRES: 1, TRST: 1
Hardware-Breakpoints: 6
Software-Breakpoints: 8192
Watchpoints:          4
JTAG speed: 4000 kHz
 
Erase Done.
Programming Done.
Verify OK.
Build target 'MiniDK-2'
custom translating WEB.inp...
Custom: C:\Keil\ARM\bin\fcarm @..\TCPIP\Web.inp
FCARM FILE CONVERTER V2.41
Completed 1 File(s), Ratio 48%
compiling Anemometro.c...
linking...
Program Size: Code=102476 RO-data=4640 RW-data=676 ZI-data=24984  
".\Estacion.axf" - 0 Errors, 0 Warning(s).
Load "C:\\Users\\alver\\Desktop\\ProyectoEstacion\\MiniDK-2\\uVision\\Estacion.axf" 
Set JLink Project File to "C:\Users\alver\Desktop\ProyectoEstacion\MiniDK-2\uVision\JLinkSettings.ini"
* JLink Info: Device "LPC1768" selected (512 KB flash, 32 KB RAM).
 
JLink info:
------------
DLL: V4.68a, compiled Apr 12 2013 13:26:50
Firmware: J-Link ARM V8 compiled Nov 28 2014 13:44:46
Hardware: V8.00
Feature(s) : RDI,FlashDL,FlashBP,JFlash,GDBFULL 
 
* JLink Info: Found SWD-DP with ID 0x2BA01477
* JLink Info: TPIU fitted.
* JLink Info: ETM fitted.
* JLink Info: FPUnit: 6 code (BP) slots and 2 literal slots
* JLink Info: Found Cortex-M3 r2p0, Little endian.
ROMTableAddr = 0xE00FF003
 
Target info:
------------
Device: LPC1768
VTarget = 3.261V
State of Pins: 
TCK: 0, TDI: 1, TDO: 0, TMS: 1, TRES: 1, TRST: 1
Hardware-Breakpoints: 6
Software-Breakpoints: 8192
Watchpoints:          4
JTAG speed: 4000 kHz
 
Erase Done.
Programming Done.
Verify OK.
Build target 'MiniDK-2'
custom translating WEB.inp...
Custom: C:\Keil\ARM\bin\fcarm @..\TCPIP\Web.inp
FCARM FILE CONVERTER V2.41
Completed 1 File(s), Ratio 48%
compiling WEB.C...
compiling Anemometro.c...
linking...
Program Size: Code=102472 RO-data=4640 RW-data=676 ZI-data=24984  
".\Estacion.axf" - 0 Errors, 0 Warning(s).
Load "C:\\Users\\alver\\Desktop\\ProyectoEstacion\\MiniDK-2\\uVision\\Estacion.axf" 
Set JLink Project File to "C:\Users\alver\Desktop\ProyectoEstacion\MiniDK-2\uVision\JLinkSettings.ini"
* JLink Info: Device "LPC1768" selected (512 KB flash, 32 KB RAM).
 
JLink info:
------------
DLL: V4.68a, compiled Apr 12 2013 13:26:50
Firmware: J-Link ARM V8 compiled Nov 28 2014 13:44:46
Hardware: V8.00
Feature(s) : RDI,FlashDL,FlashBP,JFlash,GDBFULL 
 
* JLink Info: Found SWD-DP with ID 0x2BA01477
* JLink Info: TPIU fitted.
* JLink Info: ETM fitted.
* JLink Info: FPUnit: 6 code (BP) slots and 2 literal slots
* JLink Info: Found Cortex-M3 r2p0, Little endian.
ROMTableAddr = 0xE00FF003
 
Target info:
------------
Device: LPC1768
VTarget = 3.267V
State of Pins: 
TCK: 0, TDI: 1, TDO: 0, TMS: 1, TRES: 1, TRST: 1
Hardware-Breakpoints: 6
Software-Breakpoints: 8192
Watchpoints:          4
JTAG speed: 4000 kHz
 
Erase Done.
Programming Done.
Verify OK.
Build target 'MiniDK-2'
custom translating WEB.inp...
Custom: C:\Keil\ARM\bin\fcarm @..\TCPIP\Web.inp
FCARM FILE CONVERTER V2.41
Completed 1 File(s), Ratio 48%
compiling Anemometro.c...
linking...
Program Size: Code=102464 RO-data=4640 RW-data=676 ZI-data=24984  
".\Estacion.axf" - 0 Errors, 0 Warning(s).
Load "C:\\Users\\alver\\Desktop\\ProyectoEstacion\\MiniDK-2\\uVision\\Estacion.axf" 
Set JLink Project File to "C:\Users\alver\Desktop\ProyectoEstacion\MiniDK-2\uVision\JLinkSettings.ini"
* JLink Info: Device "LPC1768" selected (512 KB flash, 32 KB RAM).
 
JLink info:
------------
DLL: V4.68a, compiled Apr 12 2013 13:26:50
Firmware: J-Link ARM V8 compiled Nov 28 2014 13:44:46
Hardware: V8.00
Feature(s) : RDI,FlashDL,FlashBP,JFlash,GDBFULL 
 
* JLink Info: Found SWD-DP with ID 0x2BA01477
* JLink Info: TPIU fitted.
* JLink Info: ETM fitted.
* JLink Info: FPUnit: 6 code (BP) slots and 2 literal slots
* JLink Info: Found Cortex-M3 r2p0, Little endian.
ROMTableAddr = 0xE00FF003
 
Target info:
------------
Device: LPC1768
VTarget = 3.261V
State of Pins: 
TCK: 0, TDI: 1, TDO: 0, TMS: 1, TRES: 1, TRST: 1
Hardware-Breakpoints: 6
Software-Breakpoints: 8192
Watchpoints:          4
JTAG speed: 4000 kHz
 
Erase Done.
Programming Done.
Verify OK.
Build target 'MiniDK-2'
custom translating WEB.inp...
Custom: C:\Keil\ARM\bin\fcarm @..\TCPIP\Web.inp
FCARM FILE CONVERTER V2.41
Completed 1 File(s), Ratio 48%
compiling WEB.C...
compiling Anemometro.c...
linking...
Program Size: Code=102472 RO-data=4640 RW-data=676 ZI-data=24984  
".\Estacion.axf" - 0 Errors, 0 Warning(s).
Load "C:\\Users\\alver\\Desktop\\ProyectoEstacion\\MiniDK-2\\uVision\\Estacion.axf" 
Set JLink Project File to "C:\Users\alver\Desktop\ProyectoEstacion\MiniDK-2\uVision\JLinkSettings.ini"
* JLink Info: Device "LPC1768" selected (512 KB flash, 32 KB RAM).
 
JLink info:
------------
DLL: V4.68a, compiled Apr 12 2013 13:26:50
Firmware: J-Link ARM V8 compiled Nov 28 2014 13:44:46
Hardware: V8.00
Feature(s) : RDI,FlashDL,FlashBP,JFlash,GDBFULL 
 
* JLink Info: Found SWD-DP with ID 0x2BA01477
* JLink Info: TPIU fitted.
* JLink Info: ETM fitted.
* JLink Info: FPUnit: 6 code (BP) slots and 2 literal slots
* JLink Info: Found Cortex-M3 r2p0, Little endian.
ROMTableAddr = 0xE00FF003
 
Target info:
------------
Device: LPC1768
VTarget = 3.261V
State of Pins: 
TCK: 0, TDI: 1, TDO: 0, TMS: 1, TRES: 1, TRST: 1
Hardware-Breakpoints: 6
Software-Breakpoints: 8192
Watchpoints:          4
JTAG speed: 4000 kHz
 
Erase Done.
Programming Done.
Verify OK.
Build target 'MiniDK-2'
custom translating WEB.inp...
Custom: C:\Keil\ARM\bin\fcarm @..\TCPIP\Web.inp
FCARM FILE CONVERTER V2.41
Completed 1 File(s), Ratio 48%
linking...
Program Size: Code=102472 RO-data=4640 RW-data=676 ZI-data=24984  
".\Estacion.axf" - 0 Errors, 0 Warning(s).
Load "C:\\Users\\alver\\Desktop\\ProyectoEstacion\\MiniDK-2\\uVision\\Estacion.axf" 
Set JLink Project File to "C:\Users\alver\Desktop\ProyectoEstacion\MiniDK-2\uVision\JLinkSettings.ini"
* JLink Info: Device "LPC1768" selected (512 KB flash, 32 KB RAM).
 
JLink info:
------------
DLL: V4.68a, compiled Apr 12 2013 13:26:50
Firmware: J-Link ARM V8 compiled Nov 28 2014 13:44:46
Hardware: V8.00
Feature(s) : RDI,FlashDL,FlashBP,JFlash,GDBFULL 
 
* JLink Info: Found SWD-DP with ID 0x2BA01477
* JLink Info: TPIU fitted.
* JLink Info: ETM fitted.
* JLink Info: FPUnit: 6 code (BP) slots and 2 literal slots
* JLink Info: Found Cortex-M3 r2p0, Little endian.
ROMTableAddr = 0xE00FF003
 
Target info:
------------
Device: LPC1768
VTarget = 3.261V
State of Pins: 
TCK: 0, TDI: 1, TDO: 0, TMS: 1, TRES: 1, TRST: 1
Hardware-Breakpoints: 6
Software-Breakpoints: 8192
Watchpoints:          4
JTAG speed: 4000 kHz
 
Erase Done.
Programming Done.
Verify OK.
Build target 'MiniDK-2'
custom translating WEB.inp...
Custom: C:\Keil\ARM\bin\fcarm @..\TCPIP\Web.inp
FCARM FILE CONVERTER V2.41
Completed 1 File(s), Ratio 48%
compiling WEB.C...
compiling Anemometro.c...
linking...
Program Size: Code=102484 RO-data=4640 RW-data=676 ZI-data=24984  
".\Estacion.axf" - 0 Errors, 0 Warning(s).
Load "C:\\Users\\alver\\Desktop\\ProyectoEstacion\\MiniDK-2\\uVision\\Estacion.axf" 
Set JLink Project File to "C:\Users\alver\Desktop\ProyectoEstacion\MiniDK-2\uVision\JLinkSettings.ini"
* JLink Info: Device "LPC1768" selected (512 KB flash, 32 KB RAM).
 
JLink info:
------------
DLL: V4.68a, compiled Apr 12 2013 13:26:50
Firmware: J-Link ARM V8 compiled Nov 28 2014 13:44:46
Hardware: V8.00
Feature(s) : RDI,FlashDL,FlashBP,JFlash,GDBFULL 
 
* JLink Info: Found SWD-DP with ID 0x2BA01477
* JLink Info: TPIU fitted.
* JLink Info: ETM fitted.
* JLink Info: FPUnit: 6 code (BP) slots and 2 literal slots
* JLink Info: Found Cortex-M3 r2p0, Little endian.
ROMTableAddr = 0xE00FF003
 
Target info:
------------
Device: LPC1768
VTarget = 3.267V
State of Pins: 
TCK: 0, TDI: 1, TDO: 0, TMS: 1, TRES: 1, TRST: 1
Hardware-Breakpoints: 6
Software-Breakpoints: 8192
Watchpoints:          4
JTAG speed: 4000 kHz
 
Erase Done.
Programming Done.
Verify OK.
Build target 'MiniDK-2'
custom translating WEB.inp...
Custom: C:\Keil\ARM\bin\fcarm @..\TCPIP\Web.inp
FCARM FILE CONVERTER V2.41
Completed 1 File(s), Ratio 48%
compiling Anemometro.c...
linking...
Program Size: Code=102484 RO-data=4640 RW-data=676 ZI-data=24984  
".\Estacion.axf" - 0 Errors, 0 Warning(s).
Build target 'MiniDK-2'
custom translating WEB.inp...
Custom: C:\Keil\ARM\bin\fcarm @..\TCPIP\Web.inp
FCARM FILE CONVERTER V2.41
Completed 1 File(s), Ratio 48%
compiling WEB.C...
linking...
Program Size: Code=102484 RO-data=4640 RW-data=676 ZI-data=24984  
".\Estacion.axf" - 0 Errors, 0 Warning(s).
