<!doctype html public "-//w3c//dtd html 4.0 transitional//en">
<html><head>
<title>Static Call Graph - [.\Obj\Estacion.axf]</title></head>
<body><HR>
<H1>Static Call Graph for image .\Obj\Estacion.axf</H1><HR>
<BR><P>#&#060CALLGRAPH&#062# ARM Linker, 5.03 [Build 76]: Last Updated: Wed Dec 11 13:35:41 2019
<BR><P>
<H3>Maximum Stack Usage =        384 bytes + Unknown(Cycles, Untraceable Function Pointers)</H3><H3>
Call chain for Maximum Stack Depth:</H3>
TIMER0_IRQHandler &rArr; _subAnemoTempe &rArr; medirBMP &rArr; procesarDato &rArr; pow &rArr; __kernel_poly &rArr; __aeabi_dadd &rArr; _double_epilogue &rArr; _double_round
<P>
<H3>
Mutually Recursive functions
</H3> <LI><a href="#[17c]">mem_set</a>&nbsp;&nbsp;&nbsp;&rArr;&nbsp;&nbsp;&nbsp;<a href="#[17c]">mem_set</a><BR>
 <LI><a href="#[1]">NMI_Handler</a>&nbsp;&nbsp;&nbsp;&rArr;&nbsp;&nbsp;&nbsp;<a href="#[1]">NMI_Handler</a><BR>
 <LI><a href="#[2]">HardFault_Handler</a>&nbsp;&nbsp;&nbsp;&rArr;&nbsp;&nbsp;&nbsp;<a href="#[2]">HardFault_Handler</a><BR>
 <LI><a href="#[3]">MemManage_Handler</a>&nbsp;&nbsp;&nbsp;&rArr;&nbsp;&nbsp;&nbsp;<a href="#[3]">MemManage_Handler</a><BR>
 <LI><a href="#[4]">BusFault_Handler</a>&nbsp;&nbsp;&nbsp;&rArr;&nbsp;&nbsp;&nbsp;<a href="#[4]">BusFault_Handler</a><BR>
 <LI><a href="#[5]">UsageFault_Handler</a>&nbsp;&nbsp;&nbsp;&rArr;&nbsp;&nbsp;&nbsp;<a href="#[5]">UsageFault_Handler</a><BR>
 <LI><a href="#[6]">SVC_Handler</a>&nbsp;&nbsp;&nbsp;&rArr;&nbsp;&nbsp;&nbsp;<a href="#[6]">SVC_Handler</a><BR>
 <LI><a href="#[7]">DebugMon_Handler</a>&nbsp;&nbsp;&nbsp;&rArr;&nbsp;&nbsp;&nbsp;<a href="#[7]">DebugMon_Handler</a><BR>
 <LI><a href="#[8]">PendSV_Handler</a>&nbsp;&nbsp;&nbsp;&rArr;&nbsp;&nbsp;&nbsp;<a href="#[8]">PendSV_Handler</a><BR>
 <LI><a href="#[21]">BOD_IRQHandler</a>&nbsp;&nbsp;&nbsp;&rArr;&nbsp;&nbsp;&nbsp;<a href="#[21]">BOD_IRQHandler</a><BR>
</UL>
<P>
<H3>
Function Pointers
</H3><UL>
 <LI><a href="#[20]">ADC_IRQHandler</a> from ldr.o(.text) referenced from startup_lpc17xx.o(RESET)
 <LI><a href="#[21]">BOD_IRQHandler</a> from startup_lpc17xx.o(.text) referenced from startup_lpc17xx.o(RESET)
 <LI><a href="#[4]">BusFault_Handler</a> from startup_lpc17xx.o(.text) referenced from startup_lpc17xx.o(RESET)
 <LI><a href="#[2c]">CANActivity_IRQHandler</a> from startup_lpc17xx.o(.text) referenced from startup_lpc17xx.o(RESET)
 <LI><a href="#[23]">CAN_IRQHandler</a> from startup_lpc17xx.o(.text) referenced from startup_lpc17xx.o(RESET)
 <LI><a href="#[24]">DMA_IRQHandler</a> from startup_lpc17xx.o(.text) referenced from startup_lpc17xx.o(RESET)
 <LI><a href="#[7]">DebugMon_Handler</a> from startup_lpc17xx.o(.text) referenced from startup_lpc17xx.o(RESET)
 <LI><a href="#[1c]">EINT0_IRQHandler</a> from startup_lpc17xx.o(.text) referenced from startup_lpc17xx.o(RESET)
 <LI><a href="#[1d]">EINT1_IRQHandler</a> from startup_lpc17xx.o(.text) referenced from startup_lpc17xx.o(RESET)
 <LI><a href="#[1e]">EINT2_IRQHandler</a> from startup_lpc17xx.o(.text) referenced from startup_lpc17xx.o(RESET)
 <LI><a href="#[1f]">EINT3_IRQHandler</a> from startup_lpc17xx.o(.text) referenced from startup_lpc17xx.o(RESET)
 <LI><a href="#[26]">ENET_IRQHandler</a> from emac_lpc17xx_lan8720.o(.text) referenced from startup_lpc17xx.o(RESET)
 <LI><a href="#[2]">HardFault_Handler</a> from startup_lpc17xx.o(.text) referenced from startup_lpc17xx.o(RESET)
 <LI><a href="#[14]">I2C0_IRQHandler</a> from startup_lpc17xx.o(.text) referenced from startup_lpc17xx.o(RESET)
 <LI><a href="#[15]">I2C1_IRQHandler</a> from startup_lpc17xx.o(.text) referenced from startup_lpc17xx.o(RESET)
 <LI><a href="#[16]">I2C2_IRQHandler</a> from startup_lpc17xx.o(.text) referenced from startup_lpc17xx.o(RESET)
 <LI><a href="#[25]">I2S_IRQHandler</a> from startup_lpc17xx.o(.text) referenced from startup_lpc17xx.o(RESET)
 <LI><a href="#[28]">MCPWM_IRQHandler</a> from startup_lpc17xx.o(.text) referenced from startup_lpc17xx.o(RESET)
 <LI><a href="#[3]">MemManage_Handler</a> from startup_lpc17xx.o(.text) referenced from startup_lpc17xx.o(RESET)
 <LI><a href="#[1]">NMI_Handler</a> from startup_lpc17xx.o(.text) referenced from startup_lpc17xx.o(RESET)
 <LI><a href="#[1a]">PLL0_IRQHandler</a> from startup_lpc17xx.o(.text) referenced from startup_lpc17xx.o(RESET)
 <LI><a href="#[2a]">PLL1_IRQHandler</a> from startup_lpc17xx.o(.text) referenced from startup_lpc17xx.o(RESET)
 <LI><a href="#[13]">PWM1_IRQHandler</a> from startup_lpc17xx.o(.text) referenced from startup_lpc17xx.o(RESET)
 <LI><a href="#[8]">PendSV_Handler</a> from startup_lpc17xx.o(.text) referenced from startup_lpc17xx.o(RESET)
 <LI><a href="#[29]">QEI_IRQHandler</a> from startup_lpc17xx.o(.text) referenced from startup_lpc17xx.o(RESET)
 <LI><a href="#[27]">RIT_IRQHandler</a> from startup_lpc17xx.o(.text) referenced from startup_lpc17xx.o(RESET)
 <LI><a href="#[1b]">RTC_IRQHandler</a> from rtc.o(.text) referenced from startup_lpc17xx.o(RESET)
 <LI><a href="#[0]">Reset_Handler</a> from startup_lpc17xx.o(.text) referenced from startup_lpc17xx.o(RESET)
 <LI><a href="#[17]">SPI_IRQHandler</a> from startup_lpc17xx.o(.text) referenced from startup_lpc17xx.o(RESET)
 <LI><a href="#[18]">SSP0_IRQHandler</a> from startup_lpc17xx.o(.text) referenced from startup_lpc17xx.o(RESET)
 <LI><a href="#[19]">SSP1_IRQHandler</a> from startup_lpc17xx.o(.text) referenced from startup_lpc17xx.o(RESET)
 <LI><a href="#[6]">SVC_Handler</a> from startup_lpc17xx.o(.text) referenced from startup_lpc17xx.o(RESET)
 <LI><a href="#[9]">SysTick_Handler</a> from timers.o(.text) referenced from startup_lpc17xx.o(RESET)
 <LI><a href="#[2e]">SystemInit</a> from system_lpc17xx.o(.text) referenced from startup_lpc17xx.o(.text)
 <LI><a href="#[b]">TIMER0_IRQHandler</a> from timers.o(.text) referenced from startup_lpc17xx.o(RESET)
 <LI><a href="#[c]">TIMER1_IRQHandler</a> from timers.o(.text) referenced from startup_lpc17xx.o(RESET)
 <LI><a href="#[d]">TIMER2_IRQHandler</a> from timers.o(.text) referenced from startup_lpc17xx.o(RESET)
 <LI><a href="#[e]">TIMER3_IRQHandler</a> from timers.o(.text) referenced from startup_lpc17xx.o(RESET)
 <LI><a href="#[f]">UART0_IRQHandler</a> from uart0.o(.text) referenced from startup_lpc17xx.o(RESET)
 <LI><a href="#[10]">UART1_IRQHandler</a> from startup_lpc17xx.o(.text) referenced from startup_lpc17xx.o(RESET)
 <LI><a href="#[11]">UART2_IRQHandler</a> from startup_lpc17xx.o(.text) referenced from startup_lpc17xx.o(RESET)
 <LI><a href="#[12]">UART3_IRQHandler</a> from uart3.o(.text) referenced from startup_lpc17xx.o(RESET)
 <LI><a href="#[2b]">USBActivity_IRQHandler</a> from startup_lpc17xx.o(.text) referenced from startup_lpc17xx.o(RESET)
 <LI><a href="#[22]">USB_IRQHandler</a> from startup_lpc17xx.o(.text) referenced from startup_lpc17xx.o(RESET)
 <LI><a href="#[5]">UsageFault_Handler</a> from startup_lpc17xx.o(.text) referenced from startup_lpc17xx.o(RESET)
 <LI><a href="#[a]">WDT_IRQHandler</a> from startup_lpc17xx.o(.text) referenced from startup_lpc17xx.o(RESET)
 <LI><a href="#[2f]">__main</a> from entry.o(.ARM.Collect$$$$00000000) referenced from startup_lpc17xx.o(.text)
 <LI><a href="#[31]">_sbackspace</a> from _sgetc.o(.text) referenced from __0sscanf.o(.text)
 <LI><a href="#[32]">_scanf_char_input</a> from scanf_char.o(.text) referenced from scanf_char.o(.text)
 <LI><a href="#[30]">_sgetc</a> from _sgetc.o(.text) referenced from __0sscanf.o(.text)
 <LI><a href="#[34]">_sputc</a> from printfa.o(i._sputc) referenced from printfa.o(i.__0sprintf)
 <LI><a href="#[35]">http_listener</a> from at_http.o(i.http_listener) referenced from at_http.o(i.http_init)
 <LI><a href="#[33]">isspace</a> from isspace_o.o(.text) referenced from scanf_char.o(.text)
 <LI><a href="#[2d]">main</a> from main.o(.text) referenced from entry9a.o(.ARM.Collect$$$$0000000B)
</UL>
<P>
<H3>
Global Symbols
</H3>
<P><STRONG><a name="[2f]"></a>__main</STRONG> (Thumb, 0 bytes, Stack size unknown bytes, entry.o(.ARM.Collect$$$$00000000))
<BR>[Address Reference Count : 1]<UL><LI> startup_lpc17xx.o(.text)
</UL>
<P><STRONG><a name="[192]"></a>_main_stk</STRONG> (Thumb, 0 bytes, Stack size unknown bytes, entry2.o(.ARM.Collect$$$$00000001))

<P><STRONG><a name="[36]"></a>_main_scatterload</STRONG> (Thumb, 0 bytes, Stack size unknown bytes, entry5.o(.ARM.Collect$$$$00000004))
<BR><BR>[Calls]<UL><LI><a href="#[37]">&gt;&gt;</a>&nbsp;&nbsp;&nbsp;__scatterload
</UL>

<P><STRONG><a name="[117]"></a>__main_after_scatterload</STRONG> (Thumb, 0 bytes, Stack size unknown bytes, entry5.o(.ARM.Collect$$$$00000004))
<BR><BR>[Called By]<UL><LI><a href="#[37]">&gt;&gt;</a>&nbsp;&nbsp;&nbsp;__scatterload
</UL>

<P><STRONG><a name="[193]"></a>_main_clock</STRONG> (Thumb, 0 bytes, Stack size unknown bytes, entry7b.o(.ARM.Collect$$$$00000008))

<P><STRONG><a name="[194]"></a>_main_cpp_init</STRONG> (Thumb, 0 bytes, Stack size unknown bytes, entry8b.o(.ARM.Collect$$$$0000000A))

<P><STRONG><a name="[195]"></a>_main_init</STRONG> (Thumb, 0 bytes, Stack size unknown bytes, entry9a.o(.ARM.Collect$$$$0000000B))

<P><STRONG><a name="[196]"></a>__rt_final_cpp</STRONG> (Thumb, 0 bytes, Stack size unknown bytes, entry10a.o(.ARM.Collect$$$$0000000D))

<P><STRONG><a name="[197]"></a>__rt_final_exit</STRONG> (Thumb, 0 bytes, Stack size unknown bytes, entry11a.o(.ARM.Collect$$$$0000000F))

<P><STRONG><a name="[39]"></a>alimentaWDT</STRONG> (Thumb, 12 bytes, Stack size 0 bytes, wdt.o(.text))
<BR><BR>[Called By]<UL><LI><a href="#[7f]">&gt;&gt;</a>&nbsp;&nbsp;&nbsp;DelayUS
<LI><a href="#[43]">&gt;&gt;</a>&nbsp;&nbsp;&nbsp;__mainLoop__
<LI><a href="#[38]">&gt;&gt;</a>&nbsp;&nbsp;&nbsp;__configuraWDT__
</UL>

<P><STRONG><a name="[38]"></a>__configuraWDT__</STRONG> (Thumb, 22 bytes, Stack size 4 bytes, wdt.o(.text), UNUSED)
<BR><BR>[Calls]<UL><LI><a href="#[39]">&gt;&gt;</a>&nbsp;&nbsp;&nbsp;alimentaWDT
</UL>

<P><STRONG><a name="[a0]"></a>__configuraAnemometro__</STRONG> (Thumb, 148 bytes, Stack size 0 bytes, anemometro.o(.text))
<BR><BR>[Called By]<UL><LI><a href="#[42]">&gt;&gt;</a>&nbsp;&nbsp;&nbsp;__configuraPrograma__
</UL>

<P><STRONG><a name="[3a]"></a>mideAnemometro</STRONG> (Thumb, 192 bytes, Stack size 16 bytes, anemometro.o(.text))
<BR><BR>[Stack]<UL><LI>Max Depth = 24<LI>Call Chain = mideAnemometro &rArr; __aeabi_fmul
</UL>
<BR>[Calls]<UL><LI><a href="#[3b]">&gt;&gt;</a>&nbsp;&nbsp;&nbsp;__aeabi_ui2f
<LI><a href="#[3c]">&gt;&gt;</a>&nbsp;&nbsp;&nbsp;__aeabi_fmul
<LI><a href="#[3d]">&gt;&gt;</a>&nbsp;&nbsp;&nbsp;__aeabi_fdiv
</UL>
<BR>[Called By]<UL><LI><a href="#[c]">&gt;&gt;</a>&nbsp;&nbsp;&nbsp;TIMER1_IRQHandler
</UL>

<P><STRONG><a name="[3e]"></a>__configuraWEB__</STRONG> (Thumb, 8 bytes, Stack size 8 bytes, http_source.o(.text), UNUSED)
<BR><BR>[Calls]<UL><LI><a href="#[3f]">&gt;&gt;</a>&nbsp;&nbsp;&nbsp;init_TcpNet
</UL>

<P><STRONG><a name="[40]"></a>__mantenerTCP__</STRONG> (Thumb, 8 bytes, Stack size 8 bytes, http_source.o(.text))
<BR><BR>[Stack]<UL><LI>Max Depth = 256<LI>Call Chain = __mantenerTCP__ &rArr; main_TcpNet &rArr; run_system &rArr; eth_run_link &rArr; tcp_process &rArr; tcp_send_reset &rArr; tcp_write &rArr; ip_send_frame &rArr; eth_send_frame &rArr; arp_cache_find &rArr; arp_send_request &rArr; alloc_mem
</UL>
<BR>[Calls]<UL><LI><a href="#[41]">&gt;&gt;</a>&nbsp;&nbsp;&nbsp;main_TcpNet
</UL>
<BR>[Called By]<UL><LI><a href="#[2d]">&gt;&gt;</a>&nbsp;&nbsp;&nbsp;main
</UL>

<P><STRONG><a name="[2d]"></a>main</STRONG> (Thumb, 16 bytes, Stack size 0 bytes, main.o(.text))
<BR><BR>[Stack]<UL><LI>Max Depth = 256<LI>Call Chain = main &rArr; __mantenerTCP__ &rArr; main_TcpNet &rArr; run_system &rArr; eth_run_link &rArr; tcp_process &rArr; tcp_send_reset &rArr; tcp_write &rArr; ip_send_frame &rArr; eth_send_frame &rArr; arp_cache_find &rArr; arp_send_request &rArr; alloc_mem
</UL>
<BR>[Calls]<UL><LI><a href="#[42]">&gt;&gt;</a>&nbsp;&nbsp;&nbsp;__configuraPrograma__
<LI><a href="#[43]">&gt;&gt;</a>&nbsp;&nbsp;&nbsp;__mainLoop__
<LI><a href="#[40]">&gt;&gt;</a>&nbsp;&nbsp;&nbsp;__mantenerTCP__
</UL>
<BR>[Address Reference Count : 1]<UL><LI> entry9a.o(.ARM.Collect$$$$0000000B)
</UL>
<P><STRONG><a name="[0]"></a>Reset_Handler</STRONG> (Thumb, 8 bytes, Stack size 0 bytes, startup_lpc17xx.o(.text))
<BR>[Address Reference Count : 1]<UL><LI> startup_lpc17xx.o(RESET)
</UL>
<P><STRONG><a name="[1]"></a>NMI_Handler</STRONG> (Thumb, 2 bytes, Stack size 0 bytes, startup_lpc17xx.o(.text))
<BR><BR>[Calls]<UL><LI><a href="#[1]">&gt;&gt;</a>&nbsp;&nbsp;&nbsp;NMI_Handler
</UL>
<BR>[Called By]<UL><LI><a href="#[1]">&gt;&gt;</a>&nbsp;&nbsp;&nbsp;NMI_Handler
</UL>
<BR>[Address Reference Count : 1]<UL><LI> startup_lpc17xx.o(RESET)
</UL>
<P><STRONG><a name="[2]"></a>HardFault_Handler</STRONG> (Thumb, 2 bytes, Stack size 0 bytes, startup_lpc17xx.o(.text))
<BR><BR>[Calls]<UL><LI><a href="#[2]">&gt;&gt;</a>&nbsp;&nbsp;&nbsp;HardFault_Handler
</UL>
<BR>[Called By]<UL><LI><a href="#[2]">&gt;&gt;</a>&nbsp;&nbsp;&nbsp;HardFault_Handler
</UL>
<BR>[Address Reference Count : 1]<UL><LI> startup_lpc17xx.o(RESET)
</UL>
<P><STRONG><a name="[3]"></a>MemManage_Handler</STRONG> (Thumb, 2 bytes, Stack size 0 bytes, startup_lpc17xx.o(.text))
<BR><BR>[Calls]<UL><LI><a href="#[3]">&gt;&gt;</a>&nbsp;&nbsp;&nbsp;MemManage_Handler
</UL>
<BR>[Called By]<UL><LI><a href="#[3]">&gt;&gt;</a>&nbsp;&nbsp;&nbsp;MemManage_Handler
</UL>
<BR>[Address Reference Count : 1]<UL><LI> startup_lpc17xx.o(RESET)
</UL>
<P><STRONG><a name="[4]"></a>BusFault_Handler</STRONG> (Thumb, 2 bytes, Stack size 0 bytes, startup_lpc17xx.o(.text))
<BR><BR>[Calls]<UL><LI><a href="#[4]">&gt;&gt;</a>&nbsp;&nbsp;&nbsp;BusFault_Handler
</UL>
<BR>[Called By]<UL><LI><a href="#[4]">&gt;&gt;</a>&nbsp;&nbsp;&nbsp;BusFault_Handler
</UL>
<BR>[Address Reference Count : 1]<UL><LI> startup_lpc17xx.o(RESET)
</UL>
<P><STRONG><a name="[5]"></a>UsageFault_Handler</STRONG> (Thumb, 2 bytes, Stack size 0 bytes, startup_lpc17xx.o(.text))
<BR><BR>[Calls]<UL><LI><a href="#[5]">&gt;&gt;</a>&nbsp;&nbsp;&nbsp;UsageFault_Handler
</UL>
<BR>[Called By]<UL><LI><a href="#[5]">&gt;&gt;</a>&nbsp;&nbsp;&nbsp;UsageFault_Handler
</UL>
<BR>[Address Reference Count : 1]<UL><LI> startup_lpc17xx.o(RESET)
</UL>
<P><STRONG><a name="[6]"></a>SVC_Handler</STRONG> (Thumb, 2 bytes, Stack size 0 bytes, startup_lpc17xx.o(.text))
<BR><BR>[Calls]<UL><LI><a href="#[6]">&gt;&gt;</a>&nbsp;&nbsp;&nbsp;SVC_Handler
</UL>
<BR>[Called By]<UL><LI><a href="#[6]">&gt;&gt;</a>&nbsp;&nbsp;&nbsp;SVC_Handler
</UL>
<BR>[Address Reference Count : 1]<UL><LI> startup_lpc17xx.o(RESET)
</UL>
<P><STRONG><a name="[7]"></a>DebugMon_Handler</STRONG> (Thumb, 2 bytes, Stack size 0 bytes, startup_lpc17xx.o(.text))
<BR><BR>[Calls]<UL><LI><a href="#[7]">&gt;&gt;</a>&nbsp;&nbsp;&nbsp;DebugMon_Handler
</UL>
<BR>[Called By]<UL><LI><a href="#[7]">&gt;&gt;</a>&nbsp;&nbsp;&nbsp;DebugMon_Handler
</UL>
<BR>[Address Reference Count : 1]<UL><LI> startup_lpc17xx.o(RESET)
</UL>
<P><STRONG><a name="[8]"></a>PendSV_Handler</STRONG> (Thumb, 2 bytes, Stack size 0 bytes, startup_lpc17xx.o(.text))
<BR><BR>[Calls]<UL><LI><a href="#[8]">&gt;&gt;</a>&nbsp;&nbsp;&nbsp;PendSV_Handler
</UL>
<BR>[Called By]<UL><LI><a href="#[8]">&gt;&gt;</a>&nbsp;&nbsp;&nbsp;PendSV_Handler
</UL>
<BR>[Address Reference Count : 1]<UL><LI> startup_lpc17xx.o(RESET)
</UL>
<P><STRONG><a name="[21]"></a>BOD_IRQHandler</STRONG> (Thumb, 0 bytes, Stack size 0 bytes, startup_lpc17xx.o(.text))
<BR><BR>[Calls]<UL><LI><a href="#[21]">&gt;&gt;</a>&nbsp;&nbsp;&nbsp;BOD_IRQHandler
</UL>
<BR>[Called By]<UL><LI><a href="#[21]">&gt;&gt;</a>&nbsp;&nbsp;&nbsp;BOD_IRQHandler
</UL>
<BR>[Address Reference Count : 1]<UL><LI> startup_lpc17xx.o(RESET)
</UL>
<P><STRONG><a name="[2c]"></a>CANActivity_IRQHandler</STRONG> (Thumb, 0 bytes, Stack size 0 bytes, startup_lpc17xx.o(.text))
<BR>[Address Reference Count : 1]<UL><LI> startup_lpc17xx.o(RESET)
</UL>
<P><STRONG><a name="[23]"></a>CAN_IRQHandler</STRONG> (Thumb, 0 bytes, Stack size 0 bytes, startup_lpc17xx.o(.text))
<BR>[Address Reference Count : 1]<UL><LI> startup_lpc17xx.o(RESET)
</UL>
<P><STRONG><a name="[24]"></a>DMA_IRQHandler</STRONG> (Thumb, 0 bytes, Stack size 0 bytes, startup_lpc17xx.o(.text))
<BR>[Address Reference Count : 1]<UL><LI> startup_lpc17xx.o(RESET)
</UL>
<P><STRONG><a name="[1c]"></a>EINT0_IRQHandler</STRONG> (Thumb, 0 bytes, Stack size 0 bytes, startup_lpc17xx.o(.text))
<BR>[Address Reference Count : 1]<UL><LI> startup_lpc17xx.o(RESET)
</UL>
<P><STRONG><a name="[1d]"></a>EINT1_IRQHandler</STRONG> (Thumb, 0 bytes, Stack size 0 bytes, startup_lpc17xx.o(.text))
<BR>[Address Reference Count : 1]<UL><LI> startup_lpc17xx.o(RESET)
</UL>
<P><STRONG><a name="[1e]"></a>EINT2_IRQHandler</STRONG> (Thumb, 0 bytes, Stack size 0 bytes, startup_lpc17xx.o(.text))
<BR>[Address Reference Count : 1]<UL><LI> startup_lpc17xx.o(RESET)
</UL>
<P><STRONG><a name="[1f]"></a>EINT3_IRQHandler</STRONG> (Thumb, 0 bytes, Stack size 0 bytes, startup_lpc17xx.o(.text))
<BR>[Address Reference Count : 1]<UL><LI> startup_lpc17xx.o(RESET)
</UL>
<P><STRONG><a name="[14]"></a>I2C0_IRQHandler</STRONG> (Thumb, 0 bytes, Stack size 0 bytes, startup_lpc17xx.o(.text))
<BR>[Address Reference Count : 1]<UL><LI> startup_lpc17xx.o(RESET)
</UL>
<P><STRONG><a name="[15]"></a>I2C1_IRQHandler</STRONG> (Thumb, 0 bytes, Stack size 0 bytes, startup_lpc17xx.o(.text))
<BR>[Address Reference Count : 1]<UL><LI> startup_lpc17xx.o(RESET)
</UL>
<P><STRONG><a name="[16]"></a>I2C2_IRQHandler</STRONG> (Thumb, 0 bytes, Stack size 0 bytes, startup_lpc17xx.o(.text))
<BR>[Address Reference Count : 1]<UL><LI> startup_lpc17xx.o(RESET)
</UL>
<P><STRONG><a name="[25]"></a>I2S_IRQHandler</STRONG> (Thumb, 0 bytes, Stack size 0 bytes, startup_lpc17xx.o(.text))
<BR>[Address Reference Count : 1]<UL><LI> startup_lpc17xx.o(RESET)
</UL>
<P><STRONG><a name="[28]"></a>MCPWM_IRQHandler</STRONG> (Thumb, 0 bytes, Stack size 0 bytes, startup_lpc17xx.o(.text))
<BR>[Address Reference Count : 1]<UL><LI> startup_lpc17xx.o(RESET)
</UL>
<P><STRONG><a name="[1a]"></a>PLL0_IRQHandler</STRONG> (Thumb, 0 bytes, Stack size 0 bytes, startup_lpc17xx.o(.text))
<BR>[Address Reference Count : 1]<UL><LI> startup_lpc17xx.o(RESET)
</UL>
<P><STRONG><a name="[2a]"></a>PLL1_IRQHandler</STRONG> (Thumb, 0 bytes, Stack size 0 bytes, startup_lpc17xx.o(.text))
<BR>[Address Reference Count : 1]<UL><LI> startup_lpc17xx.o(RESET)
</UL>
<P><STRONG><a name="[13]"></a>PWM1_IRQHandler</STRONG> (Thumb, 0 bytes, Stack size 0 bytes, startup_lpc17xx.o(.text))
<BR>[Address Reference Count : 1]<UL><LI> startup_lpc17xx.o(RESET)
</UL>
<P><STRONG><a name="[29]"></a>QEI_IRQHandler</STRONG> (Thumb, 0 bytes, Stack size 0 bytes, startup_lpc17xx.o(.text))
<BR>[Address Reference Count : 1]<UL><LI> startup_lpc17xx.o(RESET)
</UL>
<P><STRONG><a name="[27]"></a>RIT_IRQHandler</STRONG> (Thumb, 0 bytes, Stack size 0 bytes, startup_lpc17xx.o(.text))
<BR>[Address Reference Count : 1]<UL><LI> startup_lpc17xx.o(RESET)
</UL>
<P><STRONG><a name="[17]"></a>SPI_IRQHandler</STRONG> (Thumb, 0 bytes, Stack size 0 bytes, startup_lpc17xx.o(.text))
<BR>[Address Reference Count : 1]<UL><LI> startup_lpc17xx.o(RESET)
</UL>
<P><STRONG><a name="[18]"></a>SSP0_IRQHandler</STRONG> (Thumb, 0 bytes, Stack size 0 bytes, startup_lpc17xx.o(.text))
<BR>[Address Reference Count : 1]<UL><LI> startup_lpc17xx.o(RESET)
</UL>
<P><STRONG><a name="[19]"></a>SSP1_IRQHandler</STRONG> (Thumb, 0 bytes, Stack size 0 bytes, startup_lpc17xx.o(.text))
<BR>[Address Reference Count : 1]<UL><LI> startup_lpc17xx.o(RESET)
</UL>
<P><STRONG><a name="[10]"></a>UART1_IRQHandler</STRONG> (Thumb, 0 bytes, Stack size 0 bytes, startup_lpc17xx.o(.text))
<BR>[Address Reference Count : 1]<UL><LI> startup_lpc17xx.o(RESET)
</UL>
<P><STRONG><a name="[11]"></a>UART2_IRQHandler</STRONG> (Thumb, 0 bytes, Stack size 0 bytes, startup_lpc17xx.o(.text))
<BR>[Address Reference Count : 1]<UL><LI> startup_lpc17xx.o(RESET)
</UL>
<P><STRONG><a name="[2b]"></a>USBActivity_IRQHandler</STRONG> (Thumb, 0 bytes, Stack size 0 bytes, startup_lpc17xx.o(.text))
<BR>[Address Reference Count : 1]<UL><LI> startup_lpc17xx.o(RESET)
</UL>
<P><STRONG><a name="[22]"></a>USB_IRQHandler</STRONG> (Thumb, 0 bytes, Stack size 0 bytes, startup_lpc17xx.o(.text))
<BR>[Address Reference Count : 1]<UL><LI> startup_lpc17xx.o(RESET)
</UL>
<P><STRONG><a name="[a]"></a>WDT_IRQHandler</STRONG> (Thumb, 0 bytes, Stack size 0 bytes, startup_lpc17xx.o(.text))
<BR>[Address Reference Count : 1]<UL><LI> startup_lpc17xx.o(RESET)
</UL>
<P><STRONG><a name="[9a]"></a>__configuraUVA30A__</STRONG> (Thumb, 36 bytes, Stack size 0 bytes, uva30a.o(.text))
<BR><BR>[Called By]<UL><LI><a href="#[42]">&gt;&gt;</a>&nbsp;&nbsp;&nbsp;__configuraPrograma__
</UL>

<P><STRONG><a name="[44]"></a>__configuraPWM__</STRONG> (Thumb, 384 bytes, Stack size 16 bytes, pwm.o(.text))
<BR><BR>[Stack]<UL><LI>Max Depth = 24<LI>Call Chain = __configuraPWM__ &rArr; __aeabi_fdiv
</UL>
<BR>[Calls]<UL><LI><a href="#[45]">&gt;&gt;</a>&nbsp;&nbsp;&nbsp;__aeabi_f2uiz
<LI><a href="#[3d]">&gt;&gt;</a>&nbsp;&nbsp;&nbsp;__aeabi_fdiv
</UL>
<BR>[Called By]<UL><LI><a href="#[42]">&gt;&gt;</a>&nbsp;&nbsp;&nbsp;__configuraPrograma__
</UL>

<P><STRONG><a name="[46]"></a>modificaPulso</STRONG> (Thumb, 240 bytes, Stack size 56 bytes, pwm.o(.text))
<BR><BR>[Stack]<UL><LI>Max Depth = 144<LI>Call Chain = modificaPulso &rArr; __aeabi_dmul &rArr; _double_epilogue &rArr; _double_round
</UL>
<BR>[Calls]<UL><LI><a href="#[4a]">&gt;&gt;</a>&nbsp;&nbsp;&nbsp;__aeabi_fsub
<LI><a href="#[4b]">&gt;&gt;</a>&nbsp;&nbsp;&nbsp;__aeabi_fadd
<LI><a href="#[45]">&gt;&gt;</a>&nbsp;&nbsp;&nbsp;__aeabi_f2uiz
<LI><a href="#[47]">&gt;&gt;</a>&nbsp;&nbsp;&nbsp;__aeabi_f2d
<LI><a href="#[48]">&gt;&gt;</a>&nbsp;&nbsp;&nbsp;__aeabi_dmul
<LI><a href="#[49]">&gt;&gt;</a>&nbsp;&nbsp;&nbsp;__aeabi_d2f
<LI><a href="#[3b]">&gt;&gt;</a>&nbsp;&nbsp;&nbsp;__aeabi_ui2f
<LI><a href="#[3c]">&gt;&gt;</a>&nbsp;&nbsp;&nbsp;__aeabi_fmul
<LI><a href="#[3d]">&gt;&gt;</a>&nbsp;&nbsp;&nbsp;__aeabi_fdiv
</UL>
<BR>[Called By]<UL><LI><a href="#[b]">&gt;&gt;</a>&nbsp;&nbsp;&nbsp;TIMER0_IRQHandler
<LI><a href="#[9]">&gt;&gt;</a>&nbsp;&nbsp;&nbsp;SysTick_Handler
<LI><a href="#[42]">&gt;&gt;</a>&nbsp;&nbsp;&nbsp;__configuraPrograma__
<LI><a href="#[43]">&gt;&gt;</a>&nbsp;&nbsp;&nbsp;__mainLoop__
<LI><a href="#[66]">&gt;&gt;</a>&nbsp;&nbsp;&nbsp;zoneNewPressed
<LI><a href="#[ec]">&gt;&gt;</a>&nbsp;&nbsp;&nbsp;procesarComando
</UL>

<P><STRONG><a name="[9c]"></a>__configuraRTC__</STRONG> (Thumb, 152 bytes, Stack size 8 bytes, rtc.o(.text))
<BR><BR>[Stack]<UL><LI>Max Depth = 8<LI>Call Chain = __configuraRTC__
</UL>
<BR>[Called By]<UL><LI><a href="#[42]">&gt;&gt;</a>&nbsp;&nbsp;&nbsp;__configuraPrograma__
</UL>

<P><STRONG><a name="[1b]"></a>RTC_IRQHandler</STRONG> (Thumb, 72 bytes, Stack size 24 bytes, rtc.o(.text))
<BR><BR>[Stack]<UL><LI>Max Depth = 48<LI>Call Chain = RTC_IRQHandler &rArr; __2sprintf
</UL>
<BR>[Calls]<UL><LI><a href="#[4c]">&gt;&gt;</a>&nbsp;&nbsp;&nbsp;__2sprintf
</UL>
<BR>[Address Reference Count : 1]<UL><LI> startup_lpc17xx.o(RESET)
</UL>
<P><STRONG><a name="[12b]"></a>sys_error</STRONG> (Thumb, 36 bytes, Stack size 0 bytes, net_config.o(.text))
<BR><BR>[Called By]<UL><LI><a href="#[64]">&gt;&gt;</a>&nbsp;&nbsp;&nbsp;alloc_mem
<LI><a href="#[154]">&gt;&gt;</a>&nbsp;&nbsp;&nbsp;tcp_get_socket
<LI><a href="#[14b]">&gt;&gt;</a>&nbsp;&nbsp;&nbsp;tcp_process
<LI><a href="#[13b]">&gt;&gt;</a>&nbsp;&nbsp;&nbsp;free_mem
<LI><a href="#[181]">&gt;&gt;</a>&nbsp;&nbsp;&nbsp;resize_mem
</UL>

<P><STRONG><a name="[4d]"></a>init_system</STRONG> (Thumb, 34 bytes, Stack size 8 bytes, net_config.o(.text), UNUSED)
<BR><BR>[Calls]<UL><LI><a href="#[51]">&gt;&gt;</a>&nbsp;&nbsp;&nbsp;udp_init
<LI><a href="#[52]">&gt;&gt;</a>&nbsp;&nbsp;&nbsp;tcp_init
<LI><a href="#[4f]">&gt;&gt;</a>&nbsp;&nbsp;&nbsp;ip_init
<LI><a href="#[50]">&gt;&gt;</a>&nbsp;&nbsp;&nbsp;icmp_init
<LI><a href="#[53]">&gt;&gt;</a>&nbsp;&nbsp;&nbsp;http_init
<LI><a href="#[4e]">&gt;&gt;</a>&nbsp;&nbsp;&nbsp;eth_init_link
<LI><a href="#[54]">&gt;&gt;</a>&nbsp;&nbsp;&nbsp;arp_notify
</UL>
<BR>[Called By]<UL><LI><a href="#[3f]">&gt;&gt;</a>&nbsp;&nbsp;&nbsp;init_TcpNet
</UL>

<P><STRONG><a name="[55]"></a>run_system</STRONG> (Thumb, 26 bytes, Stack size 8 bytes, net_config.o(.text))
<BR><BR>[Stack]<UL><LI>Max Depth = 240<LI>Call Chain = run_system &rArr; eth_run_link &rArr; tcp_process &rArr; tcp_send_reset &rArr; tcp_write &rArr; ip_send_frame &rArr; eth_send_frame &rArr; arp_cache_find &rArr; arp_send_request &rArr; alloc_mem
</UL>
<BR>[Calls]<UL><LI><a href="#[59]">&gt;&gt;</a>&nbsp;&nbsp;&nbsp;tcp_poll_sockets
<LI><a href="#[57]">&gt;&gt;</a>&nbsp;&nbsp;&nbsp;ip_run_local
<LI><a href="#[58]">&gt;&gt;</a>&nbsp;&nbsp;&nbsp;icmp_run_engine
<LI><a href="#[5a]">&gt;&gt;</a>&nbsp;&nbsp;&nbsp;http_run_server
<LI><a href="#[56]">&gt;&gt;</a>&nbsp;&nbsp;&nbsp;eth_run_link
</UL>
<BR>[Called By]<UL><LI><a href="#[41]">&gt;&gt;</a>&nbsp;&nbsp;&nbsp;main_TcpNet
</UL>

<P><STRONG><a name="[175]"></a>igmp_is_member</STRONG> (Thumb, 4 bytes, Stack size 0 bytes, net_config.o(.text))
<BR><BR>[Called By]<UL><LI><a href="#[147]">&gt;&gt;</a>&nbsp;&nbsp;&nbsp;ip_chk_frame
</UL>

<P><STRONG><a name="[149]"></a>igmp_process</STRONG> (Thumb, 2 bytes, Stack size 0 bytes, net_config.o(.text))
<BR><BR>[Called By]<UL><LI><a href="#[56]">&gt;&gt;</a>&nbsp;&nbsp;&nbsp;eth_run_link
</UL>

<P><STRONG><a name="[198]"></a>dhcp_disable</STRONG> (Thumb, 2 bytes, Stack size 0 bytes, net_config.o(.text), UNUSED)

<P><STRONG><a name="[179]"></a>ppp_send_frame</STRONG> (Thumb, 4 bytes, Stack size 0 bytes, net_config.o(.text))
<BR><BR>[Called By]<UL><LI><a href="#[172]">&gt;&gt;</a>&nbsp;&nbsp;&nbsp;ip_send_frame
</UL>

<P><STRONG><a name="[17a]"></a>slip_send_frame</STRONG> (Thumb, 4 bytes, Stack size 0 bytes, net_config.o(.text))
<BR><BR>[Called By]<UL><LI><a href="#[172]">&gt;&gt;</a>&nbsp;&nbsp;&nbsp;ip_send_frame
</UL>

<P><STRONG><a name="[199]"></a>sntp_get_time</STRONG> (Thumb, 4 bytes, Stack size 0 bytes, net_config.o(.text), UNUSED)

<P><STRONG><a name="[15d]"></a>cgi_process_var</STRONG> (Thumb, 2 bytes, Stack size 0 bytes, http_cgi.o(.text))
<BR><BR>[Called By]<UL><LI><a href="#[35]">&gt;&gt;</a>&nbsp;&nbsp;&nbsp;http_listener
</UL>

<P><STRONG><a name="[158]"></a>cgi_process_data</STRONG> (Thumb, 2 bytes, Stack size 0 bytes, http_cgi.o(.text))
<BR><BR>[Called By]<UL><LI><a href="#[15e]">&gt;&gt;</a>&nbsp;&nbsp;&nbsp;http_proc_post
<LI><a href="#[160]">&gt;&gt;</a>&nbsp;&nbsp;&nbsp;http_proc_multipart
<LI><a href="#[156]">&gt;&gt;</a>&nbsp;&nbsp;&nbsp;http_kill_session
</UL>

<P><STRONG><a name="[5b]"></a>cgi_func</STRONG> (Thumb, 482 bytes, Stack size 32 bytes, http_cgi.o(.text))
<BR><BR>[Stack]<UL><LI>Max Depth = 56<LI>Call Chain = cgi_func &rArr; __2sprintf
</UL>
<BR>[Calls]<UL><LI><a href="#[47]">&gt;&gt;</a>&nbsp;&nbsp;&nbsp;__aeabi_f2d
<LI><a href="#[4c]">&gt;&gt;</a>&nbsp;&nbsp;&nbsp;__2sprintf
</UL>
<BR>[Called By]<UL><LI><a href="#[5a]">&gt;&gt;</a>&nbsp;&nbsp;&nbsp;http_run_server
</UL>

<P><STRONG><a name="[5e]"></a>int_enable_eth</STRONG> (Thumb, 24 bytes, Stack size 0 bytes, emac_lpc17xx_lan8720.o(.text))
<BR><BR>[Called By]<UL><LI><a href="#[64]">&gt;&gt;</a>&nbsp;&nbsp;&nbsp;alloc_mem
<LI><a href="#[5c]">&gt;&gt;</a>&nbsp;&nbsp;&nbsp;setMac
<LI><a href="#[4e]">&gt;&gt;</a>&nbsp;&nbsp;&nbsp;eth_init_link
<LI><a href="#[13b]">&gt;&gt;</a>&nbsp;&nbsp;&nbsp;free_mem
<LI><a href="#[181]">&gt;&gt;</a>&nbsp;&nbsp;&nbsp;resize_mem
</UL>

<P><STRONG><a name="[5d]"></a>int_disable_eth</STRONG> (Thumb, 18 bytes, Stack size 0 bytes, emac_lpc17xx_lan8720.o(.text))
<BR><BR>[Called By]<UL><LI><a href="#[64]">&gt;&gt;</a>&nbsp;&nbsp;&nbsp;alloc_mem
<LI><a href="#[5c]">&gt;&gt;</a>&nbsp;&nbsp;&nbsp;setMac
<LI><a href="#[4e]">&gt;&gt;</a>&nbsp;&nbsp;&nbsp;eth_init_link
<LI><a href="#[13b]">&gt;&gt;</a>&nbsp;&nbsp;&nbsp;free_mem
<LI><a href="#[174]">&gt;&gt;</a>&nbsp;&nbsp;&nbsp;init_mem
<LI><a href="#[181]">&gt;&gt;</a>&nbsp;&nbsp;&nbsp;resize_mem
</UL>

<P><STRONG><a name="[5c]"></a>setMac</STRONG> (Thumb, 182 bytes, Stack size 16 bytes, emac_lpc17xx_lan8720.o(.text), UNUSED)
<BR><BR>[Calls]<UL><LI><a href="#[5d]">&gt;&gt;</a>&nbsp;&nbsp;&nbsp;int_disable_eth
<LI><a href="#[5e]">&gt;&gt;</a>&nbsp;&nbsp;&nbsp;int_enable_eth
</UL>

<P><STRONG><a name="[5f]"></a>init_ethernet</STRONG> (Thumb, 724 bytes, Stack size 8 bytes, emac_lpc17xx_lan8720.o(.text), UNUSED)
<BR><BR>[Calls]<UL><LI><a href="#[60]">&gt;&gt;</a>&nbsp;&nbsp;&nbsp;write_PHY
<LI><a href="#[61]">&gt;&gt;</a>&nbsp;&nbsp;&nbsp;read_PHY
<LI><a href="#[62]">&gt;&gt;</a>&nbsp;&nbsp;&nbsp;rx_descr_init
<LI><a href="#[63]">&gt;&gt;</a>&nbsp;&nbsp;&nbsp;tx_descr_init
</UL>
<BR>[Called By]<UL><LI><a href="#[4e]">&gt;&gt;</a>&nbsp;&nbsp;&nbsp;eth_init_link
</UL>

<P><STRONG><a name="[13a]"></a>send_frame</STRONG> (Thumb, 70 bytes, Stack size 16 bytes, emac_lpc17xx_lan8720.o(.text))
<BR><BR>[Stack]<UL><LI>Max Depth = 16<LI>Call Chain = send_frame
</UL>
<BR>[Called By]<UL><LI><a href="#[14c]">&gt;&gt;</a>&nbsp;&nbsp;&nbsp;eth_send_frame
<LI><a href="#[134]">&gt;&gt;</a>&nbsp;&nbsp;&nbsp;arp_send_request
<LI><a href="#[139]">&gt;&gt;</a>&nbsp;&nbsp;&nbsp;arp_send_reply
</UL>

<P><STRONG><a name="[26]"></a>ENET_IRQHandler</STRONG> (Thumb, 156 bytes, Stack size 32 bytes, emac_lpc17xx_lan8720.o(.text))
<BR><BR>[Stack]<UL><LI>Max Depth = 56<LI>Call Chain = ENET_IRQHandler &rArr; alloc_mem
</UL>
<BR>[Calls]<UL><LI><a href="#[65]">&gt;&gt;</a>&nbsp;&nbsp;&nbsp;put_in_queue
<LI><a href="#[64]">&gt;&gt;</a>&nbsp;&nbsp;&nbsp;alloc_mem
</UL>
<BR>[Address Reference Count : 1]<UL><LI> startup_lpc17xx.o(RESET)
</UL>
<P><STRONG><a name="[66]"></a>zoneNewPressed</STRONG> (Thumb, 116 bytes, Stack size 16 bytes, statechart.o(.text))
<BR><BR>[Stack]<UL><LI>Max Depth = 160<LI>Call Chain = zoneNewPressed &rArr; modificaPulso &rArr; __aeabi_dmul &rArr; _double_epilogue &rArr; _double_round
</UL>
<BR>[Calls]<UL><LI><a href="#[46]">&gt;&gt;</a>&nbsp;&nbsp;&nbsp;modificaPulso
</UL>
<BR>[Called By]<UL><LI><a href="#[43]">&gt;&gt;</a>&nbsp;&nbsp;&nbsp;__mainLoop__
</UL>

<P><STRONG><a name="[67]"></a>squareButton</STRONG> (Thumb, 226 bytes, Stack size 40 bytes, statechart.o(.text))
<BR><BR>[Stack]<UL><LI>Max Depth = 152<LI>Call Chain = squareButton &rArr; GUI_Text &rArr; PutChar &rArr; LCD_SetPoint
</UL>
<BR>[Calls]<UL><LI><a href="#[68]">&gt;&gt;</a>&nbsp;&nbsp;&nbsp;LCD_DrawLine
<LI><a href="#[6a]">&gt;&gt;</a>&nbsp;&nbsp;&nbsp;GUI_Text
<LI><a href="#[69]">&gt;&gt;</a>&nbsp;&nbsp;&nbsp;strlen
</UL>
<BR>[Called By]<UL><LI><a href="#[6e]">&gt;&gt;</a>&nbsp;&nbsp;&nbsp;__pintaInicio__
<LI><a href="#[6d]">&gt;&gt;</a>&nbsp;&nbsp;&nbsp;__pintaMedidas1__
<LI><a href="#[6c]">&gt;&gt;</a>&nbsp;&nbsp;&nbsp;__pintaMedidas2__
<LI><a href="#[6b]">&gt;&gt;</a>&nbsp;&nbsp;&nbsp;__pintaAjustes__
</UL>

<P><STRONG><a name="[6b]"></a>__pintaAjustes__</STRONG> (Thumb, 284 bytes, Stack size 40 bytes, statechart.o(.text))
<BR><BR>[Stack]<UL><LI>Max Depth = 192<LI>Call Chain = __pintaAjustes__ &rArr; squareButton &rArr; GUI_Text &rArr; PutChar &rArr; LCD_SetPoint
</UL>
<BR>[Calls]<UL><LI><a href="#[67]">&gt;&gt;</a>&nbsp;&nbsp;&nbsp;squareButton
<LI><a href="#[4c]">&gt;&gt;</a>&nbsp;&nbsp;&nbsp;__2sprintf
</UL>
<BR>[Called By]<UL><LI><a href="#[43]">&gt;&gt;</a>&nbsp;&nbsp;&nbsp;__mainLoop__
</UL>

<P><STRONG><a name="[6c]"></a>__pintaMedidas2__</STRONG> (Thumb, 252 bytes, Stack size 40 bytes, statechart.o(.text))
<BR><BR>[Stack]<UL><LI>Max Depth = 192<LI>Call Chain = __pintaMedidas2__ &rArr; squareButton &rArr; GUI_Text &rArr; PutChar &rArr; LCD_SetPoint
</UL>
<BR>[Calls]<UL><LI><a href="#[67]">&gt;&gt;</a>&nbsp;&nbsp;&nbsp;squareButton
<LI><a href="#[47]">&gt;&gt;</a>&nbsp;&nbsp;&nbsp;__aeabi_f2d
<LI><a href="#[4c]">&gt;&gt;</a>&nbsp;&nbsp;&nbsp;__2sprintf
</UL>
<BR>[Called By]<UL><LI><a href="#[43]">&gt;&gt;</a>&nbsp;&nbsp;&nbsp;__mainLoop__
</UL>

<P><STRONG><a name="[6d]"></a>__pintaMedidas1__</STRONG> (Thumb, 692 bytes, Stack size 72 bytes, statechart.o(.text))
<BR><BR>[Stack]<UL><LI>Max Depth = 224<LI>Call Chain = __pintaMedidas1__ &rArr; squareButton &rArr; GUI_Text &rArr; PutChar &rArr; LCD_SetPoint
</UL>
<BR>[Calls]<UL><LI><a href="#[67]">&gt;&gt;</a>&nbsp;&nbsp;&nbsp;squareButton
<LI><a href="#[47]">&gt;&gt;</a>&nbsp;&nbsp;&nbsp;__aeabi_f2d
<LI><a href="#[4c]">&gt;&gt;</a>&nbsp;&nbsp;&nbsp;__2sprintf
</UL>
<BR>[Called By]<UL><LI><a href="#[43]">&gt;&gt;</a>&nbsp;&nbsp;&nbsp;__mainLoop__
</UL>

<P><STRONG><a name="[6e]"></a>__pintaInicio__</STRONG> (Thumb, 264 bytes, Stack size 8 bytes, statechart.o(.text))
<BR><BR>[Stack]<UL><LI>Max Depth = 160<LI>Call Chain = __pintaInicio__ &rArr; squareButton &rArr; GUI_Text &rArr; PutChar &rArr; LCD_SetPoint
</UL>
<BR>[Calls]<UL><LI><a href="#[67]">&gt;&gt;</a>&nbsp;&nbsp;&nbsp;squareButton
</UL>
<BR>[Called By]<UL><LI><a href="#[43]">&gt;&gt;</a>&nbsp;&nbsp;&nbsp;__mainLoop__
</UL>

<P><STRONG><a name="[6f]"></a>checkTouchPanel</STRONG> (Thumb, 36 bytes, Stack size 8 bytes, statechart.o(.text))
<BR><BR>[Stack]<UL><LI>Max Depth = 192<LI>Call Chain = checkTouchPanel &rArr; Read_Ads7846 &rArr; TP_GetAdXY &rArr; Read_Y &rArr; RD_AD &rArr; WR_CMD &rArr; SSP_SendData
</UL>
<BR>[Calls]<UL><LI><a href="#[71]">&gt;&gt;</a>&nbsp;&nbsp;&nbsp;getDisplayPoint
<LI><a href="#[70]">&gt;&gt;</a>&nbsp;&nbsp;&nbsp;Read_Ads7846
</UL>
<BR>[Called By]<UL><LI><a href="#[43]">&gt;&gt;</a>&nbsp;&nbsp;&nbsp;__mainLoop__
</UL>

<P><STRONG><a name="[43]"></a>__mainLoop__</STRONG> (Thumb, 1036 bytes, Stack size 16 bytes, statechart.o(.text))
<BR><BR>[Stack]<UL><LI>Max Depth = 240<LI>Call Chain = __mainLoop__ &rArr; __pintaMedidas1__ &rArr; squareButton &rArr; GUI_Text &rArr; PutChar &rArr; LCD_SetPoint
</UL>
<BR>[Calls]<UL><LI><a href="#[75]">&gt;&gt;</a>&nbsp;&nbsp;&nbsp;lanzaUFONO
<LI><a href="#[72]">&gt;&gt;</a>&nbsp;&nbsp;&nbsp;goto_LUT
<LI><a href="#[74]">&gt;&gt;</a>&nbsp;&nbsp;&nbsp;activarDac
<LI><a href="#[73]">&gt;&gt;</a>&nbsp;&nbsp;&nbsp;LCD_Clear
<LI><a href="#[6f]">&gt;&gt;</a>&nbsp;&nbsp;&nbsp;checkTouchPanel
<LI><a href="#[6e]">&gt;&gt;</a>&nbsp;&nbsp;&nbsp;__pintaInicio__
<LI><a href="#[6d]">&gt;&gt;</a>&nbsp;&nbsp;&nbsp;__pintaMedidas1__
<LI><a href="#[6c]">&gt;&gt;</a>&nbsp;&nbsp;&nbsp;__pintaMedidas2__
<LI><a href="#[6b]">&gt;&gt;</a>&nbsp;&nbsp;&nbsp;__pintaAjustes__
<LI><a href="#[66]">&gt;&gt;</a>&nbsp;&nbsp;&nbsp;zoneNewPressed
<LI><a href="#[46]">&gt;&gt;</a>&nbsp;&nbsp;&nbsp;modificaPulso
<LI><a href="#[39]">&gt;&gt;</a>&nbsp;&nbsp;&nbsp;alimentaWDT
</UL>
<BR>[Called By]<UL><LI><a href="#[2d]">&gt;&gt;</a>&nbsp;&nbsp;&nbsp;main
</UL>

<P><STRONG><a name="[76]"></a>__configuraLCD__</STRONG> (Thumb, 12 bytes, Stack size 8 bytes, statechart.o(.text))
<BR><BR>[Stack]<UL><LI>Max Depth = 112<LI>Call Chain = __configuraLCD__ &rArr; TP_Init &rArr; SSP_Init &rArr; setSSPclock &rArr; CLKPWR_GetPCLK
</UL>
<BR>[Calls]<UL><LI><a href="#[77]">&gt;&gt;</a>&nbsp;&nbsp;&nbsp;TP_Init
<LI><a href="#[78]">&gt;&gt;</a>&nbsp;&nbsp;&nbsp;LCD_Initializtion
</UL>
<BR>[Called By]<UL><LI><a href="#[42]">&gt;&gt;</a>&nbsp;&nbsp;&nbsp;__configuraPrograma__
</UL>

<P><STRONG><a name="[77]"></a>TP_Init</STRONG> (Thumb, 176 bytes, Stack size 40 bytes, touchpanel.o(.text))
<BR><BR>[Stack]<UL><LI>Max Depth = 104<LI>Call Chain = TP_Init &rArr; SSP_Init &rArr; setSSPclock &rArr; CLKPWR_GetPCLK
</UL>
<BR>[Calls]<UL><LI><a href="#[7d]">&gt;&gt;</a>&nbsp;&nbsp;&nbsp;SSP_Init
<LI><a href="#[7c]">&gt;&gt;</a>&nbsp;&nbsp;&nbsp;SSP_ConfigStructInit
<LI><a href="#[7e]">&gt;&gt;</a>&nbsp;&nbsp;&nbsp;SSP_Cmd
<LI><a href="#[79]">&gt;&gt;</a>&nbsp;&nbsp;&nbsp;PINSEL_ConfigPin
<LI><a href="#[7b]">&gt;&gt;</a>&nbsp;&nbsp;&nbsp;GPIO_SetValue
<LI><a href="#[7a]">&gt;&gt;</a>&nbsp;&nbsp;&nbsp;GPIO_SetDir
</UL>
<BR>[Called By]<UL><LI><a href="#[76]">&gt;&gt;</a>&nbsp;&nbsp;&nbsp;__configuraLCD__
</UL>

<P><STRONG><a name="[85]"></a>Read_X</STRONG> (Thumb, 42 bytes, Stack size 8 bytes, touchpanel.o(.text))
<BR><BR>[Stack]<UL><LI>Max Depth = 48<LI>Call Chain = Read_X &rArr; RD_AD &rArr; WR_CMD &rArr; SSP_SendData
</UL>
<BR>[Calls]<UL><LI><a href="#[84]">&gt;&gt;</a>&nbsp;&nbsp;&nbsp;RD_AD
<LI><a href="#[80]">&gt;&gt;</a>&nbsp;&nbsp;&nbsp;WR_CMD
<LI><a href="#[7f]">&gt;&gt;</a>&nbsp;&nbsp;&nbsp;DelayUS
</UL>
<BR>[Called By]<UL><LI><a href="#[87]">&gt;&gt;</a>&nbsp;&nbsp;&nbsp;TP_GetAdXY
</UL>

<P><STRONG><a name="[86]"></a>Read_Y</STRONG> (Thumb, 42 bytes, Stack size 8 bytes, touchpanel.o(.text))
<BR><BR>[Stack]<UL><LI>Max Depth = 48<LI>Call Chain = Read_Y &rArr; RD_AD &rArr; WR_CMD &rArr; SSP_SendData
</UL>
<BR>[Calls]<UL><LI><a href="#[84]">&gt;&gt;</a>&nbsp;&nbsp;&nbsp;RD_AD
<LI><a href="#[80]">&gt;&gt;</a>&nbsp;&nbsp;&nbsp;WR_CMD
<LI><a href="#[7f]">&gt;&gt;</a>&nbsp;&nbsp;&nbsp;DelayUS
</UL>
<BR>[Called By]<UL><LI><a href="#[87]">&gt;&gt;</a>&nbsp;&nbsp;&nbsp;TP_GetAdXY
</UL>

<P><STRONG><a name="[87]"></a>TP_GetAdXY</STRONG> (Thumb, 34 bytes, Stack size 24 bytes, touchpanel.o(.text))
<BR><BR>[Stack]<UL><LI>Max Depth = 72<LI>Call Chain = TP_GetAdXY &rArr; Read_Y &rArr; RD_AD &rArr; WR_CMD &rArr; SSP_SendData
</UL>
<BR>[Calls]<UL><LI><a href="#[86]">&gt;&gt;</a>&nbsp;&nbsp;&nbsp;Read_Y
<LI><a href="#[85]">&gt;&gt;</a>&nbsp;&nbsp;&nbsp;Read_X
<LI><a href="#[7f]">&gt;&gt;</a>&nbsp;&nbsp;&nbsp;DelayUS
</UL>
<BR>[Called By]<UL><LI><a href="#[70]">&gt;&gt;</a>&nbsp;&nbsp;&nbsp;Read_Ads7846
</UL>

<P><STRONG><a name="[88]"></a>TP_DrawPoint</STRONG> (Thumb, 64 bytes, Stack size 16 bytes, touchpanel.o(.text), UNUSED)
<BR><BR>[Calls]<UL><LI><a href="#[89]">&gt;&gt;</a>&nbsp;&nbsp;&nbsp;LCD_SetPoint
</UL>

<P><STRONG><a name="[8a]"></a>DrawCross</STRONG> (Thumb, 356 bytes, Stack size 24 bytes, touchpanel.o(.text), UNUSED)
<BR><BR>[Calls]<UL><LI><a href="#[68]">&gt;&gt;</a>&nbsp;&nbsp;&nbsp;LCD_DrawLine
</UL>
<BR>[Called By]<UL><LI><a href="#[93]">&gt;&gt;</a>&nbsp;&nbsp;&nbsp;TouchPanel_Calibrate
</UL>

<P><STRONG><a name="[70]"></a>Read_Ads7846</STRONG> (Thumb, 520 bytes, Stack size 112 bytes, touchpanel.o(.text))
<BR><BR>[Stack]<UL><LI>Max Depth = 184<LI>Call Chain = Read_Ads7846 &rArr; TP_GetAdXY &rArr; Read_Y &rArr; RD_AD &rArr; WR_CMD &rArr; SSP_SendData
</UL>
<BR>[Calls]<UL><LI><a href="#[87]">&gt;&gt;</a>&nbsp;&nbsp;&nbsp;TP_GetAdXY
<LI><a href="#[8b]">&gt;&gt;</a>&nbsp;&nbsp;&nbsp;__aeabi_memclr4
</UL>
<BR>[Called By]<UL><LI><a href="#[93]">&gt;&gt;</a>&nbsp;&nbsp;&nbsp;TouchPanel_Calibrate
<LI><a href="#[6f]">&gt;&gt;</a>&nbsp;&nbsp;&nbsp;checkTouchPanel
</UL>

<P><STRONG><a name="[8c]"></a>setCalibrationMatrix</STRONG> (Thumb, 356 bytes, Stack size 32 bytes, touchpanel.o(.text), UNUSED)
<BR><BR>[Calls]<UL><LI><a href="#[8d]">&gt;&gt;</a>&nbsp;&nbsp;&nbsp;__aeabi_i2d
<LI><a href="#[8e]">&gt;&gt;</a>&nbsp;&nbsp;&nbsp;__aeabi_cdcmpeq
</UL>
<BR>[Called By]<UL><LI><a href="#[93]">&gt;&gt;</a>&nbsp;&nbsp;&nbsp;TouchPanel_Calibrate
</UL>

<P><STRONG><a name="[71]"></a>getDisplayPoint</STRONG> (Thumb, 238 bytes, Stack size 80 bytes, touchpanel.o(.text))
<BR><BR>[Stack]<UL><LI>Max Depth = 168<LI>Call Chain = getDisplayPoint &rArr; __aeabi_dadd &rArr; _double_epilogue &rArr; _double_round
</UL>
<BR>[Calls]<UL><LI><a href="#[8f]">&gt;&gt;</a>&nbsp;&nbsp;&nbsp;__aeabi_ui2d
<LI><a href="#[91]">&gt;&gt;</a>&nbsp;&nbsp;&nbsp;__aeabi_ddiv
<LI><a href="#[90]">&gt;&gt;</a>&nbsp;&nbsp;&nbsp;__aeabi_dadd
<LI><a href="#[92]">&gt;&gt;</a>&nbsp;&nbsp;&nbsp;__aeabi_d2uiz
<LI><a href="#[8e]">&gt;&gt;</a>&nbsp;&nbsp;&nbsp;__aeabi_cdcmpeq
<LI><a href="#[48]">&gt;&gt;</a>&nbsp;&nbsp;&nbsp;__aeabi_dmul
</UL>
<BR>[Called By]<UL><LI><a href="#[6f]">&gt;&gt;</a>&nbsp;&nbsp;&nbsp;checkTouchPanel
</UL>

<P><STRONG><a name="[93]"></a>TouchPanel_Calibrate</STRONG> (Thumb, 108 bytes, Stack size 16 bytes, touchpanel.o(.text), UNUSED)
<BR><BR>[Calls]<UL><LI><a href="#[8c]">&gt;&gt;</a>&nbsp;&nbsp;&nbsp;setCalibrationMatrix
<LI><a href="#[8a]">&gt;&gt;</a>&nbsp;&nbsp;&nbsp;DrawCross
<LI><a href="#[7f]">&gt;&gt;</a>&nbsp;&nbsp;&nbsp;DelayUS
<LI><a href="#[70]">&gt;&gt;</a>&nbsp;&nbsp;&nbsp;Read_Ads7846
<LI><a href="#[73]">&gt;&gt;</a>&nbsp;&nbsp;&nbsp;LCD_Clear
<LI><a href="#[6a]">&gt;&gt;</a>&nbsp;&nbsp;&nbsp;GUI_Text
</UL>

<P><STRONG><a name="[94]"></a>SystemCoreClockUpdate</STRONG> (Thumb, 424 bytes, Stack size 32 bytes, system_lpc17xx.o(.text), UNUSED)
<BR><BR>[Calls]<UL><LI><a href="#[95]">&gt;&gt;</a>&nbsp;&nbsp;&nbsp;__aeabi_uldivmod
</UL>

<P><STRONG><a name="[2e]"></a>SystemInit</STRONG> (Thumb, 290 bytes, Stack size 0 bytes, system_lpc17xx.o(.text))
<BR>[Address Reference Count : 1]<UL><LI> startup_lpc17xx.o(.text)
</UL>
<P><STRONG><a name="[96]"></a>__iniciaVariables__</STRONG> (Thumb, 72 bytes, Stack size 0 bytes, configura.o(.text))
<BR><BR>[Called By]<UL><LI><a href="#[42]">&gt;&gt;</a>&nbsp;&nbsp;&nbsp;__configuraPrograma__
</UL>

<P><STRONG><a name="[42]"></a>__configuraPrograma__</STRONG> (Thumb, 118 bytes, Stack size 16 bytes, configura.o(.text))
<BR><BR>[Stack]<UL><LI>Max Depth = 160<LI>Call Chain = __configuraPrograma__ &rArr; modificaPulso &rArr; __aeabi_dmul &rArr; _double_epilogue &rArr; _double_round
</UL>
<BR>[Calls]<UL><LI><a href="#[9a]">&gt;&gt;</a>&nbsp;&nbsp;&nbsp;__configuraUVA30A__
<LI><a href="#[9b]">&gt;&gt;</a>&nbsp;&nbsp;&nbsp;__configuraUFONO__
<LI><a href="#[98]">&gt;&gt;</a>&nbsp;&nbsp;&nbsp;__configuraTimer0__
<LI><a href="#[97]">&gt;&gt;</a>&nbsp;&nbsp;&nbsp;__configuraSysTick__
<LI><a href="#[9f]">&gt;&gt;</a>&nbsp;&nbsp;&nbsp;__configuraOW__
<LI><a href="#[99]">&gt;&gt;</a>&nbsp;&nbsp;&nbsp;__configuraLDR__
<LI><a href="#[a1]">&gt;&gt;</a>&nbsp;&nbsp;&nbsp;__configuraI2C__
<LI><a href="#[9d]">&gt;&gt;</a>&nbsp;&nbsp;&nbsp;__configuraDMA__
<LI><a href="#[9e]">&gt;&gt;</a>&nbsp;&nbsp;&nbsp;__configuraDAC__
<LI><a href="#[96]">&gt;&gt;</a>&nbsp;&nbsp;&nbsp;__iniciaVariables__
<LI><a href="#[73]">&gt;&gt;</a>&nbsp;&nbsp;&nbsp;LCD_Clear
<LI><a href="#[76]">&gt;&gt;</a>&nbsp;&nbsp;&nbsp;__configuraLCD__
<LI><a href="#[9c]">&gt;&gt;</a>&nbsp;&nbsp;&nbsp;__configuraRTC__
<LI><a href="#[46]">&gt;&gt;</a>&nbsp;&nbsp;&nbsp;modificaPulso
<LI><a href="#[44]">&gt;&gt;</a>&nbsp;&nbsp;&nbsp;__configuraPWM__
<LI><a href="#[a0]">&gt;&gt;</a>&nbsp;&nbsp;&nbsp;__configuraAnemometro__
</UL>
<BR>[Called By]<UL><LI><a href="#[2d]">&gt;&gt;</a>&nbsp;&nbsp;&nbsp;main
</UL>

<P><STRONG><a name="[97]"></a>__configuraSysTick__</STRONG> (Thumb, 80 bytes, Stack size 8 bytes, timers.o(.text))
<BR><BR>[Stack]<UL><LI>Max Depth = 16<LI>Call Chain = __configuraSysTick__ &rArr; NVIC_SetPriority
</UL>
<BR>[Calls]<UL><LI><a href="#[a2]">&gt;&gt;</a>&nbsp;&nbsp;&nbsp;NVIC_SetPriority
</UL>
<BR>[Called By]<UL><LI><a href="#[42]">&gt;&gt;</a>&nbsp;&nbsp;&nbsp;__configuraPrograma__
</UL>

<P><STRONG><a name="[98]"></a>__configuraTimer0__</STRONG> (Thumb, 94 bytes, Stack size 8 bytes, timers.o(.text))
<BR><BR>[Stack]<UL><LI>Max Depth = 16<LI>Call Chain = __configuraTimer0__ &rArr; NVIC_SetPriority
</UL>
<BR>[Calls]<UL><LI><a href="#[a2]">&gt;&gt;</a>&nbsp;&nbsp;&nbsp;NVIC_SetPriority
</UL>
<BR>[Called By]<UL><LI><a href="#[42]">&gt;&gt;</a>&nbsp;&nbsp;&nbsp;__configuraPrograma__
</UL>

<P><STRONG><a name="[9]"></a>SysTick_Handler</STRONG> (Thumb, 62 bytes, Stack size 16 bytes, timers.o(.text))
<BR><BR>[Stack]<UL><LI>Max Depth = 160<LI>Call Chain = SysTick_Handler &rArr; modificaPulso &rArr; __aeabi_dmul &rArr; _double_epilogue &rArr; _double_round
</UL>
<BR>[Calls]<UL><LI><a href="#[a3]">&gt;&gt;</a>&nbsp;&nbsp;&nbsp;timer_tick
<LI><a href="#[46]">&gt;&gt;</a>&nbsp;&nbsp;&nbsp;modificaPulso
</UL>
<BR>[Address Reference Count : 1]<UL><LI> startup_lpc17xx.o(RESET)
</UL>
<P><STRONG><a name="[b]"></a>TIMER0_IRQHandler</STRONG> (Thumb, 98 bytes, Stack size 32 bytes, timers.o(.text))
<BR><BR>[Stack]<UL><LI>Max Depth = 384<LI>Call Chain = TIMER0_IRQHandler &rArr; _subAnemoTempe &rArr; medirBMP &rArr; procesarDato &rArr; pow &rArr; __kernel_poly &rArr; __aeabi_dadd &rArr; _double_epilogue &rArr; _double_round
</UL>
<BR>[Calls]<UL><LI><a href="#[a9]">&gt;&gt;</a>&nbsp;&nbsp;&nbsp;_subBurst
<LI><a href="#[a4]">&gt;&gt;</a>&nbsp;&nbsp;&nbsp;_subAnemoTempe
<LI><a href="#[4a]">&gt;&gt;</a>&nbsp;&nbsp;&nbsp;__aeabi_fsub
<LI><a href="#[45]">&gt;&gt;</a>&nbsp;&nbsp;&nbsp;__aeabi_f2uiz
<LI><a href="#[46]">&gt;&gt;</a>&nbsp;&nbsp;&nbsp;modificaPulso
<LI><a href="#[3c]">&gt;&gt;</a>&nbsp;&nbsp;&nbsp;__aeabi_fmul
<LI><a href="#[3d]">&gt;&gt;</a>&nbsp;&nbsp;&nbsp;__aeabi_fdiv
</UL>
<BR>[Address Reference Count : 1]<UL><LI> startup_lpc17xx.o(RESET)
</UL>
<P><STRONG><a name="[c]"></a>TIMER1_IRQHandler</STRONG> (Thumb, 38 bytes, Stack size 8 bytes, timers.o(.text))
<BR><BR>[Stack]<UL><LI>Max Depth = 32<LI>Call Chain = TIMER1_IRQHandler &rArr; mideAnemometro &rArr; __aeabi_fmul
</UL>
<BR>[Calls]<UL><LI><a href="#[aa]">&gt;&gt;</a>&nbsp;&nbsp;&nbsp;desactivarDAC
<LI><a href="#[3a]">&gt;&gt;</a>&nbsp;&nbsp;&nbsp;mideAnemometro
</UL>
<BR>[Address Reference Count : 1]<UL><LI> startup_lpc17xx.o(RESET)
</UL>
<P><STRONG><a name="[d]"></a>TIMER2_IRQHandler</STRONG> (Thumb, 2 bytes, Stack size 0 bytes, timers.o(.text))
<BR>[Address Reference Count : 1]<UL><LI> startup_lpc17xx.o(RESET)
</UL>
<P><STRONG><a name="[e]"></a>TIMER3_IRQHandler</STRONG> (Thumb, 2 bytes, Stack size 0 bytes, timers.o(.text))
<BR>[Address Reference Count : 1]<UL><LI> startup_lpc17xx.o(RESET)
</UL>
<P><STRONG><a name="[ac]"></a>reiniciaCuenta</STRONG> (Thumb, 16 bytes, Stack size 0 bytes, onewirev2.o(.text))
<BR><BR>[Called By]<UL><LI><a href="#[9f]">&gt;&gt;</a>&nbsp;&nbsp;&nbsp;__configuraOW__
<LI><a href="#[af]">&gt;&gt;</a>&nbsp;&nbsp;&nbsp;_delayUS
<LI><a href="#[ae]">&gt;&gt;</a>&nbsp;&nbsp;&nbsp;compruebaRespuesta
<LI><a href="#[ad]">&gt;&gt;</a>&nbsp;&nbsp;&nbsp;leerByte
</UL>

<P><STRONG><a name="[ab]"></a>inicializaT3</STRONG> (Thumb, 30 bytes, Stack size 0 bytes, onewirev2.o(.text))
<BR><BR>[Called By]<UL><LI><a href="#[9f]">&gt;&gt;</a>&nbsp;&nbsp;&nbsp;__configuraOW__
</UL>

<P><STRONG><a name="[9f]"></a>__configuraOW__</STRONG> (Thumb, 12 bytes, Stack size 4 bytes, onewirev2.o(.text))
<BR><BR>[Stack]<UL><LI>Max Depth = 4<LI>Call Chain = __configuraOW__
</UL>
<BR>[Calls]<UL><LI><a href="#[ab]">&gt;&gt;</a>&nbsp;&nbsp;&nbsp;inicializaT3
<LI><a href="#[ac]">&gt;&gt;</a>&nbsp;&nbsp;&nbsp;reiniciaCuenta
</UL>
<BR>[Called By]<UL><LI><a href="#[42]">&gt;&gt;</a>&nbsp;&nbsp;&nbsp;__configuraPrograma__
</UL>

<P><STRONG><a name="[ad]"></a>leerByte</STRONG> (Thumb, 164 bytes, Stack size 12 bytes, onewirev2.o(.text))
<BR><BR>[Stack]<UL><LI>Max Depth = 12<LI>Call Chain = leerByte
</UL>
<BR>[Calls]<UL><LI><a href="#[ac]">&gt;&gt;</a>&nbsp;&nbsp;&nbsp;reiniciaCuenta
</UL>
<BR>[Called By]<UL><LI><a href="#[a7]">&gt;&gt;</a>&nbsp;&nbsp;&nbsp;mideTemperatura
</UL>

<P><STRONG><a name="[ae]"></a>compruebaRespuesta</STRONG> (Thumb, 188 bytes, Stack size 4 bytes, onewirev2.o(.text))
<BR><BR>[Stack]<UL><LI>Max Depth = 4<LI>Call Chain = compruebaRespuesta
</UL>
<BR>[Calls]<UL><LI><a href="#[ac]">&gt;&gt;</a>&nbsp;&nbsp;&nbsp;reiniciaCuenta
</UL>
<BR>[Called By]<UL><LI><a href="#[a7]">&gt;&gt;</a>&nbsp;&nbsp;&nbsp;mideTemperatura
</UL>

<P><STRONG><a name="[af]"></a>_delayUS</STRONG> (Thumb, 20 bytes, Stack size 4 bytes, onewirev2.o(.text))
<BR><BR>[Stack]<UL><LI>Max Depth = 4<LI>Call Chain = _delayUS
</UL>
<BR>[Calls]<UL><LI><a href="#[ac]">&gt;&gt;</a>&nbsp;&nbsp;&nbsp;reiniciaCuenta
</UL>
<BR>[Called By]<UL><LI><a href="#[a7]">&gt;&gt;</a>&nbsp;&nbsp;&nbsp;mideTemperatura
</UL>

<P><STRONG><a name="[a7]"></a>mideTemperatura</STRONG> (Thumb, 226 bytes, Stack size 40 bytes, onewirev2.o(.text))
<BR><BR>[Stack]<UL><LI>Max Depth = 96<LI>Call Chain = mideTemperatura &rArr; __aeabi_ui2d &rArr; _double_epilogue &rArr; _double_round
</UL>
<BR>[Calls]<UL><LI><a href="#[8f]">&gt;&gt;</a>&nbsp;&nbsp;&nbsp;__aeabi_ui2d
<LI><a href="#[91]">&gt;&gt;</a>&nbsp;&nbsp;&nbsp;__aeabi_ddiv
<LI><a href="#[49]">&gt;&gt;</a>&nbsp;&nbsp;&nbsp;__aeabi_d2f
<LI><a href="#[af]">&gt;&gt;</a>&nbsp;&nbsp;&nbsp;_delayUS
<LI><a href="#[ae]">&gt;&gt;</a>&nbsp;&nbsp;&nbsp;compruebaRespuesta
<LI><a href="#[ad]">&gt;&gt;</a>&nbsp;&nbsp;&nbsp;leerByte
</UL>
<BR>[Called By]<UL><LI><a href="#[a4]">&gt;&gt;</a>&nbsp;&nbsp;&nbsp;_subAnemoTempe
</UL>

<P><STRONG><a name="[99]"></a>__configuraLDR__</STRONG> (Thumb, 124 bytes, Stack size 0 bytes, ldr.o(.text))
<BR><BR>[Called By]<UL><LI><a href="#[42]">&gt;&gt;</a>&nbsp;&nbsp;&nbsp;__configuraPrograma__
</UL>

<P><STRONG><a name="[20]"></a>ADC_IRQHandler</STRONG> (Thumb, 292 bytes, Stack size 48 bytes, ldr.o(.text))
<BR><BR>[Stack]<UL><LI>Max Depth = 184<LI>Call Chain = ADC_IRQHandler &rArr; goto_LUT &rArr; __aeabi_dadd &rArr; _double_epilogue &rArr; _double_round
</UL>
<BR>[Calls]<UL><LI><a href="#[91]">&gt;&gt;</a>&nbsp;&nbsp;&nbsp;__aeabi_ddiv
<LI><a href="#[72]">&gt;&gt;</a>&nbsp;&nbsp;&nbsp;goto_LUT
<LI><a href="#[47]">&gt;&gt;</a>&nbsp;&nbsp;&nbsp;__aeabi_f2d
<LI><a href="#[48]">&gt;&gt;</a>&nbsp;&nbsp;&nbsp;__aeabi_dmul
<LI><a href="#[49]">&gt;&gt;</a>&nbsp;&nbsp;&nbsp;__aeabi_d2f
<LI><a href="#[3b]">&gt;&gt;</a>&nbsp;&nbsp;&nbsp;__aeabi_ui2f
<LI><a href="#[3d]">&gt;&gt;</a>&nbsp;&nbsp;&nbsp;__aeabi_fdiv
<LI><a href="#[b1]">&gt;&gt;</a>&nbsp;&nbsp;&nbsp;recuperaContexto
<LI><a href="#[b0]">&gt;&gt;</a>&nbsp;&nbsp;&nbsp;__aeabi_drsub
</UL>
<BR>[Address Reference Count : 1]<UL><LI> startup_lpc17xx.o(RESET)
</UL>
<P><STRONG><a name="[9b]"></a>__configuraUFONO__</STRONG> (Thumb, 56 bytes, Stack size 0 bytes, ufono.o(.text))
<BR><BR>[Called By]<UL><LI><a href="#[42]">&gt;&gt;</a>&nbsp;&nbsp;&nbsp;__configuraPrograma__
</UL>

<P><STRONG><a name="[75]"></a>lanzaUFONO</STRONG> (Thumb, 122 bytes, Stack size 0 bytes, ufono.o(.text))
<BR><BR>[Called By]<UL><LI><a href="#[43]">&gt;&gt;</a>&nbsp;&nbsp;&nbsp;__mainLoop__
</UL>

<P><STRONG><a name="[b1]"></a>recuperaContexto</STRONG> (Thumb, 56 bytes, Stack size 0 bytes, ufono.o(.text))
<BR><BR>[Called By]<UL><LI><a href="#[20]">&gt;&gt;</a>&nbsp;&nbsp;&nbsp;ADC_IRQHandler
</UL>

<P><STRONG><a name="[9e]"></a>__configuraDAC__</STRONG> (Thumb, 44 bytes, Stack size 0 bytes, dac.o(.text))
<BR><BR>[Called By]<UL><LI><a href="#[42]">&gt;&gt;</a>&nbsp;&nbsp;&nbsp;__configuraPrograma__
</UL>

<P><STRONG><a name="[19a]"></a>escribirEnDac</STRONG> (Thumb, 52 bytes, Stack size 0 bytes, dac.o(.text), UNUSED)

<P><STRONG><a name="[74]"></a>activarDac</STRONG> (Thumb, 40 bytes, Stack size 0 bytes, dac.o(.text))
<BR><BR>[Called By]<UL><LI><a href="#[43]">&gt;&gt;</a>&nbsp;&nbsp;&nbsp;__mainLoop__
</UL>

<P><STRONG><a name="[aa]"></a>desactivarDAC</STRONG> (Thumb, 56 bytes, Stack size 0 bytes, dac.o(.text))
<BR><BR>[Called By]<UL><LI><a href="#[c]">&gt;&gt;</a>&nbsp;&nbsp;&nbsp;TIMER1_IRQHandler
</UL>

<P><STRONG><a name="[72]"></a>goto_LUT</STRONG> (Thumb, 220 bytes, Stack size 48 bytes, lut.o(.text))
<BR><BR>[Stack]<UL><LI>Max Depth = 136<LI>Call Chain = goto_LUT &rArr; __aeabi_dadd &rArr; _double_epilogue &rArr; _double_round
</UL>
<BR>[Calls]<UL><LI><a href="#[90]">&gt;&gt;</a>&nbsp;&nbsp;&nbsp;__aeabi_dadd
<LI><a href="#[4a]">&gt;&gt;</a>&nbsp;&nbsp;&nbsp;__aeabi_fsub
<LI><a href="#[45]">&gt;&gt;</a>&nbsp;&nbsp;&nbsp;__aeabi_f2uiz
<LI><a href="#[47]">&gt;&gt;</a>&nbsp;&nbsp;&nbsp;__aeabi_f2d
<LI><a href="#[48]">&gt;&gt;</a>&nbsp;&nbsp;&nbsp;__aeabi_dmul
<LI><a href="#[49]">&gt;&gt;</a>&nbsp;&nbsp;&nbsp;__aeabi_d2f
<LI><a href="#[3b]">&gt;&gt;</a>&nbsp;&nbsp;&nbsp;__aeabi_ui2f
<LI><a href="#[3c]">&gt;&gt;</a>&nbsp;&nbsp;&nbsp;__aeabi_fmul
<LI><a href="#[3d]">&gt;&gt;</a>&nbsp;&nbsp;&nbsp;__aeabi_fdiv
<LI><a href="#[b2]">&gt;&gt;</a>&nbsp;&nbsp;&nbsp;__aeabi_cfcmple
</UL>
<BR>[Called By]<UL><LI><a href="#[43]">&gt;&gt;</a>&nbsp;&nbsp;&nbsp;__mainLoop__
<LI><a href="#[20]">&gt;&gt;</a>&nbsp;&nbsp;&nbsp;ADC_IRQHandler
</UL>

<P><STRONG><a name="[b3]"></a>crearSeno</STRONG> (Thumb, 116 bytes, Stack size 64 bytes, lut.o(.text), UNUSED)
<BR><BR>[Calls]<UL><LI><a href="#[8d]">&gt;&gt;</a>&nbsp;&nbsp;&nbsp;__aeabi_i2d
<LI><a href="#[91]">&gt;&gt;</a>&nbsp;&nbsp;&nbsp;__aeabi_ddiv
<LI><a href="#[90]">&gt;&gt;</a>&nbsp;&nbsp;&nbsp;__aeabi_dadd
<LI><a href="#[92]">&gt;&gt;</a>&nbsp;&nbsp;&nbsp;__aeabi_d2uiz
<LI><a href="#[48]">&gt;&gt;</a>&nbsp;&nbsp;&nbsp;__aeabi_dmul
<LI><a href="#[b4]">&gt;&gt;</a>&nbsp;&nbsp;&nbsp;sin
</UL>

<P><STRONG><a name="[9d]"></a>__configuraDMA__</STRONG> (Thumb, 94 bytes, Stack size 0 bytes, dma.o(.text))
<BR><BR>[Called By]<UL><LI><a href="#[42]">&gt;&gt;</a>&nbsp;&nbsp;&nbsp;__configuraPrograma__
</UL>

<P><STRONG><a name="[7d]"></a>SSP_Init</STRONG> (Thumb, 100 bytes, Stack size 16 bytes, lpc17xx_ssp.o(.text))
<BR><BR>[Stack]<UL><LI>Max Depth = 64<LI>Call Chain = SSP_Init &rArr; setSSPclock &rArr; CLKPWR_GetPCLK
</UL>
<BR>[Calls]<UL><LI><a href="#[b6]">&gt;&gt;</a>&nbsp;&nbsp;&nbsp;check_failed
<LI><a href="#[b8]">&gt;&gt;</a>&nbsp;&nbsp;&nbsp;CLKPWR_ConfigPPWR
<LI><a href="#[b5]">&gt;&gt;</a>&nbsp;&nbsp;&nbsp;setSSPclock
</UL>
<BR>[Called By]<UL><LI><a href="#[77]">&gt;&gt;</a>&nbsp;&nbsp;&nbsp;TP_Init
</UL>

<P><STRONG><a name="[b9]"></a>SSP_DeInit</STRONG> (Thumb, 60 bytes, Stack size 8 bytes, lpc17xx_ssp.o(.text), UNUSED)
<BR><BR>[Calls]<UL><LI><a href="#[b6]">&gt;&gt;</a>&nbsp;&nbsp;&nbsp;check_failed
<LI><a href="#[b8]">&gt;&gt;</a>&nbsp;&nbsp;&nbsp;CLKPWR_ConfigPPWR
</UL>

<P><STRONG><a name="[ba]"></a>SSP_GetDataSize</STRONG> (Thumb, 34 bytes, Stack size 8 bytes, lpc17xx_ssp.o(.text), UNUSED)
<BR><BR>[Calls]<UL><LI><a href="#[b6]">&gt;&gt;</a>&nbsp;&nbsp;&nbsp;check_failed
</UL>
<BR>[Called By]<UL><LI><a href="#[bd]">&gt;&gt;</a>&nbsp;&nbsp;&nbsp;SSP_ReadWrite
</UL>

<P><STRONG><a name="[7c]"></a>SSP_ConfigStructInit</STRONG> (Thumb, 22 bytes, Stack size 0 bytes, lpc17xx_ssp.o(.text))
<BR><BR>[Called By]<UL><LI><a href="#[77]">&gt;&gt;</a>&nbsp;&nbsp;&nbsp;TP_Init
</UL>

<P><STRONG><a name="[7e]"></a>SSP_Cmd</STRONG> (Thumb, 68 bytes, Stack size 16 bytes, lpc17xx_ssp.o(.text))
<BR><BR>[Stack]<UL><LI>Max Depth = 16<LI>Call Chain = SSP_Cmd
</UL>
<BR>[Calls]<UL><LI><a href="#[b6]">&gt;&gt;</a>&nbsp;&nbsp;&nbsp;check_failed
</UL>
<BR>[Called By]<UL><LI><a href="#[77]">&gt;&gt;</a>&nbsp;&nbsp;&nbsp;TP_Init
</UL>

<P><STRONG><a name="[bb]"></a>SSP_LoopBackCmd</STRONG> (Thumb, 68 bytes, Stack size 16 bytes, lpc17xx_ssp.o(.text), UNUSED)
<BR><BR>[Calls]<UL><LI><a href="#[b6]">&gt;&gt;</a>&nbsp;&nbsp;&nbsp;check_failed
</UL>

<P><STRONG><a name="[bc]"></a>SSP_SlaveOutputCmd</STRONG> (Thumb, 72 bytes, Stack size 16 bytes, lpc17xx_ssp.o(.text), UNUSED)
<BR><BR>[Calls]<UL><LI><a href="#[b6]">&gt;&gt;</a>&nbsp;&nbsp;&nbsp;check_failed
</UL>

<P><STRONG><a name="[82]"></a>SSP_SendData</STRONG> (Thumb, 36 bytes, Stack size 16 bytes, lpc17xx_ssp.o(.text))
<BR><BR>[Stack]<UL><LI>Max Depth = 16<LI>Call Chain = SSP_SendData
</UL>
<BR>[Calls]<UL><LI><a href="#[b6]">&gt;&gt;</a>&nbsp;&nbsp;&nbsp;check_failed
</UL>
<BR>[Called By]<UL><LI><a href="#[80]">&gt;&gt;</a>&nbsp;&nbsp;&nbsp;WR_CMD
<LI><a href="#[bd]">&gt;&gt;</a>&nbsp;&nbsp;&nbsp;SSP_ReadWrite
</UL>

<P><STRONG><a name="[83]"></a>SSP_ReceiveData</STRONG> (Thumb, 34 bytes, Stack size 8 bytes, lpc17xx_ssp.o(.text))
<BR><BR>[Stack]<UL><LI>Max Depth = 8<LI>Call Chain = SSP_ReceiveData
</UL>
<BR>[Calls]<UL><LI><a href="#[b6]">&gt;&gt;</a>&nbsp;&nbsp;&nbsp;check_failed
</UL>
<BR>[Called By]<UL><LI><a href="#[80]">&gt;&gt;</a>&nbsp;&nbsp;&nbsp;WR_CMD
<LI><a href="#[bd]">&gt;&gt;</a>&nbsp;&nbsp;&nbsp;SSP_ReadWrite
</UL>

<P><STRONG><a name="[bd]"></a>SSP_ReadWrite</STRONG> (Thumb, 604 bytes, Stack size 56 bytes, lpc17xx_ssp.o(.text), UNUSED)
<BR><BR>[Calls]<UL><LI><a href="#[82]">&gt;&gt;</a>&nbsp;&nbsp;&nbsp;SSP_SendData
<LI><a href="#[83]">&gt;&gt;</a>&nbsp;&nbsp;&nbsp;SSP_ReceiveData
<LI><a href="#[ba]">&gt;&gt;</a>&nbsp;&nbsp;&nbsp;SSP_GetDataSize
</UL>

<P><STRONG><a name="[81]"></a>SSP_GetStatus</STRONG> (Thumb, 80 bytes, Stack size 16 bytes, lpc17xx_ssp.o(.text))
<BR><BR>[Stack]<UL><LI>Max Depth = 16<LI>Call Chain = SSP_GetStatus
</UL>
<BR>[Calls]<UL><LI><a href="#[b6]">&gt;&gt;</a>&nbsp;&nbsp;&nbsp;check_failed
</UL>
<BR>[Called By]<UL><LI><a href="#[80]">&gt;&gt;</a>&nbsp;&nbsp;&nbsp;WR_CMD
</UL>

<P><STRONG><a name="[be]"></a>SSP_IntConfig</STRONG> (Thumb, 58 bytes, Stack size 16 bytes, lpc17xx_ssp.o(.text), UNUSED)
<BR><BR>[Calls]<UL><LI><a href="#[b6]">&gt;&gt;</a>&nbsp;&nbsp;&nbsp;check_failed
</UL>

<P><STRONG><a name="[bf]"></a>SSP_GetRawIntStatus</STRONG> (Thumb, 76 bytes, Stack size 16 bytes, lpc17xx_ssp.o(.text), UNUSED)
<BR><BR>[Calls]<UL><LI><a href="#[b6]">&gt;&gt;</a>&nbsp;&nbsp;&nbsp;check_failed
</UL>

<P><STRONG><a name="[c0]"></a>SSP_GetRawIntStatusReg</STRONG> (Thumb, 34 bytes, Stack size 8 bytes, lpc17xx_ssp.o(.text), UNUSED)
<BR><BR>[Calls]<UL><LI><a href="#[b6]">&gt;&gt;</a>&nbsp;&nbsp;&nbsp;check_failed
</UL>

<P><STRONG><a name="[c1]"></a>SSP_GetIntStatus</STRONG> (Thumb, 76 bytes, Stack size 16 bytes, lpc17xx_ssp.o(.text), UNUSED)
<BR><BR>[Calls]<UL><LI><a href="#[b6]">&gt;&gt;</a>&nbsp;&nbsp;&nbsp;check_failed
</UL>

<P><STRONG><a name="[c2]"></a>SSP_ClearIntPending</STRONG> (Thumb, 58 bytes, Stack size 16 bytes, lpc17xx_ssp.o(.text), UNUSED)
<BR><BR>[Calls]<UL><LI><a href="#[b6]">&gt;&gt;</a>&nbsp;&nbsp;&nbsp;check_failed
</UL>

<P><STRONG><a name="[c3]"></a>SSP_DMACmd</STRONG> (Thumb, 100 bytes, Stack size 16 bytes, lpc17xx_ssp.o(.text), UNUSED)
<BR><BR>[Calls]<UL><LI><a href="#[b6]">&gt;&gt;</a>&nbsp;&nbsp;&nbsp;check_failed
</UL>

<P><STRONG><a name="[19b]"></a>PINSEL_ConfigTraceFunc</STRONG> (Thumb, 34 bytes, Stack size 0 bytes, lpc17xx_pinsel.o(.text), UNUSED)

<P><STRONG><a name="[19c]"></a>PINSEL_SetI2C0Pins</STRONG> (Thumb, 16 bytes, Stack size 0 bytes, lpc17xx_pinsel.o(.text), UNUSED)

<P><STRONG><a name="[79]"></a>PINSEL_ConfigPin</STRONG> (Thumb, 36 bytes, Stack size 8 bytes, lpc17xx_pinsel.o(.text))
<BR><BR>[Stack]<UL><LI>Max Depth = 28<LI>Call Chain = PINSEL_ConfigPin &rArr; set_ResistorMode
</UL>
<BR>[Calls]<UL><LI><a href="#[c6]">&gt;&gt;</a>&nbsp;&nbsp;&nbsp;set_OpenDrainMode
<LI><a href="#[c5]">&gt;&gt;</a>&nbsp;&nbsp;&nbsp;set_ResistorMode
<LI><a href="#[c4]">&gt;&gt;</a>&nbsp;&nbsp;&nbsp;set_PinFunc
</UL>
<BR>[Called By]<UL><LI><a href="#[77]">&gt;&gt;</a>&nbsp;&nbsp;&nbsp;TP_Init
</UL>

<P><STRONG><a name="[7a]"></a>GPIO_SetDir</STRONG> (Thumb, 40 bytes, Stack size 24 bytes, lpc17xx_gpio.o(.text))
<BR><BR>[Stack]<UL><LI>Max Depth = 24<LI>Call Chain = GPIO_SetDir
</UL>
<BR>[Calls]<UL><LI><a href="#[c7]">&gt;&gt;</a>&nbsp;&nbsp;&nbsp;GPIO_GetPointer
</UL>
<BR>[Called By]<UL><LI><a href="#[77]">&gt;&gt;</a>&nbsp;&nbsp;&nbsp;TP_Init
<LI><a href="#[ca]">&gt;&gt;</a>&nbsp;&nbsp;&nbsp;FIO_SetDir
</UL>

<P><STRONG><a name="[7b]"></a>GPIO_SetValue</STRONG> (Thumb, 20 bytes, Stack size 16 bytes, lpc17xx_gpio.o(.text))
<BR><BR>[Stack]<UL><LI>Max Depth = 16<LI>Call Chain = GPIO_SetValue
</UL>
<BR>[Calls]<UL><LI><a href="#[c7]">&gt;&gt;</a>&nbsp;&nbsp;&nbsp;GPIO_GetPointer
</UL>
<BR>[Called By]<UL><LI><a href="#[77]">&gt;&gt;</a>&nbsp;&nbsp;&nbsp;TP_Init
<LI><a href="#[cb]">&gt;&gt;</a>&nbsp;&nbsp;&nbsp;FIO_SetValue
</UL>

<P><STRONG><a name="[c8]"></a>GPIO_ClearValue</STRONG> (Thumb, 20 bytes, Stack size 16 bytes, lpc17xx_gpio.o(.text), UNUSED)
<BR><BR>[Calls]<UL><LI><a href="#[c7]">&gt;&gt;</a>&nbsp;&nbsp;&nbsp;GPIO_GetPointer
</UL>
<BR>[Called By]<UL><LI><a href="#[cc]">&gt;&gt;</a>&nbsp;&nbsp;&nbsp;FIO_ClearValue
</UL>

<P><STRONG><a name="[c9]"></a>GPIO_ReadValue</STRONG> (Thumb, 22 bytes, Stack size 16 bytes, lpc17xx_gpio.o(.text), UNUSED)
<BR><BR>[Calls]<UL><LI><a href="#[c7]">&gt;&gt;</a>&nbsp;&nbsp;&nbsp;GPIO_GetPointer
</UL>
<BR>[Called By]<UL><LI><a href="#[cd]">&gt;&gt;</a>&nbsp;&nbsp;&nbsp;FIO_ReadValue
</UL>

<P><STRONG><a name="[cf]"></a>GPIO_IntCmd</STRONG> (Thumb, 54 bytes, Stack size 0 bytes, lpc17xx_gpio.o(.text), UNUSED)
<BR><BR>[Called By]<UL><LI><a href="#[ce]">&gt;&gt;</a>&nbsp;&nbsp;&nbsp;FIO_IntCmd
</UL>

<P><STRONG><a name="[d1]"></a>GPIO_GetIntStatus</STRONG> (Thumb, 86 bytes, Stack size 0 bytes, lpc17xx_gpio.o(.text), UNUSED)
<BR><BR>[Called By]<UL><LI><a href="#[d0]">&gt;&gt;</a>&nbsp;&nbsp;&nbsp;FIO_GetIntStatus
</UL>

<P><STRONG><a name="[d3]"></a>GPIO_ClearInt</STRONG> (Thumb, 24 bytes, Stack size 0 bytes, lpc17xx_gpio.o(.text), UNUSED)
<BR><BR>[Called By]<UL><LI><a href="#[d2]">&gt;&gt;</a>&nbsp;&nbsp;&nbsp;FIO_ClearInt
</UL>

<P><STRONG><a name="[ca]"></a>FIO_SetDir</STRONG> (Thumb, 20 bytes, Stack size 16 bytes, lpc17xx_gpio.o(.text), UNUSED)
<BR><BR>[Calls]<UL><LI><a href="#[7a]">&gt;&gt;</a>&nbsp;&nbsp;&nbsp;GPIO_SetDir
</UL>

<P><STRONG><a name="[cb]"></a>FIO_SetValue</STRONG> (Thumb, 16 bytes, Stack size 16 bytes, lpc17xx_gpio.o(.text), UNUSED)
<BR><BR>[Calls]<UL><LI><a href="#[7b]">&gt;&gt;</a>&nbsp;&nbsp;&nbsp;GPIO_SetValue
</UL>

<P><STRONG><a name="[cc]"></a>FIO_ClearValue</STRONG> (Thumb, 16 bytes, Stack size 16 bytes, lpc17xx_gpio.o(.text), UNUSED)
<BR><BR>[Calls]<UL><LI><a href="#[c8]">&gt;&gt;</a>&nbsp;&nbsp;&nbsp;GPIO_ClearValue
</UL>

<P><STRONG><a name="[cd]"></a>FIO_ReadValue</STRONG> (Thumb, 12 bytes, Stack size 8 bytes, lpc17xx_gpio.o(.text), UNUSED)
<BR><BR>[Calls]<UL><LI><a href="#[c9]">&gt;&gt;</a>&nbsp;&nbsp;&nbsp;GPIO_ReadValue
</UL>

<P><STRONG><a name="[ce]"></a>FIO_IntCmd</STRONG> (Thumb, 20 bytes, Stack size 16 bytes, lpc17xx_gpio.o(.text), UNUSED)
<BR><BR>[Calls]<UL><LI><a href="#[cf]">&gt;&gt;</a>&nbsp;&nbsp;&nbsp;GPIO_IntCmd
</UL>

<P><STRONG><a name="[d0]"></a>FIO_GetIntStatus</STRONG> (Thumb, 20 bytes, Stack size 16 bytes, lpc17xx_gpio.o(.text), UNUSED)
<BR><BR>[Calls]<UL><LI><a href="#[d1]">&gt;&gt;</a>&nbsp;&nbsp;&nbsp;GPIO_GetIntStatus
</UL>

<P><STRONG><a name="[d2]"></a>FIO_ClearInt</STRONG> (Thumb, 16 bytes, Stack size 8 bytes, lpc17xx_gpio.o(.text), UNUSED)
<BR><BR>[Calls]<UL><LI><a href="#[d3]">&gt;&gt;</a>&nbsp;&nbsp;&nbsp;GPIO_ClearInt
</UL>

<P><STRONG><a name="[d4]"></a>FIO_SetMask</STRONG> (Thumb, 40 bytes, Stack size 24 bytes, lpc17xx_gpio.o(.text), UNUSED)
<BR><BR>[Calls]<UL><LI><a href="#[c7]">&gt;&gt;</a>&nbsp;&nbsp;&nbsp;GPIO_GetPointer
</UL>

<P><STRONG><a name="[d5]"></a>FIO_HalfWordSetDir</STRONG> (Thumb, 62 bytes, Stack size 24 bytes, lpc17xx_gpio.o(.text), UNUSED)
<BR><BR>[Calls]<UL><LI><a href="#[d6]">&gt;&gt;</a>&nbsp;&nbsp;&nbsp;FIO_HalfWordGetPointer
</UL>

<P><STRONG><a name="[d7]"></a>FIO_HalfWordSetMask</STRONG> (Thumb, 62 bytes, Stack size 24 bytes, lpc17xx_gpio.o(.text), UNUSED)
<BR><BR>[Calls]<UL><LI><a href="#[d6]">&gt;&gt;</a>&nbsp;&nbsp;&nbsp;FIO_HalfWordGetPointer
</UL>

<P><STRONG><a name="[d8]"></a>FIO_HalfWordSetValue</STRONG> (Thumb, 32 bytes, Stack size 24 bytes, lpc17xx_gpio.o(.text), UNUSED)
<BR><BR>[Calls]<UL><LI><a href="#[d6]">&gt;&gt;</a>&nbsp;&nbsp;&nbsp;FIO_HalfWordGetPointer
</UL>

<P><STRONG><a name="[d9]"></a>FIO_HalfWordClearValue</STRONG> (Thumb, 32 bytes, Stack size 24 bytes, lpc17xx_gpio.o(.text), UNUSED)
<BR><BR>[Calls]<UL><LI><a href="#[d6]">&gt;&gt;</a>&nbsp;&nbsp;&nbsp;FIO_HalfWordGetPointer
</UL>

<P><STRONG><a name="[da]"></a>FIO_HalfWordReadValue</STRONG> (Thumb, 30 bytes, Stack size 16 bytes, lpc17xx_gpio.o(.text), UNUSED)
<BR><BR>[Calls]<UL><LI><a href="#[d6]">&gt;&gt;</a>&nbsp;&nbsp;&nbsp;FIO_HalfWordGetPointer
</UL>

<P><STRONG><a name="[db]"></a>FIO_ByteSetDir</STRONG> (Thumb, 50 bytes, Stack size 24 bytes, lpc17xx_gpio.o(.text), UNUSED)
<BR><BR>[Calls]<UL><LI><a href="#[dc]">&gt;&gt;</a>&nbsp;&nbsp;&nbsp;FIO_ByteGetPointer
</UL>

<P><STRONG><a name="[dd]"></a>FIO_ByteSetMask</STRONG> (Thumb, 66 bytes, Stack size 24 bytes, lpc17xx_gpio.o(.text), UNUSED)
<BR><BR>[Calls]<UL><LI><a href="#[dc]">&gt;&gt;</a>&nbsp;&nbsp;&nbsp;FIO_ByteGetPointer
</UL>

<P><STRONG><a name="[de]"></a>FIO_ByteSetValue</STRONG> (Thumb, 34 bytes, Stack size 24 bytes, lpc17xx_gpio.o(.text), UNUSED)
<BR><BR>[Calls]<UL><LI><a href="#[dc]">&gt;&gt;</a>&nbsp;&nbsp;&nbsp;FIO_ByteGetPointer
</UL>

<P><STRONG><a name="[df]"></a>FIO_ByteClearValue</STRONG> (Thumb, 34 bytes, Stack size 24 bytes, lpc17xx_gpio.o(.text), UNUSED)
<BR><BR>[Calls]<UL><LI><a href="#[dc]">&gt;&gt;</a>&nbsp;&nbsp;&nbsp;FIO_ByteGetPointer
</UL>

<P><STRONG><a name="[e0]"></a>FIO_ByteReadValue</STRONG> (Thumb, 76 bytes, Stack size 16 bytes, lpc17xx_gpio.o(.text), UNUSED)
<BR><BR>[Calls]<UL><LI><a href="#[dc]">&gt;&gt;</a>&nbsp;&nbsp;&nbsp;FIO_ByteGetPointer
</UL>

<P><STRONG><a name="[19d]"></a>CLKPWR_SetPCLKDiv</STRONG> (Thumb, 106 bytes, Stack size 8 bytes, lpc17xx_clkpwr.o(.text), UNUSED)

<P><STRONG><a name="[e1]"></a>CLKPWR_GetPCLKSEL</STRONG> (Thumb, 32 bytes, Stack size 0 bytes, lpc17xx_clkpwr.o(.text))
<BR><BR>[Called By]<UL><LI><a href="#[b7]">&gt;&gt;</a>&nbsp;&nbsp;&nbsp;CLKPWR_GetPCLK
</UL>

<P><STRONG><a name="[b7]"></a>CLKPWR_GetPCLK</STRONG> (Thumb, 58 bytes, Stack size 16 bytes, lpc17xx_clkpwr.o(.text))
<BR><BR>[Stack]<UL><LI>Max Depth = 16<LI>Call Chain = CLKPWR_GetPCLK
</UL>
<BR>[Calls]<UL><LI><a href="#[e1]">&gt;&gt;</a>&nbsp;&nbsp;&nbsp;CLKPWR_GetPCLKSEL
</UL>
<BR>[Called By]<UL><LI><a href="#[b5]">&gt;&gt;</a>&nbsp;&nbsp;&nbsp;setSSPclock
</UL>

<P><STRONG><a name="[b8]"></a>CLKPWR_ConfigPPWR</STRONG> (Thumb, 50 bytes, Stack size 0 bytes, lpc17xx_clkpwr.o(.text))
<BR><BR>[Called By]<UL><LI><a href="#[7d]">&gt;&gt;</a>&nbsp;&nbsp;&nbsp;SSP_Init
<LI><a href="#[b9]">&gt;&gt;</a>&nbsp;&nbsp;&nbsp;SSP_DeInit
</UL>

<P><STRONG><a name="[19e]"></a>CLKPWR_Sleep</STRONG> (Thumb, 10 bytes, Stack size 0 bytes, lpc17xx_clkpwr.o(.text), UNUSED)

<P><STRONG><a name="[19f]"></a>CLKPWR_DeepSleep</STRONG> (Thumb, 16 bytes, Stack size 0 bytes, lpc17xx_clkpwr.o(.text), UNUSED)

<P><STRONG><a name="[1a0]"></a>CLKPWR_PowerDown</STRONG> (Thumb, 16 bytes, Stack size 0 bytes, lpc17xx_clkpwr.o(.text), UNUSED)

<P><STRONG><a name="[1a1]"></a>CLKPWR_DeepPowerDown</STRONG> (Thumb, 16 bytes, Stack size 0 bytes, lpc17xx_clkpwr.o(.text), UNUSED)

<P><STRONG><a name="[b6]"></a>check_failed</STRONG> (Thumb, 4 bytes, Stack size 0 bytes, lpc17xx_libcfg_default.o(.text))
<BR><BR>[Called By]<UL><LI><a href="#[82]">&gt;&gt;</a>&nbsp;&nbsp;&nbsp;SSP_SendData
<LI><a href="#[83]">&gt;&gt;</a>&nbsp;&nbsp;&nbsp;SSP_ReceiveData
<LI><a href="#[7d]">&gt;&gt;</a>&nbsp;&nbsp;&nbsp;SSP_Init
<LI><a href="#[81]">&gt;&gt;</a>&nbsp;&nbsp;&nbsp;SSP_GetStatus
<LI><a href="#[7e]">&gt;&gt;</a>&nbsp;&nbsp;&nbsp;SSP_Cmd
<LI><a href="#[c3]">&gt;&gt;</a>&nbsp;&nbsp;&nbsp;SSP_DMACmd
<LI><a href="#[c2]">&gt;&gt;</a>&nbsp;&nbsp;&nbsp;SSP_ClearIntPending
<LI><a href="#[c1]">&gt;&gt;</a>&nbsp;&nbsp;&nbsp;SSP_GetIntStatus
<LI><a href="#[c0]">&gt;&gt;</a>&nbsp;&nbsp;&nbsp;SSP_GetRawIntStatusReg
<LI><a href="#[bf]">&gt;&gt;</a>&nbsp;&nbsp;&nbsp;SSP_GetRawIntStatus
<LI><a href="#[be]">&gt;&gt;</a>&nbsp;&nbsp;&nbsp;SSP_IntConfig
<LI><a href="#[bc]">&gt;&gt;</a>&nbsp;&nbsp;&nbsp;SSP_SlaveOutputCmd
<LI><a href="#[bb]">&gt;&gt;</a>&nbsp;&nbsp;&nbsp;SSP_LoopBackCmd
<LI><a href="#[ba]">&gt;&gt;</a>&nbsp;&nbsp;&nbsp;SSP_GetDataSize
<LI><a href="#[b9]">&gt;&gt;</a>&nbsp;&nbsp;&nbsp;SSP_DeInit
<LI><a href="#[b5]">&gt;&gt;</a>&nbsp;&nbsp;&nbsp;setSSPclock
</UL>

<P><STRONG><a name="[e2]"></a>GetASCIICode</STRONG> (Thumb, 26 bytes, Stack size 16 bytes, asciilib.o(.text))
<BR><BR>[Stack]<UL><LI>Max Depth = 16<LI>Call Chain = GetASCIICode
</UL>
<BR>[Calls]<UL><LI><a href="#[e3]">&gt;&gt;</a>&nbsp;&nbsp;&nbsp;__aeabi_memcpy
</UL>
<BR>[Called By]<UL><LI><a href="#[e8]">&gt;&gt;</a>&nbsp;&nbsp;&nbsp;PutChar
</UL>

<P><STRONG><a name="[78]"></a>LCD_Initializtion</STRONG> (Thumb, 63088 bytes, Stack size 32 bytes, glcd.o(.text))
<BR><BR>[Stack]<UL><LI>Max Depth = 32<LI>Call Chain = LCD_Initializtion
</UL>
<BR>[Calls]<UL><LI><a href="#[e5]">&gt;&gt;</a>&nbsp;&nbsp;&nbsp;delay_ms
<LI><a href="#[e4]">&gt;&gt;</a>&nbsp;&nbsp;&nbsp;LCD_Configuration
</UL>
<BR>[Called By]<UL><LI><a href="#[76]">&gt;&gt;</a>&nbsp;&nbsp;&nbsp;__configuraLCD__
</UL>

<P><STRONG><a name="[73]"></a>LCD_Clear</STRONG> (Thumb, 2744 bytes, Stack size 40 bytes, glcd.o(.text))
<BR><BR>[Stack]<UL><LI>Max Depth = 40<LI>Call Chain = LCD_Clear
</UL>
<BR>[Called By]<UL><LI><a href="#[42]">&gt;&gt;</a>&nbsp;&nbsp;&nbsp;__configuraPrograma__
<LI><a href="#[93]">&gt;&gt;</a>&nbsp;&nbsp;&nbsp;TouchPanel_Calibrate
<LI><a href="#[43]">&gt;&gt;</a>&nbsp;&nbsp;&nbsp;__mainLoop__
</UL>

<P><STRONG><a name="[e6]"></a>LCD_GetPoint</STRONG> (Thumb, 2218 bytes, Stack size 32 bytes, glcd.o(.text), UNUSED)
<BR><BR>[Calls]<UL><LI><a href="#[e7]">&gt;&gt;</a>&nbsp;&nbsp;&nbsp;LCD_BGR2RGB
</UL>

<P><STRONG><a name="[89]"></a>LCD_SetPoint</STRONG> (Thumb, 1304 bytes, Stack size 24 bytes, glcd.o(.text))
<BR><BR>[Stack]<UL><LI>Max Depth = 24<LI>Call Chain = LCD_SetPoint
</UL>
<BR>[Called By]<UL><LI><a href="#[88]">&gt;&gt;</a>&nbsp;&nbsp;&nbsp;TP_DrawPoint
<LI><a href="#[68]">&gt;&gt;</a>&nbsp;&nbsp;&nbsp;LCD_DrawLine
<LI><a href="#[e8]">&gt;&gt;</a>&nbsp;&nbsp;&nbsp;PutChar
</UL>

<P><STRONG><a name="[68]"></a>LCD_DrawLine</STRONG> (Thumb, 250 bytes, Stack size 36 bytes, glcd.o(.text))
<BR><BR>[Stack]<UL><LI>Max Depth = 60<LI>Call Chain = LCD_DrawLine &rArr; LCD_SetPoint
</UL>
<BR>[Calls]<UL><LI><a href="#[89]">&gt;&gt;</a>&nbsp;&nbsp;&nbsp;LCD_SetPoint
</UL>
<BR>[Called By]<UL><LI><a href="#[8a]">&gt;&gt;</a>&nbsp;&nbsp;&nbsp;DrawCross
<LI><a href="#[67]">&gt;&gt;</a>&nbsp;&nbsp;&nbsp;squareButton
</UL>

<P><STRONG><a name="[e8]"></a>PutChar</STRONG> (Thumb, 100 bytes, Stack size 56 bytes, glcd.o(.text))
<BR><BR>[Stack]<UL><LI>Max Depth = 80<LI>Call Chain = PutChar &rArr; LCD_SetPoint
</UL>
<BR>[Calls]<UL><LI><a href="#[89]">&gt;&gt;</a>&nbsp;&nbsp;&nbsp;LCD_SetPoint
<LI><a href="#[e2]">&gt;&gt;</a>&nbsp;&nbsp;&nbsp;GetASCIICode
</UL>
<BR>[Called By]<UL><LI><a href="#[6a]">&gt;&gt;</a>&nbsp;&nbsp;&nbsp;GUI_Text
</UL>

<P><STRONG><a name="[6a]"></a>GUI_Text</STRONG> (Thumb, 80 bytes, Stack size 32 bytes, glcd.o(.text))
<BR><BR>[Stack]<UL><LI>Max Depth = 112<LI>Call Chain = GUI_Text &rArr; PutChar &rArr; LCD_SetPoint
</UL>
<BR>[Calls]<UL><LI><a href="#[e8]">&gt;&gt;</a>&nbsp;&nbsp;&nbsp;PutChar
</UL>
<BR>[Called By]<UL><LI><a href="#[93]">&gt;&gt;</a>&nbsp;&nbsp;&nbsp;TouchPanel_Calibrate
<LI><a href="#[67]">&gt;&gt;</a>&nbsp;&nbsp;&nbsp;squareButton
</UL>

<P><STRONG><a name="[eb]"></a>UART0_MandaBufferTx</STRONG> (Thumb, 42 bytes, Stack size 0 bytes, uart0.o(.text))
<BR><BR>[Called By]<UL><LI><a href="#[ec]">&gt;&gt;</a>&nbsp;&nbsp;&nbsp;procesarComando
<LI><a href="#[e9]">&gt;&gt;</a>&nbsp;&nbsp;&nbsp;__configuraUART0__
</UL>

<P><STRONG><a name="[e9]"></a>__configuraUART0__</STRONG> (Thumb, 126 bytes, Stack size 8 bytes, uart0.o(.text), UNUSED)
<BR><BR>[Calls]<UL><LI><a href="#[eb]">&gt;&gt;</a>&nbsp;&nbsp;&nbsp;UART0_MandaBufferTx
<LI><a href="#[ea]">&gt;&gt;</a>&nbsp;&nbsp;&nbsp;strcpy
</UL>

<P><STRONG><a name="[ec]"></a>procesarComando</STRONG> (Thumb, 350 bytes, Stack size 24 bytes, uart0.o(.text))
<BR><BR>[Stack]<UL><LI>Max Depth = 240<LI>Call Chain = procesarComando &rArr; __0sscanf &rArr; __vfscanf_char &rArr; __vfscanf &rArr; _scanf_string
</UL>
<BR>[Calls]<UL><LI><a href="#[46]">&gt;&gt;</a>&nbsp;&nbsp;&nbsp;modificaPulso
<LI><a href="#[eb]">&gt;&gt;</a>&nbsp;&nbsp;&nbsp;UART0_MandaBufferTx
<LI><a href="#[ea]">&gt;&gt;</a>&nbsp;&nbsp;&nbsp;strcpy
<LI><a href="#[ed]">&gt;&gt;</a>&nbsp;&nbsp;&nbsp;strcmp
<LI><a href="#[ee]">&gt;&gt;</a>&nbsp;&nbsp;&nbsp;__0sscanf
</UL>
<BR>[Called By]<UL><LI><a href="#[ef]">&gt;&gt;</a>&nbsp;&nbsp;&nbsp;__recibirDatos
</UL>

<P><STRONG><a name="[f]"></a>UART0_IRQHandler</STRONG> (Thumb, 44 bytes, Stack size 8 bytes, uart0.o(.text))
<BR><BR>[Stack]<UL><LI>Max Depth = 256<LI>Call Chain = UART0_IRQHandler &rArr; __recibirDatos &rArr; procesarComando &rArr; __0sscanf &rArr; __vfscanf_char &rArr; __vfscanf &rArr; _scanf_string
</UL>
<BR>[Calls]<UL><LI><a href="#[f1]">&gt;&gt;</a>&nbsp;&nbsp;&nbsp;__transmitirDatos
<LI><a href="#[ef]">&gt;&gt;</a>&nbsp;&nbsp;&nbsp;__recibirDatos
<LI><a href="#[f0]">&gt;&gt;</a>&nbsp;&nbsp;&nbsp;__ignore
</UL>
<BR>[Address Reference Count : 1]<UL><LI> startup_lpc17xx.o(RESET)
</UL>
<P><STRONG><a name="[1a2]"></a>__configuraUART3__</STRONG> (Thumb, 120 bytes, Stack size 0 bytes, uart3.o(.text), UNUSED)

<P><STRONG><a name="[1a3]"></a>UART3_MandaBufferTx</STRONG> (Thumb, 42 bytes, Stack size 0 bytes, uart3.o(.text), UNUSED)

<P><STRONG><a name="[12]"></a>UART3_IRQHandler</STRONG> (Thumb, 44 bytes, Stack size 8 bytes, uart3.o(.text))
<BR><BR>[Stack]<UL><LI>Max Depth = 8<LI>Call Chain = UART3_IRQHandler
</UL>
<BR>[Calls]<UL><LI><a href="#[f4]">&gt;&gt;</a>&nbsp;&nbsp;&nbsp;__transmitirDatos
<LI><a href="#[f2]">&gt;&gt;</a>&nbsp;&nbsp;&nbsp;__recibirDatos
<LI><a href="#[f3]">&gt;&gt;</a>&nbsp;&nbsp;&nbsp;__ignore
</UL>
<BR>[Address Reference Count : 1]<UL><LI> startup_lpc17xx.o(RESET)
</UL>
<P><STRONG><a name="[f5]"></a>__calibraBMP</STRONG> (Thumb, 630 bytes, Stack size 8 bytes, i2c.o(.text))
<BR><BR>[Stack]<UL><LI>Max Depth = 28<LI>Call Chain = __calibraBMP &rArr; I2CSendAddr &rArr; I2CSendByte &rArr; pulso_SCL
</UL>
<BR>[Calls]<UL><LI><a href="#[f9]">&gt;&gt;</a>&nbsp;&nbsp;&nbsp;I2CSendStop
<LI><a href="#[f7]">&gt;&gt;</a>&nbsp;&nbsp;&nbsp;I2CSendByte
<LI><a href="#[f6]">&gt;&gt;</a>&nbsp;&nbsp;&nbsp;I2CSendAddr
<LI><a href="#[f8]">&gt;&gt;</a>&nbsp;&nbsp;&nbsp;I2CGetByte
</UL>
<BR>[Called By]<UL><LI><a href="#[a1]">&gt;&gt;</a>&nbsp;&nbsp;&nbsp;__configuraI2C__
</UL>

<P><STRONG><a name="[a1]"></a>__configuraI2C__</STRONG> (Thumb, 8 bytes, Stack size 8 bytes, i2c.o(.text))
<BR><BR>[Stack]<UL><LI>Max Depth = 36<LI>Call Chain = __configuraI2C__ &rArr; __calibraBMP &rArr; I2CSendAddr &rArr; I2CSendByte &rArr; pulso_SCL
</UL>
<BR>[Calls]<UL><LI><a href="#[f5]">&gt;&gt;</a>&nbsp;&nbsp;&nbsp;__calibraBMP
</UL>
<BR>[Called By]<UL><LI><a href="#[42]">&gt;&gt;</a>&nbsp;&nbsp;&nbsp;__configuraPrograma__
</UL>

<P><STRONG><a name="[fa]"></a>procesarDato</STRONG> (Thumb, 86 bytes, Stack size 40 bytes, i2c.o(.text))
<BR><BR>[Stack]<UL><LI>Max Depth = 264<LI>Call Chain = procesarDato &rArr; pow &rArr; __kernel_poly &rArr; __aeabi_dadd &rArr; _double_epilogue &rArr; _double_round
</UL>
<BR>[Calls]<UL><LI><a href="#[47]">&gt;&gt;</a>&nbsp;&nbsp;&nbsp;__aeabi_f2d
<LI><a href="#[48]">&gt;&gt;</a>&nbsp;&nbsp;&nbsp;__aeabi_dmul
<LI><a href="#[49]">&gt;&gt;</a>&nbsp;&nbsp;&nbsp;__aeabi_d2f
<LI><a href="#[3d]">&gt;&gt;</a>&nbsp;&nbsp;&nbsp;__aeabi_fdiv
<LI><a href="#[b0]">&gt;&gt;</a>&nbsp;&nbsp;&nbsp;__aeabi_drsub
<LI><a href="#[fb]">&gt;&gt;</a>&nbsp;&nbsp;&nbsp;pow
</UL>
<BR>[Called By]<UL><LI><a href="#[a8]">&gt;&gt;</a>&nbsp;&nbsp;&nbsp;medirBMP
<LI><a href="#[fe]">&gt;&gt;</a>&nbsp;&nbsp;&nbsp;pedirDatoReg
</UL>

<P><STRONG><a name="[fc]"></a>pedirDato</STRONG> (Thumb, 52 bytes, Stack size 8 bytes, i2c.o(.text), UNUSED)
<BR><BR>[Calls]<UL><LI><a href="#[f9]">&gt;&gt;</a>&nbsp;&nbsp;&nbsp;I2CSendStop
<LI><a href="#[f6]">&gt;&gt;</a>&nbsp;&nbsp;&nbsp;I2CSendAddr
<LI><a href="#[f8]">&gt;&gt;</a>&nbsp;&nbsp;&nbsp;I2CGetByte
</UL>
<BR>[Called By]<UL><LI><a href="#[fe]">&gt;&gt;</a>&nbsp;&nbsp;&nbsp;pedirDatoReg
</UL>

<P><STRONG><a name="[fd]"></a>irRegistro</STRONG> (Thumb, 20 bytes, Stack size 8 bytes, i2c.o(.text), UNUSED)
<BR><BR>[Calls]<UL><LI><a href="#[f7]">&gt;&gt;</a>&nbsp;&nbsp;&nbsp;I2CSendByte
<LI><a href="#[f6]">&gt;&gt;</a>&nbsp;&nbsp;&nbsp;I2CSendAddr
</UL>
<BR>[Called By]<UL><LI><a href="#[fe]">&gt;&gt;</a>&nbsp;&nbsp;&nbsp;pedirDatoReg
</UL>

<P><STRONG><a name="[fe]"></a>pedirDatoReg</STRONG> (Thumb, 22 bytes, Stack size 8 bytes, i2c.o(.text), UNUSED)
<BR><BR>[Calls]<UL><LI><a href="#[fd]">&gt;&gt;</a>&nbsp;&nbsp;&nbsp;irRegistro
<LI><a href="#[fc]">&gt;&gt;</a>&nbsp;&nbsp;&nbsp;pedirDato
<LI><a href="#[fa]">&gt;&gt;</a>&nbsp;&nbsp;&nbsp;procesarDato
</UL>

<P><STRONG><a name="[ff]"></a>obtenerDato</STRONG> (Thumb, 50 bytes, Stack size 16 bytes, i2c.o(.text))
<BR><BR>[Stack]<UL><LI>Max Depth = 36<LI>Call Chain = obtenerDato &rArr; I2CSendAddr &rArr; I2CSendByte &rArr; pulso_SCL
</UL>
<BR>[Calls]<UL><LI><a href="#[f9]">&gt;&gt;</a>&nbsp;&nbsp;&nbsp;I2CSendStop
<LI><a href="#[f7]">&gt;&gt;</a>&nbsp;&nbsp;&nbsp;I2CSendByte
<LI><a href="#[f6]">&gt;&gt;</a>&nbsp;&nbsp;&nbsp;I2CSendAddr
<LI><a href="#[f8]">&gt;&gt;</a>&nbsp;&nbsp;&nbsp;I2CGetByte
</UL>
<BR>[Called By]<UL><LI><a href="#[a8]">&gt;&gt;</a>&nbsp;&nbsp;&nbsp;medirBMP
</UL>

<P><STRONG><a name="[100]"></a>mandaDato</STRONG> (Thumb, 32 bytes, Stack size 16 bytes, i2c.o(.text))
<BR><BR>[Stack]<UL><LI>Max Depth = 36<LI>Call Chain = mandaDato &rArr; I2CSendAddr &rArr; I2CSendByte &rArr; pulso_SCL
</UL>
<BR>[Calls]<UL><LI><a href="#[f9]">&gt;&gt;</a>&nbsp;&nbsp;&nbsp;I2CSendStop
<LI><a href="#[f7]">&gt;&gt;</a>&nbsp;&nbsp;&nbsp;I2CSendByte
<LI><a href="#[f6]">&gt;&gt;</a>&nbsp;&nbsp;&nbsp;I2CSendAddr
</UL>
<BR>[Called By]<UL><LI><a href="#[a8]">&gt;&gt;</a>&nbsp;&nbsp;&nbsp;medirBMP
</UL>

<P><STRONG><a name="[a8]"></a>medirBMP</STRONG> (Thumb, 402 bytes, Stack size 64 bytes, i2c.o(.text))
<BR><BR>[Stack]<UL><LI>Max Depth = 328<LI>Call Chain = medirBMP &rArr; procesarDato &rArr; pow &rArr; __kernel_poly &rArr; __aeabi_dadd &rArr; _double_epilogue &rArr; _double_round
</UL>
<BR>[Calls]<UL><LI><a href="#[a5]">&gt;&gt;</a>&nbsp;&nbsp;&nbsp;__aeabi_i2f
<LI><a href="#[3d]">&gt;&gt;</a>&nbsp;&nbsp;&nbsp;__aeabi_fdiv
<LI><a href="#[101]">&gt;&gt;</a>&nbsp;&nbsp;&nbsp;I2Cdelay
<LI><a href="#[100]">&gt;&gt;</a>&nbsp;&nbsp;&nbsp;mandaDato
<LI><a href="#[ff]">&gt;&gt;</a>&nbsp;&nbsp;&nbsp;obtenerDato
<LI><a href="#[fa]">&gt;&gt;</a>&nbsp;&nbsp;&nbsp;procesarDato
</UL>
<BR>[Called By]<UL><LI><a href="#[a4]">&gt;&gt;</a>&nbsp;&nbsp;&nbsp;_subAnemoTempe
</UL>

<P><STRONG><a name="[101]"></a>I2Cdelay</STRONG> (Thumb, 14 bytes, Stack size 0 bytes, i2clib.o(.text))
<BR><BR>[Called By]<UL><LI><a href="#[a8]">&gt;&gt;</a>&nbsp;&nbsp;&nbsp;medirBMP
<LI><a href="#[102]">&gt;&gt;</a>&nbsp;&nbsp;&nbsp;pulso_SCL
<LI><a href="#[f9]">&gt;&gt;</a>&nbsp;&nbsp;&nbsp;I2CSendStop
<LI><a href="#[f6]">&gt;&gt;</a>&nbsp;&nbsp;&nbsp;I2CSendAddr
<LI><a href="#[f8]">&gt;&gt;</a>&nbsp;&nbsp;&nbsp;I2CGetByte
</UL>

<P><STRONG><a name="[102]"></a>pulso_SCL</STRONG> (Thumb, 24 bytes, Stack size 4 bytes, i2clib.o(.text))
<BR><BR>[Stack]<UL><LI>Max Depth = 4<LI>Call Chain = pulso_SCL
</UL>
<BR>[Calls]<UL><LI><a href="#[101]">&gt;&gt;</a>&nbsp;&nbsp;&nbsp;I2Cdelay
</UL>
<BR>[Called By]<UL><LI><a href="#[f7]">&gt;&gt;</a>&nbsp;&nbsp;&nbsp;I2CSendByte
<LI><a href="#[f8]">&gt;&gt;</a>&nbsp;&nbsp;&nbsp;I2CGetByte
</UL>

<P><STRONG><a name="[f7]"></a>I2CSendByte</STRONG> (Thumb, 74 bytes, Stack size 4 bytes, i2clib.o(.text))
<BR><BR>[Stack]<UL><LI>Max Depth = 8<LI>Call Chain = I2CSendByte &rArr; pulso_SCL
</UL>
<BR>[Calls]<UL><LI><a href="#[102]">&gt;&gt;</a>&nbsp;&nbsp;&nbsp;pulso_SCL
</UL>
<BR>[Called By]<UL><LI><a href="#[f6]">&gt;&gt;</a>&nbsp;&nbsp;&nbsp;I2CSendAddr
<LI><a href="#[100]">&gt;&gt;</a>&nbsp;&nbsp;&nbsp;mandaDato
<LI><a href="#[ff]">&gt;&gt;</a>&nbsp;&nbsp;&nbsp;obtenerDato
<LI><a href="#[fd]">&gt;&gt;</a>&nbsp;&nbsp;&nbsp;irRegistro
<LI><a href="#[f5]">&gt;&gt;</a>&nbsp;&nbsp;&nbsp;__calibraBMP
</UL>

<P><STRONG><a name="[f6]"></a>I2CSendAddr</STRONG> (Thumb, 80 bytes, Stack size 12 bytes, i2clib.o(.text))
<BR><BR>[Stack]<UL><LI>Max Depth = 20<LI>Call Chain = I2CSendAddr &rArr; I2CSendByte &rArr; pulso_SCL
</UL>
<BR>[Calls]<UL><LI><a href="#[101]">&gt;&gt;</a>&nbsp;&nbsp;&nbsp;I2Cdelay
<LI><a href="#[f7]">&gt;&gt;</a>&nbsp;&nbsp;&nbsp;I2CSendByte
</UL>
<BR>[Called By]<UL><LI><a href="#[100]">&gt;&gt;</a>&nbsp;&nbsp;&nbsp;mandaDato
<LI><a href="#[ff]">&gt;&gt;</a>&nbsp;&nbsp;&nbsp;obtenerDato
<LI><a href="#[fd]">&gt;&gt;</a>&nbsp;&nbsp;&nbsp;irRegistro
<LI><a href="#[fc]">&gt;&gt;</a>&nbsp;&nbsp;&nbsp;pedirDato
<LI><a href="#[f5]">&gt;&gt;</a>&nbsp;&nbsp;&nbsp;__calibraBMP
</UL>

<P><STRONG><a name="[f8]"></a>I2CGetByte</STRONG> (Thumb, 100 bytes, Stack size 8 bytes, i2clib.o(.text))
<BR><BR>[Stack]<UL><LI>Max Depth = 12<LI>Call Chain = I2CGetByte &rArr; pulso_SCL
</UL>
<BR>[Calls]<UL><LI><a href="#[102]">&gt;&gt;</a>&nbsp;&nbsp;&nbsp;pulso_SCL
<LI><a href="#[101]">&gt;&gt;</a>&nbsp;&nbsp;&nbsp;I2Cdelay
</UL>
<BR>[Called By]<UL><LI><a href="#[ff]">&gt;&gt;</a>&nbsp;&nbsp;&nbsp;obtenerDato
<LI><a href="#[fc]">&gt;&gt;</a>&nbsp;&nbsp;&nbsp;pedirDato
<LI><a href="#[f5]">&gt;&gt;</a>&nbsp;&nbsp;&nbsp;__calibraBMP
</UL>

<P><STRONG><a name="[f9]"></a>I2CSendStop</STRONG> (Thumb, 34 bytes, Stack size 4 bytes, i2clib.o(.text))
<BR><BR>[Stack]<UL><LI>Max Depth = 4<LI>Call Chain = I2CSendStop
</UL>
<BR>[Calls]<UL><LI><a href="#[101]">&gt;&gt;</a>&nbsp;&nbsp;&nbsp;I2Cdelay
</UL>
[...]
</UL>

<P><STRONG><a name="[184]"></a>tcp_map_socket</STRONG> (Thumb, 146 bytes, Stack size 24 bytes, at_tcp.o(i.tcp_map_socket))
<BR><BR>[Stack]<UL><LI>Max Depth = 32<LI>Call Chain = tcp_map_socket &rArr; mem_copy
</UL>
<BR>[Calls]<UL><LI><a href="#[132]">&gt;&gt;</a>&nbsp;&nbsp;&nbsp;mem_copy
<LI><a href="#[12e]">&gt;&gt;</a>&nbsp;&nbsp;&nbsp;mem_comp
</UL>
<BR>[Called By]<UL><LI><a href="#[14b]">&gt;&gt;</a>&nbsp;&nbsp;&nbsp;tcp_process
</UL>

<P><STRONG><a name="[18b]"></a>tcp_parse_opt</STRONG> (Thumb, 94 bytes, Stack size 20 bytes, at_tcp.o(i.tcp_parse_opt))
<BR><BR>[Stack]<UL><LI>Max Depth = 20<LI>Call Chain = tcp_parse_opt
</UL>
<BR>[Called By]<UL><LI><a href="#[14b]">&gt;&gt;</a>&nbsp;&nbsp;&nbsp;tcp_process
</UL>

<P><STRONG><a name="[188]"></a>tcp_proc_acknr</STRONG> (Thumb, 194 bytes, Stack size 16 bytes, at_tcp.o(i.tcp_proc_acknr))
<BR><BR>[Stack]<UL><LI>Max Depth = 40<LI>Call Chain = tcp_proc_acknr &rArr; free_mem
</UL>
<BR>[Calls]<UL><LI><a href="#[13b]">&gt;&gt;</a>&nbsp;&nbsp;&nbsp;free_mem
</UL>
<BR>[Called By]<UL><LI><a href="#[14b]">&gt;&gt;</a>&nbsp;&nbsp;&nbsp;tcp_process
</UL>

<P><STRONG><a name="[189]"></a>tcp_proc_dupack</STRONG> (Thumb, 82 bytes, Stack size 0 bytes, at_tcp.o(i.tcp_proc_dupack))
<BR><BR>[Calls]<UL><LI><a href="#[186]">&gt;&gt;</a>&nbsp;&nbsp;&nbsp;tcp_que_init
</UL>
<BR>[Called By]<UL><LI><a href="#[14b]">&gt;&gt;</a>&nbsp;&nbsp;&nbsp;tcp_process
</UL>

<P><STRONG><a name="[187]"></a>tcp_que_free</STRONG> (Thumb, 26 bytes, Stack size 8 bytes, at_tcp.o(i.tcp_que_free))
<BR><BR>[Stack]<UL><LI>Max Depth = 32<LI>Call Chain = tcp_que_free &rArr; free_mem
</UL>
<BR>[Calls]<UL><LI><a href="#[13b]">&gt;&gt;</a>&nbsp;&nbsp;&nbsp;free_mem
</UL>
<BR>[Called By]<UL><LI><a href="#[59]">&gt;&gt;</a>&nbsp;&nbsp;&nbsp;tcp_poll_sockets
<LI><a href="#[182]">&gt;&gt;</a>&nbsp;&nbsp;&nbsp;tcp_transit
</UL>

<P><STRONG><a name="[186]"></a>tcp_que_init</STRONG> (Thumb, 26 bytes, Stack size 0 bytes, at_tcp.o(i.tcp_que_init))
<BR><BR>[Called By]<UL><LI><a href="#[59]">&gt;&gt;</a>&nbsp;&nbsp;&nbsp;tcp_poll_sockets
<LI><a href="#[189]">&gt;&gt;</a>&nbsp;&nbsp;&nbsp;tcp_proc_dupack
</UL>

<P><STRONG><a name="[185]"></a>tcp_que_resend</STRONG> (Thumb, 142 bytes, Stack size 24 bytes, at_tcp.o(i.tcp_que_resend))
<BR><BR>[Stack]<UL><LI>Max Depth = 192<LI>Call Chain = tcp_que_resend &rArr; tcp_send_ctrl &rArr; tcp_write &rArr; ip_send_frame &rArr; eth_send_frame &rArr; arp_cache_find &rArr; arp_send_request &rArr; alloc_mem
</UL>
<BR>[Calls]<UL><LI><a href="#[18f]">&gt;&gt;</a>&nbsp;&nbsp;&nbsp;tcp_send_data
<LI><a href="#[183]">&gt;&gt;</a>&nbsp;&nbsp;&nbsp;tcp_send_ctrl
</UL>
<BR>[Called By]<UL><LI><a href="#[59]">&gt;&gt;</a>&nbsp;&nbsp;&nbsp;tcp_poll_sockets
</UL>

<P><STRONG><a name="[183]"></a>tcp_send_ctrl</STRONG> (Thumb, 106 bytes, Stack size 16 bytes, at_tcp.o(i.tcp_send_ctrl))
<BR><BR>[Stack]<UL><LI>Max Depth = 168<LI>Call Chain = tcp_send_ctrl &rArr; tcp_write &rArr; ip_send_frame &rArr; eth_send_frame &rArr; arp_cache_find &rArr; arp_send_request &rArr; alloc_mem
</UL>
<BR>[Calls]<UL><LI><a href="#[64]">&gt;&gt;</a>&nbsp;&nbsp;&nbsp;alloc_mem
<LI><a href="#[190]">&gt;&gt;</a>&nbsp;&nbsp;&nbsp;tcp_write
<LI><a href="#[13b]">&gt;&gt;</a>&nbsp;&nbsp;&nbsp;free_mem
</UL>
<BR>[Called By]<UL><LI><a href="#[59]">&gt;&gt;</a>&nbsp;&nbsp;&nbsp;tcp_poll_sockets
<LI><a href="#[16c]">&gt;&gt;</a>&nbsp;&nbsp;&nbsp;tcp_close
<LI><a href="#[171]">&gt;&gt;</a>&nbsp;&nbsp;&nbsp;tcp_abort
<LI><a href="#[185]">&gt;&gt;</a>&nbsp;&nbsp;&nbsp;tcp_que_resend
<LI><a href="#[14b]">&gt;&gt;</a>&nbsp;&nbsp;&nbsp;tcp_process
</UL>

<P><STRONG><a name="[18f]"></a>tcp_send_data</STRONG> (Thumb, 80 bytes, Stack size 8 bytes, at_tcp.o(i.tcp_send_data))
<BR><BR>[Stack]<UL><LI>Max Depth = 160<LI>Call Chain = tcp_send_data &rArr; tcp_write &rArr; ip_send_frame &rArr; eth_send_frame &rArr; arp_cache_find &rArr; arp_send_request &rArr; alloc_mem
</UL>
<BR>[Calls]<UL><LI><a href="#[190]">&gt;&gt;</a>&nbsp;&nbsp;&nbsp;tcp_write
</UL>
<BR>[Called By]<UL><LI><a href="#[185]">&gt;&gt;</a>&nbsp;&nbsp;&nbsp;tcp_que_resend
<LI><a href="#[170]">&gt;&gt;</a>&nbsp;&nbsp;&nbsp;tcp_send
</UL>

<P><STRONG><a name="[18d]"></a>tcp_send_reset</STRONG> (Thumb, 104 bytes, Stack size 24 bytes, at_tcp.o(i.tcp_send_reset))
<BR><BR>[Stack]<UL><LI>Max Depth = 176<LI>Call Chain = tcp_send_reset &rArr; tcp_write &rArr; ip_send_frame &rArr; eth_send_frame &rArr; arp_cache_find &rArr; arp_send_request &rArr; alloc_mem
</UL>
<BR>[Calls]<UL><LI><a href="#[64]">&gt;&gt;</a>&nbsp;&nbsp;&nbsp;alloc_mem
<LI><a href="#[190]">&gt;&gt;</a>&nbsp;&nbsp;&nbsp;tcp_write
<LI><a href="#[130]">&gt;&gt;</a>&nbsp;&nbsp;&nbsp;nrd_u32be
<LI><a href="#[13b]">&gt;&gt;</a>&nbsp;&nbsp;&nbsp;free_mem
</UL>
<BR>[Called By]<UL><LI><a href="#[14b]">&gt;&gt;</a>&nbsp;&nbsp;&nbsp;tcp_process
</UL>

<P><STRONG><a name="[18e]"></a>tcp_set_cwnd</STRONG> (Thumb, 38 bytes, Stack size 0 bytes, at_tcp.o(i.tcp_set_cwnd))
<BR><BR>[Called By]<UL><LI><a href="#[14b]">&gt;&gt;</a>&nbsp;&nbsp;&nbsp;tcp_process
</UL>

<P><STRONG><a name="[182]"></a>tcp_transit</STRONG> (Thumb, 100 bytes, Stack size 8 bytes, at_tcp.o(i.tcp_transit))
<BR><BR>[Stack]<UL><LI>Max Depth = 40<LI>Call Chain = tcp_transit &rArr; tcp_que_free &rArr; free_mem
</UL>
<BR>[Calls]<UL><LI><a href="#[187]">&gt;&gt;</a>&nbsp;&nbsp;&nbsp;tcp_que_free
</UL>
<BR>[Called By]<UL><LI><a href="#[59]">&gt;&gt;</a>&nbsp;&nbsp;&nbsp;tcp_poll_sockets
<LI><a href="#[16c]">&gt;&gt;</a>&nbsp;&nbsp;&nbsp;tcp_close
<LI><a href="#[171]">&gt;&gt;</a>&nbsp;&nbsp;&nbsp;tcp_abort
<LI><a href="#[14b]">&gt;&gt;</a>&nbsp;&nbsp;&nbsp;tcp_process
</UL>

<P><STRONG><a name="[190]"></a>tcp_write</STRONG> (Thumb, 190 bytes, Stack size 24 bytes, at_tcp.o(i.tcp_write))
<BR><BR>[Stack]<UL><LI>Max Depth = 152<LI>Call Chain = tcp_write &rArr; ip_send_frame &rArr; eth_send_frame &rArr; arp_cache_find &rArr; arp_send_request &rArr; alloc_mem
</UL>
<BR>[Calls]<UL><LI><a href="#[172]">&gt;&gt;</a>&nbsp;&nbsp;&nbsp;ip_send_frame
<LI><a href="#[177]">&gt;&gt;</a>&nbsp;&nbsp;&nbsp;ip_get_locadr
<LI><a href="#[191]">&gt;&gt;</a>&nbsp;&nbsp;&nbsp;nwr_u32be
<LI><a href="#[18a]">&gt;&gt;</a>&nbsp;&nbsp;&nbsp;chksum16_val
<LI><a href="#[13d]">&gt;&gt;</a>&nbsp;&nbsp;&nbsp;chksum16_buf
</UL>
<BR>[Called By]<UL><LI><a href="#[18d]">&gt;&gt;</a>&nbsp;&nbsp;&nbsp;tcp_send_reset
<LI><a href="#[18f]">&gt;&gt;</a>&nbsp;&nbsp;&nbsp;tcp_send_data
<LI><a href="#[183]">&gt;&gt;</a>&nbsp;&nbsp;&nbsp;tcp_send_ctrl
</UL>

<P><STRONG><a name="[12a]"></a>add_server_id</STRONG> (Thumb, 16 bytes, Stack size 0 bytes, at_http.o(i.add_server_id))
<BR><BR>[Stack]<UL><LI>Max Depth = 24<LI>Call Chain = add_server_id &rArr; __2sprintf
</UL>
<BR>[Calls]<UL><LI><a href="#[4c]">&gt;&gt;</a>&nbsp;&nbsp;&nbsp;__2sprintf
</UL>
<BR>[Called By]<UL><LI><a href="#[153]">&gt;&gt;</a>&nbsp;&nbsp;&nbsp;http_error_msg
<LI><a href="#[14f]">&gt;&gt;</a>&nbsp;&nbsp;&nbsp;http_add_header
</UL>

<P><STRONG><a name="[13e]"></a>chk_post_req</STRONG> (Thumb, 348 bytes, Stack size 32 bytes, at_http.o(i.chk_post_req))
<BR><BR>[Stack]<UL><LI>Max Depth = 120<LI>Call Chain = chk_post_req &rArr; atoi &rArr; strtol &rArr; _strtoul
</UL>
<BR>[Calls]<UL><LI><a href="#[64]">&gt;&gt;</a>&nbsp;&nbsp;&nbsp;alloc_mem
<LI><a href="#[140]">&gt;&gt;</a>&nbsp;&nbsp;&nbsp;str_scomp
<LI><a href="#[142]">&gt;&gt;</a>&nbsp;&nbsp;&nbsp;http_strcpy
<LI><a href="#[141]">&gt;&gt;</a>&nbsp;&nbsp;&nbsp;get_next_par
<LI><a href="#[143]">&gt;&gt;</a>&nbsp;&nbsp;&nbsp;get_next_field
<LI><a href="#[13f]">&gt;&gt;</a>&nbsp;&nbsp;&nbsp;cmp_header
<LI><a href="#[109]">&gt;&gt;</a>&nbsp;&nbsp;&nbsp;atoi
</UL>
<BR>[Called By]<UL><LI><a href="#[35]">&gt;&gt;</a>&nbsp;&nbsp;&nbsp;http_listener
</UL>

<P><STRONG><a name="[14e]"></a>cmp_fname_ext</STRONG> (Thumb, 30 bytes, Stack size 0 bytes, at_http.o(i.cmp_fname_ext))
<BR><BR>[Called By]<UL><LI><a href="#[14d]">&gt;&gt;</a>&nbsp;&nbsp;&nbsp;get_file_type
</UL>

<P><STRONG><a name="[13f]"></a>cmp_header</STRONG> (Thumb, 40 bytes, Stack size 8 bytes, at_http.o(i.cmp_header))
<BR><BR>[Stack]<UL><LI>Max Depth = 8<LI>Call Chain = cmp_header
</UL>
<BR>[Called By]<UL><LI><a href="#[160]">&gt;&gt;</a>&nbsp;&nbsp;&nbsp;http_proc_multipart
<LI><a href="#[15b]">&gt;&gt;</a>&nbsp;&nbsp;&nbsp;http_proc_header
<LI><a href="#[13e]">&gt;&gt;</a>&nbsp;&nbsp;&nbsp;chk_post_req
</UL>

<P><STRONG><a name="[14d]"></a>get_file_type</STRONG> (Thumb, 92 bytes, Stack size 16 bytes, at_http.o(i.get_file_type))
<BR><BR>[Stack]<UL><LI>Max Depth = 16<LI>Call Chain = get_file_type
</UL>
<BR>[Calls]<UL><LI><a href="#[14e]">&gt;&gt;</a>&nbsp;&nbsp;&nbsp;cmp_fname_ext
</UL>
<BR>[Called By]<UL><LI><a href="#[35]">&gt;&gt;</a>&nbsp;&nbsp;&nbsp;http_listener
</UL>

<P><STRONG><a name="[143]"></a>get_next_field</STRONG> (Thumb, 40 bytes, Stack size 0 bytes, at_http.o(i.get_next_field))
<BR><BR>[Called By]<UL><LI><a href="#[160]">&gt;&gt;</a>&nbsp;&nbsp;&nbsp;http_proc_multipart
<LI><a href="#[15b]">&gt;&gt;</a>&nbsp;&nbsp;&nbsp;http_proc_header
<LI><a href="#[13e]">&gt;&gt;</a>&nbsp;&nbsp;&nbsp;chk_post_req
</UL>

<P><STRONG><a name="[141]"></a>get_next_par</STRONG> (Thumb, 50 bytes, Stack size 0 bytes, at_http.o(i.get_next_par))
<BR><BR>[Called By]<UL><LI><a href="#[160]">&gt;&gt;</a>&nbsp;&nbsp;&nbsp;http_proc_multipart
<LI><a href="#[13e]">&gt;&gt;</a>&nbsp;&nbsp;&nbsp;chk_post_req
</UL>

<P><STRONG><a name="[14f]"></a>http_add_header</STRONG> (Thumb, 226 bytes, Stack size 24 bytes, at_http.o(i.http_add_header))
<BR><BR>[Stack]<UL><LI>Max Depth = 88<LI>Call Chain = http_add_header &rArr; utc_to_http &rArr; __2sprintf
</UL>
<BR>[Calls]<UL><LI><a href="#[4c]">&gt;&gt;</a>&nbsp;&nbsp;&nbsp;__2sprintf
<LI><a href="#[150]">&gt;&gt;</a>&nbsp;&nbsp;&nbsp;cgx_content_type
<LI><a href="#[151]">&gt;&gt;</a>&nbsp;&nbsp;&nbsp;str_copy
<LI><a href="#[152]">&gt;&gt;</a>&nbsp;&nbsp;&nbsp;utc_to_http
<LI><a href="#[12a]">&gt;&gt;</a>&nbsp;&nbsp;&nbsp;add_server_id
</UL>
<BR>[Called By]<UL><LI><a href="#[5a]">&gt;&gt;</a>&nbsp;&nbsp;&nbsp;http_run_server
</UL>

<P><STRONG><a name="[153]"></a>http_error_msg</STRONG> (Thumb, 162 bytes, Stack size 16 bytes, at_http.o(i.http_error_msg))
<BR><BR>[Stack]<UL><LI>Max Depth = 40<LI>Call Chain = http_error_msg &rArr; __2sprintf
</UL>
<BR>[Calls]<UL><LI><a href="#[4c]">&gt;&gt;</a>&nbsp;&nbsp;&nbsp;__2sprintf
<LI><a href="#[151]">&gt;&gt;</a>&nbsp;&nbsp;&nbsp;str_copy
<LI><a href="#[12a]">&gt;&gt;</a>&nbsp;&nbsp;&nbsp;add_server_id
</UL>
<BR>[Called By]<UL><LI><a href="#[5a]">&gt;&gt;</a>&nbsp;&nbsp;&nbsp;http_run_server
</UL>

<P><STRONG><a name="[156]"></a>http_kill_session</STRONG> (Thumb, 94 bytes, Stack size 16 bytes, at_http.o(i.http_kill_session))
<BR><BR>[Stack]<UL><LI>Max Depth = 40<LI>Call Chain = http_kill_session &rArr; free_mem
</UL>
<BR>[Calls]<UL><LI><a href="#[158]">&gt;&gt;</a>&nbsp;&nbsp;&nbsp;cgi_process_data
<LI><a href="#[13b]">&gt;&gt;</a>&nbsp;&nbsp;&nbsp;free_mem
<LI><a href="#[157]">&gt;&gt;</a>&nbsp;&nbsp;&nbsp;http_fclose
</UL>
<BR>[Called By]<UL><LI><a href="#[5a]">&gt;&gt;</a>&nbsp;&nbsp;&nbsp;http_run_server
<LI><a href="#[35]">&gt;&gt;</a>&nbsp;&nbsp;&nbsp;http_listener
</UL>

<P><STRONG><a name="[35]"></a>http_listener</STRONG> (Thumb, 514 bytes, Stack size 32 bytes, at_http.o(i.http_listener))
<BR><BR>[Stack]<UL><LI>Max Depth = 184<LI>Call Chain = http_listener &rArr; http_proc_header &rArr; http_to_utc &rArr; atoi &rArr; strtol &rArr; _strtoul
</UL>
<BR>[Calls]<UL><LI><a href="#[64]">&gt;&gt;</a>&nbsp;&nbsp;&nbsp;alloc_mem
<LI><a href="#[15d]">&gt;&gt;</a>&nbsp;&nbsp;&nbsp;cgi_process_var
<LI><a href="#[159]">&gt;&gt;</a>&nbsp;&nbsp;&nbsp;http_accept_host
<LI><a href="#[140]">&gt;&gt;</a>&nbsp;&nbsp;&nbsp;str_scomp
<LI><a href="#[15f]">&gt;&gt;</a>&nbsp;&nbsp;&nbsp;read_script_line
<LI><a href="#[15a]">&gt;&gt;</a>&nbsp;&nbsp;&nbsp;proc_req_line
<LI><a href="#[15e]">&gt;&gt;</a>&nbsp;&nbsp;&nbsp;http_proc_post
<LI><a href="#[160]">&gt;&gt;</a>&nbsp;&nbsp;&nbsp;http_proc_multipart
<LI><a href="#[15b]">&gt;&gt;</a>&nbsp;&nbsp;&nbsp;http_proc_header
<LI><a href="#[15c]">&gt;&gt;</a>&nbsp;&nbsp;&nbsp;http_open_file
<LI><a href="#[156]">&gt;&gt;</a>&nbsp;&nbsp;&nbsp;http_kill_session
<LI><a href="#[14d]">&gt;&gt;</a>&nbsp;&nbsp;&nbsp;get_file_type
<LI><a href="#[13e]">&gt;&gt;</a>&nbsp;&nbsp;&nbsp;chk_post_req
</UL>
<BR>[Address Reference Count : 1]<UL><LI> at_http.o(i.http_init)
</UL>
<P><STRONG><a name="[15c]"></a>http_open_file</STRONG> (Thumb, 254 bytes, Stack size 24 bytes, at_http.o(i.http_open_file))
<BR><BR>[Stack]<UL><LI>Max Depth = 40<LI>Call Chain = http_open_file &rArr; str_crc32 &rArr; get_crc32
</UL>
<BR>[Calls]<UL><LI><a href="#[161]">&gt;&gt;</a>&nbsp;&nbsp;&nbsp;http_file_access
<LI><a href="#[164]">&gt;&gt;</a>&nbsp;&nbsp;&nbsp;str_crc32
<LI><a href="#[162]">&gt;&gt;</a>&nbsp;&nbsp;&nbsp;http_fopen
<LI><a href="#[163]">&gt;&gt;</a>&nbsp;&nbsp;&nbsp;http_finfo
</UL>
<BR>[Called By]<UL><LI><a href="#[5a]">&gt;&gt;</a>&nbsp;&nbsp;&nbsp;http_run_server
<LI><a href="#[35]">&gt;&gt;</a>&nbsp;&nbsp;&nbsp;http_listener
</UL>

<P><STRONG><a name="[15b]"></a>http_proc_header</STRONG> (Thumb, 266 bytes, Stack size 32 bytes, at_http.o(i.http_proc_header))
<BR><BR>[Stack]<UL><LI>Max Depth = 152<LI>Call Chain = http_proc_header &rArr; http_to_utc &rArr; atoi &rArr; strtol &rArr; _strtoul
</UL>
<BR>[Calls]<UL><LI><a href="#[ed]">&gt;&gt;</a>&nbsp;&nbsp;&nbsp;strcmp
<LI><a href="#[167]">&gt;&gt;</a>&nbsp;&nbsp;&nbsp;http_check_account
<LI><a href="#[166]">&gt;&gt;</a>&nbsp;&nbsp;&nbsp;str_pos
<LI><a href="#[165]">&gt;&gt;</a>&nbsp;&nbsp;&nbsp;b64_to_asc
<LI><a href="#[168]">&gt;&gt;</a>&nbsp;&nbsp;&nbsp;http_to_utc
<LI><a href="#[143]">&gt;&gt;</a>&nbsp;&nbsp;&nbsp;get_next_field
<LI><a href="#[13f]">&gt;&gt;</a>&nbsp;&nbsp;&nbsp;cmp_header
</UL>
<BR>[Called By]<UL><LI><a href="#[35]">&gt;&gt;</a>&nbsp;&nbsp;&nbsp;http_listener
</UL>

<P><STRONG><a name="[160]"></a>http_proc_multipart</STRONG> (Thumb, 338 bytes, Stack size 24 bytes, at_http.o(i.http_proc_multipart))
<BR><BR>[Stack]<UL><LI>Max Depth = 40<LI>Call Chain = http_proc_multipart &rArr; search_delim
</UL>
<BR>[Calls]<UL><LI><a href="#[158]">&gt;&gt;</a>&nbsp;&nbsp;&nbsp;cgi_process_data
<LI><a href="#[140]">&gt;&gt;</a>&nbsp;&nbsp;&nbsp;str_scomp
<LI><a href="#[169]">&gt;&gt;</a>&nbsp;&nbsp;&nbsp;search_delim
<LI><a href="#[141]">&gt;&gt;</a>&nbsp;&nbsp;&nbsp;get_next_par
<LI><a href="#[143]">&gt;&gt;</a>&nbsp;&nbsp;&nbsp;get_next_field
<LI><a href="#[13f]">&gt;&gt;</a>&nbsp;&nbsp;&nbsp;cmp_header
</UL>
<BR>[Called By]<UL><LI><a href="#[35]">&gt;&gt;</a>&nbsp;&nbsp;&nbsp;http_listener
</UL>

<P><STRONG><a name="[15e]"></a>http_proc_post</STRONG> (Thumb, 240 bytes, Stack size 24 bytes, at_http.o(i.http_proc_post))
<BR><BR>[Stack]<UL><LI>Max Depth = 48<LI>Call Chain = http_proc_post &rArr; alloc_mem
</UL>
<BR>[Calls]<UL><LI><a href="#[64]">&gt;&gt;</a>&nbsp;&nbsp;&nbsp;alloc_mem
<LI><a href="#[158]">&gt;&gt;</a>&nbsp;&nbsp;&nbsp;cgi_process_data
<LI><a href="#[132]">&gt;&gt;</a>&nbsp;&nbsp;&nbsp;mem_copy
<LI><a href="#[13b]">&gt;&gt;</a>&nbsp;&nbsp;&nbsp;free_mem
</UL>
<BR>[Called By]<UL><LI><a href="#[35]">&gt;&gt;</a>&nbsp;&nbsp;&nbsp;http_listener
</UL>

<P><STRONG><a name="[142]"></a>http_strcpy</STRONG> (Thumb, 30 bytes, Stack size 8 bytes, at_http.o(i.http_strcpy))
<BR><BR>[Stack]<UL><LI>Max Depth = 8<LI>Call Chain = http_strcpy
</UL>
<BR>[Called By]<UL><LI><a href="#[5a]">&gt;&gt;</a>&nbsp;&nbsp;&nbsp;http_run_server
<LI><a href="#[13e]">&gt;&gt;</a>&nbsp;&nbsp;&nbsp;chk_post_req
</UL>

<P><STRONG><a name="[168]"></a>http_to_utc</STRONG> (Thumb, 162 bytes, Stack size 32 bytes, at_http.o(i.http_to_utc))
<BR><BR>[Stack]<UL><LI>Max Depth = 120<LI>Call Chain = http_to_utc &rArr; atoi &rArr; strtol &rArr; _strtoul
</UL>
<BR>[Calls]<UL><LI><a href="#[140]">&gt;&gt;</a>&nbsp;&nbsp;&nbsp;str_scomp
<LI><a href="#[109]">&gt;&gt;</a>&nbsp;&nbsp;&nbsp;atoi
</UL>
<BR>[Called By]<UL><LI><a href="#[15b]">&gt;&gt;</a>&nbsp;&nbsp;&nbsp;http_proc_header
</UL>

<P><STRONG><a name="[15a]"></a>proc_req_line</STRONG> (Thumb, 36 bytes, Stack size 0 bytes, at_http.o(i.proc_req_line))
<BR><BR>[Called By]<UL><LI><a href="#[35]">&gt;&gt;</a>&nbsp;&nbsp;&nbsp;http_listener
</UL>

<P><STRONG><a name="[15f]"></a>read_script_line</STRONG> (Thumb, 160 bytes, Stack size 16 bytes, at_http.o(i.read_script_line))
<BR><BR>[Stack]<UL><LI>Max Depth = 16<LI>Call Chain = read_script_line
</UL>
<BR>[Calls]<UL><LI><a href="#[69]">&gt;&gt;</a>&nbsp;&nbsp;&nbsp;strlen
<LI><a href="#[180]">&gt;&gt;</a>&nbsp;&nbsp;&nbsp;http_fgets
</UL>
<BR>[Called By]<UL><LI><a href="#[5a]">&gt;&gt;</a>&nbsp;&nbsp;&nbsp;http_run_server
<LI><a href="#[35]">&gt;&gt;</a>&nbsp;&nbsp;&nbsp;http_listener
</UL>

<P><STRONG><a name="[169]"></a>search_delim</STRONG> (Thumb, 76 bytes, Stack size 16 bytes, at_http.o(i.search_delim))
<BR><BR>[Stack]<UL><LI>Max Depth = 16<LI>Call Chain = search_delim
</UL>
<BR>[Calls]<UL><LI><a href="#[140]">&gt;&gt;</a>&nbsp;&nbsp;&nbsp;str_scomp
</UL>
<BR>[Called By]<UL><LI><a href="#[160]">&gt;&gt;</a>&nbsp;&nbsp;&nbsp;http_proc_multipart
</UL>

<P><STRONG><a name="[152]"></a>utc_to_http</STRONG> (Thumb, 180 bytes, Stack size 40 bytes, at_http.o(i.utc_to_http))
<BR><BR>[Stack]<UL><LI>Max Depth = 64<LI>Call Chain = utc_to_http &rArr; __2sprintf
</UL>
<BR>[Calls]<UL><LI><a href="#[4c]">&gt;&gt;</a>&nbsp;&nbsp;&nbsp;__2sprintf
</UL>
<BR>[Called By]<UL><LI><a href="#[14f]">&gt;&gt;</a>&nbsp;&nbsp;&nbsp;http_add_header
</UL>

<P><STRONG><a name="[17b]"></a>get_crc32</STRONG> (Thumb, 34 bytes, Stack size 8 bytes, at_lib.o(i.get_crc32))
<BR><BR>[Stack]<UL><LI>Max Depth = 8<LI>Call Chain = get_crc32
</UL>
<BR>[Called By]<UL><LI><a href="#[146]">&gt;&gt;</a>&nbsp;&nbsp;&nbsp;mem_crc32
<LI><a href="#[164]">&gt;&gt;</a>&nbsp;&nbsp;&nbsp;str_crc32
</UL>

<P><STRONG><a name="[125]"></a>_fp_digits</STRONG> (Thumb, 326 bytes, Stack size 56 bytes, printfa.o(i._fp_digits), UNUSED)
<BR><BR>[Calls]<UL><LI><a href="#[91]">&gt;&gt;</a>&nbsp;&nbsp;&nbsp;__aeabi_ddiv
<LI><a href="#[90]">&gt;&gt;</a>&nbsp;&nbsp;&nbsp;__aeabi_dadd
<LI><a href="#[48]">&gt;&gt;</a>&nbsp;&nbsp;&nbsp;__aeabi_dmul
<LI><a href="#[95]">&gt;&gt;</a>&nbsp;&nbsp;&nbsp;__aeabi_uldivmod
<LI><a href="#[126]">&gt;&gt;</a>&nbsp;&nbsp;&nbsp;__aeabi_cdrcmple
<LI><a href="#[116]">&gt;&gt;</a>&nbsp;&nbsp;&nbsp;__aeabi_d2ulz
</UL>
<BR>[Called By]<UL><LI><a href="#[11d]">&gt;&gt;</a>&nbsp;&nbsp;&nbsp;_printf_core
</UL>

<P><STRONG><a name="[11d]"></a>_printf_core</STRONG> (Thumb, 1762 bytes, Stack size 136 bytes, printfa.o(i._printf_core), UNUSED)
<BR><BR>[Calls]<UL><LI><a href="#[127]">&gt;&gt;</a>&nbsp;&nbsp;&nbsp;_printf_pre_padding
<LI><a href="#[128]">&gt;&gt;</a>&nbsp;&nbsp;&nbsp;_printf_post_padding
<LI><a href="#[125]">&gt;&gt;</a>&nbsp;&nbsp;&nbsp;_fp_digits
<LI><a href="#[95]">&gt;&gt;</a>&nbsp;&nbsp;&nbsp;__aeabi_uldivmod
<LI><a href="#[129]">&gt;&gt;</a>&nbsp;&nbsp;&nbsp;__aeabi_uidivmod
</UL>
<BR>[Called By]<UL><LI><a href="#[11c]">&gt;&gt;</a>&nbsp;&nbsp;&nbsp;__0sprintf
</UL>

<P><STRONG><a name="[128]"></a>_printf_post_padding</STRONG> (Thumb, 38 bytes, Stack size 24 bytes, printfa.o(i._printf_post_padding), UNUSED)
<BR><BR>[Called By]<UL><LI><a href="#[11d]">&gt;&gt;</a>&nbsp;&nbsp;&nbsp;_printf_core
</UL>

<P><STRONG><a name="[127]"></a>_printf_pre_padding</STRONG> (Thumb, 48 bytes, Stack size 24 bytes, printfa.o(i._printf_pre_padding), UNUSED)
<BR><BR>[Called By]<UL><LI><a href="#[11d]">&gt;&gt;</a>&nbsp;&nbsp;&nbsp;_printf_core
</UL>

<P><STRONG><a name="[34]"></a>_sputc</STRONG> (Thumb, 10 bytes, Stack size 0 bytes, printfa.o(i._sputc))
<BR><BR>[Called By]<UL><LI><a href="#[11c]">&gt;&gt;</a>&nbsp;&nbsp;&nbsp;__0sprintf
</UL>
<BR>[Address Reference Count : 1]<UL><LI> printfa.o(i.__0sprintf)
</UL>
<P><STRONG><a name="[32]"></a>_scanf_char_input</STRONG> (Thumb, 12 bytes, Stack size 0 bytes, scanf_char.o(.text))
<BR>[Address Reference Count : 1]<UL><LI> scanf_char.o(.text)
</UL><P>
<H3>
Undefined Global Symbols
</H3><HR></body></html>
