<html>
<body>
<pre>
<h1>µVision Build Log</h1>
<h2>Project:</h2>
C:\Users\alver\Desktop\GitFolder\ProyectoEstacion\MiniDK-2\uVision\Estacion.uvproj
Project File Date:  11/08/2019

<h2>Output:</h2>
Build target 'MiniDK-2'
custom translating WEB.inp...
Custom: C:\Keil\ARM\bin\fcarm @..\TCPIP\Web.inp
FCARM FILE CONVERTER V2.41
Completed 1 File(s), Ratio 48%
linking...
Program Size: Code=104204 RO-data=4656 RW-data=724 ZI-data=48988  
FromELF: creating hex file...
".\Obj\Estacion.axf" - 0 Errors, 0 Warning(s).
Build target 'MiniDK-2'
custom translating WEB.inp...
Custom: C:\Keil\ARM\bin\fcarm @..\TCPIP\Web.inp
FCARM FILE CONVERTER V2.41
Completed 1 File(s), Ratio 48%
compiling WEB.C...
linking...
Program Size: Code=104204 RO-data=4656 RW-data=724 ZI-data=48988  
FromELF: creating hex file...
".\Obj\Estacion.axf" - 0 Errors, 0 Warning(s).
Build target 'MiniDK-2'
custom translating WEB.inp...
Custom: C:\Keil\ARM\bin\fcarm @..\TCPIP\Web.inp
FCARM FILE CONVERTER V2.41
Completed 1 File(s), Ratio 48%
compiling configura.c...
compiling main.c...
compiling Timers.c...
compiling Statechart.c...
compiling Anemometro.c...
compiling OneWire.c...
compiling uFono.c...
compiling DAC.c...
linking...
Program Size: Code=104220 RO-data=4656 RW-data=724 ZI-data=48988  
FromELF: creating hex file...
".\Obj\Estacion.axf" - 0 Errors, 0 Warning(s).
Build target 'MiniDK-2'
custom translating WEB.inp...
Custom: C:\Keil\ARM\bin\fcarm @..\TCPIP\Web.inp
FCARM FILE CONVERTER V2.41
Completed 1 File(s), Ratio 48%
compiling Timers.c...
compiling WEB.C...
linking...
Program Size: Code=104188 RO-data=4656 RW-data=724 ZI-data=48988  
FromELF: creating hex file...
".\Obj\Estacion.axf" - 0 Errors, 0 Warning(s).
Build target 'MiniDK-2'
custom translating WEB.inp...
Custom: C:\Keil\ARM\bin\fcarm @..\TCPIP\Web.inp
FCARM FILE CONVERTER V2.41
Completed 1 File(s), Ratio 48%
compiling Timers.c...
linking...
Program Size: Code=104188 RO-data=4656 RW-data=724 ZI-data=48988  
FromELF: creating hex file...
".\Obj\Estacion.axf" - 0 Errors, 0 Warning(s).
Build target 'MiniDK-2'
custom translating WEB.inp...
Custom: C:\Keil\ARM\bin\fcarm @..\TCPIP\Web.inp
FCARM FILE CONVERTER V2.41
Completed 1 File(s), Ratio 48%
compiling configura.c...
compiling main.c...
compiling PWM.c...
compiling RTC.c...
compiling Timers.c...
compiling WDT.c...
compiling HTTP_CGI.c...
compiling WEB.C...
compiling Statechart.c...
compiling TouchPanel.c...
compiling Anemometro.c...
compiling OneWire.c...
compiling Ldr.c...
compiling uFono.c...
compiling UVA30A.c...
compiling DAC.c...
compiling LUT.c...
linking...
Program Size: Code=104188 RO-data=4656 RW-data=724 ZI-data=48988  
FromELF: creating hex file...
".\Obj\Estacion.axf" - 0 Errors, 0 Warning(s).
Build target 'MiniDK-2'
custom translating WEB.inp...
Custom: C:\Keil\ARM\bin\fcarm @..\TCPIP\Web.inp
FCARM FILE CONVERTER V2.41
Completed 1 File(s), Ratio 48%
compiling configura.c...
compiling main.c...
compiling PWM.c...
compiling RTC.c...
compiling Timers.c...
compiling WDT.c...
compiling HTTP_CGI.c...
compiling Statechart.c...
compiling TouchPanel.c...
compiling Anemometro.c...
compiling OneWire.c...
compiling Ldr.c...
compiling uFono.c...
compiling UVA30A.c...
compiling DAC.c...
compiling LUT.c...
linking...
Program Size: Code=104188 RO-data=4656 RW-data=724 ZI-data=48988  
FromELF: creating hex file...
".\Obj\Estacion.axf" - 0 Errors, 0 Warning(s).
Build target 'MiniDK-2'
custom translating WEB.inp...
Custom: C:\Keil\ARM\bin\fcarm @..\TCPIP\Web.inp
FCARM FILE CONVERTER V2.41
Completed 1 File(s), Ratio 48%
compiling Timers.c...
compiling WEB.C...
linking...
Program Size: Code=104188 RO-data=4656 RW-data=724 ZI-data=48988  
FromELF: creating hex file...
".\Obj\Estacion.axf" - 0 Errors, 0 Warning(s).
Build target 'MiniDK-2'
custom translating WEB.inp...
Custom: C:\Keil\ARM\bin\fcarm @..\TCPIP\Web.inp
FCARM FILE CONVERTER V2.41
Completed 1 File(s), Ratio 48%
compiling Timers.c...
compiling uFono.c...
linking...
Program Size: Code=104220 RO-data=4656 RW-data=724 ZI-data=48988  
FromELF: creating hex file...
".\Obj\Estacion.axf" - 0 Errors, 0 Warning(s).
Build target 'MiniDK-2'
custom translating WEB.inp...
Custom: C:\Keil\ARM\bin\fcarm @..\TCPIP\Web.inp
FCARM FILE CONVERTER V2.41
Completed 1 File(s), Ratio 48%
compiling WEB.C...
linking...
Program Size: Code=104220 RO-data=4656 RW-data=724 ZI-data=48988  
FromELF: creating hex file...
".\Obj\Estacion.axf" - 0 Errors, 0 Warning(s).
Build target 'MiniDK-2'
custom translating WEB.inp...
Custom: C:\Keil\ARM\bin\fcarm @..\TCPIP\Web.inp
FCARM FILE CONVERTER V2.41
Completed 1 File(s), Ratio 48%
linking...
Program Size: Code=104220 RO-data=4656 RW-data=724 ZI-data=48988  
FromELF: creating hex file...
".\Obj\Estacion.axf" - 0 Errors, 0 Warning(s).
Build target 'MiniDK-2'
custom translating WEB.inp...
Custom: C:\Keil\ARM\bin\fcarm @..\TCPIP\Web.inp
FCARM FILE CONVERTER V2.41
Completed 1 File(s), Ratio 48%
compiling configura.c...
compiling main.c...
compiling Timers.c...
compiling WEB.C...
compiling Statechart.c...
compiling Anemometro.c...
compiling uFono.c...
compiling DAC.c...
linking...
Program Size: Code=104220 RO-data=4656 RW-data=724 ZI-data=48988  
FromELF: creating hex file...
".\Obj\Estacion.axf" - 0 Errors, 0 Warning(s).
Build target 'MiniDK-2'
custom translating WEB.inp...
Custom: C:\Keil\ARM\bin\fcarm @..\TCPIP\Web.inp
FCARM FILE CONVERTER V2.41
Completed 1 File(s), Ratio 48%
compiling configura.c...
compiling main.c...
compiling Timers.c...
compiling Statechart.c...
compiling Anemometro.c...
compiling uFono.c...
compiling DAC.c...
linking...
Program Size: Code=104220 RO-data=4656 RW-data=724 ZI-data=48988  
FromELF: creating hex file...
".\Obj\Estacion.axf" - 0 Errors, 0 Warning(s).
Build target 'MiniDK-2'
custom translating WEB.inp...
Custom: C:\Keil\ARM\bin\fcarm @..\TCPIP\Web.inp
FCARM FILE CONVERTER V2.41
Completed 1 File(s), Ratio 48%
compiling configura.c...
compiling main.c...
compiling Timers.c...
compiling WEB.C...
compiling Statechart.c...
compiling Anemometro.c...
compiling uFono.c...
compiling DAC.c...
linking...
Program Size: Code=104220 RO-data=4656 RW-data=724 ZI-data=48988  
FromELF: creating hex file...
".\Obj\Estacion.axf" - 0 Errors, 0 Warning(s).
Build target 'MiniDK-2'
custom translating WEB.inp...
Custom: C:\Keil\ARM\bin\fcarm @..\TCPIP\Web.inp
FCARM FILE CONVERTER V2.41
Completed 1 File(s), Ratio 48%
compiling configura.c...
compiling main.c...
compiling Timers.c...
compiling Statechart.c...
compiling Anemometro.c...
compiling OneWire.c...
..\OneWire\OneWire.c(38): error:  #29: expected an expression
..\OneWire\OneWire.c(39): error:  #29: expected an expression
compiling uFono.c...
compiling DAC.c...
".\Obj\Estacion.axf" - 2 Errors, 0 Warning(s).
Target not created
Build target 'MiniDK-2'
custom translating WEB.inp...
Custom: C:\Keil\ARM\bin\fcarm @..\TCPIP\Web.inp
FCARM FILE CONVERTER V2.41
Completed 1 File(s), Ratio 48%
compiling configura.c...
compiling main.c...
compiling Timers.c...
compiling WEB.C...
compiling Statechart.c...
compiling Anemometro.c...
compiling OneWire.c...
compiling uFono.c...
compiling DAC.c...
linking...
Program Size: Code=104280 RO-data=4656 RW-data=724 ZI-data=48988  
FromELF: creating hex file...
".\Obj\Estacion.axf" - 0 Errors, 0 Warning(s).
Build target 'MiniDK-2'
custom translating WEB.inp...
Custom: C:\Keil\ARM\bin\fcarm @..\TCPIP\Web.inp
FCARM FILE CONVERTER V2.41
Completed 1 File(s), Ratio 48%
compiling configura.c...
compiling main.c...
compiling Timers.c...
compiling Statechart.c...
compiling Anemometro.c...
compiling OneWire.c...
compiling uFono.c...
compiling DAC.c...
linking...
Program Size: Code=104280 RO-data=4656 RW-data=724 ZI-data=48988  
FromELF: creating hex file...
".\Obj\Estacion.axf" - 0 Errors, 0 Warning(s).
Build target 'MiniDK-2'
custom translating WEB.inp...
Custom: C:\Keil\ARM\bin\fcarm @..\TCPIP\Web.inp
FCARM FILE CONVERTER V2.41
Completed 1 File(s), Ratio 48%
compiling WEB.C...
compiling Anemometro.c...
compiling OneWire.c...
linking...
Program Size: Code=104296 RO-data=4656 RW-data=724 ZI-data=48988  
FromELF: creating hex file...
".\Obj\Estacion.axf" - 0 Errors, 0 Warning(s).
Build target 'MiniDK-2'
custom translating WEB.inp...
Custom: C:\Keil\ARM\bin\fcarm @..\TCPIP\Web.inp
FCARM FILE CONVERTER V2.41
Completed 1 File(s), Ratio 48%
compiling configura.c...
compiling main.c...
compiling Timers.c...
compiling Statechart.c...
compiling Anemometro.c...
compiling OneWire.c...
compiling uFono.c...
compiling DAC.c...
linking...
Program Size: Code=104296 RO-data=4656 RW-data=724 ZI-data=48988  
FromELF: creating hex file...
".\Obj\Estacion.axf" - 0 Errors, 0 Warning(s).
Build target 'MiniDK-2'
custom translating WEB.inp...
Custom: C:\Keil\ARM\bin\fcarm @..\TCPIP\Web.inp
FCARM FILE CONVERTER V2.41
Completed 1 File(s), Ratio 48%
compiling configura.c...
compiling main.c...
compiling Timers.c...
compiling WEB.C...
compiling Statechart.c...
compiling Anemometro.c...
compiling OneWire.c...
compiling uFono.c...
compiling DAC.c...
linking...
Program Size: Code=104308 RO-data=4656 RW-data=724 ZI-data=48988  
FromELF: creating hex file...
".\Obj\Estacion.axf" - 0 Errors, 0 Warning(s).
Build target 'MiniDK-2'
custom translating WEB.inp...
Custom: C:\Keil\ARM\bin\fcarm @..\TCPIP\Web.inp
FCARM FILE CONVERTER V2.41
Completed 1 File(s), Ratio 48%
compiling configura.c...
compiling main.c...
compiling Timers.c...
compiling Statechart.c...
compiling Anemometro.c...
compiling OneWire.c...
compiling uFono.c...
compiling DAC.c...
linking...
Program Size: Code=104328 RO-data=4656 RW-data=724 ZI-data=48988  
FromELF: creating hex file...
".\Obj\Estacion.axf" - 0 Errors, 0 Warning(s).
Build target 'MiniDK-2'
custom translating WEB.inp...
Custom: C:\Keil\ARM\bin\fcarm @..\TCPIP\Web.inp
FCARM FILE CONVERTER V2.41
Completed 1 File(s), Ratio 48%
compiling Timers.c...
compiling WEB.C...
compiling OneWire.c...
linking...
Program Size: Code=104360 RO-data=4656 RW-data=724 ZI-data=48988  
FromELF: creating hex file...
".\Obj\Estacion.axf" - 0 Errors, 0 Warning(s).
Build target 'MiniDK-2'
custom translating WEB.inp...
Custom: C:\Keil\ARM\bin\fcarm @..\TCPIP\Web.inp
FCARM FILE CONVERTER V2.41
Completed 1 File(s), Ratio 48%
compiling configura.c...
compiling main.c...
compiling PWM.c...
compiling RTC.c...
compiling Timers.c...
..\Timers\Timers.c(134): warning:  #177-D: function "_subApoyoTyH" was declared but never referenced
compiling WDT.c...
compiling HTTP_CGI.c...
compiling Statechart.c...
compiling TouchPanel.c...
compiling Anemometro.c...
compiling OneWire.c...
compiling Ldr.c...
compiling uFono.c...
compiling UVA30A.c...
compiling DAC.c...
compiling LUT.c...
linking...
.\Obj\Estacion.axf: Error: L6218E: Undefined symbol activaMedidaOW (referred from timers.o).
".\Obj\Estacion.axf" - 1 Errors, 1 Warning(s).
Target not created
Build target 'MiniDK-2'
custom translating WEB.inp...
Custom: C:\Keil\ARM\bin\fcarm @..\TCPIP\Web.inp
FCARM FILE CONVERTER V2.41
Completed 1 File(s), Ratio 48%
compiling Timers.c...
compiling WEB.C...
linking...
.\Obj\Estacion.axf: Error: L6218E: Undefined symbol activaMedidaOW (referred from timers.o).
".\Obj\Estacion.axf" - 1 Errors, 0 Warning(s).
Target not created
Build target 'MiniDK-2'
custom translating WEB.inp...
Custom: C:\Keil\ARM\bin\fcarm @..\TCPIP\Web.inp
FCARM FILE CONVERTER V2.41
Completed 1 File(s), Ratio 48%
compiling configura.c...
compiling main.c...
compiling Timers.c...
compiling Statechart.c...
compiling Anemometro.c...
compiling OneWire.c...
compiling uFono.c...
compiling DAC.c...
linking...
.\Obj\Estacion.axf: Error: L6218E: Undefined symbol activaMedidaOW (referred from timers.o).
".\Obj\Estacion.axf" - 1 Errors, 0 Warning(s).
Target not created
Build target 'MiniDK-2'
custom translating WEB.inp...
Custom: C:\Keil\ARM\bin\fcarm @..\TCPIP\Web.inp
FCARM FILE CONVERTER V2.41
Completed 1 File(s), Ratio 48%
compiling WEB.C...
compiling OneWire.c...
linking...
.\Obj\Estacion.axf: Error: L6218E: Undefined symbol activaMedidaOW (referred from timers.o).
".\Obj\Estacion.axf" - 1 Errors, 0 Warning(s).
Target not created
Build target 'MiniDK-2'
custom translating WEB.inp...
Custom: C:\Keil\ARM\bin\fcarm @..\TCPIP\Web.inp
FCARM FILE CONVERTER V2.41
Completed 1 File(s), Ratio 48%
compiling OneWire.c...
linking...
Program Size: Code=104436 RO-data=4656 RW-data=724 ZI-data=48988  
FromELF: creating hex file...
".\Obj\Estacion.axf" - 0 Errors, 0 Warning(s).
Build target 'MiniDK-2'
custom translating WEB.inp...
Custom: C:\Keil\ARM\bin\fcarm @..\TCPIP\Web.inp
FCARM FILE CONVERTER V2.41
Completed 1 File(s), Ratio 48%
compiling WEB.C...
compiling OneWire.c...
linking...
Program Size: Code=104460 RO-data=4656 RW-data=724 ZI-data=48988  
FromELF: creating hex file...
".\Obj\Estacion.axf" - 0 Errors, 0 Warning(s).
Build target 'MiniDK-2'
custom translating WEB.inp...
Custom: C:\Keil\ARM\bin\fcarm @..\TCPIP\Web.inp
FCARM FILE CONVERTER V2.41
Completed 1 File(s), Ratio 48%
compiling OneWire.c...
linking...
Program Size: Code=104460 RO-data=4656 RW-data=724 ZI-data=48988  
FromELF: creating hex file...
".\Obj\Estacion.axf" - 0 Errors, 0 Warning(s).
Build target 'MiniDK-2'
custom translating WEB.inp...
Custom: C:\Keil\ARM\bin\fcarm @..\TCPIP\Web.inp
FCARM FILE CONVERTER V2.41
Completed 1 File(s), Ratio 48%
compiling WEB.C...
compiling OneWire.c...
linking...
Program Size: Code=104456 RO-data=4656 RW-data=724 ZI-data=48988  
FromELF: creating hex file...
".\Obj\Estacion.axf" - 0 Errors, 0 Warning(s).
Build target 'MiniDK-2'
custom translating WEB.inp...
Custom: C:\Keil\ARM\bin\fcarm @..\TCPIP\Web.inp
FCARM FILE CONVERTER V2.41
Completed 1 File(s), Ratio 48%
compiling OneWire.c...
linking...
Program Size: Code=104472 RO-data=4656 RW-data=724 ZI-data=48988  
FromELF: creating hex file...
".\Obj\Estacion.axf" - 0 Errors, 0 Warning(s).
Build target 'MiniDK-2'
custom translating WEB.inp...
Custom: C:\Keil\ARM\bin\fcarm @..\TCPIP\Web.inp
FCARM FILE CONVERTER V2.41
Completed 1 File(s), Ratio 48%
compiling WEB.C...
compiling OneWire.c...
linking...
Program Size: Code=104476 RO-data=4656 RW-data=724 ZI-data=48988  
FromELF: creating hex file...
".\Obj\Estacion.axf" - 0 Errors, 0 Warning(s).
Build target 'MiniDK-2'
custom translating WEB.inp...
Custom: C:\Keil\ARM\bin\fcarm @..\TCPIP\Web.inp
FCARM FILE CONVERTER V2.41
Completed 1 File(s), Ratio 48%
compiling OneWire.c...
linking...
Program Size: Code=104488 RO-data=4656 RW-data=724 ZI-data=48988  
FromELF: creating hex file...
".\Obj\Estacion.axf" - 0 Errors, 0 Warning(s).
Build target 'MiniDK-2'
custom translating WEB.inp...
Custom: C:\Keil\ARM\bin\fcarm @..\TCPIP\Web.inp
FCARM FILE CONVERTER V2.41
Completed 1 File(s), Ratio 48%
compiling WEB.C...
compiling OneWire.c...
linking...
Program Size: Code=104488 RO-data=4656 RW-data=724 ZI-data=48988  
FromELF: creating hex file...
".\Obj\Estacion.axf" - 0 Errors, 0 Warning(s).
Build target 'MiniDK-2'
custom translating WEB.inp...
Custom: C:\Keil\ARM\bin\fcarm @..\TCPIP\Web.inp
FCARM FILE CONVERTER V2.41
Completed 1 File(s), Ratio 48%
compiling OneWire.c...
linking...
Program Size: Code=104512 RO-data=4656 RW-data=724 ZI-data=48988  
FromELF: creating hex file...
".\Obj\Estacion.axf" - 0 Errors, 0 Warning(s).
Build target 'MiniDK-2'
custom translating WEB.inp...
Custom: C:\Keil\ARM\bin\fcarm @..\TCPIP\Web.inp
FCARM FILE CONVERTER V2.41
Completed 1 File(s), Ratio 48%
compiling WEB.C...
compiling OneWire.c...
linking...
Program Size: Code=104564 RO-data=4656 RW-data=724 ZI-data=48988  
FromELF: creating hex file...
".\Obj\Estacion.axf" - 0 Errors, 0 Warning(s).
Build target 'MiniDK-2'
custom translating WEB.inp...
Custom: C:\Keil\ARM\bin\fcarm @..\TCPIP\Web.inp
FCARM FILE CONVERTER V2.41
Completed 1 File(s), Ratio 48%
linking...
Program Size: Code=104564 RO-data=4656 RW-data=724 ZI-data=48988  
FromELF: creating hex file...
".\Obj\Estacion.axf" - 0 Errors, 0 Warning(s).
