<html>
<body>
<pre>
<h1>µVision Build Log</h1>
<h2>Project:</h2>
C:\Users\alver\Desktop\EstacionMeteorologica\ProyectoEstacion\MiniDK-2\uVision\Estacion.uvproj
Project File Date:  01/04/2020

<h2>Output:</h2>
Build target 'MiniDK-2'
custom translating WEB.inp...
Custom: C:\Keil\ARM\bin\fcarm @..\TCPIP\Web.inp
FCARM FILE CONVERTER V2.41
Completed 1 File(s), Ratio 52%
compiling WEB.C...
compiling DAC.c...
compiling DMA.c...
linking...
.\Obj\Estacion.axf: Error: L6200E: Symbol __ARM_use_no_argv multiply defined (by dac.o and main.o).
.\Obj\Estacion.axf: Error: L6200E: Symbol main multiply defined (by dac.o and main.o).
".\Obj\Estacion.axf" - 2 Errors, 0 Warning(s).
Target not created
Build target 'MiniDK-2'
custom translating WEB.inp...
Custom: C:\Keil\ARM\bin\fcarm @..\TCPIP\Web.inp
FCARM FILE CONVERTER V2.41
Completed 1 File(s), Ratio 52%
compiling Anemometro.c...
..\DAC\DAC.h(1): warning:  #1-D: last line of file ends without a newline
compiling Statechart.c...
..\DAC\DAC.h(1): warning:  #1-D: last line of file ends without a newline
..\Menu\Statechart.c(211): warning:  #223-D: function "activarDac" declared implicitly
compiling main.c...
..\DAC\DAC.h(1): warning:  #1-D: last line of file ends without a newline
compiling configura.c...
..\DAC\DAC.h(1): warning:  #1-D: last line of file ends without a newline
..\Setup\configura.c(60): warning:  #223-D: function "__configuraDAC__" declared implicitly
compiling Timers.c...
..\DAC\DAC.h(1): warning:  #1-D: last line of file ends without a newline
..\Timers\Timers.c(169): warning:  #223-D: function "activarDac" declared implicitly
..\Timers\Timers.c(186): warning:  #223-D: function "activarDac" declared implicitly
..\Timers\Timers.c(221): warning:  #223-D: function "desactivarDAC" declared implicitly
compiling Ldr.c...
..\DAC\DAC.h(1): warning:  #1-D: last line of file ends without a newline
compiling uFono.c...
..\DAC\DAC.h(1): warning:  #1-D: last line of file ends without a newline
compiling UVA30A.c...
..\DAC\DAC.h(1): warning:  #1-D: last line of file ends without a newline
compiling DAC.c...
..\DAC\DAC.h(1): warning:  #1-D: last line of file ends without a newline
..\DAC\DAC.c(141): warning:  #940-D: missing return statement at end of non-void function "__configuraDMA__"
compiling LUT.c...
..\DAC\DAC.h(1): warning:  #1-D: last line of file ends without a newline
linking...
.\Obj\Estacion.axf: Error: L6218E: Undefined symbol activarDac (referred from statechart.o).
.\Obj\Estacion.axf: Error: L6218E: Undefined symbol __configuraDAC__ (referred from configura.o).
.\Obj\Estacion.axf: Error: L6218E: Undefined symbol desactivarDAC (referred from timers.o).
.\Obj\Estacion.axf: Error: L6218E: Undefined symbol LMD (referred from ldr.o).
".\Obj\Estacion.axf" - 4 Errors, 16 Warning(s).
Target not created
Build target 'MiniDK-2'
custom translating WEB.inp...
Custom: C:\Keil\ARM\bin\fcarm @..\TCPIP\Web.inp
FCARM FILE CONVERTER V2.41
Completed 1 File(s), Ratio 52%
compiling Anemometro.c...
compiling WEB.C...
compiling Statechart.c...
..\Menu\Statechart.c(211): warning:  #223-D: function "activarDac" declared implicitly
compiling main.c...
compiling configura.c...
..\Setup\configura.c(60): warning:  #223-D: function "__configuraDAC__" declared implicitly
compiling Timers.c...
..\Timers\Timers.c(169): warning:  #223-D: function "activarDac" declared implicitly
..\Timers\Timers.c(186): warning:  #223-D: function "activarDac" declared implicitly
..\Timers\Timers.c(221): warning:  #223-D: function "desactivarDAC" declared implicitly
compiling Ldr.c...
compiling uFono.c...
compiling UVA30A.c...
compiling DAC.c...
..\DAC\DAC.c(141): warning:  #940-D: missing return statement at end of non-void function "__configuraDMA__"
compiling LUT.c...
linking...
.\Obj\Estacion.axf: Error: L6218E: Undefined symbol activarDac (referred from statechart.o).
.\Obj\Estacion.axf: Error: L6218E: Undefined symbol __configuraDAC__ (referred from configura.o).
.\Obj\Estacion.axf: Error: L6218E: Undefined symbol desactivarDAC (referred from timers.o).
.\Obj\Estacion.axf: Error: L6218E: Undefined symbol LMD (referred from ldr.o).
".\Obj\Estacion.axf" - 4 Errors, 6 Warning(s).
Target not created
Rebuild target 'MiniDK-2'
custom translating WEB.inp...
Custom: C:\Keil\ARM\bin\fcarm @..\TCPIP\Web.inp
FCARM FILE CONVERTER V2.41
Completed 1 File(s), Ratio 52%
compiling WDT.c...
compiling Anemometro.c...
..\DAC\DAC.h(3): warning:  #1-D: last line of file ends without a newline
compiling PWM.c...
compiling RTC.c...
compiling HTTP_SOURCE.c...
compiling Net_Config.c...
compiling HTTP_CGI.c...
compiling EMAC_LPC17xx_LAN8720.c...
compiling WEB.C...
compiling Statechart.c...
..\DAC\DAC.h(3): warning:  #1-D: last line of file ends without a newline
compiling TouchPanel.c...
compiling main.c...
..\DAC\DAC.h(3): warning:  #1-D: last line of file ends without a newline
assembling startup_LPC17xx.s...
compiling core_cm3.c...
compiling system_LPC17xx.c...
compiling configura.c...
..\DAC\DAC.h(3): warning:  #1-D: last line of file ends without a newline
..\Setup\configura.c(60): warning:  #223-D: function "__configuraDAC__" declared implicitly
compiling Timers.c...
..\DAC\DAC.h(3): warning:  #1-D: last line of file ends without a newline
..\Timers\Timers.c(221): warning:  #223-D: function "desactivarDAC" declared implicitly
compiling OneWirev2.c...
compiling Ldr.c...
..\DAC\DAC.h(3): warning:  #1-D: last line of file ends without a newline
compiling uFono.c...
..\DAC\DAC.h(3): warning:  #1-D: last line of file ends without a newline
compiling UVA30A.c...
..\DAC\DAC.h(3): warning:  #1-D: last line of file ends without a newline
compiling DAC.c...
..\DAC\DAC.h(3): warning:  #1-D: last line of file ends without a newline
compiling LUT.c...
..\DAC\DAC.h(3): warning:  #1-D: last line of file ends without a newline
compiling DMA.c...
compiling diskio.c...
compiling ff.c...
compiling SPI_MSD_Driver.c...
compiling DEBUG.c...
compiling lpc17xx_ssp.c...
compiling lpc17xx_pinsel.c...
compiling lpc17xx_gpio.c...
compiling lpc17xx_clkpwr.c...
compiling lpc17xx_libcfg_default.c...
compiling AsciiLib.c...
compiling GLCD.c...
compiling UART0.c...
compiling uart.c...
compiling I2C.c...
compiling I2Clib.c...
linking...
.\Obj\Estacion.axf: Error: L6218E: Undefined symbol activarDac (referred from statechart.o).
.\Obj\Estacion.axf: Error: L6218E: Undefined symbol __configuraDAC__ (referred from configura.o).
.\Obj\Estacion.axf: Error: L6218E: Undefined symbol desactivarDAC (referred from timers.o).
.\Obj\Estacion.axf: Error: L6218E: Undefined symbol LMD (referred from ldr.o).
".\Obj\Estacion.axf" - 4 Errors, 12 Warning(s).
Target not created
Build target 'MiniDK-2'
custom translating WEB.inp...
Custom: C:\Keil\ARM\bin\fcarm @..\TCPIP\Web.inp
FCARM FILE CONVERTER V2.41
Completed 1 File(s), Ratio 52%
compiling configura.c...
..\DAC\DAC.h(3): warning:  #1-D: last line of file ends without a newline
..\Setup\configura.c(61): warning:  #223-D: function "__configuraDMA__" declared implicitly
compiling DAC.c...
..\DAC\DAC.h(3): warning:  #1-D: last line of file ends without a newline
linking...
.\Obj\Estacion.axf: Error: L6218E: Undefined symbol activarDac (referred from statechart.o).
.\Obj\Estacion.axf: Error: L6218E: Undefined symbol __configuraDMA__ (referred from configura.o).
.\Obj\Estacion.axf: Error: L6218E: Undefined symbol desactivarDAC (referred from timers.o).
.\Obj\Estacion.axf: Error: L6218E: Undefined symbol LMD (referred from ldr.o).
".\Obj\Estacion.axf" - 4 Errors, 3 Warning(s).
Target not created
Build target 'MiniDK-2'
custom translating WEB.inp...
Custom: C:\Keil\ARM\bin\fcarm @..\TCPIP\Web.inp
FCARM FILE CONVERTER V2.41
Completed 1 File(s), Ratio 52%
compiling WEB.C...
compiling DAC.c...
..\DAC\DAC.h(3): warning:  #1-D: last line of file ends without a newline
linking...
.\Obj\Estacion.axf: Error: L6218E: Undefined symbol activarDac (referred from statechart.o).
.\Obj\Estacion.axf: Error: L6218E: Undefined symbol desactivarDAC (referred from timers.o).
.\Obj\Estacion.axf: Error: L6218E: Undefined symbol LMD (referred from ldr.o).
".\Obj\Estacion.axf" - 3 Errors, 1 Warning(s).
Target not created
Build target 'MiniDK-2'
custom translating WEB.inp...
Custom: C:\Keil\ARM\bin\fcarm @..\TCPIP\Web.inp
FCARM FILE CONVERTER V2.41
Completed 1 File(s), Ratio 52%
compiling DAC.c...
..\DAC\DAC.h(3): warning:  #1-D: last line of file ends without a newline
linking...
.\Obj\Estacion.axf: Error: L6218E: Undefined symbol LMD (referred from ldr.o).
".\Obj\Estacion.axf" - 1 Errors, 1 Warning(s).
Target not created
Build target 'MiniDK-2'
custom translating WEB.inp...
Custom: C:\Keil\ARM\bin\fcarm @..\TCPIP\Web.inp
FCARM FILE CONVERTER V2.41
Completed 1 File(s), Ratio 52%
compiling Anemometro.c...
compiling WEB.C...
compiling Statechart.c...
compiling main.c...
compiling configura.c...
..\Setup\configura.c(61): warning:  #223-D: function "__configuraDMA__" declared implicitly
compiling Timers.c...
..\Timers\Timers.c(221): warning:  #223-D: function "desactivarDAC" declared implicitly
compiling Ldr.c...
compiling uFono.c...
compiling UVA30A.c...
compiling DAC.c...
compiling LUT.c...
linking...
.\Obj\Estacion.axf: Error: L6218E: Undefined symbol LMD (referred from ldr.o).
".\Obj\Estacion.axf" - 1 Errors, 2 Warning(s).
Target not created
Build target 'MiniDK-2'
custom translating WEB.inp...
Custom: C:\Keil\ARM\bin\fcarm @..\TCPIP\Web.inp
FCARM FILE CONVERTER V2.41
Completed 1 File(s), Ratio 52%
compiling DMA.c...
linking...
.\Obj\Estacion.axf: Error: L6200E: Symbol __configuraDMA__ multiply defined (by dma.o and dac.o).
.\Obj\Estacion.axf: Error: L6200E: Symbol sinusoide multiply defined (by dma.o and dac.o).
.\Obj\Estacion.axf: Error: L6200E: Symbol LLI0 multiply defined (by dma.o and dac.o).
.\Obj\Estacion.axf: Error: L6200E: Symbol F_out multiply defined (by dma.o and dac.o).
".\Obj\Estacion.axf" - 4 Errors, 0 Warning(s).
Target not created
Build target 'MiniDK-2'
custom translating WEB.inp...
Custom: C:\Keil\ARM\bin\fcarm @..\TCPIP\Web.inp
FCARM FILE CONVERTER V2.41
Completed 1 File(s), Ratio 52%
compiling WEB.C...
compiling DAC.c...
linking...
.\Obj\Estacion.axf: Error: L6218E: Undefined symbol activarDac (referred from statechart.o).
.\Obj\Estacion.axf: Error: L6218E: Undefined symbol desactivarDAC (referred from timers.o).
.\Obj\Estacion.axf: Error: L6218E: Undefined symbol LMD (referred from ldr.o).
".\Obj\Estacion.axf" - 3 Errors, 0 Warning(s).
Target not created
Build target 'MiniDK-2'
custom translating WEB.inp...
Custom: C:\Keil\ARM\bin\fcarm @..\TCPIP\Web.inp
FCARM FILE CONVERTER V2.41
Completed 1 File(s), Ratio 52%
compiling DAC.c...
linking...
.\Obj\Estacion.axf: Error: L6218E: Undefined symbol LMD (referred from ldr.o).
".\Obj\Estacion.axf" - 1 Errors, 0 Warning(s).
Target not created
Build target 'MiniDK-2'
custom translating WEB.inp...
Custom: C:\Keil\ARM\bin\fcarm @..\TCPIP\Web.inp
FCARM FILE CONVERTER V2.41
Completed 1 File(s), Ratio 52%
compiling WEB.C...
compiling Ldr.c...
linking...
.\Obj\Estacion.axf: Error: L6218E: Undefined symbol LMD (referred from lut.o).
".\Obj\Estacion.axf" - 1 Errors, 0 Warning(s).
Target not created
Build target 'MiniDK-2'
custom translating WEB.inp...
Custom: C:\Keil\ARM\bin\fcarm @..\TCPIP\Web.inp
FCARM FILE CONVERTER V2.41
Completed 1 File(s), Ratio 52%
compiling LUT.c...
linking...
Program Size: Code=122508 RO-data=5944 RW-data=1068 ZI-data=42096  
FromELF: creating hex file...
".\Obj\Estacion.axf" - 0 Errors, 0 Warning(s).
Rebuild target 'MiniDK-2'
custom translating WEB.inp...
Custom: C:\Keil\ARM\bin\fcarm @..\TCPIP\Web.inp
FCARM FILE CONVERTER V2.41
Completed 1 File(s), Ratio 52%
compiling WDT.c...
compiling Anemometro.c...
compiling PWM.c...
compiling RTC.c...
compiling HTTP_SOURCE.c...
compiling Net_Config.c...
compiling HTTP_CGI.c...
compiling EMAC_LPC17xx_LAN8720.c...
compiling WEB.C...
compiling Statechart.c...
compiling TouchPanel.c...
compiling main.c...
assembling startup_LPC17xx.s...
compiling core_cm3.c...
compiling system_LPC17xx.c...
compiling configura.c...
..\Setup\configura.c(61): warning:  #223-D: function "__configuraDMA__" declared implicitly
compiling Timers.c...
..\Timers\Timers.c(221): warning:  #223-D: function "desactivarDAC" declared implicitly
compiling OneWirev2.c...
compiling Ldr.c...
compiling uFono.c...
compiling UVA30A.c...
compiling DAC.c...
compiling LUT.c...
compiling DMA.c...
compiling diskio.c...
compiling ff.c...
compiling SPI_MSD_Driver.c...
compiling DEBUG.c...
compiling lpc17xx_ssp.c...
compiling lpc17xx_pinsel.c...
compiling lpc17xx_gpio.c...
compiling lpc17xx_clkpwr.c...
compiling lpc17xx_libcfg_default.c...
compiling AsciiLib.c...
compiling GLCD.c...
compiling UART0.c...
compiling uart.c...
compiling I2C.c...
compiling I2Clib.c...
linking...
Program Size: Code=122508 RO-data=5944 RW-data=1068 ZI-data=42096  
FromELF: creating hex file...
".\Obj\Estacion.axf" - 0 Errors, 2 Warning(s).
Build target 'MiniDK-2'
custom translating WEB.inp...
Custom: C:\Keil\ARM\bin\fcarm @..\TCPIP\Web.inp
FCARM FILE CONVERTER V2.41
Completed 1 File(s), Ratio 52%
compiling DMA.c...
linking...
Program Size: Code=122508 RO-data=5944 RW-data=1068 ZI-data=42096  
FromELF: creating hex file...
".\Obj\Estacion.axf" - 0 Errors, 0 Warning(s).
Build target 'MiniDK-2'
custom translating WEB.inp...
Custom: C:\Keil\ARM\bin\fcarm @..\TCPIP\Web.inp
FCARM FILE CONVERTER V2.41
Completed 1 File(s), Ratio 52%
compiling Anemometro.c...
..\BaseDeDatos\DMA.h(1): warning:  #1-D: last line of file ends without a newline
compiling WEB.C...
compiling Statechart.c...
..\BaseDeDatos\DMA.h(1): warning:  #1-D: last line of file ends without a newline
compiling main.c...
..\BaseDeDatos\DMA.h(1): warning:  #1-D: last line of file ends without a newline
compiling configura.c...
..\BaseDeDatos\DMA.h(1): warning:  #1-D: last line of file ends without a newline
compiling Timers.c...
..\BaseDeDatos\DMA.h(1): warning:  #1-D: last line of file ends without a newline
..\Timers\Timers.c(221): warning:  #223-D: function "desactivarDAC" declared implicitly
compiling Ldr.c...
..\BaseDeDatos\DMA.h(1): warning:  #1-D: last line of file ends without a newline
compiling uFono.c...
..\BaseDeDatos\DMA.h(1): warning:  #1-D: last line of file ends without a newline
compiling UVA30A.c...
..\BaseDeDatos\DMA.h(1): warning:  #1-D: last line of file ends without a newline
compiling LUT.c...
..\BaseDeDatos\DMA.h(1): warning:  #1-D: last line of file ends without a newline
compiling DMA.c...
..\BaseDeDatos\DMA.h(1): warning:  #1-D: last line of file ends without a newline
linking...
Program Size: Code=122508 RO-data=5944 RW-data=1068 ZI-data=42096  
FromELF: creating hex file...
".\Obj\Estacion.axf" - 0 Errors, 11 Warning(s).
Build target 'MiniDK-2'
custom translating WEB.inp...
Custom: C:\Keil\ARM\bin\fcarm @..\TCPIP\Web.inp
FCARM FILE CONVERTER V2.41
Completed 1 File(s), Ratio 52%
compiling Anemometro.c...
compiling Statechart.c...
compiling main.c...
compiling configura.c...
compiling Timers.c...
..\Timers\Timers.c(221): warning:  #223-D: function "desactivarDAC" declared implicitly
compiling Ldr.c...
compiling uFono.c...
compiling UVA30A.c...
compiling LUT.c...
compiling DMA.c...
linking...
Program Size: Code=122508 RO-data=5944 RW-data=1068 ZI-data=42096  
FromELF: creating hex file...
".\Obj\Estacion.axf" - 0 Errors, 1 Warning(s).
Load "C:\\Users\\alver\\Desktop\\EstacionMeteorologica\\ProyectoEstacion\\MiniDK-2\\uVision\\Obj\\Estacion.axf" 
Erase Done.
Programming Done.
Verify OK.
Build target 'MiniDK-2'
custom translating WEB.inp...
Custom: C:\Keil\ARM\bin\fcarm @..\TCPIP\Web.inp
FCARM FILE CONVERTER V2.41
Completed 1 File(s), Ratio 52%
compiling Anemometro.c...
..\DAC\DAC.h(58): warning:  #1-D: last line of file ends without a newline
compiling WEB.C...
compiling Statechart.c...
..\DAC\DAC.h(58): warning:  #1-D: last line of file ends without a newline
compiling main.c...
..\DAC\DAC.h(58): warning:  #1-D: last line of file ends without a newline
compiling configura.c...
..\DAC\DAC.h(58): warning:  #1-D: last line of file ends without a newline
compiling Timers.c...
..\DAC\DAC.h(58): warning:  #1-D: last line of file ends without a newline
compiling Ldr.c...
..\DAC\DAC.h(58): warning:  #1-D: last line of file ends without a newline
compiling uFono.c...
..\DAC\DAC.h(58): warning:  #1-D: last line of file ends without a newline
compiling UVA30A.c...
..\DAC\DAC.h(58): warning:  #1-D: last line of file ends without a newline
compiling DAC.c...
..\DAC\DAC.h(58): warning:  #1-D: last line of file ends without a newline
compiling LUT.c...
..\DAC\DAC.h(58): warning:  #1-D: last line of file ends without a newline
linking...
Program Size: Code=122600 RO-data=5940 RW-data=1068 ZI-data=42096  
FromELF: creating hex file...
".\Obj\Estacion.axf" - 0 Errors, 10 Warning(s).
Build target 'MiniDK-2'
custom translating WEB.inp...
Custom: C:\Keil\ARM\bin\fcarm @..\TCPIP\Web.inp
FCARM FILE CONVERTER V2.41
Completed 1 File(s), Ratio 52%
compiling Anemometro.c...
compiling Statechart.c...
compiling main.c...
compiling configura.c...
compiling Timers.c...
compiling Ldr.c...
compiling uFono.c...
compiling UVA30A.c...
compiling DAC.c...
compiling LUT.c...
linking...
Program Size: Code=122600 RO-data=5940 RW-data=1068 ZI-data=42096  
FromELF: creating hex file...
".\Obj\Estacion.axf" - 0 Errors, 0 Warning(s).
Load "C:\\Users\\alver\\Desktop\\EstacionMeteorologica\\ProyectoEstacion\\MiniDK-2\\uVision\\Obj\\Estacion.axf" 
Erase Done.
Programming Done.
Verify OK.
Build target 'MiniDK-2'
custom translating WEB.inp...
Custom: C:\Keil\ARM\bin\fcarm @..\TCPIP\Web.inp
FCARM FILE CONVERTER V2.41
Completed 1 File(s), Ratio 52%
compiling WEB.C...
compiling Timers.c...
compiling DAC.c...
compiling DMA.c...
linking...
Program Size: Code=122632 RO-data=5940 RW-data=1068 ZI-data=42096  
FromELF: creating hex file...
".\Obj\Estacion.axf" - 0 Errors, 0 Warning(s).
Load "C:\\Users\\alver\\Desktop\\EstacionMeteorologica\\ProyectoEstacion\\MiniDK-2\\uVision\\Obj\\Estacion.axf" 
Erase Done.
Programming Done.
Verify OK.
Build target 'MiniDK-2'
custom translating WEB.inp...
Custom: C:\Keil\ARM\bin\fcarm @..\TCPIP\Web.inp
FCARM FILE CONVERTER V2.41
Completed 1 File(s), Ratio 52%
compiling DMA.c...
..\BaseDeDatos\DMA.c(35): error:  #11-D: unrecognized preprocessing directive
..\BaseDeDatos\DMA.c(40): error:  #20: identifier "actualizador_t" is undefined
..\BaseDeDatos\DMA.c(115): error:  #132: expression must have pointer-to-struct-or-union type
".\Obj\Estacion.axf" - 3 Errors, 0 Warning(s).
Target not created
Build target 'MiniDK-2'
custom translating WEB.inp...
Custom: C:\Keil\ARM\bin\fcarm @..\TCPIP\Web.inp
FCARM FILE CONVERTER V2.41
Completed 1 File(s), Ratio 52%
compiling WEB.C...
compiling DMA.c...
..\BaseDeDatos\DMA.c(35): error:  #11-D: unrecognized preprocessing directive
..\BaseDeDatos\DMA.c(40): error:  #20: identifier "actualizador_t" is undefined
..\BaseDeDatos\DMA.c(115): error:  #132: expression must have pointer-to-struct-or-union type
".\Obj\Estacion.axf" - 3 Errors, 0 Warning(s).
Target not created
Build target 'MiniDK-2'
custom translating WEB.inp...
Custom: C:\Keil\ARM\bin\fcarm @..\TCPIP\Web.inp
FCARM FILE CONVERTER V2.41
Completed 1 File(s), Ratio 52%
compiling DMA.c...
..\BaseDeDatos\DMA.c(38): warning:  #47-D: incompatible redefinition of macro "PI" (declared at line 104 of "..\Principal\Systemsymbols.h")
..\BaseDeDatos\DMA.c(115): error:  #136: struct "<unnamed>" has no field "AudioRev"
".\Obj\Estacion.axf" - 1 Errors, 1 Warning(s).
Target not created
Build target 'MiniDK-2'
custom translating WEB.inp...
Custom: C:\Keil\ARM\bin\fcarm @..\TCPIP\Web.inp
FCARM FILE CONVERTER V2.41
Completed 1 File(s), Ratio 52%
compiling WEB.C...
compiling DMA.c...
..\BaseDeDatos\DMA.c(38): warning:  #47-D: incompatible redefinition of macro "PI" (declared at line 104 of "..\Principal\Systemsymbols.h")
linking...
Program Size: Code=122656 RO-data=5940 RW-data=1068 ZI-data=42096  
FromELF: creating hex file...
".\Obj\Estacion.axf" - 0 Errors, 1 Warning(s).
Build target 'MiniDK-2'
custom translating WEB.inp...
Custom: C:\Keil\ARM\bin\fcarm @..\TCPIP\Web.inp
FCARM FILE CONVERTER V2.41
Completed 1 File(s), Ratio 52%
compiling DMA.c...
linking...
Program Size: Code=122668 RO-data=5944 RW-data=1068 ZI-data=42096  
FromELF: creating hex file...
".\Obj\Estacion.axf" - 0 Errors, 0 Warning(s).
Load "C:\\Users\\alver\\Desktop\\EstacionMeteorologica\\ProyectoEstacion\\MiniDK-2\\uVision\\Obj\\Estacion.axf" 
Erase Done.
Programming Done.
Verify OK.
Build target 'MiniDK-2'
custom translating WEB.inp...
Custom: C:\Keil\ARM\bin\fcarm @..\TCPIP\Web.inp
FCARM FILE CONVERTER V2.41
Completed 1 File(s), Ratio 52%
compiling WDT.c...
compiling Anemometro.c...
compiling PWM.c...
compiling RTC.c...
compiling HTTP_CGI.c...
compiling WEB.C...
compiling Statechart.c...
compiling TouchPanel.c...
compiling main.c...
compiling configura.c...
compiling Timers.c...
compiling OneWirev2.c...
compiling Ldr.c...
..\ADC\Ldr.c(29): error:  #20: identifier "LinkedModeDMA_t" is undefined
compiling uFono.c...
compiling UVA30A.c...
compiling DAC.c...
compiling LUT.c...
..\BaseDeDatos\LUT.c(28): error:  #20: identifier "LinkedModeDMA_t" is undefined
compiling DMA.c...
compiling UART0.c...
compiling I2C.c...
compiling I2Clib.c...
".\Obj\Estacion.axf" - 2 Errors, 0 Warning(s).
Target not created
Build target 'MiniDK-2'
custom translating WEB.inp...
Custom: C:\Keil\ARM\bin\fcarm @..\TCPIP\Web.inp
FCARM FILE CONVERTER V2.41
Completed 1 File(s), Ratio 52%
compiling Ldr.c...
..\ADC\Ldr.c(29): error:  #20: identifier "LinkedModeDMA_t" is undefined
compiling LUT.c...
".\Obj\Estacion.axf" - 1 Errors, 0 Warning(s).
Target not created
Build target 'MiniDK-2'
custom translating WEB.inp...
Custom: C:\Keil\ARM\bin\fcarm @..\TCPIP\Web.inp
FCARM FILE CONVERTER V2.41
Completed 1 File(s), Ratio 52%
compiling WEB.C...
compiling Ldr.c...
linking...
Program Size: Code=122628 RO-data=5944 RW-data=1064 ZI-data=42092  
FromELF: creating hex file...
".\Obj\Estacion.axf" - 0 Errors, 0 Warning(s).
Load "C:\\Users\\alver\\Desktop\\EstacionMeteorologica\\ProyectoEstacion\\MiniDK-2\\uVision\\Obj\\Estacion.axf" 
Erase Done.
Programming Done.
Verify OK.
Build target 'MiniDK-2'
custom translating WEB.inp...
Custom: C:\Keil\ARM\bin\fcarm @..\TCPIP\Web.inp
FCARM FILE CONVERTER V2.41
Completed 1 File(s), Ratio 52%
compiling DMA.c...
linking...
Program Size: Code=122604 RO-data=5944 RW-data=1064 ZI-data=42092  
FromELF: creating hex file...
".\Obj\Estacion.axf" - 0 Errors, 0 Warning(s).
Load "C:\\Users\\alver\\Desktop\\EstacionMeteorologica\\ProyectoEstacion\\MiniDK-2\\uVision\\Obj\\Estacion.axf" 
Erase Done.
Programming Done.
Verify OK.
Build target 'MiniDK-2'
custom translating WEB.inp...
Custom: C:\Keil\ARM\bin\fcarm @..\TCPIP\Web.inp
FCARM FILE CONVERTER V2.41
Completed 1 File(s), Ratio 52%
compiling WEB.C...
compiling DMA.c...
linking...
Program Size: Code=122600 RO-data=5940 RW-data=1064 ZI-data=42092  
FromELF: creating hex file...
".\Obj\Estacion.axf" - 0 Errors, 0 Warning(s).
Build target 'MiniDK-2'
custom translating WEB.inp...
Custom: C:\Keil\ARM\bin\fcarm @..\TCPIP\Web.inp
FCARM FILE CONVERTER V2.41
Completed 1 File(s), Ratio 52%
compiling Anemometro.c...
compiling Statechart.c...
compiling main.c...
compiling configura.c...
compiling Timers.c...
compiling Ldr.c...
compiling uFono.c...
compiling UVA30A.c...
compiling DAC.c...
compiling LUT.c...
compiling DMA.c...
..\BaseDeDatos\DMA.c(38): warning:  #223-D: function "__conifguraTono__" declared implicitly
..\BaseDeDatos\DMA.c(163): warning:  #1-D: last line of file ends without a newline
linking...
.\Obj\Estacion.axf: Error: L6218E: Undefined symbol __conifguraTono__ (referred from dma.o).
".\Obj\Estacion.axf" - 1 Errors, 2 Warning(s).
Target not created
Build target 'MiniDK-2'
custom translating WEB.inp...
Custom: C:\Keil\ARM\bin\fcarm @..\TCPIP\Web.inp
FCARM FILE CONVERTER V2.41
Completed 1 File(s), Ratio 52%
compiling WEB.C...
compiling DMA.c...
..\BaseDeDatos\DMA.c(38): warning:  #223-D: function "__conifguraTono__" declared implicitly
linking...
.\Obj\Estacion.axf: Error: L6218E: Undefined symbol __conifguraTono__ (referred from dma.o).
".\Obj\Estacion.axf" - 1 Errors, 1 Warning(s).
Target not created
Build target 'MiniDK-2'
custom translating WEB.inp...
Custom: C:\Keil\ARM\bin\fcarm @..\TCPIP\Web.inp
FCARM FILE CONVERTER V2.41
Completed 1 File(s), Ratio 52%
compiling DMA.c...
linking...
Program Size: Code=122840 RO-data=5940 RW-data=1064 ZI-data=42092  
FromELF: creating hex file...
".\Obj\Estacion.axf" - 0 Errors, 0 Warning(s).
Load "C:\\Users\\alver\\Desktop\\EstacionMeteorologica\\ProyectoEstacion\\MiniDK-2\\uVision\\Obj\\Estacion.axf" 
Erase Done.
Programming Done.
Verify OK.
Build target 'MiniDK-2'
custom translating WEB.inp...
Custom: C:\Keil\ARM\bin\fcarm @..\TCPIP\Web.inp
FCARM FILE CONVERTER V2.41
Completed 1 File(s), Ratio 52%
compiling WEB.C...
compiling Timers.c...
compiling DMA.c...
linking...
Program Size: Code=122824 RO-data=5940 RW-data=1064 ZI-data=42092  
FromELF: creating hex file...
".\Obj\Estacion.axf" - 0 Errors, 0 Warning(s).
Load "C:\\Users\\alver\\Desktop\\EstacionMeteorologica\\ProyectoEstacion\\MiniDK-2\\uVision\\Obj\\Estacion.axf" 
Erase Done.
Programming Done.
Verify OK.
Build target 'MiniDK-2'
custom translating WEB.inp...
Custom: C:\Keil\ARM\bin\fcarm @..\TCPIP\Web.inp
FCARM FILE CONVERTER V2.41
Completed 1 File(s), Ratio 52%
compiling DMA.c...
linking...
Program Size: Code=122820 RO-data=5944 RW-data=1064 ZI-data=42092  
FromELF: creating hex file...
".\Obj\Estacion.axf" - 0 Errors, 0 Warning(s).
Load "C:\\Users\\alver\\Desktop\\EstacionMeteorologica\\ProyectoEstacion\\MiniDK-2\\uVision\\Obj\\Estacion.axf" 
Erase Done.
Programming Done.
Verify OK.
Build target 'MiniDK-2'
custom translating WEB.inp...
Custom: C:\Keil\ARM\bin\fcarm @..\TCPIP\Web.inp
FCARM FILE CONVERTER V2.41
Completed 1 File(s), Ratio 52%
compiling WEB.C...
compiling DMA.c...
linking...
Program Size: Code=122824 RO-data=5940 RW-data=1064 ZI-data=42092  
FromELF: creating hex file...
".\Obj\Estacion.axf" - 0 Errors, 0 Warning(s).
Load "C:\\Users\\alver\\Desktop\\EstacionMeteorologica\\ProyectoEstacion\\MiniDK-2\\uVision\\Obj\\Estacion.axf" 
Erase Done.
Programming Done.
Verify OK.
Build target 'MiniDK-2'
custom translating WEB.inp...
Custom: C:\Keil\ARM\bin\fcarm @..\TCPIP\Web.inp
FCARM FILE CONVERTER V2.41
Completed 1 File(s), Ratio 52%
compiling Timers.c...
linking...
Program Size: Code=122824 RO-data=5940 RW-data=1064 ZI-data=42092  
FromELF: creating hex file...
".\Obj\Estacion.axf" - 0 Errors, 0 Warning(s).
Build target 'MiniDK-2'
custom translating WEB.inp...
Custom: C:\Keil\ARM\bin\fcarm @..\TCPIP\Web.inp
FCARM FILE CONVERTER V2.41
Completed 1 File(s), Ratio 52%
compiling WEB.C...
compiling Statechart.c...
linking...
Program Size: Code=122836 RO-data=5944 RW-data=1064 ZI-data=42092  
FromELF: creating hex file...
".\Obj\Estacion.axf" - 0 Errors, 0 Warning(s).
Load "C:\\Users\\alver\\Desktop\\EstacionMeteorologica\\ProyectoEstacion\\MiniDK-2\\uVision\\Obj\\Estacion.axf" 
Erase Done.
Programming Done.
Verify OK.
Rebuild target 'MiniDK-2'
custom translating WEB.inp...
Custom: C:\Keil\ARM\bin\fcarm @..\TCPIP\Web.inp
FCARM FILE CONVERTER V2.41
Completed 1 File(s), Ratio 52%
compiling WDT.c...
compiling Anemometro.c...
compiling PWM.c...
compiling RTC.c...
compiling HTTP_SOURCE.c...
compiling Net_Config.c...
compiling HTTP_CGI.c...
compiling EMAC_LPC17xx_LAN8720.c...
compiling WEB.C...
compiling Statechart.c...
compiling TouchPanel.c...
compiling main.c...
assembling startup_LPC17xx.s...
compiling core_cm3.c...
compiling system_LPC17xx.c...
compiling configura.c...
compiling Timers.c...
compiling OneWirev2.c...
compiling Ldr.c...
compiling uFono.c...
compiling UVA30A.c...
compiling DAC.c...
compiling LUT.c...
compiling DMA.c...
..\BaseDeDatos\DMA.c(153): warning:  #173-D: floating-point value does not fit in required integral type
compiling diskio.c...
compiling ff.c...
compiling SPI_MSD_Driver.c...
compiling DEBUG.c...
compiling lpc17xx_ssp.c...
compiling lpc17xx_pinsel.c...
compiling lpc17xx_gpio.c...
compiling lpc17xx_clkpwr.c...
compiling lpc17xx_libcfg_default.c...
compiling AsciiLib.c...
compiling GLCD.c...
compiling UART0.c...
compiling uart.c...
compiling I2C.c...
compiling I2Clib.c...
linking...
Program Size: Code=122844 RO-data=5944 RW-data=1064 ZI-data=42092  
FromELF: creating hex file...
".\Obj\Estacion.axf" - 0 Errors, 1 Warning(s).
Build target 'MiniDK-2'
custom translating WEB.inp...
Custom: C:\Keil\ARM\bin\fcarm @..\TCPIP\Web.inp
FCARM FILE CONVERTER V2.41
Completed 1 File(s), Ratio 52%
linking...
Program Size: Code=122844 RO-data=5944 RW-data=1064 ZI-data=42092  
FromELF: creating hex file...
".\Obj\Estacion.axf" - 0 Errors, 0 Warning(s).
Load "C:\\Users\\alver\\Desktop\\EstacionMeteorologica\\ProyectoEstacion\\MiniDK-2\\uVision\\Obj\\Estacion.axf" 
Erase Done.
Programming Done.
Verify OK.
Build target 'MiniDK-2'
custom translating WEB.inp...
Custom: C:\Keil\ARM\bin\fcarm @..\TCPIP\Web.inp
FCARM FILE CONVERTER V2.41
Completed 1 File(s), Ratio 52%
compiling WEB.C...
compiling configura.c...
compiling LUT.c...
linking...
Program Size: Code=122540 RO-data=5944 RW-data=1064 ZI-data=42060  
FromELF: creating hex file...
".\Obj\Estacion.axf" - 0 Errors, 0 Warning(s).
Load "C:\\Users\\alver\\Desktop\\EstacionMeteorologica\\ProyectoEstacion\\MiniDK-2\\uVision\\Obj\\Estacion.axf" 
Erase Done.
Programming Done.
Verify OK.
Build target 'MiniDK-2'
custom translating WEB.inp...
Custom: C:\Keil\ARM\bin\fcarm @..\TCPIP\Web.inp
FCARM FILE CONVERTER V2.41
Completed 1 File(s), Ratio 52%
linking...
Program Size: Code=122540 RO-data=5944 RW-data=1064 ZI-data=42060  
FromELF: creating hex file...
".\Obj\Estacion.axf" - 0 Errors, 0 Warning(s).
Build target 'MiniDK-2'
custom translating WEB.inp...
Custom: C:\Keil\ARM\bin\fcarm @..\TCPIP\Web.inp
FCARM FILE CONVERTER V2.41
Completed 1 File(s), Ratio 52%
compiling WEB.C...
compiling DMA.c...
..\BaseDeDatos\DMA.c(153): warning:  #173-D: floating-point value does not fit in required integral type
linking...
Program Size: Code=122544 RO-data=5940 RW-data=1064 ZI-data=42060  
FromELF: creating hex file...
".\Obj\Estacion.axf" - 0 Errors, 1 Warning(s).
Load "C:\\Users\\alver\\Desktop\\EstacionMeteorologica\\ProyectoEstacion\\MiniDK-2\\uVision\\Obj\\Estacion.axf" 
Erase Done.
Programming Done.
Verify OK.
Build target 'MiniDK-2'
custom translating WEB.inp...
Custom: C:\Keil\ARM\bin\fcarm @..\TCPIP\Web.inp
FCARM FILE CONVERTER V2.41
Completed 1 File(s), Ratio 52%
compiling DMA.c...
..\BaseDeDatos\DMA.c(153): warning:  #173-D: floating-point value does not fit in required integral type
linking...
Program Size: Code=122544 RO-data=5940 RW-data=1064 ZI-data=42060  
FromELF: creating hex file...
".\Obj\Estacion.axf" - 0 Errors, 1 Warning(s).
Load "C:\\Users\\alver\\Desktop\\EstacionMeteorologica\\ProyectoEstacion\\MiniDK-2\\uVision\\Obj\\Estacion.axf" 
Erase Done.
Programming Done.
Verify OK.
Build target 'MiniDK-2'
custom translating WEB.inp...
Custom: C:\Keil\ARM\bin\fcarm @..\TCPIP\Web.inp
FCARM FILE CONVERTER V2.41
Completed 1 File(s), Ratio 52%
compiling WEB.C...
compiling DMA.c...
..\BaseDeDatos\DMA.c(153): warning:  #173-D: floating-point value does not fit in required integral type
linking...
Program Size: Code=122544 RO-data=5940 RW-data=1064 ZI-data=42060  
FromELF: creating hex file...
".\Obj\Estacion.axf" - 0 Errors, 1 Warning(s).
Build target 'MiniDK-2'
custom translating WEB.inp...
Custom: C:\Keil\ARM\bin\fcarm @..\TCPIP\Web.inp
FCARM FILE CONVERTER V2.41
Completed 1 File(s), Ratio 52%
compiling DMA.c...
..\BaseDeDatos\DMA.c(153): warning:  #69-D: integer conversion resulted in truncation
linking...
Program Size: Code=122540 RO-data=5944 RW-data=1064 ZI-data=42060  
FromELF: creating hex file...
".\Obj\Estacion.axf" - 0 Errors, 1 Warning(s).
Build target 'MiniDK-2'
custom translating WEB.inp...
Custom: C:\Keil\ARM\bin\fcarm @..\TCPIP\Web.inp
FCARM FILE CONVERTER V2.41
Completed 1 File(s), Ratio 52%
compiling WEB.C...
compiling DMA.c...
..\BaseDeDatos\DMA.c(153): warning:  #69-D: integer conversion resulted in truncation
linking...
Program Size: Code=122540 RO-data=5944 RW-data=1064 ZI-data=42060  
FromELF: creating hex file...
".\Obj\Estacion.axf" - 0 Errors, 1 Warning(s).
Build target 'MiniDK-2'
custom translating WEB.inp...
Custom: C:\Keil\ARM\bin\fcarm @..\TCPIP\Web.inp
FCARM FILE CONVERTER V2.41
Completed 1 File(s), Ratio 52%
compiling DMA.c...
..\BaseDeDatos\DMA.c(153): warning:  #173-D: floating-point value does not fit in required integral type
linking...
Program Size: Code=122544 RO-data=5940 RW-data=1064 ZI-data=42060  
FromELF: creating hex file...
".\Obj\Estacion.axf" - 0 Errors, 1 Warning(s).
Build target 'MiniDK-2'
custom translating WEB.inp...
Custom: C:\Keil\ARM\bin\fcarm @..\TCPIP\Web.inp
FCARM FILE CONVERTER V2.41
Completed 1 File(s), Ratio 52%
compiling WEB.C...
compiling DMA.c...
..\BaseDeDatos\DMA.c(153): warning:  #173-D: floating-point value does not fit in required integral type
linking...
Program Size: Code=122544 RO-data=5940 RW-data=1064 ZI-data=42060  
FromELF: creating hex file...
".\Obj\Estacion.axf" - 0 Errors, 1 Warning(s).
Build target 'MiniDK-2'
custom translating WEB.inp...
Custom: C:\Keil\ARM\bin\fcarm @..\TCPIP\Web.inp
FCARM FILE CONVERTER V2.41
Completed 1 File(s), Ratio 52%
compiling DMA.c...
..\BaseDeDatos\DMA.c(143): warning:  #173-D: floating-point value does not fit in required integral type
linking...
Program Size: Code=122536 RO-data=5940 RW-data=1064 ZI-data=42060  
FromELF: creating hex file...
".\Obj\Estacion.axf" - 0 Errors, 1 Warning(s).
Load "C:\\Users\\alver\\Desktop\\EstacionMeteorologica\\ProyectoEstacion\\MiniDK-2\\uVision\\Obj\\Estacion.axf" 
Erase Done.
Programming Done.
Verify OK.
Build target 'MiniDK-2'
custom translating WEB.inp...
Custom: C:\Keil\ARM\bin\fcarm @..\TCPIP\Web.inp
FCARM FILE CONVERTER V2.41
Completed 1 File(s), Ratio 52%
compiling WEB.C...
compiling DMA.c...
..\BaseDeDatos\DMA.c(150): warning:  #173-D: floating-point value does not fit in required integral type
linking...
Program Size: Code=122544 RO-data=5940 RW-data=1064 ZI-data=42060  
FromELF: creating hex file...
".\Obj\Estacion.axf" - 0 Errors, 1 Warning(s).
Load "C:\\Users\\alver\\Desktop\\EstacionMeteorologica\\ProyectoEstacion\\MiniDK-2\\uVision\\Obj\\Estacion.axf" 
Erase Done.
Programming Done.
Verify OK.
Build target 'MiniDK-2'
custom translating WEB.inp...
Custom: C:\Keil\ARM\bin\fcarm @..\TCPIP\Web.inp
FCARM FILE CONVERTER V2.41
Completed 1 File(s), Ratio 52%
compiling DMA.c...
..\BaseDeDatos\DMA.c(150): warning:  #173-D: floating-point value does not fit in required integral type
linking...
Program Size: Code=122548 RO-data=5944 RW-data=1064 ZI-data=42060  
FromELF: creating hex file...
".\Obj\Estacion.axf" - 0 Errors, 1 Warning(s).
Load "C:\\Users\\alver\\Desktop\\EstacionMeteorologica\\ProyectoEstacion\\MiniDK-2\\uVision\\Obj\\Estacion.axf" 
Erase Done.
Programming Done.
Verify OK.
Build target 'MiniDK-2'
custom translating WEB.inp...
Custom: C:\Keil\ARM\bin\fcarm @..\TCPIP\Web.inp
FCARM FILE CONVERTER V2.41
Completed 1 File(s), Ratio 52%
compiling WEB.C...
compiling DMA.c...
..\BaseDeDatos\DMA.c(150): warning:  #173-D: floating-point value does not fit in required integral type
linking...
Program Size: Code=122548 RO-data=5944 RW-data=1064 ZI-data=42060  
FromELF: creating hex file...
".\Obj\Estacion.axf" - 0 Errors, 1 Warning(s).
Build target 'MiniDK-2'
custom translating WEB.inp...
Custom: C:\Keil\ARM\bin\fcarm @..\TCPIP\Web.inp
FCARM FILE CONVERTER V2.41
Completed 1 File(s), Ratio 52%
linking...
Program Size: Code=122548 RO-data=5944 RW-data=1064 ZI-data=42060  
FromELF: creating hex file...
".\Obj\Estacion.axf" - 0 Errors, 0 Warning(s).
Load "C:\\Users\\alver\\Desktop\\EstacionMeteorologica\\ProyectoEstacion\\MiniDK-2\\uVision\\Obj\\Estacion.axf" 
Erase Done.
Programming Done.
Verify OK.
Build target 'MiniDK-2'
custom translating WEB.inp...
Custom: C:\Keil\ARM\bin\fcarm @..\TCPIP\Web.inp
FCARM FILE CONVERTER V2.41
Completed 1 File(s), Ratio 52%
compiling WEB.C...
compiling DMA.c...
..\BaseDeDatos\DMA.c(150): warning:  #173-D: floating-point value does not fit in required integral type
linking...
Program Size: Code=122548 RO-data=5944 RW-data=1064 ZI-data=42060  
FromELF: creating hex file...
".\Obj\Estacion.axf" - 0 Errors, 1 Warning(s).
Load "C:\\Users\\alver\\Desktop\\EstacionMeteorologica\\ProyectoEstacion\\MiniDK-2\\uVision\\Obj\\Estacion.axf" 
Erase Done.
Programming Done.
Verify OK.
Build target 'MiniDK-2'
custom translating WEB.inp...
Custom: C:\Keil\ARM\bin\fcarm @..\TCPIP\Web.inp
FCARM FILE CONVERTER V2.41
Completed 1 File(s), Ratio 52%
compiling DMA.c...
..\BaseDeDatos\DMA.c(150): warning:  #173-D: floating-point value does not fit in required integral type
linking...
Program Size: Code=122548 RO-data=5944 RW-data=1064 ZI-data=42060  
FromELF: creating hex file...
".\Obj\Estacion.axf" - 0 Errors, 1 Warning(s).
Load "C:\\Users\\alver\\Desktop\\EstacionMeteorologica\\ProyectoEstacion\\MiniDK-2\\uVision\\Obj\\Estacion.axf" 
Erase Done.
Programming Done.
Verify OK.
Build target 'MiniDK-2'
custom translating WEB.inp...
Custom: C:\Keil\ARM\bin\fcarm @..\TCPIP\Web.inp
FCARM FILE CONVERTER V2.41
Completed 1 File(s), Ratio 52%
compiling WEB.C...
linking...
Program Size: Code=122548 RO-data=5944 RW-data=1064 ZI-data=42060  
FromELF: creating hex file...
".\Obj\Estacion.axf" - 0 Errors, 0 Warning(s).
Load "C:\\Users\\alver\\Desktop\\EstacionMeteorologica\\ProyectoEstacion\\MiniDK-2\\uVision\\Obj\\Estacion.axf" 
Erase Done.
Programming Done.
Verify OK.
Build target 'MiniDK-2'
custom translating WEB.inp...
Custom: C:\Keil\ARM\bin\fcarm @..\TCPIP\Web.inp
FCARM FILE CONVERTER V2.41
Completed 1 File(s), Ratio 52%
compiling DMA.c...
..\BaseDeDatos\DMA.c(150): warning:  #173-D: floating-point value does not fit in required integral type
linking...
Program Size: Code=122548 RO-data=5944 RW-data=1064 ZI-data=42060  
FromELF: creating hex file...
".\Obj\Estacion.axf" - 0 Errors, 1 Warning(s).
Load "C:\\Users\\alver\\Desktop\\EstacionMeteorologica\\ProyectoEstacion\\MiniDK-2\\uVision\\Obj\\Estacion.axf" 
Erase Done.
Programming Done.
Verify OK.
Build target 'MiniDK-2'
custom translating WEB.inp...
Custom: C:\Keil\ARM\bin\fcarm @..\TCPIP\Web.inp
FCARM FILE CONVERTER V2.41
Completed 1 File(s), Ratio 52%
compiling WEB.C...
compiling DAC.c...
compiling DMA.c...
..\BaseDeDatos\DMA.c(150): warning:  #173-D: floating-point value does not fit in required integral type
linking...
Program Size: Code=122548 RO-data=5944 RW-data=1064 ZI-data=42060  
FromELF: creating hex file...
".\Obj\Estacion.axf" - 0 Errors, 1 Warning(s).
Load "C:\\Users\\alver\\Desktop\\EstacionMeteorologica\\ProyectoEstacion\\MiniDK-2\\uVision\\Obj\\Estacion.axf" 
Erase Done.
Programming Done.
Verify OK.
Build target 'MiniDK-2'
custom translating WEB.inp...
Custom: C:\Keil\ARM\bin\fcarm @..\TCPIP\Web.inp
FCARM FILE CONVERTER V2.41
Completed 1 File(s), Ratio 52%
compiling DMA.c...
..\BaseDeDatos\DMA.c(150): warning:  #173-D: floating-point value does not fit in required integral type
linking...
Program Size: Code=122548 RO-data=5944 RW-data=1064 ZI-data=42060  
FromELF: creating hex file...
".\Obj\Estacion.axf" - 0 Errors, 1 Warning(s).
Load "C:\\Users\\alver\\Desktop\\EstacionMeteorologica\\ProyectoEstacion\\MiniDK-2\\uVision\\Obj\\Estacion.axf" 
Erase Done.
Programming Done.
Verify OK.
Build target 'MiniDK-2'
custom translating WEB.inp...
Custom: C:\Keil\ARM\bin\fcarm @..\TCPIP\Web.inp
FCARM FILE CONVERTER V2.41
Completed 1 File(s), Ratio 52%
compiling WEB.C...
compiling DMA.c...
..\BaseDeDatos\DMA.c(150): warning:  #173-D: floating-point value does not fit in required integral type
linking...
Program Size: Code=122544 RO-data=5940 RW-data=1064 ZI-data=42060  
FromELF: creating hex file...
".\Obj\Estacion.axf" - 0 Errors, 1 Warning(s).
Load "C:\\Users\\alver\\Desktop\\EstacionMeteorologica\\ProyectoEstacion\\MiniDK-2\\uVision\\Obj\\Estacion.axf" 
Erase Done.
Programming Done.
Verify OK.
