ARM Linker, 5.03 [Build 76] [MDK-ARM Professional]

==============================================================================

Section Cross References

    startup_lpc17xx.o(RESET) refers to startup_lpc17xx.o(STACK) for __initial_sp
    startup_lpc17xx.o(RESET) refers to startup_lpc17xx.o(.text) for Reset_Handler
    startup_lpc17xx.o(RESET) refers to timers.o(.text) for SysTick_Handler
    startup_lpc17xx.o(RESET) refers to anemometro.o(.text) for TIMER1_IRQHandler
    startup_lpc17xx.o(RESET) refers to rtc.o(.text) for RTC_IRQHandler
    startup_lpc17xx.o(RESET) refers to ldr.o(.text) for ADC_IRQHandler
    startup_lpc17xx.o(RESET) refers to emac_lpc17xx_lan8720.o(.text) for ENET_IRQHandler
    startup_lpc17xx.o(.text) refers to system_lpc17xx.o(.text) for SystemInit
    startup_lpc17xx.o(.text) refers to entry.o(.ARM.Collect$$$$00000000) for __main
    system_lpc17xx.o(.text) refers to uldiv.o(.text) for __aeabi_uldivmod
    system_lpc17xx.o(.text) refers to system_lpc17xx.o(.data) for SystemCoreClock
    configura.o(.text) refers to http_source.o(.text) for __configuraWEB__
    configura.o(.text) refers to timers.o(.text) for __configuraSysTick__
    configura.o(.text) refers to ldr.o(.text) for __configuraLDR__
    configura.o(.text) refers to uva30a.o(.text) for __configuraUVA30A__
    configura.o(.text) refers to pwm.o(.text) for __configuraPWM__
    configura.o(.text) refers to statechart.o(.text) for __configuraLCD__
    configura.o(.text) refers to rtc.o(.text) for __configuraRTC__
    configura.o(.text) refers to wdt.o(.text) for __configuraWDT__
    configura.o(.text) refers to dac.o(.text) for __configuraDAC__
    configura.o(.text) refers to anemometro.o(.text) for __configuraAnemometro__
    configura.o(.text) refers to main.o(.data) for ESTADO
    main.o(.text) refers to configura.o(.text) for __configuraPrograma__
    main.o(.text) refers to statechart.o(.text) for __mainLoop__
    main.o(.text) refers to http_source.o(.text) for __mantenerTCP__
    main.o(.data) refers to main.o(.bss) for objDATOS
    pwm.o(.text) refers to fdiv.o(.text) for __aeabi_fdiv
    pwm.o(.text) refers to ffixui.o(.text) for __aeabi_f2uiz
    pwm.o(.text) refers to f2d.o(.text) for __aeabi_f2d
    pwm.o(.text) refers to dmul.o(.text) for __aeabi_dmul
    pwm.o(.text) refers to d2f.o(.text) for __aeabi_d2f
    pwm.o(.text) refers to ffltui.o(.text) for __aeabi_ui2f
    pwm.o(.text) refers to fmul.o(.text) for __aeabi_fmul
    pwm.o(.text) refers to fadd.o(.text) for __aeabi_fsub
    pwm.o(.text) refers to main.o(.data) for COUNTERS
    rtc.o(.text) refers to printfa.o(i.__0sprintf) for __2sprintf
    rtc.o(.text) refers to main.o(.data) for COUNTERS
    rtc.o(.text) refers to rtc.o(.bss) for Clock
    timers.o(.text) refers to fflti.o(.text) for __aeabi_i2f
    timers.o(.text) refers to fmul.o(.text) for __aeabi_fmul
    timers.o(.text) refers to fdiv.o(.text) for __aeabi_fdiv
    timers.o(.text) refers to cfcmple.o(.text) for __aeabi_cfcmpeq
    timers.o(.text) refers to fadd.o(.text) for __aeabi_fsub
    timers.o(.text) refers to ffixui.o(.text) for __aeabi_f2uiz
    timers.o(.text) refers to pwm.o(.text) for modificaPulso
    timers.o(.text) refers to at_system.o(i.timer_tick) for timer_tick
    timers.o(.text) refers to dac.o(.text) for escribirEnDac
    timers.o(.text) refers to system_lpc17xx.o(.data) for SystemCoreClock
    timers.o(.text) refers to timers.o(.data) for TIM0_ticks
    timers.o(.text) refers to main.o(.data) for ACTUALIZADOR
    timers.o(.text) refers to main.o(.bss) for AUDIO
    http_source.o(.text) refers to at_system.o(i.init_TcpNet) for init_TcpNet
    http_source.o(.text) refers to at_system.o(i.main_TcpNet) for main_TcpNet
    net_config.o(.text) refers to at_ethernet.o(i.eth_init_link) for eth_init_link
    net_config.o(.text) refers to at_ip.o(i.ip_init) for ip_init
    net_config.o(.text) refers to at_icmp.o(i.icmp_init) for icmp_init
    net_config.o(.text) refers to at_udp.o(i.udp_init) for udp_init
    net_config.o(.text) refers to at_tcp.o(i.tcp_init) for tcp_init
    net_config.o(.text) refers to at_http.o(i.http_init) for http_init
    net_config.o(.text) refers to at_arp.o(i.arp_notify) for arp_notify
    net_config.o(.text) refers to at_ethernet.o(i.eth_run_link) for eth_run_link
    net_config.o(.text) refers to at_ip.o(i.ip_run_local) for ip_run_local
    net_config.o(.text) refers to at_icmp.o(i.icmp_run_engine) for icmp_run_engine
    net_config.o(.text) refers to at_tcp.o(i.tcp_poll_sockets) for tcp_poll_sockets
    net_config.o(.text) refers to at_http.o(i.http_run_server) for http_run_server
    net_config.o(.constdata) refers to net_config.o(.bss) for mem_pool
    net_config.o(.constdata) refers to net_config.o(.data) for lhost_name
    net_config.o(.constdata) refers to net_config.o(.conststring) for .conststring
    http_cgi.o(.text) refers to f2d.o(.text) for __aeabi_f2d
    http_cgi.o(.text) refers to printfa.o(i.__0sprintf) for __2sprintf
[...]
    i.http_open_file                         0x000173d0   Section        0  at_http.o(i.http_open_file)
    http_open_file                           0x000173d1   Thumb Code   254  at_http.o(i.http_open_file)
    i.http_proc_header                       0x000174f0   Section        0  at_http.o(i.http_proc_header)
    http_proc_header                         0x000174f1   Thumb Code   266  at_http.o(i.http_proc_header)
    i.http_proc_multipart                    0x00017644   Section        0  at_http.o(i.http_proc_multipart)
    http_proc_multipart                      0x00017645   Thumb Code   338  at_http.o(i.http_proc_multipart)
    i.http_proc_post                         0x000177c0   Section        0  at_http.o(i.http_proc_post)
    http_proc_post                           0x000177c1   Thumb Code   240  at_http.o(i.http_proc_post)
    i.http_run_server                        0x000178b8   Section        0  at_http.o(i.http_run_server)
    i.http_strcpy                            0x00017bf4   Section        0  at_http.o(i.http_strcpy)
    http_strcpy                              0x00017bf5   Thumb Code    30  at_http.o(i.http_strcpy)
    i.http_to_utc                            0x00017c14   Section        0  at_http.o(i.http_to_utc)
    http_to_utc                              0x00017c15   Thumb Code   162  at_http.o(i.http_to_utc)
    i.icmp_init                              0x00017cbc   Section        0  at_icmp.o(i.icmp_init)
    i.icmp_process                           0x00017ccc   Section        0  at_icmp.o(i.icmp_process)
    i.icmp_run_engine                        0x00017d98   Section        0  at_icmp.o(i.icmp_run_engine)
    i.icmp_send_message                      0x00017de0   Section        0  at_icmp.o(i.icmp_send_message)
    icmp_send_message                        0x00017de1   Thumb Code   108  at_icmp.o(i.icmp_send_message)
    i.ifree_mem                              0x00017e50   Section        0  at_mem.o(i.ifree_mem)
    i.init_TcpNet                            0x00017e88   Section        0  at_system.o(i.init_TcpNet)
    i.init_mem                               0x00017eb8   Section        0  at_mem.o(i.init_mem)
    i.ip_chk_frame                           0x00017f18   Section        0  at_ip.o(i.ip_chk_frame)
    i.ip_get_chksum                          0x00017fe0   Section        0  at_ip.o(i.ip_get_chksum)
    ip_get_chksum                            0x00017fe1   Thumb Code    10  at_ip.o(i.ip_get_chksum)
    i.ip_get_locadr                          0x00017fec   Section        0  at_ip.o(i.ip_get_locadr)
    i.ip_init                                0x000180a4   Section        0  at_ip.o(i.ip_init)
    i.ip_run_local                           0x000180b0   Section        0  at_ip.o(i.ip_run_local)
    i.ip_send_frame                          0x0001810c   Section        0  at_ip.o(i.ip_send_frame)
    i.is_subnet                              0x0001825c   Section        0  at_lib.o(i.is_subnet)
    i.main_TcpNet                            0x00018270   Section        0  at_system.o(i.main_TcpNet)
    i.mem_comp                               0x000182d4   Section        0  at_lib.o(i.mem_comp)
    i.mem_copy                               0x000182ec   Section        0  at_lib.o(i.mem_copy)
    i.mem_crc32                              0x00018302   Section        0  at_lib.o(i.mem_crc32)
    i.mem_set                                0x00018322   Section        0  at_lib.o(i.mem_set)
    i.mem_test                               0x0001832c   Section        0  at_lib.o(i.mem_test)
    i.nrd_u32be                              0x00018340   Section        0  at_lib.o(i.nrd_u32be)
    i.nwr_u32be                              0x00018356   Section        0  at_lib.o(i.nwr_u32be)
    i.proc_req_line                          0x00018368   Section        0  at_http.o(i.proc_req_line)
    proc_req_line                            0x00018369   Thumb Code    36  at_http.o(i.proc_req_line)
    i.put_in_queue                           0x00018390   Section        0  at_ethernet.o(i.put_in_queue)
    i.read_script_line                       0x000183b8   Section        0  at_http.o(i.read_script_line)
    read_script_line                         0x000183b9   Thumb Code   160  at_http.o(i.read_script_line)
    i.resize_mem                             0x00018458   Section        0  at_mem.o(i.resize_mem)
    i.search_delim                           0x000184a0   Section        0  at_http.o(i.search_delim)
    search_delim                             0x000184a1   Thumb Code    76  at_http.o(i.search_delim)
    i.str_copy                               0x000184ec   Section        0  at_lib.o(i.str_copy)
    i.str_crc32                              0x000184fe   Section        0  at_lib.o(i.str_crc32)
    i.str_pos                                0x00018518   Section        0  at_lib.o(i.str_pos)
    i.str_scomp                              0x0001852e   Section        0  at_lib.o(i.str_scomp)
    i.tcp_abort                              0x00018548   Section        0  at_tcp.o(i.tcp_abort)
    i.tcp_close                              0x00018598   Section        0  at_tcp.o(i.tcp_close)
    i.tcp_get_buf                            0x00018634   Section        0  at_tcp.o(i.tcp_get_buf)
    i.tcp_get_socket                         0x00018654   Section        0  at_tcp.o(i.tcp_get_socket)
    i.tcp_get_state                          0x000186a0   Section        0  at_tcp.o(i.tcp_get_state)
    i.tcp_init                               0x000186c4   Section        0  at_tcp.o(i.tcp_init)
    i.tcp_listen                             0x000186dc   Section        0  at_tcp.o(i.tcp_listen)
    i.tcp_map_socket                         0x00018748   Section        0  at_tcp.o(i.tcp_map_socket)
    tcp_map_socket                           0x00018749   Thumb Code   146  at_tcp.o(i.tcp_map_socket)
    i.tcp_max_dsize                          0x000187e0   Section        0  at_tcp.o(i.tcp_max_dsize)
    i.tcp_parse_opt                          0x00018804   Section        0  at_tcp.o(i.tcp_parse_opt)
    tcp_parse_opt                            0x00018805   Thumb Code    94  at_tcp.o(i.tcp_parse_opt)
    i.tcp_poll_sockets                       0x00018864   Section        0  at_tcp.o(i.tcp_poll_sockets)
    i.tcp_proc_acknr                         0x00018ae8   Section        0  at_tcp.o(i.tcp_proc_acknr)
    tcp_proc_acknr                           0x00018ae9   Thumb Code   194  at_tcp.o(i.tcp_proc_acknr)
    i.tcp_proc_dupack                        0x00018bb0   Section        0  at_tcp.o(i.tcp_proc_dupack)
    tcp_proc_dupack                          0x00018bb1   Thumb Code    82  at_tcp.o(i.tcp_proc_dupack)
    i.tcp_process                            0x00018c04   Section        0  at_tcp.o(i.tcp_process)
    i.tcp_que_free                           0x0001909c   Section        0  at_tcp.o(i.tcp_que_free)
    tcp_que_free                             0x0001909d   Thumb Code    26  at_tcp.o(i.tcp_que_free)
    i.tcp_que_init                           0x000190b6   Section        0  at_tcp.o(i.tcp_que_init)
    tcp_que_init                             0x000190b7   Thumb Code    26  at_tcp.o(i.tcp_que_init)
    i.tcp_que_resend                         0x000190d0   Section        0  at_tcp.o(i.tcp_que_resend)
    tcp_que_resend                           0x000190d1   Thumb Code   142  at_tcp.o(i.tcp_que_resend)
    i.tcp_send                               0x00019164   Section        0  at_tcp.o(i.tcp_send)
    i.tcp_send_ctrl                          0x00019238   Section        0  at_tcp.o(i.tcp_send_ctrl)
    tcp_send_ctrl                            0x00019239   Thumb Code   106  at_tcp.o(i.tcp_send_ctrl)
    i.tcp_send_data                          0x000192a2   Section        0  at_tcp.o(i.tcp_send_data)
    tcp_send_data                            0x000192a3   Thumb Code    80  at_tcp.o(i.tcp_send_data)
    i.tcp_send_reset                         0x000192f2   Section        0  at_tcp.o(i.tcp_send_reset)
    tcp_send_reset                           0x000192f3   Thumb Code   104  at_tcp.o(i.tcp_send_reset)
    i.tcp_set_cwnd                           0x0001935a   Section        0  at_tcp.o(i.tcp_set_cwnd)
    tcp_set_cwnd                             0x0001935b   Thumb Code    38  at_tcp.o(i.tcp_set_cwnd)
    i.tcp_transit                            0x00019380   Section        0  at_tcp.o(i.tcp_transit)
    tcp_transit                              0x00019381   Thumb Code   100  at_tcp.o(i.tcp_transit)
    i.tcp_write                              0x000193e8   Section        0  at_tcp.o(i.tcp_write)
    tcp_write                                0x000193e9   Thumb Code   190  at_tcp.o(i.tcp_write)
    i.timer_tick                             0x000194ac   Section        0  at_system.o(i.timer_tick)
    i.udp_init                               0x000194c0   Section        0  at_udp.o(i.udp_init)
    i.udp_process                            0x000194d8   Section        0  at_udp.o(i.udp_process)
    i.utc_to_http                            0x00019590   Section        0  at_http.o(i.utc_to_http)
    utc_to_http                              0x00019591   Thumb Code   180  at_http.o(i.utc_to_http)
    .constdata                               0x00019670   Section      144  net_config.o(.constdata)
    .constdata                               0x00019700   Section     1796  web.o(.constdata)
    Web                                      0x00019704   Data        1773  web.o(.constdata)
    .constdata                               0x00019e04   Section     1520  asciilib.o(.constdata)
    AsciiLib                                 0x00019e04   Data        1520  asciilib.o(.constdata)
    .constdata                               0x0001a3f4   Section        6  at_arp.o(.constdata)
    NullAdr                                  0x0001a3f4   Data           6  at_arp.o(.constdata)
    .constdata                               0x0001a3fa   Section        8  at_ip.o(.constdata)
    IP_Localhost                             0x0001a3fe   Data           4  at_ip.o(.constdata)
    .constdata                               0x0001a402   Section      244  at_http.o(.constdata)
    DYear                                    0x0001a402   Data           6  at_http.o(.constdata)
    Month                                    0x0001a408   Data          48  at_http.o(.constdata)
    WkDay                                    0x0001a438   Data          28  at_http.o(.constdata)
    DMonth                                   0x0001a454   Data          24  at_http.o(.constdata)
    ftype                                    0x0001a46c   Data         138  at_http.o(.constdata)
    .constdata                               0x0001a4f6   Section        6  at_ethernet.o(.constdata)
    .constdata                               0x0001a4fc   Section       86  http_err.o(.constdata)
    .constdata                               0x0001a552   Section       81  http_err.o(.constdata)
    .constdata                               0x0001a5a3   Section       78  http_err.o(.constdata)
    .constdata                               0x0001a5f1   Section       75  http_err.o(.constdata)
    .constdata                               0x0001a63c   Section       47  http_err.o(.constdata)
    .constdata                               0x0001a66b   Section      136  http_err.o(.constdata)
    .constdata                               0x0001a6f3   Section      129  ctype_o.o(.constdata)
    .constdata                               0x0001a774   Section        4  ctype_o.o(.constdata)
    table                                    0x0001a774   Data           4  ctype_o.o(.constdata)
    .conststring                             0x0001a778   Section       25  net_config.o(.conststring)
    .data                                    0x10000000   Section       18  main.o(.data)
    .data                                    0x10000012   Section        1  timers.o(.data)
    .data                                    0x10000013   Section       42  net_config.o(.data)
    http_passw                               0x10000029   Data          20  net_config.o(.data)
    .data                                    0x1000003d   Section        1  glcd.o(.data)
    LCD_Code                                 0x1000003d   Data           1  glcd.o(.data)
    .data                                    0x1000003e   Section       36  lut.o(.data)
    .data                                    0x10000064   Section        8  at_arp.o(.data)
    entry                                    0x10000064   Data           1  at_arp.o(.data)
    probe_ip                                 0x10000068   Data           4  at_arp.o(.data)
    .data                                    0x1000006c   Section        4  at_tcp.o(.data)
    socket                                   0x1000006c   Data           1  at_tcp.o(.data)
    no_ack                                   0x1000006d   Data           1  at_tcp.o(.data)
    port                                     0x1000006e   Data           2  at_tcp.o(.data)
    .data                                    0x10000070   Section       12  at_http.o(.data)
    session                                  0x10000070   Data           1  at_http.o(.data)
    cgi                                      0x10000074   Data           8  at_http.o(.data)
    .bss                                     0x1000007c   Section    24048  main.o(.bss)
    .bss                                     0x10005e6c   Section       12  touchpanel.o(.bss)
    .bss                                     0x10005e78   Section       16  at_icmp.o(.bss)
    icmp_control                             0x10005e78   Data          16  at_icmp.o(.bss)
    .bss                                     0x10005e88   Section      132  at_ethernet.o(.bss)
    eth_control                              0x10005e88   Data         132  at_ethernet.o(.bss)
    STACK                                    0x10005f10   Section      512  startup_lpc17xx.o(STACK)
    .data                                    0x2007c000   Section        4  system_lpc17xx.o(.data)
    .data                                    0x2007c004   Section       20  emac_lpc17xx_lan8720.o(.data)
    regv                                     0x2007c008   Data           4  emac_lpc17xx_lan8720.o(.data)
    tout                                     0x2007c00c   Data           4  emac_lpc17xx_lan8720.o(.data)
    id1                                      0x2007c010   Data           4  emac_lpc17xx_lan8720.o(.data)
    id2                                      0x2007c014   Data           4  emac_lpc17xx_lan8720.o(.data)
    .data                                    0x2007c018   Section      444  statechart.o(.data)
    .data                                    0x2007c1d8   Section       76  touchpanel.o(.data)
    screen                                   0x2007c21c   Data           4  touchpanel.o(.data)
    .data                                    0x2007c224   Section       16  anemometro.o(.data)
    .data                                    0x2007c234   Section        8  ldr.o(.data)
    .data                                    0x2007c23c   Section       12  at_ip.o(.data)
    ip_id                                    0x2007c23c   Data           2  at_ip.o(.data)
    ip_control                               0x2007c240   Data           8  at_ip.o(.data)
    .data                                    0x2007c248   Section        4  errno.o(.data)
    _errno                                   0x2007c248   Data           4  errno.o(.data)
    .bss                                     0x2007c24c   Section       23  rtc.o(.bss)
    .bss                                     0x2007c264   Section    13292  net_config.o(.bss)
    mem_pool                                 0x2007c264   Data       12000  net_config.o(.bss)
    arp_table                                0x2007f144   Data         140  net_config.o(.bss)
    udp_scb                                  0x2007f1d0   Data          24  net_config.o(.bss)
    tcp_scb                                  0x2007f1e8   Data         816  net_config.o(.bss)
    http_scb                                 0x2007f518   Data         312  net_config.o(.bss)
    .bss                                     0x2007f650   Section    10852  emac_lpc17xx_lan8720.o(.bss)
    Rx_Desc                                  0x2007f650   Data          32  emac_lpc17xx_lan8720.o(.bss)
    Rx_Stat                                  0x2007f670   Data          32  emac_lpc17xx_lan8720.o(.bss)
    Tx_Desc                                  0x2007f690   Data          24  emac_lpc17xx_lan8720.o(.bss)
    Tx_Stat                                  0x2007f6a8   Data          12  emac_lpc17xx_lan8720.o(.bss)
    rx_buf                                   0x2007f6b4   Data        6144  emac_lpc17xx_lan8720.o(.bss)
    tx_buf                                   0x20080eb4   Data        4608  emac_lpc17xx_lan8720.o(.bss)
    .bss                                     0x200820b4   Section       16  at_mem.o(.bss)
    mem_control                              0x200820b4   Data          16  at_mem.o(.bss)
    .bss                                     0x200820c4   Section       76  at_system.o(.bss)

    Global Symbols

    Symbol Name                              Value     Ov Type        Size  Object(Section)

    BuildAttributes$$THM_ISAv4$P$D$K$B$S$PE$A:L22UL41UL21$X:L11$S22US41US21$IEEE1$IW$USESV6$~STKCKD$USESV7$~SHL$OTIME$ROPI$EBA8$MICROLIB$REQ8$PRES8$EABIv2 0x00000000   Number         0  anon$$obj.o ABSOLUTE
    __ARM_use_no_argv                        0x00000000   Number         0  main.o ABSOLUTE
    __Vectors                                0x00000000   Data           4  startup_lpc17xx.o(RESET)
    _printf_a                                0x00000000   Number         0  stubs.o ABSOLUTE
    _printf_c                                0x00000000   Number         0  stubs.o ABSOLUTE
    _printf_charcount                        0x00000000   Number         0  stubs.o ABSOLUTE
    _printf_d                                0x00000000   Number         0  stubs.o ABSOLUTE
    _printf_e                                0x00000000   Number         0  stubs.o ABSOLUTE
    _printf_f                                0x00000000   Number         0  stubs.o ABSOLUTE
    _printf_flags                            0x00000000   Number         0  stubs.o ABSOLUTE
    _printf_fp_dec                           0x00000000   Number         0  stubs.o ABSOLUTE
    _printf_fp_hex                           0x00000000   Number         0  stubs.o ABSOLUTE
    _printf_g                                0x00000000   Number         0  stubs.o ABSOLUTE
    _printf_i                                0x00000000   Number         0  stubs.o ABSOLUTE
    _printf_int_dec                          0x00000000   Number         0  stubs.o ABSOLUTE
    _printf_l                                0x00000000   Number         0  stubs.o ABSOLUTE
    _printf_lc                               0x00000000   Number         0  stubs.o ABSOLUTE
    _printf_ll                               0x00000000   Number         0  stubs.o ABSOLUTE
    _printf_lld                              0x00000000   Number         0  stubs.o ABSOLUTE
    _printf_lli                              0x00000000   Number         0  stubs.o ABSOLUTE
    _printf_llo                              0x00000000   Number         0  stubs.o ABSOLUTE
    _printf_llu                              0x00000000   Number         0  stubs.o ABSOLUTE
    _printf_llx                              0x00000000   Number         0  stubs.o ABSOLUTE
    _printf_longlong_dec                     0x00000000   Number         0  stubs.o ABSOLUTE
    _printf_longlong_hex                     0x00000000   Number         0  stubs.o ABSOLUTE
    _printf_longlong_oct                     0x00000000   Number         0  stubs.o ABSOLUTE
    _printf_ls                               0x00000000   Number         0  stubs.o ABSOLUTE
    _printf_mbtowc                           0x00000000   Number         0  stubs.o ABSOLUTE
    _printf_n                                0x00000000   Number         0  stubs.o ABSOLUTE
    _printf_o                                0x00000000   Number         0  stubs.o ABSOLUTE
    _printf_p                                0x00000000   Number         0  stubs.o ABSOLUTE
    _printf_percent                          0x00000000   Number         0  stubs.o ABSOLUTE
    _printf_pre_padding                      0x00000000   Number         0  stubs.o ABSOLUTE
    _printf_return_value                     0x00000000   Number         0  stubs.o ABSOLUTE
    _printf_s                                0x00000000   Number         0  stubs.o ABSOLUTE
    _printf_sizespec                         0x00000000   Number         0  stubs.o ABSOLUTE
    _printf_str                              0x00000000   Number         0  stubs.o ABSOLUTE
    _printf_truncate_signed                  0x00000000   Number         0  stubs.o ABSOLUTE
    _printf_truncate_unsigned                0x00000000   Number         0  stubs.o ABSOLUTE
    _printf_u                                0x00000000   Number         0  stubs.o ABSOLUTE
    _printf_wc                               0x00000000   Number         0  stubs.o ABSOLUTE
    _printf_wctomb                           0x00000000   Number         0  stubs.o ABSOLUTE
    _printf_widthprec                        0x00000000   Number         0  stubs.o ABSOLUTE
    _printf_x                                0x00000000   Number         0  stubs.o ABSOLUTE
    __cpp_initialize__aeabi_                  - Undefined Weak Reference
    __cxa_finalize                            - Undefined Weak Reference
    _clock_init                               - Undefined Weak Reference
    _microlib_exit                            - Undefined Weak Reference
    poll_ethernet                             - Undefined Weak Reference
    __main                                   0x000000cd   Thumb Code     0  entry.o(.ARM.Collect$$$$00000000)
    _main_stk                                0x000000cd   Thumb Code     0  entry2.o(.ARM.Collect$$$$00000001)
    _main_scatterload                        0x000000d1   Thumb Code     0  entry5.o(.ARM.Collect$$$$00000004)
    __main_after_scatterload                 0x000000d5   Thumb Code     0  entry5.o(.ARM.Collect$$$$00000004)
    _main_clock                              0x000000d5   Thumb Code     0  entry7b.o(.ARM.Collect$$$$00000008)
    _main_cpp_init                           0x000000d5   Thumb Code     0  entry8b.o(.ARM.Collect$$$$0000000A)
    _main_init                               0x000000d5   Thumb Code     0  entry9a.o(.ARM.Collect$$$$0000000B)
    __rt_final_cpp                           0x000000dd   Thumb Code     0  entry10a.o(.ARM.Collect$$$$0000000D)
    __rt_final_exit                          0x000000dd   Thumb Code     0  entry11a.o(.ARM.Collect$$$$0000000F)
    Reset_Handler                            0x000000e1   Thumb Code     8  startup_lpc17xx.o(.text)
    NMI_Handler                              0x000000e9   Thumb Code     2  startup_lpc17xx.o(.text)
    HardFault_Handler                        0x000000eb   Thumb Code     2  startup_lpc17xx.o(.text)
    MemManage_Handler                        0x000000ed   Thumb Code     2  startup_lpc17xx.o(.text)
    BusFault_Handler                         0x000000ef   Thumb Code     2  startup_lpc17xx.o(.text)
    UsageFault_Handler                       0x000000f1   Thumb Code     2  startup_lpc17xx.o(.text)
    SVC_Handler                              0x000000f3   Thumb Code     2  startup_lpc17xx.o(.text)
    DebugMon_Handler                         0x000000f5   Thumb Code     2  startup_lpc17xx.o(.text)
    PendSV_Handler                           0x000000f7   Thumb Code     2  startup_lpc17xx.o(.text)
    BOD_IRQHandler                           0x000000fb   Thumb Code     0  startup_lpc17xx.o(.text)
    CANActivity_IRQHandler                   0x000000fb   Thumb Code     0  startup_lpc17xx.o(.text)
    CAN_IRQHandler                           0x000000fb   Thumb Code     0  startup_lpc17xx.o(.text)
    DMA_IRQHandler                           0x000000fb   Thumb Code     0  startup_lpc17xx.o(.text)
    EINT0_IRQHandler                         0x000000fb   Thumb Code     0  startup_lpc17xx.o(.text)
    EINT1_IRQHandler                         0x000000fb   Thumb Code     0  startup_lpc17xx.o(.text)
    EINT2_IRQHandler                         0x000000fb   Thumb Code     0  startup_lpc17xx.o(.text)
    EINT3_IRQHandler                         0x000000fb   Thumb Code     0  startup_lpc17xx.o(.text)
    I2C0_IRQHandler                          0x000000fb   Thumb Code     0  startup_lpc17xx.o(.text)
    I2C1_IRQHandler                          0x000000fb   Thumb Code     0  startup_lpc17xx.o(.text)
    I2C2_IRQHandler                          0x000000fb   Thumb Code     0  startup_lpc17xx.o(.text)
    I2S_IRQHandler                           0x000000fb   Thumb Code     0  startup_lpc17xx.o(.text)
    MCPWM_IRQHandler                         0x000000fb   Thumb Code     0  startup_lpc17xx.o(.text)
    PLL0_IRQHandler                          0x000000fb   Thumb Code     0  startup_lpc17xx.o(.text)
    PLL1_IRQHandler                          0x000000fb   Thumb Code     0  startup_lpc17xx.o(.text)
    PWM1_IRQHandler                          0x000000fb   Thumb Code     0  startup_lpc17xx.o(.text)
    QEI_IRQHandler                           0x000000fb   Thumb Code     0  startup_lpc17xx.o(.text)
    RIT_IRQHandler                           0x000000fb   Thumb Code     0  startup_lpc17xx.o(.text)
    SPI_IRQHandler                           0x000000fb   Thumb Code     0  startup_lpc17xx.o(.text)
    SSP0_IRQHandler                          0x000000fb   Thumb Code     0  startup_lpc17xx.o(.text)
    SSP1_IRQHandler                          0x000000fb   Thumb Code     0  startup_lpc17xx.o(.text)
    TIMER3_IRQHandler                        0x000000fb   Thumb Code     0  startup_lpc17xx.o(.text)
    UART0_IRQHandler                         0x000000fb   Thumb Code     0  startup_lpc17xx.o(.text)
    UART1_IRQHandler                         0x000000fb   Thumb Code     0  startup_lpc17xx.o(.text)
    UART2_IRQHandler                         0x000000fb   Thumb Code     0  startup_lpc17xx.o(.text)
    UART3_IRQHandler                         0x000000fb   Thumb Code     0  startup_lpc17xx.o(.text)
    USBActivity_IRQHandler                   0x000000fb   Thumb Code     0  startup_lpc17xx.o(.text)
    USB_IRQHandler                           0x000000fb   Thumb Code     0  startup_lpc17xx.o(.text)
    WDT_IRQHandler                           0x000000fb   Thumb Code     0  startup_lpc17xx.o(.text)
    __configuraPrograma__                    0x00000105   Thumb Code   170  configura.o(.text)
    main                                     0x000001dd   Thumb Code    16  main.o(.text)
    alimentaWDT                              0x000001ed   Thumb Code    12  wdt.o(.text)
    __configuraWDT__                         0x000001f9   Thumb Code    24  wdt.o(.text)
    __configuraWEB__                         0x00000215   Thumb Code     8  http_source.o(.text)
    __mantenerTCP__                          0x0000021d   Thumb Code     8  http_source.o(.text)
    sys_error                                0x00000225   Thumb Code    36  net_config.o(.text)
    init_system                              0x00000249   Thumb Code    34  net_config.o(.text)
    run_system                               0x0000026b   Thumb Code    26  net_config.o(.text)
    igmp_is_member                           0x00000285   Thumb Code     4  net_config.o(.text)
    igmp_process                             0x00000289   Thumb Code     2  net_config.o(.text)
    dhcp_disable                             0x0000028b   Thumb Code     2  net_config.o(.text)
    ppp_send_frame                           0x0000028d   Thumb Code     4  net_config.o(.text)
    slip_send_frame                          0x00000291   Thumb Code     4  net_config.o(.text)
    sntp_get_time                            0x00000295   Thumb Code     4  net_config.o(.text)
    __configuraUVA30A__                      0x00000299   Thumb Code    36  uva30a.o(.text)
    GetASCIICode                             0x000002c5   Thumb Code    26  asciilib.o(.text)
    check_failed                             0x000002e5   Thumb Code     4  lpc17xx_libcfg_default.o(.text)
    strlen                                   0x000002e9   Thumb Code    14  strlen.o(.text)
    __I$use$fp                               0x000002f7   Thumb Code     0  iusefp.o(.text)
    __scatterload_null                       0x000002f7   Thumb Code     2  handlers.o(i.__scatterload_null)
    cgx_content_type                         0x000002f9   Thumb Code     4  at_http.o(i.cgx_content_type)
    SystemCoreClockUpdate                    0x00000301   Thumb Code   424  system_lpc17xx.o(.text)
    __RL_TCP_VER                             0x00000472   Number         0  at_system.o ABSOLUTE
    SystemInit                               0x000004a9   Thumb Code   290  system_lpc17xx.o(.text)
    __configuraPWM__                         0x00000619   Thumb Code   384  pwm.o(.text)
    modificaPulso                            0x00000799   Thumb Code   240  pwm.o(.text)
    __configuraRTC__                         0x000008b9   Thumb Code   164  rtc.o(.text)
    RTC_IRQHandler                           0x0000095d   Thumb Code    72  rtc.o(.text)
    __configuraSysTick__                     0x00000a15   Thumb Code    80  timers.o(.text)
    __configuraTimer0__                      0x00000a65   Thumb Code    80  timers.o(.text)
    TIMER0_IRQHandler                        0x00000ab5   Thumb Code   288  timers.o(.text)
    SysTick_Handler                          0x00000bd5   Thumb Code     8  timers.o(.text)
    TIMER2_IRQHandler                        0x00000bdd   Thumb Code   100  timers.o(.text)
    cgi_process_var                          0x00000c91   Thumb Code     2  http_cgi.o(.text)
    cgi_process_data                         0x00000c93   Thumb Code     2  http_cgi.o(.text)
    cgi_func                                 0x00000c95   Thumb Code   482  http_cgi.o(.text)
    int_enable_eth                           0x00000ec1   Thumb Code    24  emac_lpc17xx_lan8720.o(.text)
    int_disable_eth                          0x00000ed9   Thumb Code    18  emac_lpc17xx_lan8720.o(.text)
    setMac                                   0x00000eeb   Thumb Code   182  emac_lpc17xx_lan8720.o(.text)
    init_ethernet                            0x000010b1   Thumb Code   724  emac_lpc17xx_lan8720.o(.text)
    send_frame                               0x00001385   Thumb Code    70  emac_lpc17xx_lan8720.o(.text)
    ENET_IRQHandler                          0x000013cb   Thumb Code   156  emac_lpc17xx_lan8720.o(.text)
    zoneNewPressed                           0x00001491   Thumb Code    80  statechart.o(.text)
    squareButton                             0x000014e1   Thumb Code   226  statechart.o(.text)
    __pintaAjustes__                         0x000015c3   Thumb Code   284  statechart.o(.text)
    __pintaMedidas2__                        0x000016df   Thumb Code   252  statechart.o(.text)
    __pintaMedidas1__                        0x000017db   Thumb Code   708  statechart.o(.text)
    __pintaInicio__                          0x00001a9f   Thumb Code   264  statechart.o(.text)
    checkTouchPanel                          0x00001ba7   Thumb Code    36  statechart.o(.text)
    __mainLoop__                             0x00001bcb   Thumb Code   988  statechart.o(.text)
    __configuraLCD__                         0x00001fa7   Thumb Code    12  statechart.o(.text)
    TP_Init                                  0x00001fe5   Thumb Code   176  touchpanel.o(.text)
    Read_X                                   0x00002115   Thumb Code    42  touchpanel.o(.text)
    Read_Y                                   0x0000213f   Thumb Code    42  touchpanel.o(.text)
    TP_GetAdXY                               0x00002169   Thumb Code    34  touchpanel.o(.text)
    TP_DrawPoint                             0x0000218b   Thumb Code    64  touchpanel.o(.text)
    DrawCross                                0x000021cb   Thumb Code   356  touchpanel.o(.text)
    Read_Ads7846                             0x0000232f   Thumb Code   520  touchpanel.o(.text)
    setCalibrationMatrix                     0x00002537   Thumb Code   356  touchpanel.o(.text)
    getDisplayPoint                          0x0000269b   Thumb Code   238  touchpanel.o(.text)
    TouchPanel_Calibrate                     0x00002789   Thumb Code   108  touchpanel.o(.text)
    __configuraAnemometro__                  0x00002829   Thumb Code   140  anemometro.o(.text)
    TIMER1_IRQHandler                        0x000028b5   Thumb Code   188  anemometro.o(.text)
    __configuraLDR__                         0x000029a1   Thumb Code   124  ldr.o(.text)
    ADC_IRQHandler                           0x00002a1d   Thumb Code   206  ldr.o(.text)
    __configuraDAC__                         0x00002b21   Thumb Code   110  dac.o(.text)
    escribirEnDac                            0x00002b8f   Thumb Code    36  dac.o(.text)
    activarDac                               0x00002bb3   Thumb Code    24  dac.o(.text)
    LCD_Initializtion                        0x00002c37   Thumb Code 63088  glcd.o(.text)
    LCD_Clear                                0x000122a7   Thumb Code  2744  glcd.o(.text)
    LCD_GetPoint                             0x00012d79   Thumb Code  2218  glcd.o(.text)
    LCD_SetPoint                             0x00013623   Thumb Code  1304  glcd.o(.text)
    LCD_DrawLine                             0x00013b3b   Thumb Code   250  glcd.o(.text)
    PutChar                                  0x00013c35   Thumb Code   100  glcd.o(.text)
    GUI_Text                                 0x00013c99   Thumb Code    80  glcd.o(.text)
    SSP_Init                                 0x00013d6f   Thumb Code   100  lpc17xx_ssp.o(.text)
    SSP_DeInit                               0x00013dd3   Thumb Code    60  lpc17xx_ssp.o(.text)
    SSP_GetDataSize                          0x00013e0f   Thumb Code    34  lpc17xx_ssp.o(.text)
    SSP_ConfigStructInit                     0x00013e31   Thumb Code    22  lpc17xx_ssp.o(.text)
    SSP_Cmd                                  0x00013e47   Thumb Code    68  lpc17xx_ssp.o(.text)
    SSP_LoopBackCmd                          0x00013e8b   Thumb Code    68  lpc17xx_ssp.o(.text)
    SSP_SlaveOutputCmd                       0x00013ecf   Thumb Code    72  lpc17xx_ssp.o(.text)
    SSP_SendData                             0x00013f17   Thumb Code    36  lpc17xx_ssp.o(.text)
    SSP_ReceiveData                          0x00013f3b   Thumb Code    34  lpc17xx_ssp.o(.text)
    SSP_ReadWrite                            0x00013f5d   Thumb Code   604  lpc17xx_ssp.o(.text)
    SSP_GetStatus                            0x000141b9   Thumb Code    80  lpc17xx_ssp.o(.text)
    SSP_IntConfig                            0x00014209   Thumb Code    58  lpc17xx_ssp.o(.text)
    SSP_GetRawIntStatus                      0x00014243   Thumb Code    76  lpc17xx_ssp.o(.text)
    SSP_GetRawIntStatusReg                   0x0001428f   Thumb Code    34  lpc17xx_ssp.o(.text)
    SSP_GetIntStatus                         0x000142b1   Thumb Code    76  lpc17xx_ssp.o(.text)
    SSP_ClearIntPending                      0x000142fd   Thumb Code    58  lpc17xx_ssp.o(.text)
    SSP_DMACmd                               0x00014337   Thumb Code   100  lpc17xx_ssp.o(.text)
    PINSEL_ConfigTraceFunc                   0x0001444b   Thumb Code    34  lpc17xx_pinsel.o(.text)
    PINSEL_SetI2C0Pins                       0x0001446d   Thumb Code    16  lpc17xx_pinsel.o(.text)
    PINSEL_ConfigPin                         0x0001447d   Thumb Code    36  lpc17xx_pinsel.o(.text)
    GPIO_SetDir                              0x00014541   Thumb Code    40  lpc17xx_gpio.o(.text)
    GPIO_SetValue                            0x00014569   Thumb Code    20  lpc17xx_gpio.o(.text)
    GPIO_ClearValue                          0x0001457d   Thumb Code    20  lpc17xx_gpio.o(.text)
    GPIO_ReadValue                           0x00014591   Thumb Code    22  lpc17xx_gpio.o(.text)
    GPIO_IntCmd                              0x000145a7   Thumb Code    54  lpc17xx_gpio.o(.text)
    GPIO_GetIntStatus                        0x000145dd   Thumb Code    86  lpc17xx_gpio.o(.text)
    GPIO_ClearInt                            0x00014633   Thumb Code    24  lpc17xx_gpio.o(.text)
    FIO_SetDir                               0x0001464b   Thumb Code    20  lpc17xx_gpio.o(.text)
    FIO_SetValue                             0x0001465f   Thumb Code    16  lpc17xx_gpio.o(.text)
    FIO_ClearValue                           0x0001466f   Thumb Code    16  lpc17xx_gpio.o(.text)
    FIO_ReadValue                            0x0001467f   Thumb Code    12  lpc17xx_gpio.o(.text)
    FIO_IntCmd                               0x0001468b   Thumb Code    20  lpc17xx_gpio.o(.text)
    FIO_GetIntStatus                         0x0001469f   Thumb Code    20  lpc17xx_gpio.o(.text)
    FIO_ClearInt                             0x000146b3   Thumb Code    16  lpc17xx_gpio.o(.text)
    FIO_SetMask                              0x000146c3   Thumb Code    40  lpc17xx_gpio.o(.text)
    FIO_HalfWordSetDir                       0x000146eb   Thumb Code    62  lpc17xx_gpio.o(.text)
    FIO_HalfWordSetMask                      0x00014729   Thumb Code    62  lpc17xx_gpio.o(.text)
    FIO_HalfWordSetValue                     0x00014767   Thumb Code    32  lpc17xx_gpio.o(.text)
    FIO_HalfWordClearValue                   0x00014787   Thumb Code    32  lpc17xx_gpio.o(.text)
    FIO_HalfWordReadValue                    0x000147a7   Thumb Code    30  lpc17xx_gpio.o(.text)
    FIO_ByteSetDir                           0x000147c5   Thumb Code    50  lpc17xx_gpio.o(.text)
    FIO_ByteSetMask                          0x000147f7   Thumb Code    66  lpc17xx_gpio.o(.text)
    FIO_ByteSetValue                         0x00014839   Thumb Code    34  lpc17xx_gpio.o(.text)
    FIO_ByteClearValue                       0x0001485b   Thumb Code    34  lpc17xx_gpio.o(.text)
    FIO_ByteReadValue                        0x0001487d   Thumb Code    76  lpc17xx_gpio.o(.text)
    CLKPWR_SetPCLKDiv                        0x000148c9   Thumb Code   106  lpc17xx_clkpwr.o(.text)
    CLKPWR_GetPCLKSEL                        0x00014933   Thumb Code    32  lpc17xx_clkpwr.o(.text)
    CLKPWR_GetPCLK                           0x00014953   Thumb Code    58  lpc17xx_clkpwr.o(.text)
    CLKPWR_ConfigPPWR                        0x0001498d   Thumb Code    50  lpc17xx_clkpwr.o(.text)
    CLKPWR_Sleep                             0x000149bf   Thumb Code    10  lpc17xx_clkpwr.o(.text)
    CLKPWR_DeepSleep                         0x000149c9   Thumb Code    16  lpc17xx_clkpwr.o(.text)
    CLKPWR_PowerDown                         0x000149d9   Thumb Code    16  lpc17xx_clkpwr.o(.text)
    CLKPWR_DeepPowerDown                     0x000149e9   Thumb Code    16  lpc17xx_clkpwr.o(.text)
    goto_LUT                                 0x00014a19   Thumb Code   156  lut.o(.text)
    __aeabi_uldivmod                         0x00014ac1   Thumb Code    98  uldiv.o(.text)
    __aeabi_memcpy                           0x00014b23   Thumb Code    36  memcpya.o(.text)
    __aeabi_memcpy4                          0x00014b23   Thumb Code     0  memcpya.o(.text)
    __aeabi_memcpy8                          0x00014b23   Thumb Code     0  memcpya.o(.text)
    __aeabi_memset                           0x00014b47   Thumb Code    14  memseta.o(.text)
    __aeabi_memset4                          0x00014b47   Thumb Code     0  memseta.o(.text)
    __aeabi_memset8                          0x00014b47   Thumb Code     0  memseta.o(.text)
    __aeabi_memclr                           0x00014b55   Thumb Code     4  memseta.o(.text)
    __aeabi_memclr4                          0x00014b55   Thumb Code     0  memseta.o(.text)
    __aeabi_memclr8                          0x00014b55   Thumb Code     0  memseta.o(.text)
    _memset$wrapper                          0x00014b59   Thumb Code    18  memseta.o(.text)
    strcmp                                   0x00014b6b   Thumb Code    28  strcmp.o(.text)
    atoi                                     0x00014b87   Thumb Code    26  atoi.o(.text)
    __aeabi_fadd                             0x00014ba1   Thumb Code   164  fadd.o(.text)
    __aeabi_fsub                             0x00014c45   Thumb Code     6  fadd.o(.text)
    __aeabi_frsub                            0x00014c4b   Thumb Code     6  fadd.o(.text)
    __aeabi_fmul                             0x00014c51   Thumb Code   108  fmul.o(.text)
    __aeabi_fdiv                             0x00014cbd   Thumb Code   128  fdiv.o(.text)
    __aeabi_dadd                             0x00014d3d   Thumb Code   322  dadd.o(.text)
    __aeabi_dsub                             0x00014e7f   Thumb Code     6  dadd.o(.text)
    __aeabi_drsub                            0x00014e85   Thumb Code     6  dadd.o(.text)
    __aeabi_dmul                             0x00014e8b   Thumb Code   228  dmul.o(.text)
    __aeabi_ddiv                             0x00014f6f   Thumb Code   222  ddiv.o(.text)
    __aeabi_i2f                              0x0001504d   Thumb Code    18  fflti.o(.text)
    __aeabi_ui2f                             0x0001505f   Thumb Code    10  ffltui.o(.text)
    __aeabi_i2d                              0x00015069   Thumb Code    34  dflti.o(.text)
    __aeabi_ui2d                             0x0001508b   Thumb Code    26  dfltui.o(.text)
    __aeabi_f2uiz                            0x000150a5   Thumb Code    40  ffixui.o(.text)
    __aeabi_d2uiz                            0x000150cd   Thumb Code    50  dfixui.o(.text)
    __aeabi_f2d                              0x000150ff   Thumb Code    38  f2d.o(.text)
    __aeabi_cdcmpeq                          0x00015125   Thumb Code     0  cdcmple.o(.text)
    __aeabi_cdcmple                          0x00015125   Thumb Code    38  cdcmple.o(.text)
    __aeabi_d2f                              0x0001514d   Thumb Code    56  d2f.o(.text)
    __aeabi_cfcmpeq                          0x00015185   Thumb Code     0  cfcmple.o(.text)
    __aeabi_cfcmple                          0x00015185   Thumb Code    20  cfcmple.o(.text)
    __aeabi_uidiv                            0x00015199   Thumb Code     0  uidiv.o(.text)
    __aeabi_uidivmod                         0x00015199   Thumb Code    44  uidiv.o(.text)
    __aeabi_llsl                             0x000151c5   Thumb Code    30  llshl.o(.text)
    _ll_shift_l                              0x000151c5   Thumb Code     0  llshl.o(.text)
    __aeabi_llsr                             0x000151e3   Thumb Code    32  llushr.o(.text)
    _ll_ushift_r                             0x000151e3   Thumb Code     0  llushr.o(.text)
    __aeabi_lasr                             0x00015203   Thumb Code    36  llsshr.o(.text)
    _ll_sshift_r                             0x00015203   Thumb Code     0  llsshr.o(.text)
    strtol                                   0x00015227   Thumb Code   112  strtol.o(.text)
    _float_round                             0x00015297   Thumb Code    18  fepilogue.o(.text)
    _float_epilogue                          0x000152a9   Thumb Code    90  fepilogue.o(.text)
    _double_round                            0x00015303   Thumb Code    26  depilogue.o(.text)
    _double_epilogue                         0x0001531d   Thumb Code   164  depilogue.o(.text)
    __aeabi_d2ulz                            0x000153c1   Thumb Code    48  dfixul.o(.text)
    __aeabi_cdrcmple                         0x000153f1   Thumb Code    38  cdrcmple.o(.text)
    __scatterload                            0x00015419   Thumb Code    28  init.o(.text)
    __scatterload_rt2                        0x00015419   Thumb Code     0  init.o(.text)
    __rt_ctype_table                         0x0001543d   Thumb Code     4  ctype_o.o(.text)
    _strtoul                                 0x00015445   Thumb Code   158  _strtoul.o(.text)
    _chval                                   0x000154e3   Thumb Code    28  _chval.o(.text)
    __decompress                             0x000154ff   Thumb Code     0  __dczerorl2.o(.text)
    __decompress1                            0x000154ff   Thumb Code    92  __dczerorl2.o(.text)
    __0sprintf                               0x0001555d   Thumb Code    34  printfa.o(i.__0sprintf)
    __1sprintf                               0x0001555d   Thumb Code     0  printfa.o(i.__0sprintf)
    __2sprintf                               0x0001555d   Thumb Code     0  printfa.o(i.__0sprintf)
    __c89sprintf                             0x0001555d   Thumb Code     0  printfa.o(i.__0sprintf)
    sprintf                                  0x0001555d   Thumb Code     0  printfa.o(i.__0sprintf)
    __aeabi_errno_addr                       0x00015585   Thumb Code     4  errno.o(i.__aeabi_errno_addr)
    __rt_errno_addr                          0x00015585   Thumb Code     0  errno.o(i.__aeabi_errno_addr)
    __scatterload_copy                       0x0001558d   Thumb Code    14  handlers.o(i.__scatterload_copy)
    __scatterload_zeroinit                   0x0001559b   Thumb Code    14  handlers.o(i.__scatterload_zeroinit)
    alloc_mem                                0x00015e89   Thumb Code   174  at_mem.o(i.alloc_mem)
    arp_cache_add                            0x00015f41   Thumb Code   174  at_arp.o(i.arp_cache_add)
    arp_cache_early                          0x00016081   Thumb Code   142  at_arp.o(i.arp_cache_early)
    arp_cache_find                           0x00016119   Thumb Code   168  at_arp.o(i.arp_cache_find)
    arp_cache_update                         0x000161cd   Thumb Code   228  at_arp.o(i.arp_cache_update)
    arp_init                                 0x000162c1   Thumb Code    34  at_arp.o(i.arp_init)
    arp_notify                               0x00016321   Thumb Code    26  at_arp.o(i.arp_notify)
    arp_process                              0x000163d1   Thumb Code   294  at_arp.o(i.arp_process)
    avail_mem                                0x00016661   Thumb Code    22  at_mem.o(i.avail_mem)
    b64_to_asc                               0x0001667d   Thumb Code   120  at_lib.o(i.b64_to_asc)
    calc_chksum16be                          0x000166f5   Thumb Code    18  at_lib.o(i.calc_chksum16be)
    chksum16_buf                             0x000168d5   Thumb Code    40  at_lib.o(i.chksum16_buf)
    chksum16_val                             0x000168fd   Thumb Code    10  at_lib.o(i.chksum16_val)
    eth_chk_adr                              0x0001694d   Thumb Code    10  at_ethernet.o(i.eth_chk_adr)
    eth_init_link                            0x0001695d   Thumb Code    40  at_ethernet.o(i.eth_init_link)
    eth_run_link                             0x00016991   Thumb Code   194  at_ethernet.o(i.eth_run_link)
    eth_send_frame                           0x00016a65   Thumb Code   150  at_ethernet.o(i.eth_send_frame)
    free_mem                                 0x00016b0d   Thumb Code   124  at_mem.o(i.free_mem)
    get_rnd32                                0x00016c7d   Thumb Code    18  at_system.o(i.get_rnd32)
    http_accept_host                         0x00016c99   Thumb Code     4  at_http.o(i.http_accept_host)
    http_check_account                       0x00016f59   Thumb Code     4  at_http.o(i.http_check_account)
    http_fclose                              0x000170e5   Thumb Code     2  at_http_uif.o(i.http_fclose)
    http_fgets                               0x000170e7   Thumb Code     4  at_http_uif.o(i.http_fgets)
    http_file_access                         0x000170eb   Thumb Code     4  at_http.o(i.http_file_access)
    http_finfo                               0x000170ef   Thumb Code     4  at_http_uif.o(i.http_finfo)
    http_fopen                               0x000170f3   Thumb Code     4  at_http_uif.o(i.http_fopen)
    http_fread                               0x000170f7   Thumb Code     4  at_http_uif.o(i.http_fread)
    http_init                                0x000170fd   Thumb Code    72  at_http.o(i.http_init)
    http_run_server                          0x000178b9   Thumb Code   816  at_http.o(i.http_run_server)
    icmp_init                                0x00017cbd   Thumb Code    10  at_icmp.o(i.icmp_init)
    icmp_process                             0x00017ccd   Thumb Code   198  at_icmp.o(i.icmp_process)
    icmp_run_engine                          0x00017d99   Thumb Code    58  at_icmp.o(i.icmp_run_engine)
    ifree_mem                                0x00017e51   Thumb Code    48  at_mem.o(i.ifree_mem)
    init_TcpNet                              0x00017e89   Thumb Code    38  at_system.o(i.init_TcpNet)
    init_mem                                 0x00017eb9   Thumb Code    86  at_mem.o(i.init_mem)
    ip_chk_frame                             0x00017f19   Thumb Code   190  at_ip.o(i.ip_chk_frame)
    ip_get_locadr                            0x00017fed   Thumb Code   166  at_ip.o(i.ip_get_locadr)
    ip_init                                  0x000180a5   Thumb Code     8  at_ip.o(i.ip_init)
    ip_run_local                             0x000180b1   Thumb Code    82  at_ip.o(i.ip_run_local)
    ip_send_frame                            0x0001810d   Thumb Code   328  at_ip.o(i.ip_send_frame)
    is_subnet                                0x0001825d   Thumb Code    20  at_lib.o(i.is_subnet)
    main_TcpNet                              0x00018271   Thumb Code    86  at_system.o(i.main_TcpNet)
    mem_comp                                 0x000182d5   Thumb Code    24  at_lib.o(i.mem_comp)
    mem_copy                                 0x000182ed   Thumb Code    22  at_lib.o(i.mem_copy)
    mem_crc32                                0x00018303   Thumb Code    32  at_lib.o(i.mem_crc32)
    mem_set                                  0x00018323   Thumb Code    10  at_lib.o(i.mem_set)
    mem_test                                 0x0001832d   Thumb Code    20  at_lib.o(i.mem_test)
    nrd_u32be                                0x00018341   Thumb Code    22  at_lib.o(i.nrd_u32be)
    nwr_u32be                                0x00018357   Thumb Code    16  at_lib.o(i.nwr_u32be)
    put_in_queue                             0x00018391   Thumb Code    36  at_ethernet.o(i.put_in_queue)
    resize_mem                               0x00018459   Thumb Code    68  at_mem.o(i.resize_mem)
    str_copy                                 0x000184ed   Thumb Code    18  at_lib.o(i.str_copy)
    str_crc32                                0x000184ff   Thumb Code    26  at_lib.o(i.str_crc32)
    str_pos                                  0x00018519   Thumb Code    22  at_lib.o(i.str_pos)
    str_scomp                                0x0001852f   Thumb Code    26  at_lib.o(i.str_scomp)
    tcp_abort                                0x00018549   Thumb Code    76  at_tcp.o(i.tcp_abort)
    tcp_close                                0x00018599   Thumb Code   150  at_tcp.o(i.tcp_close)
    tcp_get_buf                              0x00018635   Thumb Code    32  at_tcp.o(i.tcp_get_buf)
    tcp_get_socket                           0x00018655   Thumb Code    70  at_tcp.o(i.tcp_get_socket)
    tcp_get_state                            0x000186a1   Thumb Code    32  at_tcp.o(i.tcp_get_state)
    tcp_init                                 0x000186c5   Thumb Code    18  at_tcp.o(i.tcp_init)
    tcp_listen                               0x000186dd   Thumb Code   102  at_tcp.o(i.tcp_listen)
    tcp_max_dsize                            0x000187e1   Thumb Code    30  at_tcp.o(i.tcp_max_dsize)
    tcp_poll_sockets                         0x00018865   Thumb Code   630  at_tcp.o(i.tcp_poll_sockets)
    tcp_process                              0x00018c05   Thumb Code  1164  at_tcp.o(i.tcp_process)
    tcp_send                                 0x00019165   Thumb Code   204  at_tcp.o(i.tcp_send)
    timer_tick                               0x000194ad   Thumb Code    14  at_system.o(i.timer_tick)
    udp_init                                 0x000194c1   Thumb Code    18  at_udp.o(i.udp_init)
    udp_process                              0x000194d9   Thumb Code   178  at_udp.o(i.udp_process)
    nlocalm                                  0x00019670   Data          60  net_config.o(.constdata)
    sys_config                               0x000196ac   Data          16  net_config.o(.constdata)
    arp_config                               0x000196bc   Data          12  net_config.o(.constdata)
    udp_config                               0x000196c8   Data           8  net_config.o(.constdata)
    tcp_config                               0x000196d0   Data          24  net_config.o(.constdata)
    http_config                              0x000196e8   Data          24  net_config.o(.constdata)
    FileMD                                   0x00019700   Data           4  web.o(.constdata)
    FileTab                                  0x00019df4   Data          16  web.o(.constdata)
    IP_Broadcast                             0x0001a3fa   Data           4  at_ip.o(.constdata)
    MAC_Broadcast                            0x0001a4f6   Data           6  at_ethernet.o(.constdata)
    http_err_401                             0x0001a4fc   Data          86  http_err.o(.constdata)
    http_err_403                             0x0001a552   Data          81  http_err.o(.constdata)
    http_err_404                             0x0001a5a3   Data          78  http_err.o(.constdata)
    http_err_501                             0x0001a5f1   Data          75  http_err.o(.constdata)
    http_err_head                            0x0001a63c   Data          47  http_err.o(.constdata)
    http_err_foot                            0x0001a66b   Data         136  http_err.o(.constdata)
    __ctype_table                            0x0001a6f3   Data         129  ctype_o.o(.constdata)
    Region$$Table$$Base                      0x0001a794   Number         0  anon$$obj.o(Region$$Table)
    Region$$Table$$Limit                     0x0001a7d4   Number         0  anon$$obj.o(Region$$Table)
    DATOS                                    0x10000000   Data           4  main.o(.data)
    ESTADO                                   0x10000004   Data           4  main.o(.data)
    COUNTERS                                 0x10000008   Data           4  main.o(.data)
    ACTUALIZADOR                             0x1000000c   Data           4  main.o(.data)
    objESTADO                                0x10000010   Data           1  main.o(.data)
    objACTUALIZADOR                          0x10000011   Data           1  main.o(.data)
    TIM0_ticks                               0x10000012   Data           1  timers.o(.data)
    lhost_name                               0x10000013   Data          16  net_config.o(.data)
    own_hw_adr                               0x10000023   Data           6  net_config.o(.data)
    Brillo2ciclo_LDR                         0x1000003e   Data          14  lut.o(.data)
    Brillo_LDR                               0x1000004c   Data          22  lut.o(.data)
    objDATOS                                 0x1000007c   Data          36  main.o(.bss)
    objCOUNTERS                              0x100000a0   Data          12  main.o(.bss)
    AUDIO                                    0x100000ac   Data       24000  main.o(.bss)
    ScreenSample                             0x10005e6c   Data          12  touchpanel.o(.bss)
    __initial_sp                             0x10006110   Data           0  startup_lpc17xx.o(STACK)
    SystemCoreClock                          0x2007c000   Data           4  system_lpc17xx.o(.data)
    iap_entry                                0x2007c004   Data           4  emac_lpc17xx_lan8720.o(.data)
    __brilloAuto                             0x2007c018   Data           1  statechart.o(.data)
    zona_0                                   0x2007c01a   Data          10  statechart.o(.data)
    zona_1                                   0x2007c024   Data          10  statechart.o(.data)
    zona_2                                   0x2007c02e   Data          10  statechart.o(.data)
    zona_3                                   0x2007c038   Data          10  statechart.o(.data)
    zona_4                                   0x2007c042   Data          10  statechart.o(.data)
    zona_5                                   0x2007c04c   Data          10  statechart.o(.data)
    zona_6                                   0x2007c056   Data          10  statechart.o(.data)
    zona_7                                   0x2007c060   Data          10  statechart.o(.data)
    zona_8                                   0x2007c06a   Data          10  statechart.o(.data)
    zona_9                                   0x2007c074   Data          10  statechart.o(.data)
    zona_10                                  0x2007c07e   Data          10  statechart.o(.data)
    zona_11                                  0x2007c088   Data          10  statechart.o(.data)
    zona_12                                  0x2007c092   Data          10  statechart.o(.data)
    zona_13                                  0x2007c09c   Data          10  statechart.o(.data)
    zona_14                                  0x2007c0a6   Data          10  statechart.o(.data)
    zona_15                                  0x2007c0b0   Data          10  statechart.o(.data)
    zona_16                                  0x2007c0ba   Data          10  statechart.o(.data)
    zona_17                                  0x2007c0c4   Data          10  statechart.o(.data)
    zona_18                                  0x2007c0ce   Data          10  statechart.o(.data)
    zona_19                                  0x2007c0d8   Data          10  statechart.o(.data)
    zona_20                                  0x2007c0e2   Data          10  statechart.o(.data)
    zona_21                                  0x2007c0ec   Data          10  statechart.o(.data)
    zona_22                                  0x2007c0f6   Data          10  statechart.o(.data)
    zona_23                                  0x2007c100   Data          10  statechart.o(.data)
    zona_24                                  0x2007c10a   Data          10  statechart.o(.data)
    zona_25                                  0x2007c114   Data          10  statechart.o(.data)
    zona_26                                  0x2007c11e   Data          10  statechart.o(.data)
    zona_27                                  0x2007c128   Data          10  statechart.o(.data)
    zona_28                                  0x2007c132   Data          10  statechart.o(.data)
    zona_29                                  0x2007c13c   Data          10  statechart.o(.data)
    zona_30                                  0x2007c146   Data          10  statechart.o(.data)
    zona_31                                  0x2007c150   Data          10  statechart.o(.data)
    zona_27m                                 0x2007c15a   Data          10  statechart.o(.data)
    zona_28m                                 0x2007c164   Data          10  statechart.o(.data)
    zona_29m                                 0x2007c16e   Data          10  statechart.o(.data)
    zona_30m                                 0x2007c178   Data          10  statechart.o(.data)
    zona_27M                                 0x2007c182   Data          10  statechart.o(.data)
    zona_28M                                 0x2007c18c   Data          10  statechart.o(.data)
    zona_29M                                 0x2007c196   Data          10  statechart.o(.data)
    zona_30M                                 0x2007c1a0   Data          10  statechart.o(.data)
    zona_32                                  0x2007c1aa   Data          10  statechart.o(.data)
    zona_33                                  0x2007c1b4   Data          10  statechart.o(.data)
    zona_34                                  0x2007c1be   Data          10  statechart.o(.data)
    zona_35                                  0x2007c1c8   Data          10  statechart.o(.data)
    pressedTouchPanel                        0x2007c1d2   Data           1  statechart.o(.data)
    Aux8                                     0x2007c1d3   Data           1  statechart.o(.data)
    matrix                                   0x2007c1d8   Data          56  touchpanel.o(.data)
    DisplaySample                            0x2007c210   Data          12  touchpanel.o(.data)
    display                                  0x2007c220   Data           4  touchpanel.o(.data)
    CAPcont                                  0x2007c224   Data           1  anemometro.o(.data)
    SLAYERcont                               0x2007c225   Data           1  anemometro.o(.data)
    CLKbuff                                  0x2007c228   Data           8  anemometro.o(.data)
    aux_viento                               0x2007c230   Data           4  anemometro.o(.data)
    BUFFER_BRILLO                            0x2007c234   Data           4  ldr.o(.data)
    BUFFER_UVA                               0x2007c238   Data           4  ldr.o(.data)
    Clock                                    0x2007c24c   Data          23  rtc.o(.bss)
    localm                                   0x200820c4   Data          60  at_system.o(.bss)
    sys_control                              0x20082100   Data          16  at_system.o(.bss)



==============================================================================

Memory Map of the image

  Image Entry point : 0x000000cd

  Load Region LR_IROM1 (Base: 0x00000000, Size: 0x0001aa9c, Max: 0x00080000, ABSOLUTE, COMPRESSED[0x0001a930])

    Execution Region ER_IROM1 (Base: 0x00000000, Size: 0x0001a7d4, Max: 0x00080000, ABSOLUTE)

    Base Addr    Size         Type   Attr      Idx    E Section Name        Object

    0x00000000   0x000000cc   Data   RO            3    RESET               startup_lpc17xx.o
    0x000000cc   0x00000000   Code   RO         1124  * .ARM.Collect$$$$00000000  mc_w.l(entry.o)
    0x000000cc   0x00000004   Code   RO         1434    .ARM.Collect$$$$00000001  mc_w.l(entry2.o)
    0x000000d0   0x00000004   Code   RO         1437    .ARM.Collect$$$$00000004  mc_w.l(entry5.o)
    0x000000d4   0x00000000   Code   RO         1439    .ARM.Collect$$$$00000008  mc_w.l(entry7b.o)
    0x000000d4   0x00000000   Code   RO         1441    .ARM.Collect$$$$0000000A  mc_w.l(entry8b.o)
    0x000000d4   0x00000008   Code   RO         1442    .ARM.Collect$$$$0000000B  mc_w.l(entry9a.o)
    0x000000dc   0x00000000   Code   RO         1444    .ARM.Collect$$$$0000000D  mc_w.l(entry10a.o)
    0x000000dc   0x00000000   Code   RO         1446    .ARM.Collect$$$$0000000F  mc_w.l(entry11a.o)
    0x000000dc   0x00000004   Code   RO         1435    .ARM.Collect$$$$00002712  mc_w.l(entry2.o)
    0x000000e0   0x00000024   Code   RO            5    .text               startup_lpc17xx.o
    0x00000104   0x000000d8   Code   RO           59    .text               configura.o
    0x000001dc   0x00000010   Code   RO          161    .text               main.o
    0x000001ec   0x00000028   Code   RO          267    .text               wdt.o
    0x00000214   0x00000010   Code   RO          286    .text               http_source.o
    0x00000224   0x00000074   Code   RO          311    .text               net_config.o
    0x00000298   0x0000002c   Code   RO          521    .text               uva30a.o
    0x000002c4   0x00000020   Code   RO          568    .text               asciilib.o
    0x000002e4   0x00000004   Code   RO          680    .text               lpc17xx_libcfg_default.o
    0x000002e8   0x0000000e   Code   RO         1133    .text               mc_w.l(strlen.o)
    0x000002f6   0x00000000   Code   RO         1468    .text               mc_w.l(iusefp.o)
    0x000002f6   0x00000002   Code   RO         1516    i.__scatterload_null  mc_w.l(handlers.o)
    0x000002f8   0x00000004   Code   RO          950    i.cgx_content_type  TCP_CM3.lib(at_http.o)
    0x000002fc   0x00000004   Code   RO            4    .ARM.__at_0x02FC    startup_lpc17xx.o
    0x00000300   0x00000318   Code   RO           24    .text               system_lpc17xx.o
    0x00000618   0x000002a0   Code   RO          190    .text               pwm.o
    0x000008b8   0x0000013c   Code   RO          207    .text               rtc.o
    0x000009f4   0x0000029c   Code   RO          237    .text               timers.o
    0x00000c90   0x00000230   Code   RO          333    .text               http_cgi.o
    0x00000ec0   0x000005d0   Code   RO          356    .text               emac_lpc17xx_lan8720.o
    0x00001490   0x00000b54   Code   RO          393    .text               statechart.o
    0x00001fe4   0x00000844   Code   RO          439    .text               touchpanel.o
    0x00002828   0x00000178   Code   RO          462    .text               anemometro.o
    0x000029a0   0x00000180   Code   RO          492    .text               ldr.o
    0x00002b20   0x000000cc   Code   RO          540    .text               dac.o
    0x00002bec   0x00011100   Code   RO          586    .text               glcd.o
    0x00013cec   0x000006b8   Code   RO          604    .text               lpc17xx_ssp.o
    0x000143a4   0x00000100   Code   RO          626    .text               lpc17xx_pinsel.o
    0x000144a4   0x00000424   Code   RO          649    .text               lpc17xx_gpio.o
    0x000148c8   0x00000150   Code   RO          665    .text               lpc17xx_clkpwr.o
    0x00014a18   0x000000a8   Code   RO          775    .text               lut.o
    0x00014ac0   0x00000062   Code   RO         1127    .text               mc_w.l(uldiv.o)
    0x00014b22   0x00000024   Code   RO         1129    .text               mc_w.l(memcpya.o)
    0x00014b46   0x00000024   Code   RO         1131    .text               mc_w.l(memseta.o)
    0x00014b6a   0x0000001c   Code   RO         1135    .text               mc_w.l(strcmp.o)
    0x00014b86   0x0000001a   Code   RO         1400    .text               mc_w.l(atoi.o)
    0x00014ba0   0x000000b0   Code   RO         1402    .text               mf_w.l(fadd.o)
    0x00014c50   0x0000006c   Code   RO         1404    .text               mf_w.l(fmul.o)
    0x00014cbc   0x00000080   Code   RO         1406    .text               mf_w.l(fdiv.o)
    0x00014d3c   0x0000014e   Code   RO         1408    .text               mf_w.l(dadd.o)
    0x00014e8a   0x000000e4   Code   RO         1410    .text               mf_w.l(dmul.o)
    0x00014f6e   0x000000de   Code   RO         1412    .text               mf_w.l(ddiv.o)
    0x0001504c   0x00000012   Code   RO         1414    .text               mf_w.l(fflti.o)
    0x0001505e   0x0000000a   Code   RO         1416    .text               mf_w.l(ffltui.o)
    0x00015068   0x00000022   Code   RO         1418    .text               mf_w.l(dflti.o)
    0x0001508a   0x0000001a   Code   RO         1420    .text               mf_w.l(dfltui.o)
    0x000150a4   0x00000028   Code   RO         1422    .text               mf_w.l(ffixui.o)
    0x000150cc   0x00000032   Code   RO         1424    .text               mf_w.l(dfixui.o)
    0x000150fe   0x00000026   Code   RO         1426    .text               mf_w.l(f2d.o)
    0x00015124   0x00000028   Code   RO         1428    .text               mf_w.l(cdcmple.o)
    0x0001514c   0x00000038   Code   RO         1430    .text               mf_w.l(d2f.o)
    0x00015184   0x00000014   Code   RO         1432    .text               mf_w.l(cfcmple.o)
    0x00015198   0x0000002c   Code   RO         1451    .text               mc_w.l(uidiv.o)
    0x000151c4   0x0000001e   Code   RO         1453    .text               mc_w.l(llshl.o)
    0x000151e2   0x00000020   Code   RO         1455    .text               mc_w.l(llushr.o)
    0x00015202   0x00000024   Code   RO         1457    .text               mc_w.l(llsshr.o)
    0x00015226   0x00000070   Code   RO         1466    .text               mc_w.l(strtol.o)
    0x00015296   0x0000006c   Code   RO         1469    .text               mf_w.l(fepilogue.o)
    0x00015302   0x000000be   Code   RO         1471    .text               mf_w.l(depilogue.o)
    0x000153c0   0x00000030   Code   RO         1473    .text               mf_w.l(dfixul.o)
    0x000153f0   0x00000028   Code   RO         1475    .text               mf_w.l(cdrcmple.o)
    0x00015418   0x00000024   Code   RO         1477    .text               mc_w.l(init.o)
    0x0001543c   0x00000008   Code   RO         1480    .text               mc_w.l(ctype_o.o)
    0x00015444   0x0000009e   Code   RO         1508    .text               mc_w.l(_strtoul.o)
    0x000154e2   0x0000001c   Code   RO         1511    .text               mc_w.l(_chval.o)
    0x000154fe   0x0000005c   Code   RO         1521    .text               mc_w.l(__dczerorl2.o)
    0x0001555a   0x00000002   PAD
    0x0001555c   0x00000028   Code   RO         1374    i.__0sprintf        mc_w.l(printfa.o)
    0x00015584   0x00000008   Code   RO         1459    i.__aeabi_errno_addr  mc_w.l(errno.o)
    0x0001558c   0x0000000e   Code   RO         1515    i.__scatterload_copy  mc_w.l(handlers.o)
    0x0001559a   0x0000000e   Code   RO         1517    i.__scatterload_zeroinit  mc_w.l(handlers.o)
    0x000155a8   0x0000015c   Code   RO         1379    i._fp_digits        mc_w.l(printfa.o)
    0x00015704   0x000006f0   Code   RO         1380    i._printf_core      mc_w.l(printfa.o)
    0x00015df4   0x00000026   Code   RO         1381    i._printf_post_padding  mc_w.l(printfa.o)
    0x00015e1a   0x00000030   Code   RO         1382    i._printf_pre_padding  mc_w.l(printfa.o)
    0x00015e4a   0x0000000a   Code   RO         1384    i._sputc            mc_w.l(printfa.o)
    0x00015e54   0x00000034   Code   RO          949    i.add_server_id     TCP_CM3.lib(at_http.o)
    0x00015e88   0x000000b8   Code   RO         1035    i.alloc_mem         TCP_CM3.lib(at_mem.o)
    0x00015f40   0x000000b8   Code   RO          796    i.arp_cache_add     TCP_CM3.lib(at_arp.o)
    0x00015ff8   0x00000088   Code   RO          797    i.arp_cache_alloc   TCP_CM3.lib(at_arp.o)
    0x00016080   0x00000098   Code   RO          798    i.arp_cache_early   TCP_CM3.lib(at_arp.o)
    0x00016118   0x000000b4   Code   RO          799    i.arp_cache_find    TCP_CM3.lib(at_arp.o)
    0x000161cc   0x000000f4   Code   RO          802    i.arp_cache_update  TCP_CM3.lib(at_arp.o)
    0x000162c0   0x0000002c   Code   RO          805    i.arp_init          TCP_CM3.lib(at_arp.o)
    0x000162ec   0x00000034   Code   RO          806    i.arp_is_cacheable  TCP_CM3.lib(at_arp.o)
    0x00016320   0x00000028   Code   RO          807    i.arp_notify        TCP_CM3.lib(at_arp.o)
    0x00016348   0x00000088   Code   RO          809    i.arp_proc_response  TCP_CM3.lib(at_arp.o)
    0x000163d0   0x00000138   Code   RO          810    i.arp_process       TCP_CM3.lib(at_arp.o)
    0x00016508   0x000000a0   Code   RO          811    i.arp_send_reply    TCP_CM3.lib(at_arp.o)
    0x000165a8   0x000000b8   Code   RO          812    i.arp_send_request  TCP_CM3.lib(at_arp.o)
    0x00016660   0x0000001c   Code   RO         1036    i.avail_mem         TCP_CM3.lib(at_mem.o)
    0x0001667c   0x00000078   Code   RO         1065    i.b64_to_asc        TCP_CM3.lib(at_lib.o)
    0x000166f4   0x00000012   Code   RO         1067    i.calc_chksum16be   TCP_CM3.lib(at_lib.o)
    0x00016706   0x00000002   PAD
    0x00016708   0x000001cc   Code   RO          951    i.chk_post_req      TCP_CM3.lib(at_http.o)
    0x000168d4   0x00000028   Code   RO         1068    i.chksum16_buf      TCP_CM3.lib(at_lib.o)
    0x000168fc   0x0000000a   Code   RO         1069    i.chksum16_val      TCP_CM3.lib(at_lib.o)
    0x00016906   0x0000001e   Code   RO          952    i.cmp_fname_ext     TCP_CM3.lib(at_http.o)
    0x00016924   0x00000028   Code   RO          953    i.cmp_header        TCP_CM3.lib(at_http.o)
    0x0001694c   0x00000010   Code   RO         1021    i.eth_chk_adr       TCP_CM3.lib(at_ethernet.o)
    0x0001695c   0x00000034   Code   RO         1023    i.eth_init_link     TCP_CM3.lib(at_ethernet.o)
    0x00016990   0x000000d4   Code   RO         1024    i.eth_run_link      TCP_CM3.lib(at_ethernet.o)
    0x00016a64   0x000000a8   Code   RO         1025    i.eth_send_frame    TCP_CM3.lib(at_ethernet.o)
    0x00016b0c   0x00000084   Code   RO         1037    i.free_mem          TCP_CM3.lib(at_mem.o)
    0x00016b90   0x00000028   Code   RO         1071    i.get_crc32         TCP_CM3.lib(at_lib.o)
    0x00016bb8   0x00000068   Code   RO          954    i.get_file_type     TCP_CM3.lib(at_http.o)
    0x00016c20   0x00000028   Code   RO          955    i.get_next_field    TCP_CM3.lib(at_http.o)
    0x00016c48   0x00000032   Code   RO          956    i.get_next_par      TCP_CM3.lib(at_http.o)
    0x00016c7a   0x00000002   PAD
    0x00016c7c   0x0000001c   Code   RO         1049    i.get_rnd32         TCP_CM3.lib(at_system.o)
    0x00016c98   0x00000004   Code   RO          958    i.http_accept_host  TCP_CM3.lib(at_http.o)
    0x00016c9c   0x000002bc   Code   RO          959    i.http_add_header   TCP_CM3.lib(at_http.o)
    0x00016f58   0x00000004   Code   RO          960    i.http_check_account  TCP_CM3.lib(at_http.o)
    0x00016f5c   0x00000188   Code   RO          962    i.http_error_msg    TCP_CM3.lib(at_http.o)
    0x000170e4   0x00000002   Code   RO         1114    i.http_fclose       TCP_CM3.lib(at_http_uif.o)
    0x000170e6   0x00000004   Code   RO         1115    i.http_fgets        TCP_CM3.lib(at_http_uif.o)
    0x000170ea   0x00000004   Code   RO          963    i.http_file_access  TCP_CM3.lib(at_http.o)
    0x000170ee   0x00000004   Code   RO         1116    i.http_finfo        TCP_CM3.lib(at_http_uif.o)
    0x000170f2   0x00000004   Code   RO         1117    i.http_fopen        TCP_CM3.lib(at_http_uif.o)
    0x000170f6   0x00000004   Code   RO         1118    i.http_fread        TCP_CM3.lib(at_http_uif.o)
    0x000170fa   0x00000002   PAD
    0x000170fc   0x00000050   Code   RO          970    i.http_init         TCP_CM3.lib(at_http.o)
    0x0001714c   0x0000005e   Code   RO          971    i.http_kill_session  TCP_CM3.lib(at_http.o)
    0x000171aa   0x00000002   PAD
    0x000171ac   0x00000224   Code   RO          972    i.http_listener     TCP_CM3.lib(at_http.o)
    0x000173d0   0x00000120   Code   RO          973    i.http_open_file    TCP_CM3.lib(at_http.o)
    0x000174f0   0x00000154   Code   RO          974    i.http_proc_header  TCP_CM3.lib(at_http.o)
    0x00017644   0x0000017c   Code   RO          975    i.http_proc_multipart  TCP_CM3.lib(at_http.o)
    0x000177c0   0x000000f8   Code   RO          976    i.http_proc_post    TCP_CM3.lib(at_http.o)
    0x000178b8   0x0000033c   Code   RO          977    i.http_run_server   TCP_CM3.lib(at_http.o)
    0x00017bf4   0x0000001e   Code   RO          978    i.http_strcpy       TCP_CM3.lib(at_http.o)
    0x00017c12   0x00000002   PAD
    0x00017c14   0x000000a8   Code   RO          979    i.http_to_utc       TCP_CM3.lib(at_http.o)
    0x00017cbc   0x00000010   Code   RO          846    i.icmp_init         TCP_CM3.lib(at_icmp.o)
    0x00017ccc   0x000000cc   Code   RO          848    i.icmp_process      TCP_CM3.lib(at_icmp.o)
    0x00017d98   0x00000048   Code   RO          849    i.icmp_run_engine   TCP_CM3.lib(at_icmp.o)
    0x00017de0   0x00000070   Code   RO          850    i.icmp_send_message  TCP_CM3.lib(at_icmp.o)
    0x00017e50   0x00000038   Code   RO         1038    i.ifree_mem         TCP_CM3.lib(at_mem.o)
    0x00017e88   0x00000030   Code   RO         1050    i.init_TcpNet       TCP_CM3.lib(at_system.o)
    0x00017eb8   0x00000060   Code   RO         1039    i.init_mem          TCP_CM3.lib(at_mem.o)
    0x00017f18   0x000000c8   Code   RO          832    i.ip_chk_frame      TCP_CM3.lib(at_ip.o)
    0x00017fe0   0x0000000a   Code   RO          833    i.ip_get_chksum     TCP_CM3.lib(at_ip.o)
    0x00017fea   0x00000002   PAD
    0x00017fec   0x000000b8   Code   RO          834    i.ip_get_locadr     TCP_CM3.lib(at_ip.o)
    0x000180a4   0x0000000c   Code   RO          835    i.ip_init           TCP_CM3.lib(at_ip.o)
    0x000180b0   0x0000005c   Code   RO          836    i.ip_run_local      TCP_CM3.lib(at_ip.o)
    0x0001810c   0x00000150   Code   RO          837    i.ip_send_frame     TCP_CM3.lib(at_ip.o)
    0x0001825c   0x00000014   Code   RO         1072    i.is_subnet         TCP_CM3.lib(at_lib.o)
    0x00018270   0x00000064   Code   RO         1051    i.main_TcpNet       TCP_CM3.lib(at_system.o)
    0x000182d4   0x00000018   Code   RO         1073    i.mem_comp          TCP_CM3.lib(at_lib.o)
    0x000182ec   0x00000016   Code   RO         1074    i.mem_copy          TCP_CM3.lib(at_lib.o)
    0x00018302   0x00000020   Code   RO         1075    i.mem_crc32         TCP_CM3.lib(at_lib.o)
    0x00018322   0x0000000a   Code   RO         1077    i.mem_set           TCP_CM3.lib(at_lib.o)
    0x0001832c   0x00000014   Code   RO         1078    i.mem_test          TCP_CM3.lib(at_lib.o)
    0x00018340   0x00000016   Code   RO         1080    i.nrd_u32be         TCP_CM3.lib(at_lib.o)
    0x00018356   0x00000010   Code   RO         1082    i.nwr_u32be         TCP_CM3.lib(at_lib.o)
    0x00018366   0x00000002   PAD
    0x00018368   0x00000028   Code   RO          980    i.proc_req_line     TCP_CM3.lib(at_http.o)
    0x00018390   0x00000028   Code   RO         1026    i.put_in_queue      TCP_CM3.lib(at_ethernet.o)
    0x000183b8   0x000000a0   Code   RO          981    i.read_script_line  TCP_CM3.lib(at_http.o)
    0x00018458   0x00000048   Code   RO         1040    i.resize_mem        TCP_CM3.lib(at_mem.o)
    0x000184a0   0x0000004c   Code   RO          982    i.search_delim      TCP_CM3.lib(at_http.o)
    0x000184ec   0x00000012   Code   RO         1083    i.str_copy          TCP_CM3.lib(at_lib.o)
    0x000184fe   0x0000001a   Code   RO         1084    i.str_crc32         TCP_CM3.lib(at_lib.o)
    0x00018518   0x00000016   Code   RO         1085    i.str_pos           TCP_CM3.lib(at_lib.o)
    0x0001852e   0x0000001a   Code   RO         1086    i.str_scomp         TCP_CM3.lib(at_lib.o)
    0x00018548   0x00000050   Code   RO          857    i.tcp_abort         TCP_CM3.lib(at_tcp.o)
    0x00018598   0x0000009c   Code   RO          859    i.tcp_close         TCP_CM3.lib(at_tcp.o)
    0x00018634   0x00000020   Code   RO          862    i.tcp_get_buf       TCP_CM3.lib(at_tcp.o)
    0x00018654   0x0000004c   Code   RO          864    i.tcp_get_socket    TCP_CM3.lib(at_tcp.o)
    0x000186a0   0x00000024   Code   RO          865    i.tcp_get_state     TCP_CM3.lib(at_tcp.o)
    0x000186c4   0x00000018   Code   RO          866    i.tcp_init          TCP_CM3.lib(at_tcp.o)
    0x000186dc   0x0000006c   Code   RO          868    i.tcp_listen        TCP_CM3.lib(at_tcp.o)
    0x00018748   0x00000098   Code   RO          869    i.tcp_map_socket    TCP_CM3.lib(at_tcp.o)
    0x000187e0   0x00000024   Code   RO          870    i.tcp_max_dsize     TCP_CM3.lib(at_tcp.o)
    0x00018804   0x0000005e   Code   RO          872    i.tcp_parse_opt     TCP_CM3.lib(at_tcp.o)
    0x00018862   0x00000002   PAD
    0x00018864   0x00000284   Code   RO          873    i.tcp_poll_sockets  TCP_CM3.lib(at_tcp.o)
    0x00018ae8   0x000000c8   Code   RO          874    i.tcp_proc_acknr    TCP_CM3.lib(at_tcp.o)
    0x00018bb0   0x00000052   Code   RO          875    i.tcp_proc_dupack   TCP_CM3.lib(at_tcp.o)
    0x00018c02   0x00000002   PAD
    0x00018c04   0x00000498   Code   RO          876    i.tcp_process       TCP_CM3.lib(at_tcp.o)
    0x0001909c   0x0000001a   Code   RO          877    i.tcp_que_free      TCP_CM3.lib(at_tcp.o)
    0x000190b6   0x0000001a   Code   RO          878    i.tcp_que_init      TCP_CM3.lib(at_tcp.o)
    0x000190d0   0x00000094   Code   RO          879    i.tcp_que_resend    TCP_CM3.lib(at_tcp.o)
    0x00019164   0x000000d4   Code   RO          883    i.tcp_send          TCP_CM3.lib(at_tcp.o)
    0x00019238   0x0000006a   Code   RO          884    i.tcp_send_ctrl     TCP_CM3.lib(at_tcp.o)
    0x000192a2   0x00000050   Code   RO          885    i.tcp_send_data     TCP_CM3.lib(at_tcp.o)
    0x000192f2   0x00000068   Code   RO          886    i.tcp_send_reset    TCP_CM3.lib(at_tcp.o)
    0x0001935a   0x00000026   Code   RO          887    i.tcp_set_cwnd      TCP_CM3.lib(at_tcp.o)
    0x00019380   0x00000068   Code   RO          888    i.tcp_transit       TCP_CM3.lib(at_tcp.o)
    0x000193e8   0x000000c4   Code   RO          889    i.tcp_write         TCP_CM3.lib(at_tcp.o)
    0x000194ac   0x00000014   Code   RO         1052    i.timer_tick        TCP_CM3.lib(at_system.o)
    0x000194c0   0x00000018   Code   RO          928    i.udp_init          TCP_CM3.lib(at_udp.o)
    0x000194d8   0x000000b8   Code   RO          933    i.udp_process       TCP_CM3.lib(at_udp.o)
    0x00019590   0x000000e0   Code   RO          983    i.utc_to_http       TCP_CM3.lib(at_http.o)
    0x00019670   0x00000090   Data   RO          313    .constdata          net_config.o
    0x00019700   0x00000704   Data   RO          383    .constdata          web.o
    0x00019e04   0x000005f0   Data   RO          569    .constdata          asciilib.o
    0x0001a3f4   0x00000006   Data   RO          813    .constdata          TCP_CM3.lib(at_arp.o)
    0x0001a3fa   0x00000008   Data   RO          838    .constdata          TCP_CM3.lib(at_ip.o)
    0x0001a402   0x000000f4   Data   RO          984    .constdata          TCP_CM3.lib(at_http.o)
    0x0001a4f6   0x00000006   Data   RO         1028    .constdata          TCP_CM3.lib(at_ethernet.o)
    0x0001a4fc   0x00000056   Data   RO         1058    .constdata          TCP_CM3.lib(http_err.o)
    0x0001a552   0x00000051   Data   RO         1059    .constdata          TCP_CM3.lib(http_err.o)
    0x0001a5a3   0x0000004e   Data   RO         1060    .constdata          TCP_CM3.lib(http_err.o)
    0x0001a5f1   0x0000004b   Data   RO         1061    .constdata          TCP_CM3.lib(http_err.o)
    0x0001a63c   0x0000002f   Data   RO         1062    .constdata          TCP_CM3.lib(http_err.o)
    0x0001a66b   0x00000088   Data   RO         1063    .constdata          TCP_CM3.lib(http_err.o)
    0x0001a6f3   0x00000081   Data   RO         1481    .constdata          mc_w.l(ctype_o.o)
    0x0001a774   0x00000004   Data   RO         1482    .constdata          mc_w.l(ctype_o.o)
    0x0001a778   0x00000019   Data   RO          314    .conststring        net_config.o
    0x0001a791   0x00000003   PAD
    0x0001a794   0x00000040   Data   RO         1513    Region$$Table       anon$$obj.o


    Execution Region RW_IRAM1 (Base: 0x10000000, Size: 0x00006110, Max: 0x00008000, ABSOLUTE)

    Base Addr    Size         Type   Attr      Idx    E Section Name        Object

    0x10000000   0x00000012   Data   RW          163    .data               main.o
    0x10000012   0x00000001   Data   RW          238    .data               timers.o
    0x10000013   0x0000002a   Data   RW          315    .data               net_config.o
    0x1000003d   0x00000001   Data   RW          587    .data               glcd.o
    0x1000003e   0x00000024   Data   RW          776    .data               lut.o
    0x10000062   0x00000002   PAD
    0x10000064   0x00000008   Data   RW          814    .data               TCP_CM3.lib(at_arp.o)
    0x1000006c   0x00000004   Data   RW          890    .data               TCP_CM3.lib(at_tcp.o)
    0x10000070   0x0000000c   Data   RW          985    .data               TCP_CM3.lib(at_http.o)
    0x1000007c   0x00005df0   Zero   RW          162    .bss                main.o
    0x10005e6c   0x0000000c   Zero   RW          440    .bss                touchpanel.o
    0x10005e78   0x00000010   Zero   RW          851    .bss                TCP_CM3.lib(at_icmp.o)
    0x10005e88   0x00000084   Zero   RW         1027    .bss                TCP_CM3.lib(at_ethernet.o)
    0x10005f0c   0x00000004   PAD
    0x10005f10   0x00000200   Zero   RW            1    STACK               startup_lpc17xx.o


    Execution Region RW_IRAM2 (Base: 0x2007c000, Size: 0x00006110, Max: 0x00008000, ABSOLUTE, COMPRESSED[0x000000e0])

    Base Addr    Size         Type   Attr      Idx    E Section Name        Object

    0x2007c000   0x00000004   Data   RW           25    .data               system_lpc17xx.o
    0x2007c004   0x00000014   Data   RW          358    .data               emac_lpc17xx_lan8720.o
    0x2007c018   0x000001bc   Data   RW          394    .data               statechart.o
    0x2007c1d4   0x00000004   PAD
    0x2007c1d8   0x0000004c   Data   RW          441    .data               touchpanel.o
    0x2007c224   0x00000010   Data   RW          463    .data               anemometro.o
    0x2007c234   0x00000008   Data   RW          493    .data               ldr.o
    0x2007c23c   0x0000000c   Data   RW          839    .data               TCP_CM3.lib(at_ip.o)
    0x2007c248   0x00000004   Data   RW         1462    .data               mc_w.l(errno.o)
    0x2007c24c   0x00000017   Zero   RW          208    .bss                rtc.o
    0x2007c263   0x00000001   PAD
    0x2007c264   0x000033ec   Zero   RW          312    .bss                net_config.o
    0x2007f650   0x00002a64   Zero   RW          357    .bss                emac_lpc17xx_lan8720.o
    0x200820b4   0x00000010   Zero   RW         1041    .bss                TCP_CM3.lib(at_mem.o)
    0x200820c4   0x0000004c   Zero   RW         1053    .bss                TCP_CM3.lib(at_system.o)


==============================================================================

Image component sizes


      Code (inc. data)   RO Data    RW Data    ZI Data      Debug   Object Name

       376         48          0         16          0      17688   anemometro.o
        32          6       1520          0          0        975   asciilib.o
       216         46          0          0          0      19880   configura.o
         0          0          0          0          0       4212   core_cm3.o
       204         34          0          0          0        888   dac.o
      1488        130          0         20      10852      25849   emac_lpc17xx_lan8720.o
     69888        342          0          1          0     186894   glcd.o
       560         74          0          0          0       1620   http_cgi.o
        16          0          0          0          0       6847   http_source.o
       384         54          0          8          0        905   ldr.o
       336         32          0          0          0       1779   lpc17xx_clkpwr.o
      1060         62          0          0          0       8279   lpc17xx_gpio.o
         4          0          0          0          0        799   lpc17xx_libcfg_default.o
       256          4          0          0          0       2169   lpc17xx_pinsel.o
      1720         62          0          0          0       6088   lpc17xx_ssp.o
       168         12          0         36          0       1237   lut.o
        16          0          0         18      24048       1197   main.o
       116          8        169         42      13292       3169   net_config.o
       672         54          0          0          0       1049   pwm.o
       316         80          0          0         23      19844   rtc.o
        40         12        204          0        512        936   startup_lpc17xx.o
      2900        702          0        444          0      15951   statechart.o
       792         78          0          4          0      18117   system_lpc17xx.o
       668         80          0          1          0      24883   timers.o
      2116         68          0         76         12       5485   touchpanel.o
        44          8          0          0          0        402   uva30a.o
        40          4          0          0          0        515   wdt.o
         0          0       1796          0          0        501   web.o

    ----------------------------------------------------------------------
     84428       2000       3756        672      48740     378158   Object Totals
         0          0         64          0          0          0   (incl. Generated)
         0          0          3          6          1          0   (incl. Padding)

    ----------------------------------------------------------------------

      Code (inc. data)   RO Data    RW Data    ZI Data      Debug   Library Member Name

      1824        138          6          8          0       1040   at_arp.o
       488         58          6          0        132        404   at_ethernet.o
      5388       1172        244         12          0       2116   at_http.o
        18          0          0          0          0        340   at_http_uif.o
       404         30          0          0         16        308   at_icmp.o
       834         56          8         12          0        520   at_ip.o
       486          6          0          0          0       1224   at_lib.o
       568         46          0          0         16        520   at_mem.o
       196         40          0          0         76        292   at_system.o
      3936        158          0          4          0       2008   at_tcp.o
       208         12          0          0          0        156   at_udp.o
         0          0        503          0          0          0   http_err.o
        92          0          0          0          0          0   __dczerorl2.o
        28          0          0          0          0         68   _chval.o
       158          0          0          0          0         92   _strtoul.o
        26          0          0          0          0         80   atoi.o
         8          4        133          0          0         68   ctype_o.o
         0          0          0          0          0          0   entry.o
         0          0          0          0          0          0   entry10a.o
         0          0          0          0          0          0   entry11a.o
         8          4          0          0          0          0   entry2.o
         4          0          0          0          0          0   entry5.o
         0          0          0          0          0          0   entry7b.o
         0          0          0          0          0          0   entry8b.o
         8          4          0          0          0          0   entry9a.o
         8          4          0          4          0         68   errno.o
        30          0          0          0          0          0   handlers.o
        36          8          0          0          0         68   init.o
         0          0          0          0          0          0   iusefp.o
        30          0          0          0          0         68   llshl.o
        36          0          0          0          0         68   llsshr.o
        32          0          0          0          0         68   llushr.o
        36          0          0          0          0         68   memcpya.o
        36          0          0          0          0        108   memseta.o
      2260         86          0          0          0        512   printfa.o
        28          0          0          0          0         76   strcmp.o
        14          0          0          0          0         68   strlen.o
       112          0          0          0          0         88   strtol.o
        44          0          0          0          0         80   uidiv.o
        98          0          0          0          0         92   uldiv.o
        40          2          0          0          0         68   cdcmple.o
        40          2          0          0          0         68   cdrcmple.o
        20          0          0          0          0         68   cfcmple.o
        56          0          0          0          0         88   d2f.o
       334          0          0          0          0        148   dadd.o
       222          0          0          0          0        100   ddiv.o
       190          0          0          0          0        176   depilogue.o
        50          0          0          0          0         76   dfixui.o
        48          0          0          0          0         68   dfixul.o
        34          0          0          0          0         76   dflti.o
        26          0          0          0          0         76   dfltui.o
       228          0          0          0          0         96   dmul.o
        38          0          0          0          0         68   f2d.o
       176          0          0          0          0        140   fadd.o
       128          0          0          0          0         88   fdiv.o
       108          0          0          0          0        168   fepilogue.o
        40          0          0          0          0         68   ffixui.o
        18          0          0          0          0         68   fflti.o
        10          0          0          0          0         68   ffltui.o
       108          0          0          0          0         76   fmul.o

    ----------------------------------------------------------------------
     19416       1830        900         40        244      12520   Library Totals
        20          0          0          0          4          0   (incl. Padding)

    ----------------------------------------------------------------------

      Code (inc. data)   RO Data    RW Data    ZI Data      Debug   Library Name

     14350       1716        767         36        240       8928   TCP_CM3.lib
      3132        110        133          4          0       1740   mc_w.l
      1914          4          0          0          0       1852   mf_w.l

    ----------------------------------------------------------------------
     19416       1830        900         40        244      12520   Library Totals

    ----------------------------------------------------------------------

==============================================================================


      Code (inc. data)   RO Data    RW Data    ZI Data      Debug   

    103844       3830       4656        712      48984     381110   Grand Totals
    103844       3830       4656        348      48984     381110   ELF Image Totals (compressed)
    103844       3830       4656        348          0          0   ROM Totals

==============================================================================

    Total RO  Size (Code + RO Data)               108500 ( 105.96kB)
    Total RW  Size (RW Data + ZI Data)             49696 (  48.53kB)
    Total ROM Size (Code + RO Data + RW Data)     108848 ( 106.30kB)

==============================================================================

