ARM Linker, 5.03 [Build 76] [MDK-ARM Professional]

==============================================================================

Section Cross References

    startup_lpc17xx.o(RESET) refers to startup_lpc17xx.o(STACK) for __initial_sp
    startup_lpc17xx.o(RESET) refers to startup_lpc17xx.o(.text) for Reset_Handler
    startup_lpc17xx.o(RESET) refers to timers.o(.text) for SysTick_Handler
    startup_lpc17xx.o(RESET) refers to anemometro.o(.text) for TIMER1_IRQHandler
    startup_lpc17xx.o(RESET) refers to rtc.o(.text) for RTC_IRQHandler
    startup_lpc17xx.o(RESET) refers to ldr.o(.text) for ADC_IRQHandler
    startup_lpc17xx.o(RESET) refers to emac_lpc17xx_lan8720.o(.text) for ENET_IRQHandler
    startup_lpc17xx.o(.text) refers to system_lpc17xx.o(.text) for SystemInit
    startup_lpc17xx.o(.text) refers to entry.o(.ARM.Collect$$$$00000000) for __main
    system_lpc17xx.o(.text) refers to uldiv.o(.text) for __aeabi_uldivmod
    system_lpc17xx.o(.text) refers to system_lpc17xx.o(.data) for SystemCoreClock
    configura.o(.text) refers to http_source.o(.text) for __configuraWEB__
    configura.o(.text) refers to timers.o(.text) for __configuraSysTick__
    configura.o(.text) refers to pwm.o(.text) for __configuraPWM__
    configura.o(.text) refers to statechart.o(.text) for __configuraLCD__
    configura.o(.text) refers to rtc.o(.text) for __configuraRTC__
    configura.o(.text) refers to wdt.o(.text) for __configuraWDT__
    configura.o(.text) refers to anemometro.o(.text) for __configuraAnemometro__
    configura.o(.text) refers to touchpanel.o(.text) for TouchPanel_Calibrate
    configura.o(.text) refers to main.o(.data) for ESTADO
    main.o(.text) refers to configura.o(.text) for __configuraPrograma__
    main.o(.text) refers to statechart.o(.text) for __mainLoop__
    main.o(.text) refers to http_source.o(.text) for __mantenerTCP__
    main.o(.data) refers to main.o(.bss) for objDATOS
    pwm.o(.text) refers to fdiv.o(.text) for __aeabi_fdiv
    pwm.o(.text) refers to ffixui.o(.text) for __aeabi_f2uiz
    pwm.o(.text) refers to f2d.o(.text) for __aeabi_f2d
    pwm.o(.text) refers to dmul.o(.text) for __aeabi_dmul
    pwm.o(.text) refers to d2f.o(.text) for __aeabi_d2f
    pwm.o(.text) refers to ffltui.o(.text) for __aeabi_ui2f
    pwm.o(.text) refers to fmul.o(.text) for __aeabi_fmul
    pwm.o(.text) refers to fadd.o(.text) for __aeabi_fsub
    pwm.o(.text) refers to main.o(.data) for COUNTERS
    rtc.o(.text) refers to printfa.o(i.__0sprintf) for __2sprintf
    rtc.o(.text) refers to main.o(.data) for COUNTERS
    rtc.o(.text) refers to rtc.o(.bss) for Clock
    timers.o(.text) refers to fflti.o(.text) for __aeabi_i2f
    timers.o(.text) refers to fmul.o(.text) for __aeabi_fmul
    timers.o(.text) refers to fdiv.o(.text) for __aeabi_fdiv
    timers.o(.text) refers to cfcmple.o(.text) for __aeabi_cfcmpeq
    timers.o(.text) refers to at_system.o(i.timer_tick) for timer_tick
    timers.o(.text) refers to system_lpc17xx.o(.data) for SystemCoreClock
    timers.o(.text) refers to timers.o(.data) for TIM0_ticks
    timers.o(.text) refers to main.o(.data) for ACTUALIZADOR
    http_source.o(.text) refers to at_system.o(i.init_TcpNet) for init_TcpNet
    http_source.o(.text) refers to at_system.o(i.main_TcpNet) for main_TcpNet
    net_config.o(.text) refers to at_ethernet.o(i.eth_init_link) for eth_init_link
    net_config.o(.text) refers to at_ip.o(i.ip_init) for ip_init
    net_config.o(.text) refers to at_icmp.o(i.icmp_init) for icmp_init
    net_config.o(.text) refers to at_udp.o(i.udp_init) for udp_init
    net_config.o(.text) refers to at_tcp.o(i.tcp_init) for tcp_init
    net_config.o(.text) refers to at_http.o(i.http_init) for http_init
    net_config.o(.text) refers to at_arp.o(i.arp_notify) for arp_notify
    net_config.o(.text) refers to at_ethernet.o(i.eth_run_link) for eth_run_link
    net_config.o(.text) refers to at_ip.o(i.ip_run_local) for ip_run_local
    net_config.o(.text) refers to at_icmp.o(i.icmp_run_engine) for icmp_run_engine
    net_config.o(.text) refers to at_tcp.o(i.tcp_poll_sockets) for tcp_poll_sockets
    net_config.o(.text) refers to at_http.o(i.http_run_server) for http_run_server
    net_config.o(.constdata) refers to net_config.o(.bss) for mem_pool
    net_config.o(.constdata) refers to net_config.o(.data) for lhost_name
    net_config.o(.constdata) refers to net_config.o(.conststring) for .conststring
    http_cgi.o(.text) refers to f2d.o(.text) for __aeabi_f2d
    http_cgi.o(.text) refers to printfa.o(i.__0sprintf) for __2sprintf
    http_cgi.o(.text) refers to main.o(.data) for DATOS
    emac_lpc17xx_lan8720.o(.text) refers to net_config.o(.data) for own_hw_adr
    emac_lpc17xx_lan8720.o(.text) refers to emac_lpc17xx_lan8720.o(.bss) for tx_buf
    emac_lpc17xx_lan8720.o(.text) refers to emac_lpc17xx_lan8720.o(.data) for tout
    emac_lpc17xx_lan8720.o(.text) refers to at_mem.o(i.alloc_mem) for alloc_mem
[...]
    i.http_fread                             0x00016e6e   Section        0  at_http_uif.o(i.http_fread)
    i.http_init                              0x00016e74   Section        0  at_http.o(i.http_init)
    i.http_kill_session                      0x00016ec4   Section        0  at_http.o(i.http_kill_session)
    http_kill_session                        0x00016ec5   Thumb Code    94  at_http.o(i.http_kill_session)
    i.http_listener                          0x00016f24   Section        0  at_http.o(i.http_listener)
    http_listener                            0x00016f25   Thumb Code   514  at_http.o(i.http_listener)
    i.http_open_file                         0x00017148   Section        0  at_http.o(i.http_open_file)
    http_open_file                           0x00017149   Thumb Code   254  at_http.o(i.http_open_file)
    i.http_proc_header                       0x00017268   Section        0  at_http.o(i.http_proc_header)
    http_proc_header                         0x00017269   Thumb Code   266  at_http.o(i.http_proc_header)
    i.http_proc_multipart                    0x000173bc   Section        0  at_http.o(i.http_proc_multipart)
    http_proc_multipart                      0x000173bd   Thumb Code   338  at_http.o(i.http_proc_multipart)
    i.http_proc_post                         0x00017538   Section        0  at_http.o(i.http_proc_post)
    http_proc_post                           0x00017539   Thumb Code   240  at_http.o(i.http_proc_post)
    i.http_run_server                        0x00017630   Section        0  at_http.o(i.http_run_server)
    i.http_strcpy                            0x0001796c   Section        0  at_http.o(i.http_strcpy)
    http_strcpy                              0x0001796d   Thumb Code    30  at_http.o(i.http_strcpy)
    i.http_to_utc                            0x0001798c   Section        0  at_http.o(i.http_to_utc)
    http_to_utc                              0x0001798d   Thumb Code   162  at_http.o(i.http_to_utc)
    i.icmp_init                              0x00017a34   Section        0  at_icmp.o(i.icmp_init)
    i.icmp_process                           0x00017a44   Section        0  at_icmp.o(i.icmp_process)
    i.icmp_run_engine                        0x00017b10   Section        0  at_icmp.o(i.icmp_run_engine)
    i.icmp_send_message                      0x00017b58   Section        0  at_icmp.o(i.icmp_send_message)
    icmp_send_message                        0x00017b59   Thumb Code   108  at_icmp.o(i.icmp_send_message)
    i.ifree_mem                              0x00017bc8   Section        0  at_mem.o(i.ifree_mem)
    i.init_TcpNet                            0x00017c00   Section        0  at_system.o(i.init_TcpNet)
    i.init_mem                               0x00017c30   Section        0  at_mem.o(i.init_mem)
    i.ip_chk_frame                           0x00017c90   Section        0  at_ip.o(i.ip_chk_frame)
    i.ip_get_chksum                          0x00017d58   Section        0  at_ip.o(i.ip_get_chksum)
    ip_get_chksum                            0x00017d59   Thumb Code    10  at_ip.o(i.ip_get_chksum)
    i.ip_get_locadr                          0x00017d64   Section        0  at_ip.o(i.ip_get_locadr)
    i.ip_init                                0x00017e1c   Section        0  at_ip.o(i.ip_init)
    i.ip_run_local                           0x00017e28   Section        0  at_ip.o(i.ip_run_local)
    i.ip_send_frame                          0x00017e84   Section        0  at_ip.o(i.ip_send_frame)
    i.is_subnet                              0x00017fd4   Section        0  at_lib.o(i.is_subnet)
    i.main_TcpNet                            0x00017fe8   Section        0  at_system.o(i.main_TcpNet)
    i.mem_comp                               0x0001804c   Section        0  at_lib.o(i.mem_comp)
    i.mem_copy                               0x00018064   Section        0  at_lib.o(i.mem_copy)
    i.mem_crc32                              0x0001807a   Section        0  at_lib.o(i.mem_crc32)
    i.mem_set                                0x0001809a   Section        0  at_lib.o(i.mem_set)
    i.mem_test                               0x000180a4   Section        0  at_lib.o(i.mem_test)
    i.nrd_u32be                              0x000180b8   Section        0  at_lib.o(i.nrd_u32be)
    i.nwr_u32be                              0x000180ce   Section        0  at_lib.o(i.nwr_u32be)
    i.proc_req_line                          0x000180e0   Section        0  at_http.o(i.proc_req_line)
    proc_req_line                            0x000180e1   Thumb Code    36  at_http.o(i.proc_req_line)
    i.put_in_queue                           0x00018108   Section        0  at_ethernet.o(i.put_in_queue)
    i.read_script_line                       0x00018130   Section        0  at_http.o(i.read_script_line)
    read_script_line                         0x00018131   Thumb Code   160  at_http.o(i.read_script_line)
    i.resize_mem                             0x000181d0   Section        0  at_mem.o(i.resize_mem)
    i.search_delim                           0x00018218   Section        0  at_http.o(i.search_delim)
    search_delim                             0x00018219   Thumb Code    76  at_http.o(i.search_delim)
    i.str_copy                               0x00018264   Section        0  at_lib.o(i.str_copy)
    i.str_crc32                              0x00018276   Section        0  at_lib.o(i.str_crc32)
    i.str_pos                                0x00018290   Section        0  at_lib.o(i.str_pos)
    i.str_scomp                              0x000182a6   Section        0  at_lib.o(i.str_scomp)
    i.tcp_abort                              0x000182c0   Section        0  at_tcp.o(i.tcp_abort)
    i.tcp_close                              0x00018310   Section        0  at_tcp.o(i.tcp_close)
    i.tcp_get_buf                            0x000183ac   Section        0  at_tcp.o(i.tcp_get_buf)
    i.tcp_get_socket                         0x000183cc   Section        0  at_tcp.o(i.tcp_get_socket)
    i.tcp_get_state                          0x00018418   Section        0  at_tcp.o(i.tcp_get_state)
    i.tcp_init                               0x0001843c   Section        0  at_tcp.o(i.tcp_init)
    i.tcp_listen                             0x00018454   Section        0  at_tcp.o(i.tcp_listen)
    i.tcp_map_socket                         0x000184c0   Section        0  at_tcp.o(i.tcp_map_socket)
    tcp_map_socket                           0x000184c1   Thumb Code   146  at_tcp.o(i.tcp_map_socket)
    i.tcp_max_dsize                          0x00018558   Section        0  at_tcp.o(i.tcp_max_dsize)
    i.tcp_parse_opt                          0x0001857c   Section        0  at_tcp.o(i.tcp_parse_opt)
    tcp_parse_opt                            0x0001857d   Thumb Code    94  at_tcp.o(i.tcp_parse_opt)
    i.tcp_poll_sockets                       0x000185dc   Section        0  at_tcp.o(i.tcp_poll_sockets)
    i.tcp_proc_acknr                         0x00018860   Section        0  at_tcp.o(i.tcp_proc_acknr)
    tcp_proc_acknr                           0x00018861   Thumb Code   194  at_tcp.o(i.tcp_proc_acknr)
    i.tcp_proc_dupack                        0x00018928   Section        0  at_tcp.o(i.tcp_proc_dupack)
    tcp_proc_dupack                          0x00018929   Thumb Code    82  at_tcp.o(i.tcp_proc_dupack)
    i.tcp_process                            0x0001897c   Section        0  at_tcp.o(i.tcp_process)
    i.tcp_que_free                           0x00018e14   Section        0  at_tcp.o(i.tcp_que_free)
    tcp_que_free                             0x00018e15   Thumb Code    26  at_tcp.o(i.tcp_que_free)
    i.tcp_que_init                           0x00018e2e   Section        0  at_tcp.o(i.tcp_que_init)
    tcp_que_init                             0x00018e2f   Thumb Code    26  at_tcp.o(i.tcp_que_init)
    i.tcp_que_resend                         0x00018e48   Section        0  at_tcp.o(i.tcp_que_resend)
    tcp_que_resend                           0x00018e49   Thumb Code   142  at_tcp.o(i.tcp_que_resend)
    i.tcp_send                               0x00018edc   Section        0  at_tcp.o(i.tcp_send)
    i.tcp_send_ctrl                          0x00018fb0   Section        0  at_tcp.o(i.tcp_send_ctrl)
    tcp_send_ctrl                            0x00018fb1   Thumb Code   106  at_tcp.o(i.tcp_send_ctrl)
    i.tcp_send_data                          0x0001901a   Section        0  at_tcp.o(i.tcp_send_data)
    tcp_send_data                            0x0001901b   Thumb Code    80  at_tcp.o(i.tcp_send_data)
    i.tcp_send_reset                         0x0001906a   Section        0  at_tcp.o(i.tcp_send_reset)
    tcp_send_reset                           0x0001906b   Thumb Code   104  at_tcp.o(i.tcp_send_reset)
    i.tcp_set_cwnd                           0x000190d2   Section        0  at_tcp.o(i.tcp_set_cwnd)
    tcp_set_cwnd                             0x000190d3   Thumb Code    38  at_tcp.o(i.tcp_set_cwnd)
    i.tcp_transit                            0x000190f8   Section        0  at_tcp.o(i.tcp_transit)
    tcp_transit                              0x000190f9   Thumb Code   100  at_tcp.o(i.tcp_transit)
    i.tcp_write                              0x00019160   Section        0  at_tcp.o(i.tcp_write)
    tcp_write                                0x00019161   Thumb Code   190  at_tcp.o(i.tcp_write)
    i.timer_tick                             0x00019224   Section        0  at_system.o(i.timer_tick)
    i.udp_init                               0x00019238   Section        0  at_udp.o(i.udp_init)
    i.udp_process                            0x00019250   Section        0  at_udp.o(i.udp_process)
    i.utc_to_http                            0x00019308   Section        0  at_http.o(i.utc_to_http)
    utc_to_http                              0x00019309   Thumb Code   180  at_http.o(i.utc_to_http)
    .constdata                               0x000193e8   Section      144  net_config.o(.constdata)
    .constdata                               0x00019478   Section     1796  web.o(.constdata)
    Web                                      0x0001947c   Data        1773  web.o(.constdata)
    .constdata                               0x00019b7c   Section     1520  asciilib.o(.constdata)
    AsciiLib                                 0x00019b7c   Data        1520  asciilib.o(.constdata)
    .constdata                               0x0001a16c   Section        6  at_arp.o(.constdata)
    NullAdr                                  0x0001a16c   Data           6  at_arp.o(.constdata)
    .constdata                               0x0001a172   Section        8  at_ip.o(.constdata)
    IP_Localhost                             0x0001a176   Data           4  at_ip.o(.constdata)
    .constdata                               0x0001a17a   Section      244  at_http.o(.constdata)
    DYear                                    0x0001a17a   Data           6  at_http.o(.constdata)
    Month                                    0x0001a180   Data          48  at_http.o(.constdata)
    WkDay                                    0x0001a1b0   Data          28  at_http.o(.constdata)
    DMonth                                   0x0001a1cc   Data          24  at_http.o(.constdata)
    ftype                                    0x0001a1e4   Data         138  at_http.o(.constdata)
    .constdata                               0x0001a26e   Section        6  at_ethernet.o(.constdata)
    .constdata                               0x0001a274   Section       86  http_err.o(.constdata)
    .constdata                               0x0001a2ca   Section       81  http_err.o(.constdata)
    .constdata                               0x0001a31b   Section       78  http_err.o(.constdata)
    .constdata                               0x0001a369   Section       75  http_err.o(.constdata)
    .constdata                               0x0001a3b4   Section       47  http_err.o(.constdata)
    .constdata                               0x0001a3e3   Section      136  http_err.o(.constdata)
    .constdata                               0x0001a46b   Section      129  ctype_o.o(.constdata)
    .constdata                               0x0001a4ec   Section        4  ctype_o.o(.constdata)
    table                                    0x0001a4ec   Data           4  ctype_o.o(.constdata)
    .conststring                             0x0001a4f0   Section       25  net_config.o(.conststring)
    .bss                                     0x10000000   Section    13292  net_config.o(.bss)
    mem_pool                                 0x10000000   Data       12000  net_config.o(.bss)
    arp_table                                0x10002ee0   Data         140  net_config.o(.bss)
    udp_scb                                  0x10002f6c   Data          24  net_config.o(.bss)
    tcp_scb                                  0x10002f84   Data         816  net_config.o(.bss)
    http_scb                                 0x100032b4   Data         312  net_config.o(.bss)
    .data                                    0x2007c000   Section        4  system_lpc17xx.o(.data)
    .data                                    0x2007c004   Section       18  main.o(.data)
    .data                                    0x2007c016   Section        1  timers.o(.data)
    .data                                    0x2007c017   Section       42  net_config.o(.data)
    http_passw                               0x2007c02d   Data          20  net_config.o(.data)
    .data                                    0x2007c044   Section       20  emac_lpc17xx_lan8720.o(.data)
    regv                                     0x2007c048   Data           4  emac_lpc17xx_lan8720.o(.data)
    tout                                     0x2007c04c   Data           4  emac_lpc17xx_lan8720.o(.data)
    id1                                      0x2007c050   Data           4  emac_lpc17xx_lan8720.o(.data)
    id2                                      0x2007c054   Data           4  emac_lpc17xx_lan8720.o(.data)
    .data                                    0x2007c058   Section      444  statechart.o(.data)
    .data                                    0x2007c218   Section       76  touchpanel.o(.data)
    screen                                   0x2007c25c   Data           4  touchpanel.o(.data)
    .data                                    0x2007c264   Section       16  anemometro.o(.data)
    .data                                    0x2007c274   Section        4  ldr.o(.data)
    .data                                    0x2007c278   Section        1  glcd.o(.data)
    LCD_Code                                 0x2007c278   Data           1  glcd.o(.data)
    .data                                    0x2007c279   Section       14  lut.o(.data)
    .data                                    0x2007c288   Section        8  at_arp.o(.data)
    entry                                    0x2007c288   Data           1  at_arp.o(.data)
    probe_ip                                 0x2007c28c   Data           4  at_arp.o(.data)
    .data                                    0x2007c290   Section       12  at_ip.o(.data)
    ip_id                                    0x2007c290   Data           2  at_ip.o(.data)
    ip_control                               0x2007c294   Data           8  at_ip.o(.data)
    .data                                    0x2007c29c   Section        4  at_tcp.o(.data)
    socket                                   0x2007c29c   Data           1  at_tcp.o(.data)
    no_ack                                   0x2007c29d   Data           1  at_tcp.o(.data)
    port                                     0x2007c29e   Data           2  at_tcp.o(.data)
    .data                                    0x2007c2a0   Section       12  at_http.o(.data)
    session                                  0x2007c2a0   Data           1  at_http.o(.data)
    cgi                                      0x2007c2a4   Data           8  at_http.o(.data)
    .data                                    0x2007c2ac   Section        4  errno.o(.data)
    _errno                                   0x2007c2ac   Data           4  errno.o(.data)
    .bss                                     0x2007c2b0   Section       48  main.o(.bss)
    .bss                                     0x2007c2e0   Section       23  rtc.o(.bss)
    .bss                                     0x2007c2f8   Section    10852  emac_lpc17xx_lan8720.o(.bss)
    Rx_Desc                                  0x2007c2f8   Data          32  emac_lpc17xx_lan8720.o(.bss)
    Rx_Stat                                  0x2007c318   Data          32  emac_lpc17xx_lan8720.o(.bss)
    Tx_Desc                                  0x2007c338   Data          24  emac_lpc17xx_lan8720.o(.bss)
    Tx_Stat                                  0x2007c350   Data          12  emac_lpc17xx_lan8720.o(.bss)
    rx_buf                                   0x2007c35c   Data        6144  emac_lpc17xx_lan8720.o(.bss)
    tx_buf                                   0x2007db5c   Data        4608  emac_lpc17xx_lan8720.o(.bss)
    .bss                                     0x2007ed5c   Section       12  touchpanel.o(.bss)
    .bss                                     0x2007ed68   Section       16  at_icmp.o(.bss)
    icmp_control                             0x2007ed68   Data          16  at_icmp.o(.bss)
    .bss                                     0x2007ed78   Section      132  at_ethernet.o(.bss)
    eth_control                              0x2007ed78   Data         132  at_ethernet.o(.bss)
    .bss                                     0x2007edfc   Section       16  at_mem.o(.bss)
    mem_control                              0x2007edfc   Data          16  at_mem.o(.bss)
    .bss                                     0x2007ee0c   Section       76  at_system.o(.bss)
    STACK                                    0x2007ee58   Section      512  startup_lpc17xx.o(STACK)

    Global Symbols

    Symbol Name                              Value     Ov Type        Size  Object(Section)

    BuildAttributes$$THM_ISAv4$P$D$K$B$S$PE$A:L22UL41UL21$X:L11$S22US41US21$IEEE1$IW$USESV6$~STKCKD$USESV7$~SHL$OTIME$ROPI$EBA8$MICROLIB$REQ8$PRES8$EABIv2 0x00000000   Number         0  anon$$obj.o ABSOLUTE
    __ARM_use_no_argv                        0x00000000   Number         0  main.o ABSOLUTE
    __Vectors                                0x00000000   Data           4  startup_lpc17xx.o(RESET)
    _printf_a                                0x00000000   Number         0  stubs.o ABSOLUTE
    _printf_c                                0x00000000   Number         0  stubs.o ABSOLUTE
    _printf_charcount                        0x00000000   Number         0  stubs.o ABSOLUTE
    _printf_d                                0x00000000   Number         0  stubs.o ABSOLUTE
    _printf_e                                0x00000000   Number         0  stubs.o ABSOLUTE
    _printf_f                                0x00000000   Number         0  stubs.o ABSOLUTE
    _printf_flags                            0x00000000   Number         0  stubs.o ABSOLUTE
    _printf_fp_dec                           0x00000000   Number         0  stubs.o ABSOLUTE
    _printf_fp_hex                           0x00000000   Number         0  stubs.o ABSOLUTE
    _printf_g                                0x00000000   Number         0  stubs.o ABSOLUTE
    _printf_i                                0x00000000   Number         0  stubs.o ABSOLUTE
    _printf_int_dec                          0x00000000   Number         0  stubs.o ABSOLUTE
    _printf_l                                0x00000000   Number         0  stubs.o ABSOLUTE
    _printf_lc                               0x00000000   Number         0  stubs.o ABSOLUTE
    _printf_ll                               0x00000000   Number         0  stubs.o ABSOLUTE
    _printf_lld                              0x00000000   Number         0  stubs.o ABSOLUTE
    _printf_lli                              0x00000000   Number         0  stubs.o ABSOLUTE
    _printf_llo                              0x00000000   Number         0  stubs.o ABSOLUTE
    _printf_llu                              0x00000000   Number         0  stubs.o ABSOLUTE
    _printf_llx                              0x00000000   Number         0  stubs.o ABSOLUTE
    _printf_longlong_dec                     0x00000000   Number         0  stubs.o ABSOLUTE
    _printf_longlong_hex                     0x00000000   Number         0  stubs.o ABSOLUTE
    _printf_longlong_oct                     0x00000000   Number         0  stubs.o ABSOLUTE
    _printf_ls                               0x00000000   Number         0  stubs.o ABSOLUTE
    _printf_mbtowc                           0x00000000   Number         0  stubs.o ABSOLUTE
    _printf_n                                0x00000000   Number         0  stubs.o ABSOLUTE
    _printf_o                                0x00000000   Number         0  stubs.o ABSOLUTE
    _printf_p                                0x00000000   Number         0  stubs.o ABSOLUTE
    _printf_percent                          0x00000000   Number         0  stubs.o ABSOLUTE
    _printf_pre_padding                      0x00000000   Number         0  stubs.o ABSOLUTE
    _printf_return_value                     0x00000000   Number         0  stubs.o ABSOLUTE
    _printf_s                                0x00000000   Number         0  stubs.o ABSOLUTE
    _printf_sizespec                         0x00000000   Number         0  stubs.o ABSOLUTE
    _printf_str                              0x00000000   Number         0  stubs.o ABSOLUTE
    _printf_truncate_signed                  0x00000000   Number         0  stubs.o ABSOLUTE
    _printf_truncate_unsigned                0x00000000   Number         0  stubs.o ABSOLUTE
    _printf_u                                0x00000000   Number         0  stubs.o ABSOLUTE
    _printf_wc                               0x00000000   Number         0  stubs.o ABSOLUTE
    _printf_wctomb                           0x00000000   Number         0  stubs.o ABSOLUTE
    _printf_widthprec                        0x00000000   Number         0  stubs.o ABSOLUTE
    _printf_x                                0x00000000   Number         0  stubs.o ABSOLUTE
    __cpp_initialize__aeabi_                  - Undefined Weak Reference
    __cxa_finalize                            - Undefined Weak Reference
    _clock_init                               - Undefined Weak Reference
    _microlib_exit                            - Undefined Weak Reference
    poll_ethernet                             - Undefined Weak Reference
    __main                                   0x000000cd   Thumb Code     0  entry.o(.ARM.Collect$$$$00000000)
    _main_stk                                0x000000cd   Thumb Code     0  entry2.o(.ARM.Collect$$$$00000001)
    _main_scatterload                        0x000000d1   Thumb Code     0  entry5.o(.ARM.Collect$$$$00000004)
    __main_after_scatterload                 0x000000d5   Thumb Code     0  entry5.o(.ARM.Collect$$$$00000004)
    _main_clock                              0x000000d5   Thumb Code     0  entry7b.o(.ARM.Collect$$$$00000008)
    _main_cpp_init                           0x000000d5   Thumb Code     0  entry8b.o(.ARM.Collect$$$$0000000A)
    _main_init                               0x000000d5   Thumb Code     0  entry9a.o(.ARM.Collect$$$$0000000B)
    __rt_final_cpp                           0x000000dd   Thumb Code     0  entry10a.o(.ARM.Collect$$$$0000000D)
    __rt_final_exit                          0x000000dd   Thumb Code     0  entry11a.o(.ARM.Collect$$$$0000000F)
    Reset_Handler                            0x000000e1   Thumb Code     8  startup_lpc17xx.o(.text)
    NMI_Handler                              0x000000e9   Thumb Code     2  startup_lpc17xx.o(.text)
    HardFault_Handler                        0x000000eb   Thumb Code     2  startup_lpc17xx.o(.text)
    MemManage_Handler                        0x000000ed   Thumb Code     2  startup_lpc17xx.o(.text)
    BusFault_Handler                         0x000000ef   Thumb Code     2  startup_lpc17xx.o(.text)
    UsageFault_Handler                       0x000000f1   Thumb Code     2  startup_lpc17xx.o(.text)
    SVC_Handler                              0x000000f3   Thumb Code     2  startup_lpc17xx.o(.text)
    DebugMon_Handler                         0x000000f5   Thumb Code     2  startup_lpc17xx.o(.text)
    PendSV_Handler                           0x000000f7   Thumb Code     2  startup_lpc17xx.o(.text)
    BOD_IRQHandler                           0x000000fb   Thumb Code     0  startup_lpc17xx.o(.text)
    CANActivity_IRQHandler                   0x000000fb   Thumb Code     0  startup_lpc17xx.o(.text)
    CAN_IRQHandler                           0x000000fb   Thumb Code     0  startup_lpc17xx.o(.text)
    DMA_IRQHandler                           0x000000fb   Thumb Code     0  startup_lpc17xx.o(.text)
    EINT0_IRQHandler                         0x000000fb   Thumb Code     0  startup_lpc17xx.o(.text)
    EINT1_IRQHandler                         0x000000fb   Thumb Code     0  startup_lpc17xx.o(.text)
    EINT2_IRQHandler                         0x000000fb   Thumb Code     0  startup_lpc17xx.o(.text)
    EINT3_IRQHandler                         0x000000fb   Thumb Code     0  startup_lpc17xx.o(.text)
    I2C0_IRQHandler                          0x000000fb   Thumb Code     0  startup_lpc17xx.o(.text)
    I2C1_IRQHandler                          0x000000fb   Thumb Code     0  startup_lpc17xx.o(.text)
    I2C2_IRQHandler                          0x000000fb   Thumb Code     0  startup_lpc17xx.o(.text)
    I2S_IRQHandler                           0x000000fb   Thumb Code     0  startup_lpc17xx.o(.text)
    MCPWM_IRQHandler                         0x000000fb   Thumb Code     0  startup_lpc17xx.o(.text)
    PLL0_IRQHandler                          0x000000fb   Thumb Code     0  startup_lpc17xx.o(.text)
    PLL1_IRQHandler                          0x000000fb   Thumb Code     0  startup_lpc17xx.o(.text)
    PWM1_IRQHandler                          0x000000fb   Thumb Code     0  startup_lpc17xx.o(.text)
    QEI_IRQHandler                           0x000000fb   Thumb Code     0  startup_lpc17xx.o(.text)
    RIT_IRQHandler                           0x000000fb   Thumb Code     0  startup_lpc17xx.o(.text)
    SPI_IRQHandler                           0x000000fb   Thumb Code     0  startup_lpc17xx.o(.text)
    SSP0_IRQHandler                          0x000000fb   Thumb Code     0  startup_lpc17xx.o(.text)
    SSP1_IRQHandler                          0x000000fb   Thumb Code     0  startup_lpc17xx.o(.text)
    TIMER2_IRQHandler                        0x000000fb   Thumb Code     0  startup_lpc17xx.o(.text)
    TIMER3_IRQHandler                        0x000000fb   Thumb Code     0  startup_lpc17xx.o(.text)
    UART0_IRQHandler                         0x000000fb   Thumb Code     0  startup_lpc17xx.o(.text)
    UART1_IRQHandler                         0x000000fb   Thumb Code     0  startup_lpc17xx.o(.text)
    UART2_IRQHandler                         0x000000fb   Thumb Code     0  startup_lpc17xx.o(.text)
    UART3_IRQHandler                         0x000000fb   Thumb Code     0  startup_lpc17xx.o(.text)
    USBActivity_IRQHandler                   0x000000fb   Thumb Code     0  startup_lpc17xx.o(.text)
    USB_IRQHandler                           0x000000fb   Thumb Code     0  startup_lpc17xx.o(.text)
    WDT_IRQHandler                           0x000000fb   Thumb Code     0  startup_lpc17xx.o(.text)
    __configuraPrograma__                    0x00000105   Thumb Code   162  configura.o(.text)
    main                                     0x000001d5   Thumb Code    16  main.o(.text)
    alimentaWDT                              0x000001e5   Thumb Code    12  wdt.o(.text)
    __configuraWDT__                         0x000001f1   Thumb Code    24  wdt.o(.text)
    __configuraWEB__                         0x0000020d   Thumb Code     8  http_source.o(.text)
    __mantenerTCP__                          0x00000215   Thumb Code     8  http_source.o(.text)
    sys_error                                0x0000021d   Thumb Code    36  net_config.o(.text)
    init_system                              0x00000241   Thumb Code    34  net_config.o(.text)
    run_system                               0x00000263   Thumb Code    26  net_config.o(.text)
    igmp_is_member                           0x0000027d   Thumb Code     4  net_config.o(.text)
    igmp_process                             0x00000281   Thumb Code     2  net_config.o(.text)
    dhcp_disable                             0x00000283   Thumb Code     2  net_config.o(.text)
    ppp_send_frame                           0x00000285   Thumb Code     4  net_config.o(.text)
    slip_send_frame                          0x00000289   Thumb Code     4  net_config.o(.text)
    sntp_get_time                            0x0000028d   Thumb Code     4  net_config.o(.text)
    configLEDs                               0x00000291   Thumb Code    80  leds.o(.text)
    check_failed                             0x000002e1   Thumb Code     4  lpc17xx_libcfg_default.o(.text)
    strlen                                   0x000002e5   Thumb Code    14  strlen.o(.text)
    __aeabi_ui2f                             0x000002f3   Thumb Code    10  ffltui.o(.text)
    SystemCoreClockUpdate                    0x00000301   Thumb Code   424  system_lpc17xx.o(.text)
    __RL_TCP_VER                             0x00000472   Number         0  at_system.o ABSOLUTE
    SystemInit                               0x000004a9   Thumb Code   290  system_lpc17xx.o(.text)
    __configuraPWM__                         0x00000619   Thumb Code   384  pwm.o(.text)
    modificaPulso                            0x00000799   Thumb Code   240  pwm.o(.text)
    __configuraRTC__                         0x000008b9   Thumb Code   164  rtc.o(.text)
    RTC_IRQHandler                           0x0000095d   Thumb Code    72  rtc.o(.text)
    __configuraSysTick__                     0x00000a15   Thumb Code    80  timers.o(.text)
    __configuraTimer0__                      0x00000a65   Thumb Code    82  timers.o(.text)
    TIMER0_IRQHandler                        0x00000ab7   Thumb Code   244  timers.o(.text)
    SysTick_Handler                          0x00000bab   Thumb Code     8  timers.o(.text)
    cgi_process_var                          0x00000bdd   Thumb Code     2  http_cgi.o(.text)
    cgi_process_data                         0x00000bdf   Thumb Code     2  http_cgi.o(.text)
    cgi_func                                 0x00000be1   Thumb Code   482  http_cgi.o(.text)
    int_enable_eth                           0x00000e0d   Thumb Code    24  emac_lpc17xx_lan8720.o(.text)
    int_disable_eth                          0x00000e25   Thumb Code    18  emac_lpc17xx_lan8720.o(.text)
    setMac                                   0x00000e37   Thumb Code   182  emac_lpc17xx_lan8720.o(.text)
    init_ethernet                            0x00000ffd   Thumb Code   724  emac_lpc17xx_lan8720.o(.text)
    send_frame                               0x000012d1   Thumb Code    70  emac_lpc17xx_lan8720.o(.text)
    ENET_IRQHandler                          0x00001317   Thumb Code   156  emac_lpc17xx_lan8720.o(.text)
    zoneNewPressed                           0x000013dd   Thumb Code    80  statechart.o(.text)
    squareButton                             0x0000142d   Thumb Code   226  statechart.o(.text)
    __pintaAjustes__                         0x0000150f   Thumb Code   284  statechart.o(.text)
    __pintaMedidas2__                        0x0000162b   Thumb Code   252  statechart.o(.text)
    __pintaMedidas1__                        0x00001727   Thumb Code   708  statechart.o(.text)
    __pintaInicio__                          0x000019eb   Thumb Code   264  statechart.o(.text)
    checkTouchPanel                          0x00001af3   Thumb Code    36  statechart.o(.text)
    __mainLoop__                             0x00001b17   Thumb Code  1018  statechart.o(.text)
    __configuraLCD__                         0x00001f11   Thumb Code    16  statechart.o(.text)
    TP_Init                                  0x00001f55   Thumb Code   176  touchpanel.o(.text)
    Read_X                                   0x00002085   Thumb Code    42  touchpanel.o(.text)
    Read_Y                                   0x000020af   Thumb Code    42  touchpanel.o(.text)
    TP_GetAdXY                               0x000020d9   Thumb Code    34  touchpanel.o(.text)
    TP_DrawPoint                             0x000020fb   Thumb Code    64  touchpanel.o(.text)
    DrawCross                                0x0000213b   Thumb Code   356  touchpanel.o(.text)
    Read_Ads7846                             0x0000229f   Thumb Code   520  touchpanel.o(.text)
    setCalibrationMatrix                     0x000024a7   Thumb Code   356  touchpanel.o(.text)
    getDisplayPoint                          0x0000260b   Thumb Code   238  touchpanel.o(.text)
    TouchPanel_Calibrate                     0x000026f9   Thumb Code   108  touchpanel.o(.text)
    __configuraAnemometro__                  0x00002799   Thumb Code   140  anemometro.o(.text)
    TIMER1_IRQHandler                        0x00002825   Thumb Code   188  anemometro.o(.text)
    __configuraLDR__                         0x00002911   Thumb Code    82  ldr.o(.text)
    ADC_IRQHandler                           0x00002963   Thumb Code    40  ldr.o(.text)
    GetASCIICode                             0x000029a9   Thumb Code    26  asciilib.o(.text)
    LCD_Initializtion                        0x00002a13   Thumb Code 63088  glcd.o(.text)
    LCD_Clear                                0x00012083   Thumb Code  2744  glcd.o(.text)
    LCD_GetPoint                             0x00012b55   Thumb Code  2218  glcd.o(.text)
    LCD_SetPoint                             0x000133ff   Thumb Code  1304  glcd.o(.text)
    LCD_DrawLine                             0x00013917   Thumb Code   250  glcd.o(.text)
    PutChar                                  0x00013a11   Thumb Code   100  glcd.o(.text)
    GUI_Text                                 0x00013a75   Thumb Code    80  glcd.o(.text)
    SSP_Init                                 0x00013b4b   Thumb Code   100  lpc17xx_ssp.o(.text)
    SSP_DeInit                               0x00013baf   Thumb Code    60  lpc17xx_ssp.o(.text)
    SSP_GetDataSize                          0x00013beb   Thumb Code    34  lpc17xx_ssp.o(.text)
    SSP_ConfigStructInit                     0x00013c0d   Thumb Code    22  lpc17xx_ssp.o(.text)
    SSP_Cmd                                  0x00013c23   Thumb Code    68  lpc17xx_ssp.o(.text)
    SSP_LoopBackCmd                          0x00013c67   Thumb Code    68  lpc17xx_ssp.o(.text)
    SSP_SlaveOutputCmd                       0x00013cab   Thumb Code    72  lpc17xx_ssp.o(.text)
    SSP_SendData                             0x00013cf3   Thumb Code    36  lpc17xx_ssp.o(.text)
    SSP_ReceiveData                          0x00013d17   Thumb Code    34  lpc17xx_ssp.o(.text)
    SSP_ReadWrite                            0x00013d39   Thumb Code   604  lpc17xx_ssp.o(.text)
    SSP_GetStatus                            0x00013f95   Thumb Code    80  lpc17xx_ssp.o(.text)
    SSP_IntConfig                            0x00013fe5   Thumb Code    58  lpc17xx_ssp.o(.text)
    SSP_GetRawIntStatus                      0x0001401f   Thumb Code    76  lpc17xx_ssp.o(.text)
    SSP_GetRawIntStatusReg                   0x0001406b   Thumb Code    34  lpc17xx_ssp.o(.text)
    SSP_GetIntStatus                         0x0001408d   Thumb Code    76  lpc17xx_ssp.o(.text)
    SSP_ClearIntPending                      0x000140d9   Thumb Code    58  lpc17xx_ssp.o(.text)
    SSP_DMACmd                               0x00014113   Thumb Code   100  lpc17xx_ssp.o(.text)
    PINSEL_ConfigTraceFunc                   0x00014227   Thumb Code    34  lpc17xx_pinsel.o(.text)
    PINSEL_SetI2C0Pins                       0x00014249   Thumb Code    16  lpc17xx_pinsel.o(.text)
    PINSEL_ConfigPin                         0x00014259   Thumb Code    36  lpc17xx_pinsel.o(.text)
    GPIO_SetDir                              0x0001431d   Thumb Code    40  lpc17xx_gpio.o(.text)
    GPIO_SetValue                            0x00014345   Thumb Code    20  lpc17xx_gpio.o(.text)
    GPIO_ClearValue                          0x00014359   Thumb Code    20  lpc17xx_gpio.o(.text)
    GPIO_ReadValue                           0x0001436d   Thumb Code    22  lpc17xx_gpio.o(.text)
    GPIO_IntCmd                              0x00014383   Thumb Code    54  lpc17xx_gpio.o(.text)
    GPIO_GetIntStatus                        0x000143b9   Thumb Code    86  lpc17xx_gpio.o(.text)
    GPIO_ClearInt                            0x0001440f   Thumb Code    24  lpc17xx_gpio.o(.text)
    FIO_SetDir                               0x00014427   Thumb Code    20  lpc17xx_gpio.o(.text)
    FIO_SetValue                             0x0001443b   Thumb Code    16  lpc17xx_gpio.o(.text)
    FIO_ClearValue                           0x0001444b   Thumb Code    16  lpc17xx_gpio.o(.text)
    FIO_ReadValue                            0x0001445b   Thumb Code    12  lpc17xx_gpio.o(.text)
    FIO_IntCmd                               0x00014467   Thumb Code    20  lpc17xx_gpio.o(.text)
    FIO_GetIntStatus                         0x0001447b   Thumb Code    20  lpc17xx_gpio.o(.text)
    FIO_ClearInt                             0x0001448f   Thumb Code    16  lpc17xx_gpio.o(.text)
    FIO_SetMask                              0x0001449f   Thumb Code    40  lpc17xx_gpio.o(.text)
    FIO_HalfWordSetDir                       0x000144c7   Thumb Code    62  lpc17xx_gpio.o(.text)
    FIO_HalfWordSetMask                      0x00014505   Thumb Code    62  lpc17xx_gpio.o(.text)
    FIO_HalfWordSetValue                     0x00014543   Thumb Code    32  lpc17xx_gpio.o(.text)
    FIO_HalfWordClearValue                   0x00014563   Thumb Code    32  lpc17xx_gpio.o(.text)
    FIO_HalfWordReadValue                    0x00014583   Thumb Code    30  lpc17xx_gpio.o(.text)
    FIO_ByteSetDir                           0x000145a1   Thumb Code    50  lpc17xx_gpio.o(.text)
    FIO_ByteSetMask                          0x000145d3   Thumb Code    66  lpc17xx_gpio.o(.text)
    FIO_ByteSetValue                         0x00014615   Thumb Code    34  lpc17xx_gpio.o(.text)
    FIO_ByteClearValue                       0x00014637   Thumb Code    34  lpc17xx_gpio.o(.text)
    FIO_ByteReadValue                        0x00014659   Thumb Code    76  lpc17xx_gpio.o(.text)
    CLKPWR_SetPCLKDiv                        0x000146a5   Thumb Code   106  lpc17xx_clkpwr.o(.text)
    CLKPWR_GetPCLKSEL                        0x0001470f   Thumb Code    32  lpc17xx_clkpwr.o(.text)
    CLKPWR_GetPCLK                           0x0001472f   Thumb Code    58  lpc17xx_clkpwr.o(.text)
    CLKPWR_ConfigPPWR                        0x00014769   Thumb Code    50  lpc17xx_clkpwr.o(.text)
    CLKPWR_Sleep                             0x0001479b   Thumb Code    10  lpc17xx_clkpwr.o(.text)
    CLKPWR_DeepSleep                         0x000147a5   Thumb Code    16  lpc17xx_clkpwr.o(.text)
    CLKPWR_PowerDown                         0x000147b5   Thumb Code    16  lpc17xx_clkpwr.o(.text)
    CLKPWR_DeepPowerDown                     0x000147c5   Thumb Code    16  lpc17xx_clkpwr.o(.text)
    goto_LUT                                 0x000147f5   Thumb Code    62  lut.o(.text)
    __aeabi_uldivmod                         0x00014839   Thumb Code    98  uldiv.o(.text)
    __aeabi_memcpy                           0x0001489b   Thumb Code    36  memcpya.o(.text)
    __aeabi_memcpy4                          0x0001489b   Thumb Code     0  memcpya.o(.text)
    __aeabi_memcpy8                          0x0001489b   Thumb Code     0  memcpya.o(.text)
    __aeabi_memset                           0x000148bf   Thumb Code    14  memseta.o(.text)
    __aeabi_memset4                          0x000148bf   Thumb Code     0  memseta.o(.text)
    __aeabi_memset8                          0x000148bf   Thumb Code     0  memseta.o(.text)
    __aeabi_memclr                           0x000148cd   Thumb Code     4  memseta.o(.text)
    __aeabi_memclr4                          0x000148cd   Thumb Code     0  memseta.o(.text)
    __aeabi_memclr8                          0x000148cd   Thumb Code     0  memseta.o(.text)
    _memset$wrapper                          0x000148d1   Thumb Code    18  memseta.o(.text)
    strcmp                                   0x000148e3   Thumb Code    28  strcmp.o(.text)
    atoi                                     0x000148ff   Thumb Code    26  atoi.o(.text)
    __aeabi_fadd                             0x00014919   Thumb Code   164  fadd.o(.text)
    __aeabi_fsub                             0x000149bd   Thumb Code     6  fadd.o(.text)
    __aeabi_frsub                            0x000149c3   Thumb Code     6  fadd.o(.text)
    __aeabi_fmul                             0x000149c9   Thumb Code   108  fmul.o(.text)
    __aeabi_fdiv                             0x00014a35   Thumb Code   128  fdiv.o(.text)
    __aeabi_dadd                             0x00014ab5   Thumb Code   322  dadd.o(.text)
    __aeabi_dsub                             0x00014bf7   Thumb Code     6  dadd.o(.text)
    __aeabi_drsub                            0x00014bfd   Thumb Code     6  dadd.o(.text)
    __aeabi_dmul                             0x00014c03   Thumb Code   228  dmul.o(.text)
    __aeabi_ddiv                             0x00014ce7   Thumb Code   222  ddiv.o(.text)
    __aeabi_i2f                              0x00014dc5   Thumb Code    18  fflti.o(.text)
    __aeabi_i2d                              0x00014dd7   Thumb Code    34  dflti.o(.text)
    __aeabi_ui2d                             0x00014df9   Thumb Code    26  dfltui.o(.text)
    __aeabi_f2uiz                            0x00014e13   Thumb Code    40  ffixui.o(.text)
    __aeabi_d2uiz                            0x00014e3b   Thumb Code    50  dfixui.o(.text)
    __aeabi_f2d                              0x00014e6d   Thumb Code    38  f2d.o(.text)
    __aeabi_cdcmpeq                          0x00014e95   Thumb Code     0  cdcmple.o(.text)
    __aeabi_cdcmple                          0x00014e95   Thumb Code    38  cdcmple.o(.text)
    __aeabi_d2f                              0x00014ebd   Thumb Code    56  d2f.o(.text)
    __aeabi_cfcmpeq                          0x00014ef5   Thumb Code     0  cfcmple.o(.text)
    __aeabi_cfcmple                          0x00014ef5   Thumb Code    20  cfcmple.o(.text)
    __aeabi_uidiv                            0x00014f09   Thumb Code     0  uidiv.o(.text)
    __aeabi_uidivmod                         0x00014f09   Thumb Code    44  uidiv.o(.text)
    __aeabi_llsl                             0x00014f35   Thumb Code    30  llshl.o(.text)
    _ll_shift_l                              0x00014f35   Thumb Code     0  llshl.o(.text)
    __aeabi_llsr                             0x00014f53   Thumb Code    32  llushr.o(.text)
    _ll_ushift_r                             0x00014f53   Thumb Code     0  llushr.o(.text)
    __aeabi_lasr                             0x00014f73   Thumb Code    36  llsshr.o(.text)
    _ll_sshift_r                             0x00014f73   Thumb Code     0  llsshr.o(.text)
    strtol                                   0x00014f97   Thumb Code   112  strtol.o(.text)
    __I$use$fp                               0x00015007   Thumb Code     0  iusefp.o(.text)
    _float_round                             0x00015007   Thumb Code    18  fepilogue.o(.text)
    _float_epilogue                          0x00015019   Thumb Code    90  fepilogue.o(.text)
    _double_round                            0x00015073   Thumb Code    26  depilogue.o(.text)
    _double_epilogue                         0x0001508d   Thumb Code   164  depilogue.o(.text)
    __aeabi_d2ulz                            0x00015131   Thumb Code    48  dfixul.o(.text)
    __aeabi_cdrcmple                         0x00015161   Thumb Code    38  cdrcmple.o(.text)
    __scatterload                            0x00015189   Thumb Code    28  init.o(.text)
    __scatterload_rt2                        0x00015189   Thumb Code     0  init.o(.text)
    __rt_ctype_table                         0x000151ad   Thumb Code     4  ctype_o.o(.text)
    _strtoul                                 0x000151b5   Thumb Code   158  _strtoul.o(.text)
    _chval                                   0x00015253   Thumb Code    28  _chval.o(.text)
    __decompress                             0x0001526f   Thumb Code     0  __dczerorl2.o(.text)
    __decompress1                            0x0001526f   Thumb Code    92  __dczerorl2.o(.text)
    __0sprintf                               0x000152cd   Thumb Code    34  printfa.o(i.__0sprintf)
    __1sprintf                               0x000152cd   Thumb Code     0  printfa.o(i.__0sprintf)
    __2sprintf                               0x000152cd   Thumb Code     0  printfa.o(i.__0sprintf)
    __c89sprintf                             0x000152cd   Thumb Code     0  printfa.o(i.__0sprintf)
    sprintf                                  0x000152cd   Thumb Code     0  printfa.o(i.__0sprintf)
    __aeabi_errno_addr                       0x000152f5   Thumb Code     4  errno.o(i.__aeabi_errno_addr)
    __rt_errno_addr                          0x000152f5   Thumb Code     0  errno.o(i.__aeabi_errno_addr)
    __scatterload_copy                       0x000152fd   Thumb Code    14  handlers.o(i.__scatterload_copy)
    __scatterload_null                       0x0001530b   Thumb Code     2  handlers.o(i.__scatterload_null)
    __scatterload_zeroinit                   0x0001530d   Thumb Code    14  handlers.o(i.__scatterload_zeroinit)
    alloc_mem                                0x00015bfd   Thumb Code   174  at_mem.o(i.alloc_mem)
    arp_cache_add                            0x00015cb5   Thumb Code   174  at_arp.o(i.arp_cache_add)
    arp_cache_early                          0x00015df5   Thumb Code   142  at_arp.o(i.arp_cache_early)
    arp_cache_find                           0x00015e8d   Thumb Code   168  at_arp.o(i.arp_cache_find)
    arp_cache_update                         0x00015f41   Thumb Code   228  at_arp.o(i.arp_cache_update)
    arp_init                                 0x00016035   Thumb Code    34  at_arp.o(i.arp_init)
    arp_notify                               0x00016095   Thumb Code    26  at_arp.o(i.arp_notify)
    arp_process                              0x00016145   Thumb Code   294  at_arp.o(i.arp_process)
    avail_mem                                0x000163d5   Thumb Code    22  at_mem.o(i.avail_mem)
    b64_to_asc                               0x000163f1   Thumb Code   120  at_lib.o(i.b64_to_asc)
    calc_chksum16be                          0x00016469   Thumb Code    18  at_lib.o(i.calc_chksum16be)
    cgx_content_type                         0x0001647b   Thumb Code     4  at_http.o(i.cgx_content_type)
    chksum16_buf                             0x0001664d   Thumb Code    40  at_lib.o(i.chksum16_buf)
    chksum16_val                             0x00016675   Thumb Code    10  at_lib.o(i.chksum16_val)
    eth_chk_adr                              0x000166c5   Thumb Code    10  at_ethernet.o(i.eth_chk_adr)
    eth_init_link                            0x000166d5   Thumb Code    40  at_ethernet.o(i.eth_init_link)
    eth_run_link                             0x00016709   Thumb Code   194  at_ethernet.o(i.eth_run_link)
    eth_send_frame                           0x000167dd   Thumb Code   150  at_ethernet.o(i.eth_send_frame)
    free_mem                                 0x00016885   Thumb Code   124  at_mem.o(i.free_mem)
    get_rnd32                                0x000169f5   Thumb Code    18  at_system.o(i.get_rnd32)
    http_accept_host                         0x00016a11   Thumb Code     4  at_http.o(i.http_accept_host)
    http_check_account                       0x00016cd1   Thumb Code     4  at_http.o(i.http_check_account)
    http_fclose                              0x00016e5d   Thumb Code     2  at_http_uif.o(i.http_fclose)
    http_fgets                               0x00016e5f   Thumb Code     4  at_http_uif.o(i.http_fgets)
    http_file_access                         0x00016e63   Thumb Code     4  at_http.o(i.http_file_access)
    http_finfo                               0x00016e67   Thumb Code     4  at_http_uif.o(i.http_finfo)
    http_fopen                               0x00016e6b   Thumb Code     4  at_http_uif.o(i.http_fopen)
    http_fread                               0x00016e6f   Thumb Code     4  at_http_uif.o(i.http_fread)
    http_init                                0x00016e75   Thumb Code    72  at_http.o(i.http_init)
    http_run_server                          0x00017631   Thumb Code   816  at_http.o(i.http_run_server)
    icmp_init                                0x00017a35   Thumb Code    10  at_icmp.o(i.icmp_init)
    icmp_process                             0x00017a45   Thumb Code   198  at_icmp.o(i.icmp_process)
    icmp_run_engine                          0x00017b11   Thumb Code    58  at_icmp.o(i.icmp_run_engine)
    ifree_mem                                0x00017bc9   Thumb Code    48  at_mem.o(i.ifree_mem)
    init_TcpNet                              0x00017c01   Thumb Code    38  at_system.o(i.init_TcpNet)
    init_mem                                 0x00017c31   Thumb Code    86  at_mem.o(i.init_mem)
    ip_chk_frame                             0x00017c91   Thumb Code   190  at_ip.o(i.ip_chk_frame)
    ip_get_locadr                            0x00017d65   Thumb Code   166  at_ip.o(i.ip_get_locadr)
    ip_init                                  0x00017e1d   Thumb Code     8  at_ip.o(i.ip_init)
    ip_run_local                             0x00017e29   Thumb Code    82  at_ip.o(i.ip_run_local)
    ip_send_frame                            0x00017e85   Thumb Code   328  at_ip.o(i.ip_send_frame)
    is_subnet                                0x00017fd5   Thumb Code    20  at_lib.o(i.is_subnet)
    main_TcpNet                              0x00017fe9   Thumb Code    86  at_system.o(i.main_TcpNet)
    mem_comp                                 0x0001804d   Thumb Code    24  at_lib.o(i.mem_comp)
    mem_copy                                 0x00018065   Thumb Code    22  at_lib.o(i.mem_copy)
    mem_crc32                                0x0001807b   Thumb Code    32  at_lib.o(i.mem_crc32)
    mem_set                                  0x0001809b   Thumb Code    10  at_lib.o(i.mem_set)
    mem_test                                 0x000180a5   Thumb Code    20  at_lib.o(i.mem_test)
    nrd_u32be                                0x000180b9   Thumb Code    22  at_lib.o(i.nrd_u32be)
    nwr_u32be                                0x000180cf   Thumb Code    16  at_lib.o(i.nwr_u32be)
    put_in_queue                             0x00018109   Thumb Code    36  at_ethernet.o(i.put_in_queue)
    resize_mem                               0x000181d1   Thumb Code    68  at_mem.o(i.resize_mem)
    str_copy                                 0x00018265   Thumb Code    18  at_lib.o(i.str_copy)
    str_crc32                                0x00018277   Thumb Code    26  at_lib.o(i.str_crc32)
    str_pos                                  0x00018291   Thumb Code    22  at_lib.o(i.str_pos)
    str_scomp                                0x000182a7   Thumb Code    26  at_lib.o(i.str_scomp)
    tcp_abort                                0x000182c1   Thumb Code    76  at_tcp.o(i.tcp_abort)
    tcp_close                                0x00018311   Thumb Code   150  at_tcp.o(i.tcp_close)
    tcp_get_buf                              0x000183ad   Thumb Code    32  at_tcp.o(i.tcp_get_buf)
    tcp_get_socket                           0x000183cd   Thumb Code    70  at_tcp.o(i.tcp_get_socket)
    tcp_get_state                            0x00018419   Thumb Code    32  at_tcp.o(i.tcp_get_state)
    tcp_init                                 0x0001843d   Thumb Code    18  at_tcp.o(i.tcp_init)
    tcp_listen                               0x00018455   Thumb Code   102  at_tcp.o(i.tcp_listen)
    tcp_max_dsize                            0x00018559   Thumb Code    30  at_tcp.o(i.tcp_max_dsize)
    tcp_poll_sockets                         0x000185dd   Thumb Code   630  at_tcp.o(i.tcp_poll_sockets)
    tcp_process                              0x0001897d   Thumb Code  1164  at_tcp.o(i.tcp_process)
    tcp_send                                 0x00018edd   Thumb Code   204  at_tcp.o(i.tcp_send)
    timer_tick                               0x00019225   Thumb Code    14  at_system.o(i.timer_tick)
    udp_init                                 0x00019239   Thumb Code    18  at_udp.o(i.udp_init)
    udp_process                              0x00019251   Thumb Code   178  at_udp.o(i.udp_process)
    nlocalm                                  0x000193e8   Data          60  net_config.o(.constdata)
    sys_config                               0x00019424   Data          16  net_config.o(.constdata)
    arp_config                               0x00019434   Data          12  net_config.o(.constdata)
    udp_config                               0x00019440   Data           8  net_config.o(.constdata)
    tcp_config                               0x00019448   Data          24  net_config.o(.constdata)
    http_config                              0x00019460   Data          24  net_config.o(.constdata)
    FileMD                                   0x00019478   Data           4  web.o(.constdata)
    FileTab                                  0x00019b6c   Data          16  web.o(.constdata)
    IP_Broadcast                             0x0001a172   Data           4  at_ip.o(.constdata)
    MAC_Broadcast                            0x0001a26e   Data           6  at_ethernet.o(.constdata)
    http_err_401                             0x0001a274   Data          86  http_err.o(.constdata)
    http_err_403                             0x0001a2ca   Data          81  http_err.o(.constdata)
    http_err_404                             0x0001a31b   Data          78  http_err.o(.constdata)
    http_err_501                             0x0001a369   Data          75  http_err.o(.constdata)
    http_err_head                            0x0001a3b4   Data          47  http_err.o(.constdata)
    http_err_foot                            0x0001a3e3   Data         136  http_err.o(.constdata)
    __ctype_table                            0x0001a46b   Data         129  ctype_o.o(.constdata)
    Region$$Table$$Base                      0x0001a50c   Number         0  anon$$obj.o(Region$$Table)
    Region$$Table$$Limit                     0x0001a53c   Number         0  anon$$obj.o(Region$$Table)
    SystemCoreClock                          0x2007c000   Data           4  system_lpc17xx.o(.data)
    DATOS                                    0x2007c004   Data           4  main.o(.data)
    ESTADO                                   0x2007c008   Data           4  main.o(.data)
    COUNTERS                                 0x2007c00c   Data           4  main.o(.data)
    ACTUALIZADOR                             0x2007c010   Data           4  main.o(.data)
    objESTADO                                0x2007c014   Data           1  main.o(.data)
    objACTUALIZADOR                          0x2007c015   Data           1  main.o(.data)
    TIM0_ticks                               0x2007c016   Data           1  timers.o(.data)
    lhost_name                               0x2007c017   Data          16  net_config.o(.data)
    own_hw_adr                               0x2007c027   Data           6  net_config.o(.data)
    iap_entry                                0x2007c044   Data           4  emac_lpc17xx_lan8720.o(.data)
    __brilloAuto                             0x2007c058   Data           1  statechart.o(.data)
    zona_0                                   0x2007c05a   Data          10  statechart.o(.data)
    zona_1                                   0x2007c064   Data          10  statechart.o(.data)
    zona_2                                   0x2007c06e   Data          10  statechart.o(.data)
    zona_3                                   0x2007c078   Data          10  statechart.o(.data)
    zona_4                                   0x2007c082   Data          10  statechart.o(.data)
    zona_5                                   0x2007c08c   Data          10  statechart.o(.data)
    zona_6                                   0x2007c096   Data          10  statechart.o(.data)
    zona_7                                   0x2007c0a0   Data          10  statechart.o(.data)
    zona_8                                   0x2007c0aa   Data          10  statechart.o(.data)
    zona_9                                   0x2007c0b4   Data          10  statechart.o(.data)
    zona_10                                  0x2007c0be   Data          10  statechart.o(.data)
    zona_11                                  0x2007c0c8   Data          10  statechart.o(.data)
    zona_12                                  0x2007c0d2   Data          10  statechart.o(.data)
    zona_13                                  0x2007c0dc   Data          10  statechart.o(.data)
    zona_14                                  0x2007c0e6   Data          10  statechart.o(.data)
    zona_15                                  0x2007c0f0   Data          10  statechart.o(.data)
    zona_16                                  0x2007c0fa   Data          10  statechart.o(.data)
    zona_17                                  0x2007c104   Data          10  statechart.o(.data)
    zona_18                                  0x2007c10e   Data          10  statechart.o(.data)
    zona_19                                  0x2007c118   Data          10  statechart.o(.data)
    zona_20                                  0x2007c122   Data          10  statechart.o(.data)
    zona_21                                  0x2007c12c   Data          10  statechart.o(.data)
    zona_22                                  0x2007c136   Data          10  statechart.o(.data)
    zona_23                                  0x2007c140   Data          10  statechart.o(.data)
    zona_24                                  0x2007c14a   Data          10  statechart.o(.data)
    zona_25                                  0x2007c154   Data          10  statechart.o(.data)
    zona_26                                  0x2007c15e   Data          10  statechart.o(.data)
    zona_27                                  0x2007c168   Data          10  statechart.o(.data)
    zona_28                                  0x2007c172   Data          10  statechart.o(.data)
    zona_29                                  0x2007c17c   Data          10  statechart.o(.data)
    zona_30                                  0x2007c186   Data          10  statechart.o(.data)
    zona_31                                  0x2007c190   Data          10  statechart.o(.data)
    zona_27m                                 0x2007c19a   Data          10  statechart.o(.data)
    zona_28m                                 0x2007c1a4   Data          10  statechart.o(.data)
    zona_29m                                 0x2007c1ae   Data          10  statechart.o(.data)
    zona_30m                                 0x2007c1b8   Data          10  statechart.o(.data)
    zona_27M                                 0x2007c1c2   Data          10  statechart.o(.data)
    zona_28M                                 0x2007c1cc   Data          10  statechart.o(.data)
    zona_29M                                 0x2007c1d6   Data          10  statechart.o(.data)
    zona_30M                                 0x2007c1e0   Data          10  statechart.o(.data)
    zona_32                                  0x2007c1ea   Data          10  statechart.o(.data)
    zona_33                                  0x2007c1f4   Data          10  statechart.o(.data)
    zona_34                                  0x2007c1fe   Data          10  statechart.o(.data)
    zona_35                                  0x2007c208   Data          10  statechart.o(.data)
    pressedTouchPanel                        0x2007c212   Data           1  statechart.o(.data)
    Aux8                                     0x2007c213   Data           1  statechart.o(.data)
    matrix                                   0x2007c218   Data          56  touchpanel.o(.data)
    DisplaySample                            0x2007c250   Data          12  touchpanel.o(.data)
    display                                  0x2007c260   Data           4  touchpanel.o(.data)
    CAPcont                                  0x2007c264   Data           1  anemometro.o(.data)
    SLAYERcont                               0x2007c265   Data           1  anemometro.o(.data)
    CLKbuff                                  0x2007c268   Data           8  anemometro.o(.data)
    aux_viento                               0x2007c270   Data           4  anemometro.o(.data)
    ELBUFF                                   0x2007c274   Data           4  ldr.o(.data)
    Brillo_LCR                               0x2007c279   Data          14  lut.o(.data)
    objDATOS                                 0x2007c2b0   Data          36  main.o(.bss)
    objCOUNTERS                              0x2007c2d4   Data          12  main.o(.bss)
    Clock                                    0x2007c2e0   Data          23  rtc.o(.bss)
    ScreenSample                             0x2007ed5c   Data          12  touchpanel.o(.bss)
    localm                                   0x2007ee0c   Data          60  at_system.o(.bss)
    sys_control                              0x2007ee48   Data          16  at_system.o(.bss)
    __initial_sp                             0x2007f058   Data           0  startup_lpc17xx.o(STACK)



==============================================================================

Memory Map of the image

  Image Entry point : 0x000000cd

  Load Region LR_IROM1 (Base: 0x00000000, Size: 0x0001a7ec, Max: 0x00080000, ABSOLUTE, COMPRESSED[0x0001a654])

    Execution Region ER_IROM1 (Base: 0x00000000, Size: 0x0001a53c, Max: 0x00080000, ABSOLUTE)

    Base Addr    Size         Type   Attr      Idx    E Section Name        Object

    0x00000000   0x000000cc   Data   RO            3    RESET               startup_lpc17xx.o
    0x000000cc   0x00000000   Code   RO         1108  * .ARM.Collect$$$$00000000  mc_w.l(entry.o)
    0x000000cc   0x00000004   Code   RO         1418    .ARM.Collect$$$$00000001  mc_w.l(entry2.o)
    0x000000d0   0x00000004   Code   RO         1421    .ARM.Collect$$$$00000004  mc_w.l(entry5.o)
    0x000000d4   0x00000000   Code   RO         1423    .ARM.Collect$$$$00000008  mc_w.l(entry7b.o)
    0x000000d4   0x00000000   Code   RO         1425    .ARM.Collect$$$$0000000A  mc_w.l(entry8b.o)
    0x000000d4   0x00000008   Code   RO         1426    .ARM.Collect$$$$0000000B  mc_w.l(entry9a.o)
    0x000000dc   0x00000000   Code   RO         1428    .ARM.Collect$$$$0000000D  mc_w.l(entry10a.o)
    0x000000dc   0x00000000   Code   RO         1430    .ARM.Collect$$$$0000000F  mc_w.l(entry11a.o)
    0x000000dc   0x00000004   Code   RO         1419    .ARM.Collect$$$$00002712  mc_w.l(entry2.o)
    0x000000e0   0x00000024   Code   RO            5    .text               startup_lpc17xx.o
    0x00000104   0x000000d0   Code   RO           59    .text               configura.o
    0x000001d4   0x00000010   Code   RO          158    .text               main.o
    0x000001e4   0x00000028   Code   RO          264    .text               wdt.o
    0x0000020c   0x00000010   Code   RO          283    .text               http_source.o
    0x0000021c   0x00000074   Code   RO          308    .text               net_config.o
    0x00000290   0x00000050   Code   RO          462    .text               leds.o
    0x000002e0   0x00000004   Code   RO          664    .text               lpc17xx_libcfg_default.o
    0x000002e4   0x0000000e   Code   RO         1117    .text               mc_w.l(strlen.o)
    0x000002f2   0x0000000a   Code   RO         1400    .text               mf_w.l(ffltui.o)
    0x000002fc   0x00000004   Code   RO            4    .ARM.__at_0x02FC    startup_lpc17xx.o
    0x00000300   0x00000318   Code   RO           24    .text               system_lpc17xx.o
    0x00000618   0x000002a0   Code   RO          187    .text               pwm.o
    0x000008b8   0x0000013c   Code   RO          204    .text               rtc.o
    0x000009f4   0x000001e8   Code   RO          234    .text               timers.o
    0x00000bdc   0x00000230   Code   RO          330    .text               http_cgi.o
    0x00000e0c   0x000005d0   Code   RO          353    .text               emac_lpc17xx_lan8720.o
    0x000013dc   0x00000b78   Code   RO          390    .text               statechart.o
    0x00001f54   0x00000844   Code   RO          439    .text               touchpanel.o
    0x00002798   0x00000178   Code   RO          478    .text               anemometro.o
    0x00002910   0x00000098   Code   RO          508    .text               ldr.o
    0x000029a8   0x00000020   Code   RO          552    .text               asciilib.o
    0x000029c8   0x00011100   Code   RO          570    .text               glcd.o
    0x00013ac8   0x000006b8   Code   RO          588    .text               lpc17xx_ssp.o
    0x00014180   0x00000100   Code   RO          610    .text               lpc17xx_pinsel.o
    0x00014280   0x00000424   Code   RO          633    .text               lpc17xx_gpio.o
    0x000146a4   0x00000150   Code   RO          649    .text               lpc17xx_clkpwr.o
    0x000147f4   0x00000044   Code   RO          759    .text               lut.o
    0x00014838   0x00000062   Code   RO         1111    .text               mc_w.l(uldiv.o)
    0x0001489a   0x00000024   Code   RO         1113    .text               mc_w.l(memcpya.o)
    0x000148be   0x00000024   Code   RO         1115    .text               mc_w.l(memseta.o)
    0x000148e2   0x0000001c   Code   RO         1119    .text               mc_w.l(strcmp.o)
    0x000148fe   0x0000001a   Code   RO         1384    .text               mc_w.l(atoi.o)
    0x00014918   0x000000b0   Code   RO         1386    .text               mf_w.l(fadd.o)
    0x000149c8   0x0000006c   Code   RO         1388    .text               mf_w.l(fmul.o)
    0x00014a34   0x00000080   Code   RO         1390    .text               mf_w.l(fdiv.o)
    0x00014ab4   0x0000014e   Code   RO         1392    .text               mf_w.l(dadd.o)
    0x00014c02   0x000000e4   Code   RO         1394    .text               mf_w.l(dmul.o)
    0x00014ce6   0x000000de   Code   RO         1396    .text               mf_w.l(ddiv.o)
    0x00014dc4   0x00000012   Code   RO         1398    .text               mf_w.l(fflti.o)
    0x00014dd6   0x00000022   Code   RO         1402    .text               mf_w.l(dflti.o)
    0x00014df8   0x0000001a   Code   RO         1404    .text               mf_w.l(dfltui.o)
    0x00014e12   0x00000028   Code   RO         1406    .text               mf_w.l(ffixui.o)
    0x00014e3a   0x00000032   Code   RO         1408    .text               mf_w.l(dfixui.o)
    0x00014e6c   0x00000026   Code   RO         1410    .text               mf_w.l(f2d.o)
    0x00014e92   0x00000002   PAD
    0x00014e94   0x00000028   Code   RO         1412    .text               mf_w.l(cdcmple.o)
    0x00014ebc   0x00000038   Code   RO         1414    .text               mf_w.l(d2f.o)
    0x00014ef4   0x00000014   Code   RO         1416    .text               mf_w.l(cfcmple.o)
    0x00014f08   0x0000002c   Code   RO         1435    .text               mc_w.l(uidiv.o)
    0x00014f34   0x0000001e   Code   RO         1437    .text               mc_w.l(llshl.o)
    0x00014f52   0x00000020   Code   RO         1439    .text               mc_w.l(llushr.o)
    0x00014f72   0x00000024   Code   RO         1441    .text               mc_w.l(llsshr.o)
    0x00014f96   0x00000070   Code   RO         1450    .text               mc_w.l(strtol.o)
    0x00015006   0x00000000   Code   RO         1452    .text               mc_w.l(iusefp.o)
    0x00015006   0x0000006c   Code   RO         1453    .text               mf_w.l(fepilogue.o)
    0x00015072   0x000000be   Code   RO         1455    .text               mf_w.l(depilogue.o)
    0x00015130   0x00000030   Code   RO         1457    .text               mf_w.l(dfixul.o)
    0x00015160   0x00000028   Code   RO         1459    .text               mf_w.l(cdrcmple.o)
    0x00015188   0x00000024   Code   RO         1461    .text               mc_w.l(init.o)
    0x000151ac   0x00000008   Code   RO         1464    .text               mc_w.l(ctype_o.o)
    0x000151b4   0x0000009e   Code   RO         1492    .text               mc_w.l(_strtoul.o)
    0x00015252   0x0000001c   Code   RO         1495    .text               mc_w.l(_chval.o)
    0x0001526e   0x0000005c   Code   RO         1505    .text               mc_w.l(__dczerorl2.o)
    0x000152ca   0x00000002   PAD
    0x000152cc   0x00000028   Code   RO         1358    i.__0sprintf        mc_w.l(printfa.o)
    0x000152f4   0x00000008   Code   RO         1443    i.__aeabi_errno_addr  mc_w.l(errno.o)
    0x000152fc   0x0000000e   Code   RO         1499    i.__scatterload_copy  mc_w.l(handlers.o)
    0x0001530a   0x00000002   Code   RO         1500    i.__scatterload_null  mc_w.l(handlers.o)
    0x0001530c   0x0000000e   Code   RO         1501    i.__scatterload_zeroinit  mc_w.l(handlers.o)
    0x0001531a   0x00000002   PAD
    0x0001531c   0x0000015c   Code   RO         1363    i._fp_digits        mc_w.l(printfa.o)
    0x00015478   0x000006f0   Code   RO         1364    i._printf_core      mc_w.l(printfa.o)
    0x00015b68   0x00000026   Code   RO         1365    i._printf_post_padding  mc_w.l(printfa.o)
    0x00015b8e   0x00000030   Code   RO         1366    i._printf_pre_padding  mc_w.l(printfa.o)
    0x00015bbe   0x0000000a   Code   RO         1368    i._sputc            mc_w.l(printfa.o)
    0x00015bc8   0x00000034   Code   RO          933    i.add_server_id     TCP_CM3.lib(at_http.o)
    0x00015bfc   0x000000b8   Code   RO         1019    i.alloc_mem         TCP_CM3.lib(at_mem.o)
    0x00015cb4   0x000000b8   Code   RO          780    i.arp_cache_add     TCP_CM3.lib(at_arp.o)
    0x00015d6c   0x00000088   Code   RO          781    i.arp_cache_alloc   TCP_CM3.lib(at_arp.o)
    0x00015df4   0x00000098   Code   RO          782    i.arp_cache_early   TCP_CM3.lib(at_arp.o)
    0x00015e8c   0x000000b4   Code   RO          783    i.arp_cache_find    TCP_CM3.lib(at_arp.o)
    0x00015f40   0x000000f4   Code   RO          786    i.arp_cache_update  TCP_CM3.lib(at_arp.o)
    0x00016034   0x0000002c   Code   RO          789    i.arp_init          TCP_CM3.lib(at_arp.o)
    0x00016060   0x00000034   Code   RO          790    i.arp_is_cacheable  TCP_CM3.lib(at_arp.o)
    0x00016094   0x00000028   Code   RO          791    i.arp_notify        TCP_CM3.lib(at_arp.o)
    0x000160bc   0x00000088   Code   RO          793    i.arp_proc_response  TCP_CM3.lib(at_arp.o)
    0x00016144   0x00000138   Code   RO          794    i.arp_process       TCP_CM3.lib(at_arp.o)
    0x0001627c   0x000000a0   Code   RO          795    i.arp_send_reply    TCP_CM3.lib(at_arp.o)
    0x0001631c   0x000000b8   Code   RO          796    i.arp_send_request  TCP_CM3.lib(at_arp.o)
    0x000163d4   0x0000001c   Code   RO         1020    i.avail_mem         TCP_CM3.lib(at_mem.o)
    0x000163f0   0x00000078   Code   RO         1049    i.b64_to_asc        TCP_CM3.lib(at_lib.o)
    0x00016468   0x00000012   Code   RO         1051    i.calc_chksum16be   TCP_CM3.lib(at_lib.o)
    0x0001647a   0x00000004   Code   RO          934    i.cgx_content_type  TCP_CM3.lib(at_http.o)
    0x0001647e   0x00000002   PAD
    0x00016480   0x000001cc   Code   RO          935    i.chk_post_req      TCP_CM3.lib(at_http.o)
    0x0001664c   0x00000028   Code   RO         1052    i.chksum16_buf      TCP_CM3.lib(at_lib.o)
    0x00016674   0x0000000a   Code   RO         1053    i.chksum16_val      TCP_CM3.lib(at_lib.o)
    0x0001667e   0x0000001e   Code   RO          936    i.cmp_fname_ext     TCP_CM3.lib(at_http.o)
    0x0001669c   0x00000028   Code   RO          937    i.cmp_header        TCP_CM3.lib(at_http.o)
    0x000166c4   0x00000010   Code   RO         1005    i.eth_chk_adr       TCP_CM3.lib(at_ethernet.o)
    0x000166d4   0x00000034   Code   RO         1007    i.eth_init_link     TCP_CM3.lib(at_ethernet.o)
    0x00016708   0x000000d4   Code   RO         1008    i.eth_run_link      TCP_CM3.lib(at_ethernet.o)
    0x000167dc   0x000000a8   Code   RO         1009    i.eth_send_frame    TCP_CM3.lib(at_ethernet.o)
    0x00016884   0x00000084   Code   RO         1021    i.free_mem          TCP_CM3.lib(at_mem.o)
    0x00016908   0x00000028   Code   RO         1055    i.get_crc32         TCP_CM3.lib(at_lib.o)
    0x00016930   0x00000068   Code   RO          938    i.get_file_type     TCP_CM3.lib(at_http.o)
    0x00016998   0x00000028   Code   RO          939    i.get_next_field    TCP_CM3.lib(at_http.o)
    0x000169c0   0x00000032   Code   RO          940    i.get_next_par      TCP_CM3.lib(at_http.o)
    0x000169f2   0x00000002   PAD
    0x000169f4   0x0000001c   Code   RO         1033    i.get_rnd32         TCP_CM3.lib(at_system.o)
    0x00016a10   0x00000004   Code   RO          942    i.http_accept_host  TCP_CM3.lib(at_http.o)
    0x00016a14   0x000002bc   Code   RO          943    i.http_add_header   TCP_CM3.lib(at_http.o)
    0x00016cd0   0x00000004   Code   RO          944    i.http_check_account  TCP_CM3.lib(at_http.o)
    0x00016cd4   0x00000188   Code   RO          946    i.http_error_msg    TCP_CM3.lib(at_http.o)
    0x00016e5c   0x00000002   Code   RO         1098    i.http_fclose       TCP_CM3.lib(at_http_uif.o)
    0x00016e5e   0x00000004   Code   RO         1099    i.http_fgets        TCP_CM3.lib(at_http_uif.o)
    0x00016e62   0x00000004   Code   RO          947    i.http_file_access  TCP_CM3.lib(at_http.o)
    0x00016e66   0x00000004   Code   RO         1100    i.http_finfo        TCP_CM3.lib(at_http_uif.o)
    0x00016e6a   0x00000004   Code   RO         1101    i.http_fopen        TCP_CM3.lib(at_http_uif.o)
    0x00016e6e   0x00000004   Code   RO         1102    i.http_fread        TCP_CM3.lib(at_http_uif.o)
    0x00016e72   0x00000002   PAD
    0x00016e74   0x00000050   Code   RO          954    i.http_init         TCP_CM3.lib(at_http.o)
    0x00016ec4   0x0000005e   Code   RO          955    i.http_kill_session  TCP_CM3.lib(at_http.o)
    0x00016f22   0x00000002   PAD
    0x00016f24   0x00000224   Code   RO          956    i.http_listener     TCP_CM3.lib(at_http.o)
    0x00017148   0x00000120   Code   RO          957    i.http_open_file    TCP_CM3.lib(at_http.o)
    0x00017268   0x00000154   Code   RO          958    i.http_proc_header  TCP_CM3.lib(at_http.o)
    0x000173bc   0x0000017c   Code   RO          959    i.http_proc_multipart  TCP_CM3.lib(at_http.o)
    0x00017538   0x000000f8   Code   RO          960    i.http_proc_post    TCP_CM3.lib(at_http.o)
    0x00017630   0x0000033c   Code   RO          961    i.http_run_server   TCP_CM3.lib(at_http.o)
    0x0001796c   0x0000001e   Code   RO          962    i.http_strcpy       TCP_CM3.lib(at_http.o)
    0x0001798a   0x00000002   PAD
    0x0001798c   0x000000a8   Code   RO          963    i.http_to_utc       TCP_CM3.lib(at_http.o)
    0x00017a34   0x00000010   Code   RO          830    i.icmp_init         TCP_CM3.lib(at_icmp.o)
    0x00017a44   0x000000cc   Code   RO          832    i.icmp_process      TCP_CM3.lib(at_icmp.o)
    0x00017b10   0x00000048   Code   RO          833    i.icmp_run_engine   TCP_CM3.lib(at_icmp.o)
    0x00017b58   0x00000070   Code   RO          834    i.icmp_send_message  TCP_CM3.lib(at_icmp.o)
    0x00017bc8   0x00000038   Code   RO         1022    i.ifree_mem         TCP_CM3.lib(at_mem.o)
    0x00017c00   0x00000030   Code   RO         1034    i.init_TcpNet       TCP_CM3.lib(at_system.o)
    0x00017c30   0x00000060   Code   RO         1023    i.init_mem          TCP_CM3.lib(at_mem.o)
    0x00017c90   0x000000c8   Code   RO          816    i.ip_chk_frame      TCP_CM3.lib(at_ip.o)
    0x00017d58   0x0000000a   Code   RO          817    i.ip_get_chksum     TCP_CM3.lib(at_ip.o)
    0x00017d62   0x00000002   PAD
    0x00017d64   0x000000b8   Code   RO          818    i.ip_get_locadr     TCP_CM3.lib(at_ip.o)
    0x00017e1c   0x0000000c   Code   RO          819    i.ip_init           TCP_CM3.lib(at_ip.o)
    0x00017e28   0x0000005c   Code   RO          820    i.ip_run_local      TCP_CM3.lib(at_ip.o)
    0x00017e84   0x00000150   Code   RO          821    i.ip_send_frame     TCP_CM3.lib(at_ip.o)
    0x00017fd4   0x00000014   Code   RO         1056    i.is_subnet         TCP_CM3.lib(at_lib.o)
    0x00017fe8   0x00000064   Code   RO         1035    i.main_TcpNet       TCP_CM3.lib(at_system.o)
    0x0001804c   0x00000018   Code   RO         1057    i.mem_comp          TCP_CM3.lib(at_lib.o)
    0x00018064   0x00000016   Code   RO         1058    i.mem_copy          TCP_CM3.lib(at_lib.o)
    0x0001807a   0x00000020   Code   RO         1059    i.mem_crc32         TCP_CM3.lib(at_lib.o)
    0x0001809a   0x0000000a   Code   RO         1061    i.mem_set           TCP_CM3.lib(at_lib.o)
    0x000180a4   0x00000014   Code   RO         1062    i.mem_test          TCP_CM3.lib(at_lib.o)
    0x000180b8   0x00000016   Code   RO         1064    i.nrd_u32be         TCP_CM3.lib(at_lib.o)
    0x000180ce   0x00000010   Code   RO         1066    i.nwr_u32be         TCP_CM3.lib(at_lib.o)
    0x000180de   0x00000002   PAD
    0x000180e0   0x00000028   Code   RO          964    i.proc_req_line     TCP_CM3.lib(at_http.o)
    0x00018108   0x00000028   Code   RO         1010    i.put_in_queue      TCP_CM3.lib(at_ethernet.o)
    0x00018130   0x000000a0   Code   RO          965    i.read_script_line  TCP_CM3.lib(at_http.o)
    0x000181d0   0x00000048   Code   RO         1024    i.resize_mem        TCP_CM3.lib(at_mem.o)
    0x00018218   0x0000004c   Code   RO          966    i.search_delim      TCP_CM3.lib(at_http.o)
    0x00018264   0x00000012   Code   RO         1067    i.str_copy          TCP_CM3.lib(at_lib.o)
    0x00018276   0x0000001a   Code   RO         1068    i.str_crc32         TCP_CM3.lib(at_lib.o)
    0x00018290   0x00000016   Code   RO         1069    i.str_pos           TCP_CM3.lib(at_lib.o)
    0x000182a6   0x0000001a   Code   RO         1070    i.str_scomp         TCP_CM3.lib(at_lib.o)
    0x000182c0   0x00000050   Code   RO          841    i.tcp_abort         TCP_CM3.lib(at_tcp.o)
    0x00018310   0x0000009c   Code   RO          843    i.tcp_close         TCP_CM3.lib(at_tcp.o)
    0x000183ac   0x00000020   Code   RO          846    i.tcp_get_buf       TCP_CM3.lib(at_tcp.o)
    0x000183cc   0x0000004c   Code   RO          848    i.tcp_get_socket    TCP_CM3.lib(at_tcp.o)
    0x00018418   0x00000024   Code   RO          849    i.tcp_get_state     TCP_CM3.lib(at_tcp.o)
    0x0001843c   0x00000018   Code   RO          850    i.tcp_init          TCP_CM3.lib(at_tcp.o)
    0x00018454   0x0000006c   Code   RO          852    i.tcp_listen        TCP_CM3.lib(at_tcp.o)
    0x000184c0   0x00000098   Code   RO          853    i.tcp_map_socket    TCP_CM3.lib(at_tcp.o)
    0x00018558   0x00000024   Code   RO          854    i.tcp_max_dsize     TCP_CM3.lib(at_tcp.o)
    0x0001857c   0x0000005e   Code   RO          856    i.tcp_parse_opt     TCP_CM3.lib(at_tcp.o)
    0x000185da   0x00000002   PAD
    0x000185dc   0x00000284   Code   RO          857    i.tcp_poll_sockets  TCP_CM3.lib(at_tcp.o)
    0x00018860   0x000000c8   Code   RO          858    i.tcp_proc_acknr    TCP_CM3.lib(at_tcp.o)
    0x00018928   0x00000052   Code   RO          859    i.tcp_proc_dupack   TCP_CM3.lib(at_tcp.o)
    0x0001897a   0x00000002   PAD
    0x0001897c   0x00000498   Code   RO          860    i.tcp_process       TCP_CM3.lib(at_tcp.o)
    0x00018e14   0x0000001a   Code   RO          861    i.tcp_que_free      TCP_CM3.lib(at_tcp.o)
    0x00018e2e   0x0000001a   Code   RO          862    i.tcp_que_init      TCP_CM3.lib(at_tcp.o)
    0x00018e48   0x00000094   Code   RO          863    i.tcp_que_resend    TCP_CM3.lib(at_tcp.o)
    0x00018edc   0x000000d4   Code   RO          867    i.tcp_send          TCP_CM3.lib(at_tcp.o)
    0x00018fb0   0x0000006a   Code   RO          868    i.tcp_send_ctrl     TCP_CM3.lib(at_tcp.o)
    0x0001901a   0x00000050   Code   RO          869    i.tcp_send_data     TCP_CM3.lib(at_tcp.o)
    0x0001906a   0x00000068   Code   RO          870    i.tcp_send_reset    TCP_CM3.lib(at_tcp.o)
    0x000190d2   0x00000026   Code   RO          871    i.tcp_set_cwnd      TCP_CM3.lib(at_tcp.o)
    0x000190f8   0x00000068   Code   RO          872    i.tcp_transit       TCP_CM3.lib(at_tcp.o)
    0x00019160   0x000000c4   Code   RO          873    i.tcp_write         TCP_CM3.lib(at_tcp.o)
    0x00019224   0x00000014   Code   RO         1036    i.timer_tick        TCP_CM3.lib(at_system.o)
    0x00019238   0x00000018   Code   RO          912    i.udp_init          TCP_CM3.lib(at_udp.o)
    0x00019250   0x000000b8   Code   RO          917    i.udp_process       TCP_CM3.lib(at_udp.o)
    0x00019308   0x000000e0   Code   RO          967    i.utc_to_http       TCP_CM3.lib(at_http.o)
    0x000193e8   0x00000090   Data   RO          310    .constdata          net_config.o
    0x00019478   0x00000704   Data   RO          380    .constdata          web.o
    0x00019b7c   0x000005f0   Data   RO          553    .constdata          asciilib.o
    0x0001a16c   0x00000006   Data   RO          797    .constdata          TCP_CM3.lib(at_arp.o)
    0x0001a172   0x00000008   Data   RO          822    .constdata          TCP_CM3.lib(at_ip.o)
    0x0001a17a   0x000000f4   Data   RO          968    .constdata          TCP_CM3.lib(at_http.o)
    0x0001a26e   0x00000006   Data   RO         1012    .constdata          TCP_CM3.lib(at_ethernet.o)
    0x0001a274   0x00000056   Data   RO         1042    .constdata          TCP_CM3.lib(http_err.o)
    0x0001a2ca   0x00000051   Data   RO         1043    .constdata          TCP_CM3.lib(http_err.o)
    0x0001a31b   0x0000004e   Data   RO         1044    .constdata          TCP_CM3.lib(http_err.o)
    0x0001a369   0x0000004b   Data   RO         1045    .constdata          TCP_CM3.lib(http_err.o)
    0x0001a3b4   0x0000002f   Data   RO         1046    .constdata          TCP_CM3.lib(http_err.o)
    0x0001a3e3   0x00000088   Data   RO         1047    .constdata          TCP_CM3.lib(http_err.o)
    0x0001a46b   0x00000081   Data   RO         1465    .constdata          mc_w.l(ctype_o.o)
    0x0001a4ec   0x00000004   Data   RO         1466    .constdata          mc_w.l(ctype_o.o)
    0x0001a4f0   0x00000019   Data   RO          311    .conststring        net_config.o
    0x0001a509   0x00000003   PAD
    0x0001a50c   0x00000030   Data   RO         1497    Region$$Table       anon$$obj.o


    Execution Region RW_IRAM1 (Base: 0x10000000, Size: 0x000033ec, Max: 0x00008000, ABSOLUTE)

    Base Addr    Size         Type   Attr      Idx    E Section Name        Object

    0x10000000   0x000033ec   Zero   RW          309    .bss                net_config.o


    Execution Region RW_IRAM2 (Base: 0x2007c000, Size: 0x00003058, Max: 0x00008000, ABSOLUTE, COMPRESSED[0x00000118])

    Base Addr    Size         Type   Attr      Idx    E Section Name        Object

    0x2007c000   0x00000004   Data   RW           25    .data               system_lpc17xx.o
    0x2007c004   0x00000012   Data   RW          160    .data               main.o
    0x2007c016   0x00000001   Data   RW          235    .data               timers.o
    0x2007c017   0x0000002a   Data   RW          312    .data               net_config.o
    0x2007c041   0x00000003   PAD
    0x2007c044   0x00000014   Data   RW          355    .data               emac_lpc17xx_lan8720.o
    0x2007c058   0x000001bc   Data   RW          391    .data               statechart.o
    0x2007c214   0x00000004   PAD
    0x2007c218   0x0000004c   Data   RW          441    .data               touchpanel.o
    0x2007c264   0x00000010   Data   RW          479    .data               anemometro.o
    0x2007c274   0x00000004   Data   RW          509    .data               ldr.o
    0x2007c278   0x00000001   Data   RW          571    .data               glcd.o
    0x2007c279   0x0000000e   Data   RW          760    .data               lut.o
    0x2007c287   0x00000001   PAD
    0x2007c288   0x00000008   Data   RW          798    .data               TCP_CM3.lib(at_arp.o)
    0x2007c290   0x0000000c   Data   RW          823    .data               TCP_CM3.lib(at_ip.o)
    0x2007c29c   0x00000004   Data   RW          874    .data               TCP_CM3.lib(at_tcp.o)
    0x2007c2a0   0x0000000c   Data   RW          969    .data               TCP_CM3.lib(at_http.o)
    0x2007c2ac   0x00000004   Data   RW         1446    .data               mc_w.l(errno.o)
    0x2007c2b0   0x00000030   Zero   RW          159    .bss                main.o
    0x2007c2e0   0x00000017   Zero   RW          205    .bss                rtc.o
    0x2007c2f7   0x00000001   PAD
    0x2007c2f8   0x00002a64   Zero   RW          354    .bss                emac_lpc17xx_lan8720.o
    0x2007ed5c   0x0000000c   Zero   RW          440    .bss                touchpanel.o
    0x2007ed68   0x00000010   Zero   RW          835    .bss                TCP_CM3.lib(at_icmp.o)
    0x2007ed78   0x00000084   Zero   RW         1011    .bss                TCP_CM3.lib(at_ethernet.o)
    0x2007edfc   0x00000010   Zero   RW         1025    .bss                TCP_CM3.lib(at_mem.o)
    0x2007ee0c   0x0000004c   Zero   RW         1037    .bss                TCP_CM3.lib(at_system.o)
    0x2007ee58   0x00000200   Zero   RW            1    STACK               startup_lpc17xx.o


==============================================================================

Image component sizes


      Code (inc. data)   RO Data    RW Data    ZI Data      Debug   Object Name

       376         48          0         16          0      17688   anemometro.o
        32          6       1520          0          0        975   asciilib.o
       208         46          0          0          0      19724   configura.o
         0          0          0          0          0       4212   core_cm3.o
      1488        130          0         20      10852      25849   emac_lpc17xx_lan8720.o
     69888        342          0          1          0     186894   glcd.o
       560         74          0          0          0       1620   http_cgi.o
        16          0          0          0          0       6847   http_source.o
       152         30          0          4          0        827   ldr.o
        80          0          0          0          0        469   leds.o
       336         32          0          0          0       1779   lpc17xx_clkpwr.o
      1060         62          0          0          0       8279   lpc17xx_gpio.o
         4          0          0          0          0        799   lpc17xx_libcfg_default.o
       256          4          0          0          0       2169   lpc17xx_pinsel.o
      1720         62          0          0          0       6088   lpc17xx_ssp.o
        68          6          0         14          0       1160   lut.o
        16          0          0         18         48       1159   main.o
       116          8        169         42      13292       3169   net_config.o
       672         54          0          0          0       1049   pwm.o
       316         80          0          0         23      19700   rtc.o
        40         12        204          0        512        936   startup_lpc17xx.o
      2936        712          0        444          0      16007   statechart.o
       792         78          0          4          0      18117   system_lpc17xx.o
       488         42          0          1          0      24657   timers.o
      2116         68          0         76         12       5485   touchpanel.o
        40          4          0          0          0        515   wdt.o
         0          0       1796          0          0        501   web.o

    ----------------------------------------------------------------------
     83776       1900       3740        648      24740     376674   Object Totals
         0          0         48          0          0          0   (incl. Generated)
         0          0          3          8          1          0   (incl. Padding)

    ----------------------------------------------------------------------

      Code (inc. data)   RO Data    RW Data    ZI Data      Debug   Library Member Name

      1824        138          6          8          0       1040   at_arp.o
       488         58          6          0        132        404   at_ethernet.o
      5388       1172        244         12          0       2116   at_http.o
        18          0          0          0          0        340   at_http_uif.o
       404         30          0          0         16        308   at_icmp.o
       834         56          8         12          0        520   at_ip.o
       486          6          0          0          0       1224   at_lib.o
       568         46          0          0         16        520   at_mem.o
       196         40          0          0         76        292   at_system.o
      3936        158          0          4          0       2008   at_tcp.o
       208         12          0          0          0        156   at_udp.o
         0          0        503          0          0          0   http_err.o
        92          0          0          0          0          0   __dczerorl2.o
        28          0          0          0          0         68   _chval.o
       158          0          0          0          0         92   _strtoul.o
        26          0          0          0          0         80   atoi.o
         8          4        133          0          0         68   ctype_o.o
         0          0          0          0          0          0   entry.o
         0          0          0          0          0          0   entry10a.o
         0          0          0          0          0          0   entry11a.o
         8          4          0          0          0          0   entry2.o
         4          0          0          0          0          0   entry5.o
         0          0          0          0          0          0   entry7b.o
         0          0          0          0          0          0   entry8b.o
         8          4          0          0          0          0   entry9a.o
         8          4          0          4          0         68   errno.o
        30          0          0          0          0          0   handlers.o
        36          8          0          0          0         68   init.o
         0          0          0          0          0          0   iusefp.o
        30          0          0          0          0         68   llshl.o
        36          0          0          0          0         68   llsshr.o
        32          0          0          0          0         68   llushr.o
        36          0          0          0          0         68   memcpya.o
        36          0          0          0          0        108   memseta.o
      2260         86          0          0          0        512   printfa.o
        28          0          0          0          0         76   strcmp.o
        14          0          0          0          0         68   strlen.o
       112          0          0          0          0         88   strtol.o
        44          0          0          0          0         80   uidiv.o
        98          0          0          0          0         92   uldiv.o
        40          2          0          0          0         68   cdcmple.o
        40          2          0          0          0         68   cdrcmple.o
        20          0          0          0          0         68   cfcmple.o
        56          0          0          0          0         88   d2f.o
       334          0          0          0          0        148   dadd.o
       222          0          0          0          0        100   ddiv.o
       190          0          0          0          0        176   depilogue.o
        50          0          0          0          0         76   dfixui.o
        48          0          0          0          0         68   dfixul.o
        34          0          0          0          0         76   dflti.o
        26          0          0          0          0         76   dfltui.o
       228          0          0          0          0         96   dmul.o
        38          0          0          0          0         68   f2d.o
       176          0          0          0          0        140   fadd.o
       128          0          0          0          0         88   fdiv.o
       108          0          0          0          0        168   fepilogue.o
        40          0          0          0          0         68   ffixui.o
        18          0          0          0          0         68   fflti.o
        10          0          0          0          0         68   ffltui.o
       108          0          0          0          0         76   fmul.o

    ----------------------------------------------------------------------
     19420       1830        900         40        240      12520   Library Totals
        24          0          0          0          0          0   (incl. Padding)

    ----------------------------------------------------------------------

      Code (inc. data)   RO Data    RW Data    ZI Data      Debug   Library Name

     14350       1716        767         36        240       8928   TCP_CM3.lib
      3132        110        133          4          0       1740   mc_w.l
      1914          4          0          0          0       1852   mf_w.l

    ----------------------------------------------------------------------
     19420       1830        900         40        240      12520   Library Totals

    ----------------------------------------------------------------------

==============================================================================


      Code (inc. data)   RO Data    RW Data    ZI Data      Debug   

    103196       3730       4640        688      24980     379626   Grand Totals
    103196       3730       4640        280      24980     379626   ELF Image Totals (compressed)
    103196       3730       4640        280          0          0   ROM Totals

==============================================================================

    Total RO  Size (Code + RO Data)               107836 ( 105.31kB)
    Total RW  Size (RW Data + ZI Data)             25668 (  25.07kB)
    Total ROM Size (Code + RO Data + RW Data)     108116 ( 105.58kB)

==============================================================================

