ARM Linker, 5.03 [Build 76] [MDK-ARM Professional]

==============================================================================

Section Cross References

    anemometro.o(.text) refers to ffltui.o(.text) for __aeabi_ui2f
    anemometro.o(.text) refers to fmul.o(.text) for __aeabi_fmul
    anemometro.o(.text) refers to fdiv.o(.text) for __aeabi_fdiv
    anemometro.o(.text) refers to anemometro.o(.data) for CAPcont
    anemometro.o(.text) refers to main.o(.data) for DATOS
    pwm.o(.text) refers to fdiv.o(.text) for __aeabi_fdiv
    pwm.o(.text) refers to ffixui.o(.text) for __aeabi_f2uiz
    pwm.o(.text) refers to f2d.o(.text) for __aeabi_f2d
    pwm.o(.text) refers to dmul.o(.text) for __aeabi_dmul
    pwm.o(.text) refers to d2f.o(.text) for __aeabi_d2f
    pwm.o(.text) refers to ffltui.o(.text) for __aeabi_ui2f
    pwm.o(.text) refers to fmul.o(.text) for __aeabi_fmul
    pwm.o(.text) refers to fadd.o(.text) for __aeabi_fsub
    pwm.o(.text) refers to main.o(.data) for COUNTERS
    rtc.o(.text) refers to printfa.o(i.__0sprintf) for __2sprintf
    rtc.o(.text) refers to main.o(.data) for COUNTERS
    rtc.o(.text) refers to rtc.o(.bss) for Clock
    http_source.o(.text) refers to at_system.o(i.init_TcpNet) for init_TcpNet
    http_source.o(.text) refers to at_system.o(i.main_TcpNet) for main_TcpNet
    net_config.o(.text) refers to at_ethernet.o(i.eth_init_link) for eth_init_link
    net_config.o(.text) refers to at_ip.o(i.ip_init) for ip_init
    net_config.o(.text) refers to at_icmp.o(i.icmp_init) for icmp_init
    net_config.o(.text) refers to at_udp.o(i.udp_init) for udp_init
    net_config.o(.text) refers to at_tcp.o(i.tcp_init) for tcp_init
    net_config.o(.text) refers to at_http.o(i.http_init) for http_init
    net_config.o(.text) refers to at_arp.o(i.arp_notify) for arp_notify
    net_config.o(.text) refers to at_ethernet.o(i.eth_run_link) for eth_run_link
    net_config.o(.text) refers to at_ip.o(i.ip_run_local) for ip_run_local
    net_config.o(.text) refers to at_icmp.o(i.icmp_run_engine) for icmp_run_engine
    net_config.o(.text) refers to at_tcp.o(i.tcp_poll_sockets) for tcp_poll_sockets
    net_config.o(.text) refers to at_http.o(i.http_run_server) for http_run_server
    net_config.o(.constdata) refers to net_config.o(.bss) for mem_pool
    net_config.o(.constdata) refers to net_config.o(.data) for lhost_name
    net_config.o(.constdata) refers to net_config.o(.conststring) for .conststring
    http_cgi.o(.text) refers to scanf_fp.o(.text) for _scanf_real
    http_cgi.o(.text) refers to _scanf_int.o(.text) for _scanf_int
    http_cgi.o(.text) refers to at_mem.o(i.alloc_mem) for alloc_mem
    http_cgi.o(.text) refers to at_http.o(i.http_get_var) for http_get_var
    http_cgi.o(.text) refers to at_lib.o(i.str_scomp) for str_scomp
    http_cgi.o(.text) refers to __0sscanf.o(.text) for __0sscanf
    http_cgi.o(.text) refers to at_mem.o(i.free_mem) for free_mem
    http_cgi.o(.text) refers to f2d.o(.text) for __aeabi_f2d
    http_cgi.o(.text) refers to printfa.o(i.__0sprintf) for __2sprintf
    http_cgi.o(.text) refers to statechart.o(.bss) for MODIFICABLES
    http_cgi.o(.text) refers to main.o(.data) for DATOS
    emac_lpc17xx_lan8720.o(.text) refers to net_config.o(.data) for own_hw_adr
    emac_lpc17xx_lan8720.o(.text) refers to emac_lpc17xx_lan8720.o(.bss) for tx_buf
    emac_lpc17xx_lan8720.o(.text) refers to emac_lpc17xx_lan8720.o(.data) for tout
    emac_lpc17xx_lan8720.o(.text) refers to at_mem.o(i.alloc_mem) for alloc_mem
    emac_lpc17xx_lan8720.o(.text) refers to at_ethernet.o(i.put_in_queue) for put_in_queue
    statechart.o(.text) refers to pwm.o(.text) for modificaPulso
    statechart.o(.text) refers to glcd.o(.text) for LCD_DrawLine
    statechart.o(.text) refers to strlen.o(.text) for strlen
    statechart.o(.text) refers to ffixi.o(.text) for __aeabi_f2iz
    statechart.o(.text) refers to printfa.o(i.__0sprintf) for __2sprintf
    statechart.o(.text) refers to statechart.o(.data) for pressedTouchPanel
    statechart.o(.text) refers to touchpanel.o(.data) for display
    statechart.o(.text) refers to statechart.o(.bss) for MODIFICABLES
    statechart.o(.text) refers to timers.o(.data) for contadorLUZ
    statechart.o(.text) refers to rtc.o(.bss) for Clock
    statechart.o(.text) refers to f2d.o(.text) for __aeabi_f2d
    statechart.o(.text) refers to fadd.o(.text) for __aeabi_fsub
    statechart.o(.text) refers to fmul.o(.text) for __aeabi_fmul
    statechart.o(.text) refers to fdiv.o(.text) for __aeabi_fdiv
    statechart.o(.text) refers to main.o(.data) for ACTUALIZADOR
    statechart.o(.text) refers to cfrcmple.o(.text) for __aeabi_cfrcmple
    statechart.o(.text) refers to cfcmple.o(.text) for __aeabi_cfcmple
    statechart.o(.text) refers to touchpanel.o(.text) for Read_Ads7846
    statechart.o(.text) refers to wdt.o(.text) for alimentaWDT
    statechart.o(.text) refers to lut.o(.text) for goto_LUT
    statechart.o(.text) refers to dma.o(.text) for __configuraAudio__
[...]
    _printf_p                                0x00000000   Number         0  stubs.o ABSOLUTE
    _printf_percent                          0x00000000   Number         0  stubs.o ABSOLUTE
    _printf_pre_padding                      0x00000000   Number         0  stubs.o ABSOLUTE
    _printf_return_value                     0x00000000   Number         0  stubs.o ABSOLUTE
    _printf_s                                0x00000000   Number         0  stubs.o ABSOLUTE
    _printf_sizespec                         0x00000000   Number         0  stubs.o ABSOLUTE
    _printf_str                              0x00000000   Number         0  stubs.o ABSOLUTE
    _printf_truncate_signed                  0x00000000   Number         0  stubs.o ABSOLUTE
    _printf_truncate_unsigned                0x00000000   Number         0  stubs.o ABSOLUTE
    _printf_u                                0x00000000   Number         0  stubs.o ABSOLUTE
    _printf_wc                               0x00000000   Number         0  stubs.o ABSOLUTE
    _printf_wctomb                           0x00000000   Number         0  stubs.o ABSOLUTE
    _printf_widthprec                        0x00000000   Number         0  stubs.o ABSOLUTE
    _printf_x                                0x00000000   Number         0  stubs.o ABSOLUTE
    __cpp_initialize__aeabi_                  - Undefined Weak Reference
    __cxa_finalize                            - Undefined Weak Reference
    _clock_init                               - Undefined Weak Reference
    _microlib_exit                            - Undefined Weak Reference
    _scanf_longlong                           - Undefined Weak Reference
    _scanf_string                             - Undefined Weak Reference
    poll_ethernet                             - Undefined Weak Reference
    __main                                   0x000000cd   Thumb Code     0  entry.o(.ARM.Collect$$$$00000000)
    _main_stk                                0x000000cd   Thumb Code     0  entry2.o(.ARM.Collect$$$$00000001)
    _main_scatterload                        0x000000d1   Thumb Code     0  entry5.o(.ARM.Collect$$$$00000004)
    __main_after_scatterload                 0x000000d5   Thumb Code     0  entry5.o(.ARM.Collect$$$$00000004)
    _main_clock                              0x000000d5   Thumb Code     0  entry7b.o(.ARM.Collect$$$$00000008)
    _main_cpp_init                           0x000000d5   Thumb Code     0  entry8b.o(.ARM.Collect$$$$0000000A)
    _main_init                               0x000000d5   Thumb Code     0  entry9a.o(.ARM.Collect$$$$0000000B)
    __rt_final_cpp                           0x000000dd   Thumb Code     0  entry10a.o(.ARM.Collect$$$$0000000D)
    __rt_final_exit                          0x000000dd   Thumb Code     0  entry11a.o(.ARM.Collect$$$$0000000F)
    alimentaWDT                              0x000000e1   Thumb Code    12  wdt.o(.text)
    __configuraWDT__                         0x000000ed   Thumb Code    22  wdt.o(.text)
    __configuraAnemometro__                  0x00000109   Thumb Code   148  anemometro.o(.text)
    mideAnemometro                           0x0000019d   Thumb Code   192  anemometro.o(.text)
    __configuraWEB__                         0x0000028d   Thumb Code     8  http_source.o(.text)
    __mantenerTCP__                          0x00000295   Thumb Code     8  http_source.o(.text)
    main                                     0x0000029d   Thumb Code    16  main.o(.text)
    Reset_Handler                            0x000002ad   Thumb Code     8  startup_lpc17xx.o(.text)
    NMI_Handler                              0x000002b5   Thumb Code     2  startup_lpc17xx.o(.text)
    HardFault_Handler                        0x000002b7   Thumb Code     2  startup_lpc17xx.o(.text)
    MemManage_Handler                        0x000002b9   Thumb Code     2  startup_lpc17xx.o(.text)
    BusFault_Handler                         0x000002bb   Thumb Code     2  startup_lpc17xx.o(.text)
    UsageFault_Handler                       0x000002bd   Thumb Code     2  startup_lpc17xx.o(.text)
    SVC_Handler                              0x000002bf   Thumb Code     2  startup_lpc17xx.o(.text)
    DebugMon_Handler                         0x000002c1   Thumb Code     2  startup_lpc17xx.o(.text)
    PendSV_Handler                           0x000002c3   Thumb Code     2  startup_lpc17xx.o(.text)
    BOD_IRQHandler                           0x000002c7   Thumb Code     0  startup_lpc17xx.o(.text)
    CANActivity_IRQHandler                   0x000002c7   Thumb Code     0  startup_lpc17xx.o(.text)
    CAN_IRQHandler                           0x000002c7   Thumb Code     0  startup_lpc17xx.o(.text)
    DMA_IRQHandler                           0x000002c7   Thumb Code     0  startup_lpc17xx.o(.text)
    EINT0_IRQHandler                         0x000002c7   Thumb Code     0  startup_lpc17xx.o(.text)
    EINT1_IRQHandler                         0x000002c7   Thumb Code     0  startup_lpc17xx.o(.text)
    EINT2_IRQHandler                         0x000002c7   Thumb Code     0  startup_lpc17xx.o(.text)
    EINT3_IRQHandler                         0x000002c7   Thumb Code     0  startup_lpc17xx.o(.text)
    I2C0_IRQHandler                          0x000002c7   Thumb Code     0  startup_lpc17xx.o(.text)
    I2C1_IRQHandler                          0x000002c7   Thumb Code     0  startup_lpc17xx.o(.text)
    I2C2_IRQHandler                          0x000002c7   Thumb Code     0  startup_lpc17xx.o(.text)
    I2S_IRQHandler                           0x000002c7   Thumb Code     0  startup_lpc17xx.o(.text)
    MCPWM_IRQHandler                         0x000002c7   Thumb Code     0  startup_lpc17xx.o(.text)
    PLL0_IRQHandler                          0x000002c7   Thumb Code     0  startup_lpc17xx.o(.text)
    PLL1_IRQHandler                          0x000002c7   Thumb Code     0  startup_lpc17xx.o(.text)
    PWM1_IRQHandler                          0x000002c7   Thumb Code     0  startup_lpc17xx.o(.text)
    QEI_IRQHandler                           0x000002c7   Thumb Code     0  startup_lpc17xx.o(.text)
    RIT_IRQHandler                           0x000002c7   Thumb Code     0  startup_lpc17xx.o(.text)
    SPI_IRQHandler                           0x000002c7   Thumb Code     0  startup_lpc17xx.o(.text)
    SSP0_IRQHandler                          0x000002c7   Thumb Code     0  startup_lpc17xx.o(.text)
    SSP1_IRQHandler                          0x000002c7   Thumb Code     0  startup_lpc17xx.o(.text)
    UART1_IRQHandler                         0x000002c7   Thumb Code     0  startup_lpc17xx.o(.text)
    UART2_IRQHandler                         0x000002c7   Thumb Code     0  startup_lpc17xx.o(.text)
    UART3_IRQHandler                         0x000002c7   Thumb Code     0  startup_lpc17xx.o(.text)
    USBActivity_IRQHandler                   0x000002c7   Thumb Code     0  startup_lpc17xx.o(.text)
    USB_IRQHandler                           0x000002c7   Thumb Code     0  startup_lpc17xx.o(.text)
    WDT_IRQHandler                           0x000002c7   Thumb Code     0  startup_lpc17xx.o(.text)
    __configuraUVA30A__                      0x000002d1   Thumb Code    36  uva30a.o(.text)
    __configuraPWM__                         0x00000301   Thumb Code   384  pwm.o(.text)
    __RL_TCP_VER                             0x00000472   Number         0  at_system.o ABSOLUTE
    modificaPulso                            0x00000481   Thumb Code   240  pwm.o(.text)
    __configuraRTC__                         0x000005a1   Thumb Code   152  rtc.o(.text)
    RTC_IRQHandler                           0x00000639   Thumb Code    72  rtc.o(.text)
    sys_error                                0x000006d1   Thumb Code    36  net_config.o(.text)
    init_system                              0x000006f5   Thumb Code    34  net_config.o(.text)
    run_system                               0x00000717   Thumb Code    26  net_config.o(.text)
    igmp_is_member                           0x00000731   Thumb Code     4  net_config.o(.text)
    igmp_process                             0x00000735   Thumb Code     2  net_config.o(.text)
    dhcp_disable                             0x00000737   Thumb Code     2  net_config.o(.text)
    ppp_send_frame                           0x00000739   Thumb Code     4  net_config.o(.text)
    slip_send_frame                          0x0000073d   Thumb Code     4  net_config.o(.text)
    sntp_get_time                            0x00000741   Thumb Code     4  net_config.o(.text)
    cgi_process_var                          0x00000745   Thumb Code   188  http_cgi.o(.text)
    cgi_process_data                         0x00000801   Thumb Code     2  http_cgi.o(.text)
    cgi_func                                 0x00000803   Thumb Code   482  http_cgi.o(.text)
    int_enable_eth                           0x00000a71   Thumb Code    24  emac_lpc17xx_lan8720.o(.text)
    int_disable_eth                          0x00000a89   Thumb Code    18  emac_lpc17xx_lan8720.o(.text)
    setMac                                   0x00000a9b   Thumb Code   182  emac_lpc17xx_lan8720.o(.text)
    init_ethernet                            0x00000c61   Thumb Code   724  emac_lpc17xx_lan8720.o(.text)
    send_frame                               0x00000f35   Thumb Code    70  emac_lpc17xx_lan8720.o(.text)
    ENET_IRQHandler                          0x00000f7b   Thumb Code   156  emac_lpc17xx_lan8720.o(.text)
    zoneNewPressed                           0x00001041   Thumb Code   164  statechart.o(.text)
    squareButton                             0x000010e5   Thumb Code   258  statechart.o(.text)
    __pintaValores__                         0x000011e7   Thumb Code   342  statechart.o(.text)
    __pintaAjustes__                         0x0000133d   Thumb Code   532  statechart.o(.text)
    squareBox                                0x00001551   Thumb Code    62  statechart.o(.text)
    __pintaMedidas2__                        0x0000158f   Thumb Code  3024  statechart.o(.text)
    __pintaMedidas1__                        0x0000215f   Thumb Code   590  statechart.o(.text)
    __pintaInicio__                          0x000023ad   Thumb Code   716  statechart.o(.text)
    checkTouchPanel                          0x00002679   Thumb Code    36  statechart.o(.text)
    __mainLoop__                             0x0000269d   Thumb Code  1590  statechart.o(.text)
    __configuraLCD__                         0x00002cd3   Thumb Code    12  statechart.o(.text)
    __pintaCargandoInicio__                  0x00002cdf   Thumb Code    32  statechart.o(.text)
    __pintaCargandoSeno__                    0x00002cff   Thumb Code    42  statechart.o(.text)
    __pintaCargandoConexion__                0x00002d29   Thumb Code    52  statechart.o(.text)
    __pintaCargandoIniciando__               0x00002d5d   Thumb Code    62  statechart.o(.text)
    __pintaCargandoDone__                    0x00002d9b   Thumb Code    72  statechart.o(.text)
    TP_Init                                  0x00002e95   Thumb Code   176  touchpanel.o(.text)
    Read_X                                   0x00002fc5   Thumb Code    42  touchpanel.o(.text)
    Read_Y                                   0x00002fef   Thumb Code    42  touchpanel.o(.text)
    TP_GetAdXY                               0x00003019   Thumb Code    34  touchpanel.o(.text)
    TP_DrawPoint                             0x0000303b   Thumb Code    64  touchpanel.o(.text)
    DrawCross                                0x0000307b   Thumb Code   356  touchpanel.o(.text)
    Read_Ads7846                             0x000031df   Thumb Code   520  touchpanel.o(.text)
    setCalibrationMatrix                     0x000033e7   Thumb Code   356  touchpanel.o(.text)
    getDisplayPoint                          0x0000354b   Thumb Code   238  touchpanel.o(.text)
    TouchPanel_Calibrate                     0x00003639   Thumb Code   108  touchpanel.o(.text)
    SystemCoreClockUpdate                    0x000036d9   Thumb Code   424  system_lpc17xx.o(.text)
    SystemInit                               0x00003881   Thumb Code   290  system_lpc17xx.o(.text)
    __iniciaVariables__                      0x000039f1   Thumb Code    92  configura.o(.text)
    __configuraPrograma__                    0x00003a4d   Thumb Code   176  configura.o(.text)
    __configuraSysTick__                     0x00003b41   Thumb Code    80  timers.o(.text)
    __configuraTimer0__                      0x00003b91   Thumb Code    94  timers.o(.text)
    SysTick_Handler                          0x00003bef   Thumb Code    70  timers.o(.text)
    __subServo                               0x00003d4b   Thumb Code   438  timers.o(.text)
    TIMER0_IRQHandler                        0x00003f01   Thumb Code   104  timers.o(.text)
    TIMER1_IRQHandler                        0x00003f69   Thumb Code    38  timers.o(.text)
    TIMER2_IRQHandler                        0x00003f8f   Thumb Code     2  timers.o(.text)
    TIMER3_IRQHandler                        0x00003f91   Thumb Code     2  timers.o(.text)
    reiniciaCuenta                           0x00003f99   Thumb Code    16  onewirev2.o(.text)
    inicializaT3                             0x00003fa9   Thumb Code    30  onewirev2.o(.text)
    __configuraOW__                          0x00003fc7   Thumb Code    12  onewirev2.o(.text)
    leerByte                                 0x00003fd3   Thumb Code   164  onewirev2.o(.text)
    compruebaRespuesta                       0x00004077   Thumb Code   188  onewirev2.o(.text)
    _delayUS                                 0x00004133   Thumb Code    20  onewirev2.o(.text)
    mideTemperatura                          0x00004147   Thumb Code   228  onewirev2.o(.text)
    __configuraLDR__                         0x00004251   Thumb Code   124  ldr.o(.text)
    ADC_IRQHandler                           0x000042cd   Thumb Code   292  ldr.o(.text)
    __configuraUFONO__                       0x00004439   Thumb Code    56  ufono.o(.text)
    lanzaUFONO                               0x00004471   Thumb Code   122  ufono.o(.text)
    recuperaContexto                         0x000044eb   Thumb Code    56  ufono.o(.text)
    __configuraDAC__                         0x00004541   Thumb Code     2  dac.o(.text)
    activarDac                               0x00004543   Thumb Code    40  dac.o(.text)
    desactivarDAC                            0x0000456b   Thumb Code    56  dac.o(.text)
    goto_LUT                                 0x000045bd   Thumb Code   220  lut.o(.text)
    __configuraTono__                        0x000046b5   Thumb Code   122  dma.o(.text)
    __configuraDMA__                         0x0000472f   Thumb Code   114  dma.o(.text)
    __configuraAudio__                       0x000047a1   Thumb Code   134  dma.o(.text)
    SSP_Init                                 0x000048f7   Thumb Code   100  lpc17xx_ssp.o(.text)
    SSP_DeInit                               0x0000495b   Thumb Code    60  lpc17xx_ssp.o(.text)
    SSP_GetDataSize                          0x00004997   Thumb Code    34  lpc17xx_ssp.o(.text)
    SSP_ConfigStructInit                     0x000049b9   Thumb Code    22  lpc17xx_ssp.o(.text)
    SSP_Cmd                                  0x000049cf   Thumb Code    68  lpc17xx_ssp.o(.text)
    SSP_LoopBackCmd                          0x00004a13   Thumb Code    68  lpc17xx_ssp.o(.text)
    SSP_SlaveOutputCmd                       0x00004a57   Thumb Code    72  lpc17xx_ssp.o(.text)
    SSP_SendData                             0x00004a9f   Thumb Code    36  lpc17xx_ssp.o(.text)
    SSP_ReceiveData                          0x00004ac3   Thumb Code    34  lpc17xx_ssp.o(.text)
    SSP_ReadWrite                            0x00004ae5   Thumb Code   604  lpc17xx_ssp.o(.text)
    SSP_GetStatus                            0x00004d41   Thumb Code    80  lpc17xx_ssp.o(.text)
    SSP_IntConfig                            0x00004d91   Thumb Code    58  lpc17xx_ssp.o(.text)
    SSP_GetRawIntStatus                      0x00004dcb   Thumb Code    76  lpc17xx_ssp.o(.text)
    SSP_GetRawIntStatusReg                   0x00004e17   Thumb Code    34  lpc17xx_ssp.o(.text)
    SSP_GetIntStatus                         0x00004e39   Thumb Code    76  lpc17xx_ssp.o(.text)
    SSP_ClearIntPending                      0x00004e85   Thumb Code    58  lpc17xx_ssp.o(.text)
    SSP_DMACmd                               0x00004ebf   Thumb Code   100  lpc17xx_ssp.o(.text)
    PINSEL_ConfigTraceFunc                   0x00004fd3   Thumb Code    34  lpc17xx_pinsel.o(.text)
    PINSEL_SetI2C0Pins                       0x00004ff5   Thumb Code    16  lpc17xx_pinsel.o(.text)
    PINSEL_ConfigPin                         0x00005005   Thumb Code    36  lpc17xx_pinsel.o(.text)
    GPIO_SetDir                              0x000050c9   Thumb Code    40  lpc17xx_gpio.o(.text)
    GPIO_SetValue                            0x000050f1   Thumb Code    20  lpc17xx_gpio.o(.text)
    GPIO_ClearValue                          0x00005105   Thumb Code    20  lpc17xx_gpio.o(.text)
    GPIO_ReadValue                           0x00005119   Thumb Code    22  lpc17xx_gpio.o(.text)
    GPIO_IntCmd                              0x0000512f   Thumb Code    54  lpc17xx_gpio.o(.text)
    GPIO_GetIntStatus                        0x00005165   Thumb Code    86  lpc17xx_gpio.o(.text)
    GPIO_ClearInt                            0x000051bb   Thumb Code    24  lpc17xx_gpio.o(.text)
    FIO_SetDir                               0x000051d3   Thumb Code    20  lpc17xx_gpio.o(.text)
    FIO_SetValue                             0x000051e7   Thumb Code    16  lpc17xx_gpio.o(.text)
    FIO_ClearValue                           0x000051f7   Thumb Code    16  lpc17xx_gpio.o(.text)
    FIO_ReadValue                            0x00005207   Thumb Code    12  lpc17xx_gpio.o(.text)
    FIO_IntCmd                               0x00005213   Thumb Code    20  lpc17xx_gpio.o(.text)
    FIO_GetIntStatus                         0x00005227   Thumb Code    20  lpc17xx_gpio.o(.text)
    FIO_ClearInt                             0x0000523b   Thumb Code    16  lpc17xx_gpio.o(.text)
    FIO_SetMask                              0x0000524b   Thumb Code    40  lpc17xx_gpio.o(.text)
    FIO_HalfWordSetDir                       0x00005273   Thumb Code    62  lpc17xx_gpio.o(.text)
    FIO_HalfWordSetMask                      0x000052b1   Thumb Code    62  lpc17xx_gpio.o(.text)
    FIO_HalfWordSetValue                     0x000052ef   Thumb Code    32  lpc17xx_gpio.o(.text)
    FIO_HalfWordClearValue                   0x0000530f   Thumb Code    32  lpc17xx_gpio.o(.text)
    FIO_HalfWordReadValue                    0x0000532f   Thumb Code    30  lpc17xx_gpio.o(.text)
    FIO_ByteSetDir                           0x0000534d   Thumb Code    50  lpc17xx_gpio.o(.text)
    FIO_ByteSetMask                          0x0000537f   Thumb Code    66  lpc17xx_gpio.o(.text)
    FIO_ByteSetValue                         0x000053c1   Thumb Code    34  lpc17xx_gpio.o(.text)
    FIO_ByteClearValue                       0x000053e3   Thumb Code    34  lpc17xx_gpio.o(.text)
    FIO_ByteReadValue                        0x00005405   Thumb Code    76  lpc17xx_gpio.o(.text)
    CLKPWR_SetPCLKDiv                        0x00005451   Thumb Code   106  lpc17xx_clkpwr.o(.text)
    CLKPWR_GetPCLKSEL                        0x000054bb   Thumb Code    32  lpc17xx_clkpwr.o(.text)
    CLKPWR_GetPCLK                           0x000054db   Thumb Code    58  lpc17xx_clkpwr.o(.text)
    CLKPWR_ConfigPPWR                        0x00005515   Thumb Code    50  lpc17xx_clkpwr.o(.text)
    CLKPWR_Sleep                             0x00005547   Thumb Code    10  lpc17xx_clkpwr.o(.text)
    CLKPWR_DeepSleep                         0x00005551   Thumb Code    16  lpc17xx_clkpwr.o(.text)
    CLKPWR_PowerDown                         0x00005561   Thumb Code    16  lpc17xx_clkpwr.o(.text)
    CLKPWR_DeepPowerDown                     0x00005571   Thumb Code    16  lpc17xx_clkpwr.o(.text)
    check_failed                             0x000055a1   Thumb Code     4  lpc17xx_libcfg_default.o(.text)
    GetASCIICode                             0x000055a5   Thumb Code    26  asciilib.o(.text)
    LCD_Initializtion                        0x0000560f   Thumb Code 63088  glcd.o(.text)
    LCD_Clear                                0x00014c7f   Thumb Code  2744  glcd.o(.text)
    LCD_GetPoint                             0x00015751   Thumb Code  2218  glcd.o(.text)
    LCD_SetPoint                             0x00015ffb   Thumb Code  1304  glcd.o(.text)
    LCD_DrawLine                             0x00016513   Thumb Code   250  glcd.o(.text)
    PutChar                                  0x0001660d   Thumb Code   100  glcd.o(.text)
    GUI_Text                                 0x00016671   Thumb Code    80  glcd.o(.text)
    __configuraUART0__                       0x000166c5   Thumb Code    18  uart0.o(.text)
    procesarComando                          0x000166d7   Thumb Code  1912  uart0.o(.text)
    UART0_IRQHandler                         0x00016f69   Thumb Code   118  uart.o(.text)
    tx_cadena_UART0                          0x00016fdf   Thumb Code    32  uart.o(.text)
    uart0_init                               0x000170f9   Thumb Code    76  uart.o(.text)
    __calibraBMP                             0x00017169   Thumb Code   630  i2c.o(.text)
    __configuraI2C__                         0x000173df   Thumb Code     8  i2c.o(.text)
    procesarDato                             0x000173e7   Thumb Code   106  i2c.o(.text)
    pedirDato                                0x00017451   Thumb Code    52  i2c.o(.text)
    irRegistro                               0x00017485   Thumb Code    20  i2c.o(.text)
    pedirDatoReg                             0x00017499   Thumb Code    22  i2c.o(.text)
    obtenerDato                              0x000174af   Thumb Code    50  i2c.o(.text)
    mandaDato                                0x000174e1   Thumb Code    32  i2c.o(.text)
    medirBMP                                 0x00017501   Thumb Code   410  i2c.o(.text)
    I2Cdelay                                 0x000176b1   Thumb Code    14  i2clib.o(.text)
    pulso_SCL                                0x000176bf   Thumb Code    24  i2clib.o(.text)
    I2CSendByte                              0x000176d7   Thumb Code    74  i2clib.o(.text)
    I2CSendAddr                              0x00017721   Thumb Code    80  i2clib.o(.text)
    I2CGetByte                               0x00017771   Thumb Code   100  i2clib.o(.text)
    I2CSendStop                              0x000177d5   Thumb Code    34  i2clib.o(.text)
    __aeabi_uldivmod                         0x000177fd   Thumb Code    98  uldiv.o(.text)
    __aeabi_memcpy                           0x0001785f   Thumb Code    36  memcpya.o(.text)
    __aeabi_memcpy4                          0x0001785f   Thumb Code     0  memcpya.o(.text)
    __aeabi_memcpy8                          0x0001785f   Thumb Code     0  memcpya.o(.text)
    __aeabi_memset                           0x00017883   Thumb Code    14  memseta.o(.text)
    __aeabi_memset4                          0x00017883   Thumb Code     0  memseta.o(.text)
    __aeabi_memset8                          0x00017883   Thumb Code     0  memseta.o(.text)
    __aeabi_memclr                           0x00017891   Thumb Code     4  memseta.o(.text)
    __aeabi_memclr4                          0x00017891   Thumb Code     0  memseta.o(.text)
    __aeabi_memclr8                          0x00017891   Thumb Code     0  memseta.o(.text)
    _memset$wrapper                          0x00017895   Thumb Code    18  memseta.o(.text)
    strlen                                   0x000178a7   Thumb Code    14  strlen.o(.text)
    strcmp                                   0x000178b5   Thumb Code    28  strcmp.o(.text)
    strcpy                                   0x000178d1   Thumb Code    18  strcpy.o(.text)
    __0sscanf                                0x000178e5   Thumb Code    48  __0sscanf.o(.text)
    _scanf_int                               0x0001791d   Thumb Code   336  _scanf_int.o(.text)
    _scanf_real                              0x00017b6d   Thumb Code     0  scanf_fp.o(.text)
    _scanf_really_real                       0x00017b6d   Thumb Code   560  scanf_fp.o(.text)
    atoi                                     0x00017da9   Thumb Code    26  atoi.o(.text)
    __aeabi_fadd                             0x00017dc3   Thumb Code   164  fadd.o(.text)
    __aeabi_fsub                             0x00017e67   Thumb Code     6  fadd.o(.text)
    __aeabi_frsub                            0x00017e6d   Thumb Code     6  fadd.o(.text)
    __aeabi_fmul                             0x00017e73   Thumb Code   108  fmul.o(.text)
    __aeabi_fdiv                             0x00017edf   Thumb Code   128  fdiv.o(.text)
    __aeabi_dadd                             0x00017f5f   Thumb Code   322  dadd.o(.text)
    __aeabi_dsub                             0x000180a1   Thumb Code     6  dadd.o(.text)
    __aeabi_drsub                            0x000180a7   Thumb Code     6  dadd.o(.text)
    __aeabi_dmul                             0x000180ad   Thumb Code   228  dmul.o(.text)
    __aeabi_ddiv                             0x00018191   Thumb Code   222  ddiv.o(.text)
    __aeabi_i2f                              0x0001826f   Thumb Code    18  fflti.o(.text)
    __aeabi_ui2f                             0x00018281   Thumb Code    10  ffltui.o(.text)
    __aeabi_i2d                              0x0001828b   Thumb Code    34  dflti.o(.text)
    __aeabi_ui2d                             0x000182ad   Thumb Code    26  dfltui.o(.text)
    __aeabi_f2iz                             0x000182c7   Thumb Code    50  ffixi.o(.text)
    __aeabi_f2uiz                            0x000182f9   Thumb Code    40  ffixui.o(.text)
    __aeabi_d2iz                             0x00018321   Thumb Code    62  dfixi.o(.text)
    __aeabi_d2uiz                            0x0001835f   Thumb Code    50  dfixui.o(.text)
    __aeabi_f2d                              0x00018391   Thumb Code    38  f2d.o(.text)
    __aeabi_cdcmpeq                          0x000183b9   Thumb Code     0  cdcmple.o(.text)
    __aeabi_cdcmple                          0x000183b9   Thumb Code    38  cdcmple.o(.text)
    __aeabi_d2f                              0x000183e1   Thumb Code    56  d2f.o(.text)
    __aeabi_cfcmpeq                          0x00018419   Thumb Code     0  cfcmple.o(.text)
    __aeabi_cfcmple                          0x00018419   Thumb Code    20  cfcmple.o(.text)
    __aeabi_cfrcmple                         0x0001842d   Thumb Code    20  cfrcmple.o(.text)
    __aeabi_uidiv                            0x00018441   Thumb Code     0  uidiv.o(.text)
    __aeabi_uidivmod                         0x00018441   Thumb Code    44  uidiv.o(.text)
    __aeabi_llsl                             0x0001846d   Thumb Code    30  llshl.o(.text)
    _ll_shift_l                              0x0001846d   Thumb Code     0  llshl.o(.text)
    __aeabi_llsr                             0x0001848b   Thumb Code    32  llushr.o(.text)
    _ll_ushift_r                             0x0001848b   Thumb Code     0  llushr.o(.text)
    __aeabi_lasr                             0x000184ab   Thumb Code    36  llsshr.o(.text)
    _ll_sshift_r                             0x000184ab   Thumb Code     0  llsshr.o(.text)
    _chval                                   0x000184cf   Thumb Code    28  _chval.o(.text)
    __vfscanf_char                           0x000184f9   Thumb Code    20  scanf_char.o(.text)
    _sgetc                                   0x00018515   Thumb Code    30  _sgetc.o(.text)
    _sbackspace                              0x00018533   Thumb Code    34  _sgetc.o(.text)
    strtol                                   0x00018555   Thumb Code   112  strtol.o(.text)
    __I$use$fp                               0x000185c5   Thumb Code     0  iusefp.o(.text)
    _float_round                             0x000185c5   Thumb Code    18  fepilogue.o(.text)
    _float_epilogue                          0x000185d7   Thumb Code    90  fepilogue.o(.text)
    _double_round                            0x00018631   Thumb Code    26  depilogue.o(.text)
    _double_epilogue                         0x0001864b   Thumb Code   164  depilogue.o(.text)
    __ARM_scalbn                             0x000186ef   Thumb Code    46  dscalb.o(.text)
    scalbn                                   0x000186ef   Thumb Code     0  dscalb.o(.text)
    __aeabi_ul2d                             0x0001871d   Thumb Code    24  dfltul.o(.text)
    __aeabi_d2ulz                            0x00018735   Thumb Code    48  dfixul.o(.text)
    __aeabi_cdrcmple                         0x00018765   Thumb Code    38  cdrcmple.o(.text)
    __scatterload                            0x0001878d   Thumb Code    28  init.o(.text)
    __scatterload_rt2                        0x0001878d   Thumb Code     0  init.o(.text)
    __rt_ctype_table                         0x000187b1   Thumb Code     4  ctype_o.o(.text)
    isspace                                  0x000187b9   Thumb Code    18  isspace_o.o(.text)
    __vfscanf                                0x000187cd   Thumb Code   806  _scanf.o(.text)
    _strtoul                                 0x00018af9   Thumb Code   158  _strtoul.o(.text)
    _dsqrt                                   0x00018b97   Thumb Code   162  dsqrt.o(.text)
    __decompress                             0x00018c39   Thumb Code     0  __dczerorl2.o(.text)
    __decompress1                            0x00018c39   Thumb Code    92  __dczerorl2.o(.text)
    __0sprintf                               0x00018c95   Thumb Code    34  printfa.o(i.__0sprintf)
    __1sprintf                               0x00018c95   Thumb Code     0  printfa.o(i.__0sprintf)
    __2sprintf                               0x00018c95   Thumb Code     0  printfa.o(i.__0sprintf)
    __c89sprintf                             0x00018c95   Thumb Code     0  printfa.o(i.__0sprintf)
    sprintf                                  0x00018c95   Thumb Code     0  printfa.o(i.__0sprintf)
    __ARM_fpclassify                         0x00018cbd   Thumb Code    40  fpclassify.o(i.__ARM_fpclassify)
    __aeabi_errno_addr                       0x00018ce5   Thumb Code     4  errno.o(i.__aeabi_errno_addr)
    __rt_errno_addr                          0x00018ce5   Thumb Code     0  errno.o(i.__aeabi_errno_addr)
    __ieee754_rem_pio2                       0x00018ced   Thumb Code   832  rred.o(i.__ieee754_rem_pio2)
    __kernel_cos                             0x00019075   Thumb Code   230  cos_i.o(i.__kernel_cos)
    __kernel_poly                            0x00019171   Thumb Code   170  poly.o(i.__kernel_poly)
    __kernel_sin                             0x0001921d   Thumb Code   224  sin_i.o(i.__kernel_sin)
    __mathlib_dbl_underflow                  0x00019309   Thumb Code    10  dunder.o(i.__mathlib_dbl_underflow)
    __scatterload_copy                       0x00019319   Thumb Code    14  handlers.o(i.__scatterload_copy)
    __scatterload_null                       0x00019327   Thumb Code     2  handlers.o(i.__scatterload_null)
    __scatterload_zeroinit                   0x00019329   Thumb Code    14  handlers.o(i.__scatterload_zeroinit)
    __set_errno                              0x00019339   Thumb Code     6  errno.o(i.__set_errno)
    _is_digit                                0x000194a1   Thumb Code    14  scanf_fp.o(i._is_digit)
    alloc_mem                                0x00019c35   Thumb Code   174  at_mem.o(i.alloc_mem)
    arp_cache_add                            0x00019ced   Thumb Code   174  at_arp.o(i.arp_cache_add)
    arp_cache_early                          0x00019e2d   Thumb Code   142  at_arp.o(i.arp_cache_early)
    arp_cache_find                           0x00019ec5   Thumb Code   168  at_arp.o(i.arp_cache_find)
    arp_cache_update                         0x00019f79   Thumb Code   228  at_arp.o(i.arp_cache_update)
    arp_init                                 0x0001a06d   Thumb Code    34  at_arp.o(i.arp_init)
    arp_notify                               0x0001a0cd   Thumb Code    26  at_arp.o(i.arp_notify)
    arp_process                              0x0001a17d   Thumb Code   294  at_arp.o(i.arp_process)
    avail_mem                                0x0001a40d   Thumb Code    22  at_mem.o(i.avail_mem)
    b64_to_asc                               0x0001a429   Thumb Code   120  at_lib.o(i.b64_to_asc)
    calc_chksum16be                          0x0001a4a1   Thumb Code    18  at_lib.o(i.calc_chksum16be)
    cgx_content_type                         0x0001a4b3   Thumb Code     4  at_http.o(i.cgx_content_type)
    chksum16_buf                             0x0001a685   Thumb Code    40  at_lib.o(i.chksum16_buf)
    chksum16_val                             0x0001a6ad   Thumb Code    10  at_lib.o(i.chksum16_val)
    eth_chk_adr                              0x0001a6fd   Thumb Code    10  at_ethernet.o(i.eth_chk_adr)
    eth_init_link                            0x0001a70d   Thumb Code    40  at_ethernet.o(i.eth_init_link)
    eth_run_link                             0x0001a741   Thumb Code   194  at_ethernet.o(i.eth_run_link)
    eth_send_frame                           0x0001a815   Thumb Code   150  at_ethernet.o(i.eth_send_frame)
    free_mem                                 0x0001a8bd   Thumb Code   124  at_mem.o(i.free_mem)
    get_rnd32                                0x0001aa2d   Thumb Code    18  at_system.o(i.get_rnd32)
    http_accept_host                         0x0001aa5b   Thumb Code     4  at_http.o(i.http_accept_host)
    http_check_account                       0x0001ad1d   Thumb Code     4  at_http.o(i.http_check_account)
    http_fclose                              0x0001aea9   Thumb Code     2  at_http_uif.o(i.http_fclose)
    http_fgets                               0x0001aeab   Thumb Code     4  at_http_uif.o(i.http_fgets)
    http_file_access                         0x0001aeaf   Thumb Code     4  at_http.o(i.http_file_access)
    http_finfo                               0x0001aeb3   Thumb Code     4  at_http_uif.o(i.http_finfo)
    http_fopen                               0x0001aeb7   Thumb Code     4  at_http_uif.o(i.http_fopen)
    http_fread                               0x0001aebb   Thumb Code     4  at_http_uif.o(i.http_fread)
    http_get_var                             0x0001aec1   Thumb Code   104  at_http.o(i.http_get_var)
    http_init                                0x0001af2d   Thumb Code    72  at_http.o(i.http_init)
    http_run_server                          0x0001b6e9   Thumb Code   816  at_http.o(i.http_run_server)
    icmp_init                                0x0001baed   Thumb Code    10  at_icmp.o(i.icmp_init)
    icmp_process                             0x0001bafd   Thumb Code   198  at_icmp.o(i.icmp_process)
    icmp_run_engine                          0x0001bbc9   Thumb Code    58  at_icmp.o(i.icmp_run_engine)
    ifree_mem                                0x0001bc81   Thumb Code    48  at_mem.o(i.ifree_mem)
    init_TcpNet                              0x0001bcb9   Thumb Code    38  at_system.o(i.init_TcpNet)
    init_mem                                 0x0001bce9   Thumb Code    86  at_mem.o(i.init_mem)
    ip_chk_frame                             0x0001bd49   Thumb Code   190  at_ip.o(i.ip_chk_frame)
    ip_get_locadr                            0x0001be1d   Thumb Code   166  at_ip.o(i.ip_get_locadr)
    ip_init                                  0x0001bed5   Thumb Code     8  at_ip.o(i.ip_init)
    ip_run_local                             0x0001bee1   Thumb Code    82  at_ip.o(i.ip_run_local)
    ip_send_frame                            0x0001bf3d   Thumb Code   328  at_ip.o(i.ip_send_frame)
    is_subnet                                0x0001c08d   Thumb Code    20  at_lib.o(i.is_subnet)
    main_TcpNet                              0x0001c0a1   Thumb Code    86  at_system.o(i.main_TcpNet)
    mem_comp                                 0x0001c105   Thumb Code    24  at_lib.o(i.mem_comp)
    mem_copy                                 0x0001c11d   Thumb Code    22  at_lib.o(i.mem_copy)
    mem_crc32                                0x0001c133   Thumb Code    32  at_lib.o(i.mem_crc32)
    mem_set                                  0x0001c153   Thumb Code    10  at_lib.o(i.mem_set)
    mem_test                                 0x0001c15d   Thumb Code    20  at_lib.o(i.mem_test)
    nrd_u32be                                0x0001c171   Thumb Code    22  at_lib.o(i.nrd_u32be)
    nwr_u32be                                0x0001c187   Thumb Code    16  at_lib.o(i.nwr_u32be)
    pow                                      0x0001c199   Thumb Code  2510  pow.o(i.pow)
    put_in_queue                             0x0001cba1   Thumb Code    36  at_ethernet.o(i.put_in_queue)
    resize_mem                               0x0001cc69   Thumb Code    68  at_mem.o(i.resize_mem)
    sin                                      0x0001ccfd   Thumb Code   166  sin.o(i.sin)
    sqrt                                     0x0001cdad   Thumb Code    76  sqrt.o(i.sqrt)
    str_copy                                 0x0001cdf9   Thumb Code    18  at_lib.o(i.str_copy)
    str_crc32                                0x0001ce0b   Thumb Code    26  at_lib.o(i.str_crc32)
    str_pos                                  0x0001ce25   Thumb Code    22  at_lib.o(i.str_pos)
    str_scomp                                0x0001ce3b   Thumb Code    26  at_lib.o(i.str_scomp)
    tcp_abort                                0x0001ce55   Thumb Code    76  at_tcp.o(i.tcp_abort)
    tcp_close                                0x0001cea5   Thumb Code   150  at_tcp.o(i.tcp_close)
    tcp_get_buf                              0x0001cf41   Thumb Code    32  at_tcp.o(i.tcp_get_buf)
    tcp_get_socket                           0x0001cf61   Thumb Code    70  at_tcp.o(i.tcp_get_socket)
    tcp_get_state                            0x0001cfad   Thumb Code    32  at_tcp.o(i.tcp_get_state)
    tcp_init                                 0x0001cfd1   Thumb Code    18  at_tcp.o(i.tcp_init)
    tcp_listen                               0x0001cfe9   Thumb Code   102  at_tcp.o(i.tcp_listen)
    tcp_max_dsize                            0x0001d0ed   Thumb Code    30  at_tcp.o(i.tcp_max_dsize)
    tcp_poll_sockets                         0x0001d171   Thumb Code   630  at_tcp.o(i.tcp_poll_sockets)
    tcp_process                              0x0001d511   Thumb Code  1164  at_tcp.o(i.tcp_process)
    tcp_send                                 0x0001da71   Thumb Code   204  at_tcp.o(i.tcp_send)
    timer_tick                               0x0001ddb9   Thumb Code    14  at_system.o(i.timer_tick)
    udp_init                                 0x0001ddcd   Thumb Code    18  at_udp.o(i.udp_init)
    udp_process                              0x0001dde5   Thumb Code   178  at_udp.o(i.udp_process)
    nlocalm                                  0x0001df7c   Data          60  net_config.o(.constdata)
    sys_config                               0x0001dfb8   Data          16  net_config.o(.constdata)
    arp_config                               0x0001dfc8   Data          12  net_config.o(.constdata)
    udp_config                               0x0001dfd4   Data           8  net_config.o(.constdata)
    tcp_config                               0x0001dfdc   Data          24  net_config.o(.constdata)
    http_config                              0x0001dff4   Data          24  net_config.o(.constdata)
    FileMD                                   0x0001e00c   Data           4  web.o(.constdata)
    FileTab                                  0x0001e8c0   Data          16  web.o(.constdata)
    IP_Broadcast                             0x0001f063   Data           4  at_ip.o(.constdata)
    MAC_Broadcast                            0x0001f160   Data           6  at_ethernet.o(.constdata)
    http_err_401                             0x0001f166   Data          86  http_err.o(.constdata)
    http_err_403                             0x0001f1bc   Data          81  http_err.o(.constdata)
    http_err_404                             0x0001f20d   Data          78  http_err.o(.constdata)
    http_err_501                             0x0001f25b   Data          75  http_err.o(.constdata)
    http_err_head                            0x0001f2a6   Data          47  http_err.o(.constdata)
    http_err_foot                            0x0001f2d5   Data         136  http_err.o(.constdata)
    __mathlib_zero                           0x0001f418   Data           8  qnan.o(.constdata)
    __ctype_table                            0x0001f510   Data         129  ctype_o.o(.constdata)
    Region$$Table$$Base                      0x0001f5b4   Number         0  anon$$obj.o(Region$$Table)
    Region$$Table$$Limit                     0x0001f5e4   Number         0  anon$$obj.o(Region$$Table)
    CAPcont                                  0x10000000   Data           1  anemometro.o(.data)
    SLAYERcont                               0x10000001   Data           1  anemometro.o(.data)
    CLKbuff                                  0x10000004   Data           8  anemometro.o(.data)
    aux_viento                               0x1000000c   Data           4  anemometro.o(.data)
    lhost_name                               0x10000010   Data          16  net_config.o(.data)
    own_hw_adr                               0x10000020   Data           6  net_config.o(.data)
    iap_entry                                0x1000003c   Data           4  emac_lpc17xx_lan8720.o(.data)
    Modo_energetico                          0x10000050   Data           1  statechart.o(.data)
    Modo_brillo                              0x10000051   Data           1  statechart.o(.data)
    __brilloFade                             0x10000052   Data           1  statechart.o(.data)
    __brilloAuto                             0x10000053   Data           1  statechart.o(.data)
    zona_0                                   0x10000054   Data          10  statechart.o(.data)
    zona_1                                   0x1000005e   Data          10  statechart.o(.data)
    zona_2                                   0x10000068   Data          10  statechart.o(.data)
    zona_3                                   0x10000072   Data          10  statechart.o(.data)
    zona_4                                   0x1000007c   Data          10  statechart.o(.data)
    zona_5                                   0x10000086   Data          10  statechart.o(.data)
    zona_6                                   0x10000090   Data          10  statechart.o(.data)
    zona_7                                   0x1000009a   Data          10  statechart.o(.data)
    zona_8                                   0x100000a4   Data          10  statechart.o(.data)
    zona_9                                   0x100000ae   Data          10  statechart.o(.data)
    zona_10                                  0x100000b8   Data          10  statechart.o(.data)
    zona_11                                  0x100000c2   Data          10  statechart.o(.data)
    zona_12                                  0x100000cc   Data          10  statechart.o(.data)
    zona_13                                  0x100000d6   Data          10  statechart.o(.data)
    zona_14                                  0x100000e0   Data          10  statechart.o(.data)
    zona_15                                  0x100000ea   Data          10  statechart.o(.data)
    zona_16                                  0x100000f4   Data          10  statechart.o(.data)
    zona_17                                  0x100000fe   Data          10  statechart.o(.data)
    zona_18                                  0x10000108   Data          10  statechart.o(.data)
    zona_19                                  0x10000112   Data          10  statechart.o(.data)
    zona_20                                  0x1000011c   Data          10  statechart.o(.data)
    zona_21                                  0x10000126   Data          10  statechart.o(.data)
    zona_22                                  0x10000130   Data          10  statechart.o(.data)
    zona_23                                  0x1000013a   Data          10  statechart.o(.data)
    zona_24                                  0x10000144   Data          10  statechart.o(.data)
    zona_25                                  0x1000014e   Data          10  statechart.o(.data)
    zona_26                                  0x10000158   Data          10  statechart.o(.data)
    zona_27                                  0x10000162   Data          10  statechart.o(.data)
    zona_28                                  0x1000016c   Data          10  statechart.o(.data)
    zona_29                                  0x10000176   Data          10  statechart.o(.data)
    zona_30                                  0x10000180   Data          10  statechart.o(.data)
    zona_31                                  0x1000018a   Data          10  statechart.o(.data)
    zona_27m                                 0x10000194   Data          10  statechart.o(.data)
    zona_28m                                 0x1000019e   Data          10  statechart.o(.data)
    zona_29m                                 0x100001a8   Data          10  statechart.o(.data)
    zona_30m                                 0x100001b2   Data          10  statechart.o(.data)
    zona_27M                                 0x100001bc   Data          10  statechart.o(.data)
    zona_28M                                 0x100001c6   Data          10  statechart.o(.data)
    zona_29M                                 0x100001d0   Data          10  statechart.o(.data)
    zona_30M                                 0x100001da   Data          10  statechart.o(.data)
    zona_32                                  0x100001e4   Data          10  statechart.o(.data)
    zona_32n                                 0x100001ee   Data          10  statechart.o(.data)
    zona_33                                  0x100001f8   Data          10  statechart.o(.data)
    zona_34                                  0x10000202   Data          10  statechart.o(.data)
    zona_34n                                 0x1000020c   Data          10  statechart.o(.data)
    zona_35                                  0x10000216   Data          10  statechart.o(.data)
    zona_350                                 0x10000220   Data          10  statechart.o(.data)
    zona_351                                 0x1000022a   Data          10  statechart.o(.data)
    zona_352                                 0x10000234   Data          10  statechart.o(.data)
    zona_353                                 0x1000023e   Data          10  statechart.o(.data)
    zona_354                                 0x10000248   Data          10  statechart.o(.data)
    zona_355                                 0x10000252   Data          10  statechart.o(.data)
    zona_356                                 0x1000025c   Data          10  statechart.o(.data)
    zona_357                                 0x10000266   Data          10  statechart.o(.data)
    zona_358                                 0x10000270   Data          10  statechart.o(.data)
    zona_359                                 0x1000027a   Data          10  statechart.o(.data)
    zona_330                                 0x10000284   Data          10  statechart.o(.data)
    zona_331                                 0x1000028e   Data          10  statechart.o(.data)
    zona_332                                 0x10000298   Data          10  statechart.o(.data)
    zona_333                                 0x100002a2   Data          10  statechart.o(.data)
    zona_334                                 0x100002ac   Data          10  statechart.o(.data)
    zona_335                                 0x100002b6   Data          10  statechart.o(.data)
    zona_336                                 0x100002c0   Data          10  statechart.o(.data)
    zona_337                                 0x100002ca   Data          10  statechart.o(.data)
    zona_338                                 0x100002d4   Data          10  statechart.o(.data)
    zona_339                                 0x100002de   Data          10  statechart.o(.data)
    zona_lo0                                 0x100002e8   Data          10  statechart.o(.data)
    zona_lo1                                 0x100002f2   Data          10  statechart.o(.data)
    zona_lo20                                0x100002fc   Data          10  statechart.o(.data)
    zona_lo21                                0x10000306   Data          10  statechart.o(.data)
    zona_lo22                                0x10000310   Data          10  statechart.o(.data)
    zona_lo23                                0x1000031a   Data          10  statechart.o(.data)
    pressedTouchPanel                        0x10000324   Data           1  statechart.o(.data)
    Aux8                                     0x10000325   Data           1  statechart.o(.data)
    matrix                                   0x10000328   Data          56  touchpanel.o(.data)
    DisplaySample                            0x10000360   Data          12  touchpanel.o(.data)
    display                                  0x10000370   Data           4  touchpanel.o(.data)
    DATOS                                    0x10000374   Data           4  main.o(.data)
    ESTADO                                   0x10000378   Data           4  main.o(.data)
    COUNTERS                                 0x1000037c   Data           4  main.o(.data)
    ACTUALIZADOR                             0x10000380   Data           4  main.o(.data)
    objESTADO                                0x10000384   Data           1  main.o(.data)
    objACTUALIZADOR                          0x10000385   Data           2  main.o(.data)
    SystemCoreClock                          0x10000388   Data           4  system_lpc17xx.o(.data)
    TIM0_ticks                               0x1000038c   Data           1  timers.o(.data)
    Timer2_MODO                              0x1000038d   Data           1  timers.o(.data)
    CAP11_BUFF                               0x10000390   Data           4  timers.o(.data)
    contadorLUZ                              0x10000394   Data           2  timers.o(.data)
    p                                        0x10000398   Data           4  onewirev2.o(.data)
    Checksum                                 0x1000039c   Data           1  onewirev2.o(.data)
    BUFFER_BRILLO                            0x100003a0   Data           4  ldr.o(.data)
    BUFFER_UVA                               0x100003a4   Data           4  ldr.o(.data)
    contador                                 0x100003a8   Data           4  ldr.o(.data)
    YaPuedesMedir                            0x100003ac   Data           1  ufono.o(.data)
    ADC_ConfigBuffer                         0x100003b0   Data           4  ufono.o(.data)
    ADC_IntenBuffer                          0x100003b4   Data           4  ufono.o(.data)
    Brillo2ciclo_LDR                         0x100003b8   Data          14  lut.o(.data)
    Brillo_LDR                               0x100003c6   Data          22  lut.o(.data)
    EstadoUART0                              0x100003dd   Data           1  uart0.o(.data)
    Inmortal                                 0x100003de   Data           1  uart0.o(.data)
    ptr_rx                                   0x100003e0   Data           4  uart.o(.data)
    rx_completa                              0x100003e4   Data           1  uart.o(.data)
    ptr_tx                                   0x100003e8   Data           4  uart.o(.data)
    tx_completa                              0x100003ec   Data           1  uart.o(.data)
    TemperaturaConBmp                        0x100003f0   Data           1  i2c.o(.data)
    LecturaBMP0                              0x100003f1   Data           1  i2c.o(.data)
    LecturaBMP1                              0x100003f2   Data           1  i2c.o(.data)
    LecturaBMP                               0x100003f4   Data           2  i2c.o(.data)
    temperatura                              0x100003f8   Data           4  i2c.o(.data)
    presion                                  0x100003fc   Data           4  i2c.o(.data)
    Clock                                    0x10000428   Data          23  rtc.o(.bss)
    MODIFICABLES                             0x10000440   Data          24  statechart.o(.bss)
    buffer                                   0x10000458   Data          23  statechart.o(.bss)
    ScreenSample                             0x10000470   Data          12  touchpanel.o(.bss)
    objDATOS                                 0x1000047c   Data          36  main.o(.bss)
    objCOUNTERS                              0x100004a0   Data          16  main.o(.bss)
    TRAZA                                    0x100004b0   Data         400  onewirev2.o(.bss)
    HOLD                                     0x10000640   Data         400  onewirev2.o(.bss)
    AUDIO                                    0x100007d0   Data       16000  ldr.o(.bss)
    LLI0                                     0x10004650   Data          16  dma.o(.bss)
    sinusoide                                0x10004660   Data          32  dma.o(.bss)
    UART0_BUFFER_TX                          0x10004680   Data         121  uart0.o(.bss)
    bufferx                                  0x100046f9   Data          30  uart.o(.bss)
    COEF                                     0x10004718   Data          22  i2c.o(.bss)
    localm                                   0x100047d4   Data          60  at_system.o(.bss)
    sys_control                              0x10004810   Data          16  at_system.o(.bss)
    __initial_sp                             0x10004a20   Data           0  startup_lpc17xx.o(STACK)



==============================================================================

Memory Map of the image

  Image Entry point : 0x000000cd

  Load Region LR_IROM1 (Base: 0x00000000, Size: 0x0001fa0c, Max: 0x00080000, ABSOLUTE, COMPRESSED[0x0001f768])

    Execution Region ER_IROM1 (Base: 0x00000000, Size: 0x0001f5e4, Max: 0x00080000, ABSOLUTE)

    Base Addr    Size         Type   Attr      Idx    E Section Name        Object

    0x00000000   0x000000cc   Data   RO          433    RESET               startup_lpc17xx.o
    0x000000cc   0x00000000   Code   RO         1360  * .ARM.Collect$$$$00000000  mc_w.l(entry.o)
    0x000000cc   0x00000004   Code   RO         1715    .ARM.Collect$$$$00000001  mc_w.l(entry2.o)
    0x000000d0   0x00000004   Code   RO         1718    .ARM.Collect$$$$00000004  mc_w.l(entry5.o)
    0x000000d4   0x00000000   Code   RO         1720    .ARM.Collect$$$$00000008  mc_w.l(entry7b.o)
    0x000000d4   0x00000000   Code   RO         1722    .ARM.Collect$$$$0000000A  mc_w.l(entry8b.o)
    0x000000d4   0x00000008   Code   RO         1723    .ARM.Collect$$$$0000000B  mc_w.l(entry9a.o)
    0x000000dc   0x00000000   Code   RO         1725    .ARM.Collect$$$$0000000D  mc_w.l(entry10a.o)
    0x000000dc   0x00000000   Code   RO         1727    .ARM.Collect$$$$0000000F  mc_w.l(entry11a.o)
    0x000000dc   0x00000004   Code   RO         1716    .ARM.Collect$$$$00002712  mc_w.l(entry2.o)
    0x000000e0   0x00000028   Code   RO            2    .text               wdt.o
    0x00000108   0x00000184   Code   RO           47    .text               anemometro.o
    0x0000028c   0x00000010   Code   RO          165    .text               http_source.o
    0x0000029c   0x00000010   Code   RO          375    .text               main.o
    0x000002ac   0x00000024   Code   RO          435    .text               startup_lpc17xx.o
    0x000002d0   0x0000002c   Code   RO          610    .text               uva30a.o
    0x000002fc   0x00000004   Code   RO          434    .ARM.__at_0x02FC    startup_lpc17xx.o
    0x00000300   0x000002a0   Code   RO          111    .text               pwm.o
    0x000005a0   0x00000130   Code   RO          131    .text               rtc.o
    0x000006d0   0x00000074   Code   RO          193    .text               net_config.o
    0x00000744   0x0000032c   Code   RO          218    .text               http_cgi.o
    0x00000a70   0x000005d0   Code   RO          244    .text               emac_lpc17xx_lan8720.o
    0x00001040   0x00001e54   Code   RO          284    .text               statechart.o
    0x00002e94   0x00000844   Code   RO          352    .text               touchpanel.o
    0x000036d8   0x00000318   Code   RO          448    .text               system_lpc17xx.o
    0x000039f0   0x00000130   Code   RO          474    .text               configura.o
    0x00003b20   0x00000478   Code   RO          494    .text               timers.o
    0x00003f98   0x000002b8   Code   RO          524    .text               onewirev2.o
    0x00004250   0x000001e8   Code   RO          548    .text               ldr.o
    0x00004438   0x00000108   Code   RO          581    .text               ufono.o
    0x00004540   0x0000007c   Code   RO          629    .text               dac.o
    0x000045bc   0x000000f8   Code   RO          661    .text               lut.o
    0x000046b4   0x000001c0   Code   RO          685    .text               dma.o
    0x00004874   0x000006b8   Code   RO          803    .text               lpc17xx_ssp.o
    0x00004f2c   0x00000100   Code   RO          825    .text               lpc17xx_pinsel.o
    0x0000502c   0x00000424   Code   RO          841    .text               lpc17xx_gpio.o
    0x00005450   0x00000150   Code   RO          857    .text               lpc17xx_clkpwr.o
    0x000055a0   0x00000004   Code   RO          872    .text               lpc17xx_libcfg_default.o
    0x000055a4   0x00000020   Code   RO          884    .text               asciilib.o
    0x000055c4   0x00011100   Code   RO          902    .text               glcd.o
    0x000166c4   0x000008a4   Code   RO          920    .text               uart0.o
    0x00016f68   0x00000200   Code   RO          951    .text               uart.o
    0x00017168   0x00000548   Code   RO          975    .text               i2c.o
    0x000176b0   0x0000014c   Code   RO          999    .text               i2clib.o
    0x000177fc   0x00000062   Code   RO         1363    .text               mc_w.l(uldiv.o)
    0x0001785e   0x00000024   Code   RO         1365    .text               mc_w.l(memcpya.o)
    0x00017882   0x00000024   Code   RO         1367    .text               mc_w.l(memseta.o)
    0x000178a6   0x0000000e   Code   RO         1369    .text               mc_w.l(strlen.o)
    0x000178b4   0x0000001c   Code   RO         1371    .text               mc_w.l(strcmp.o)
    0x000178d0   0x00000012   Code   RO         1373    .text               mc_w.l(strcpy.o)
    0x000178e2   0x00000002   PAD
    0x000178e4   0x00000038   Code   RO         1638    .text               mc_w.l(__0sscanf.o)
    0x0001791c   0x00000150   Code   RO         1640    .text               mc_w.l(_scanf_int.o)
    0x00017a6c   0x0000033c   Code   RO         1642    .text               mc_w.l(scanf_fp.o)
    0x00017da8   0x0000001a   Code   RO         1646    .text               mc_w.l(atoi.o)
    0x00017dc2   0x000000b0   Code   RO         1648    .text               mf_w.l(fadd.o)
    0x00017e72   0x0000006c   Code   RO         1650    .text               mf_w.l(fmul.o)
    0x00017ede   0x00000080   Code   RO         1652    .text               mf_w.l(fdiv.o)
    0x00017f5e   0x0000014e   Code   RO         1654    .text               mf_w.l(dadd.o)
    0x000180ac   0x000000e4   Code   RO         1656    .text               mf_w.l(dmul.o)
    0x00018190   0x000000de   Code   RO         1658    .text               mf_w.l(ddiv.o)
    0x0001826e   0x00000012   Code   RO         1660    .text               mf_w.l(fflti.o)
    0x00018280   0x0000000a   Code   RO         1662    .text               mf_w.l(ffltui.o)
    0x0001828a   0x00000022   Code   RO         1664    .text               mf_w.l(dflti.o)
    0x000182ac   0x0000001a   Code   RO         1666    .text               mf_w.l(dfltui.o)
    0x000182c6   0x00000032   Code   RO         1668    .text               mf_w.l(ffixi.o)
    0x000182f8   0x00000028   Code   RO         1670    .text               mf_w.l(ffixui.o)
    0x00018320   0x0000003e   Code   RO         1672    .text               mf_w.l(dfixi.o)
    0x0001835e   0x00000032   Code   RO         1674    .text               mf_w.l(dfixui.o)
    0x00018390   0x00000026   Code   RO         1676    .text               mf_w.l(f2d.o)
    0x000183b6   0x00000002   PAD
    0x000183b8   0x00000028   Code   RO         1678    .text               mf_w.l(cdcmple.o)
    0x000183e0   0x00000038   Code   RO         1680    .text               mf_w.l(d2f.o)
    0x00018418   0x00000014   Code   RO         1682    .text               mf_w.l(cfcmple.o)
    0x0001842c   0x00000014   Code   RO         1684    .text               mf_w.l(cfrcmple.o)
    0x00018440   0x0000002c   Code   RO         1732    .text               mc_w.l(uidiv.o)
    0x0001846c   0x0000001e   Code   RO         1734    .text               mc_w.l(llshl.o)
    0x0001848a   0x00000020   Code   RO         1736    .text               mc_w.l(llushr.o)
    0x000184aa   0x00000024   Code   RO         1738    .text               mc_w.l(llsshr.o)
    0x000184ce   0x0000001c   Code   RO         1747    .text               mc_w.l(_chval.o)
    0x000184ea   0x00000002   PAD
    0x000184ec   0x00000028   Code   RO         1749    .text               mc_w.l(scanf_char.o)
    0x00018514   0x00000040   Code   RO         1751    .text               mc_w.l(_sgetc.o)
    0x00018554   0x00000070   Code   RO         1753    .text               mc_w.l(strtol.o)
    0x000185c4   0x00000000   Code   RO         1755    .text               mc_w.l(iusefp.o)
    0x000185c4   0x0000006c   Code   RO         1756    .text               mf_w.l(fepilogue.o)
    0x00018630   0x000000be   Code   RO         1758    .text               mf_w.l(depilogue.o)
    0x000186ee   0x0000002e   Code   RO         1760    .text               mf_w.l(dscalb.o)
    0x0001871c   0x00000018   Code   RO         1762    .text               mf_w.l(dfltul.o)
    0x00018734   0x00000030   Code   RO         1764    .text               mf_w.l(dfixul.o)
    0x00018764   0x00000028   Code   RO         1766    .text               mf_w.l(cdrcmple.o)
    0x0001878c   0x00000024   Code   RO         1768    .text               mc_w.l(init.o)
    0x000187b0   0x00000008   Code   RO         1773    .text               mc_w.l(ctype_o.o)
    0x000187b8   0x00000012   Code   RO         1795    .text               mc_w.l(isspace_o.o)
    0x000187ca   0x00000002   PAD
    0x000187cc   0x0000032c   Code   RO         1801    .text               mc_w.l(_scanf.o)
    0x00018af8   0x0000009e   Code   RO         1803    .text               mc_w.l(_strtoul.o)
    0x00018b96   0x000000a2   Code   RO         1806    .text               mf_w.l(dsqrt.o)
    0x00018c38   0x0000005c   Code   RO         1819    .text               mc_w.l(__dczerorl2.o)
    0x00018c94   0x00000028   Code   RO         1612    i.__0sprintf        mc_w.l(printfa.o)
    0x00018cbc   0x00000028   Code   RO         1691    i.__ARM_fpclassify  m_ws.l(fpclassify.o)
    0x00018ce4   0x00000008   Code   RO         1740    i.__aeabi_errno_addr  mc_w.l(errno.o)
    0x00018cec   0x00000388   Code   RO         1696    i.__ieee754_rem_pio2  m_ws.l(rred.o)
    0x00019074   0x000000fc   Code   RO         1686    i.__kernel_cos      m_ws.l(cos_i.o)
    0x00019170   0x000000aa   Code   RO         1693    i.__kernel_poly     m_ws.l(poly.o)
    0x0001921a   0x00000002   PAD
    0x0001921c   0x000000ec   Code   RO         1701    i.__kernel_sin      m_ws.l(sin_i.o)
    0x00019308   0x00000010   Code   RO         1689    i.__mathlib_dbl_underflow  m_ws.l(dunder.o)
    0x00019318   0x0000000e   Code   RO         1813    i.__scatterload_copy  mc_w.l(handlers.o)
    0x00019326   0x00000002   Code   RO         1814    i.__scatterload_null  mc_w.l(handlers.o)
    0x00019328   0x0000000e   Code   RO         1815    i.__scatterload_zeroinit  mc_w.l(handlers.o)
    0x00019336   0x00000002   PAD
    0x00019338   0x0000000c   Code   RO         1742    i.__set_errno       mc_w.l(errno.o)
    0x00019344   0x0000015c   Code   RO         1617    i._fp_digits        mc_w.l(printfa.o)
    0x000194a0   0x0000000e   Code   RO         1644    i._is_digit         mc_w.l(scanf_fp.o)
    0x000194ae   0x00000002   PAD
    0x000194b0   0x000006f0   Code   RO         1618    i._printf_core      mc_w.l(printfa.o)
    0x00019ba0   0x00000026   Code   RO         1619    i._printf_post_padding  mc_w.l(printfa.o)
    0x00019bc6   0x00000030   Code   RO         1620    i._printf_pre_padding  mc_w.l(printfa.o)
    0x00019bf6   0x0000000a   Code   RO         1622    i._sputc            mc_w.l(printfa.o)
    0x00019c00   0x00000034   Code   RO         1167    i.add_server_id     TCP_CM3.lib(at_http.o)
    0x00019c34   0x000000b8   Code   RO         1303    i.alloc_mem         TCP_CM3.lib(at_mem.o)
    0x00019cec   0x000000b8   Code   RO         1014    i.arp_cache_add     TCP_CM3.lib(at_arp.o)
    0x00019da4   0x00000088   Code   RO         1015    i.arp_cache_alloc   TCP_CM3.lib(at_arp.o)
    0x00019e2c   0x00000098   Code   RO         1016    i.arp_cache_early   TCP_CM3.lib(at_arp.o)
    0x00019ec4   0x000000b4   Code   RO         1017    i.arp_cache_find    TCP_CM3.lib(at_arp.o)
    0x00019f78   0x000000f4   Code   RO         1020    i.arp_cache_update  TCP_CM3.lib(at_arp.o)
    0x0001a06c   0x0000002c   Code   RO         1023    i.arp_init          TCP_CM3.lib(at_arp.o)
    0x0001a098   0x00000034   Code   RO         1024    i.arp_is_cacheable  TCP_CM3.lib(at_arp.o)
    0x0001a0cc   0x00000028   Code   RO         1025    i.arp_notify        TCP_CM3.lib(at_arp.o)
    0x0001a0f4   0x00000088   Code   RO         1027    i.arp_proc_response  TCP_CM3.lib(at_arp.o)
    0x0001a17c   0x00000138   Code   RO         1028    i.arp_process       TCP_CM3.lib(at_arp.o)
    0x0001a2b4   0x000000a0   Code   RO         1029    i.arp_send_reply    TCP_CM3.lib(at_arp.o)
    0x0001a354   0x000000b8   Code   RO         1030    i.arp_send_request  TCP_CM3.lib(at_arp.o)
    0x0001a40c   0x0000001c   Code   RO         1304    i.avail_mem         TCP_CM3.lib(at_mem.o)
    0x0001a428   0x00000078   Code   RO         1254    i.b64_to_asc        TCP_CM3.lib(at_lib.o)
    0x0001a4a0   0x00000012   Code   RO         1256    i.calc_chksum16be   TCP_CM3.lib(at_lib.o)
    0x0001a4b2   0x00000004   Code   RO         1168    i.cgx_content_type  TCP_CM3.lib(at_http.o)
    0x0001a4b6   0x00000002   PAD
    0x0001a4b8   0x000001cc   Code   RO         1169    i.chk_post_req      TCP_CM3.lib(at_http.o)
    0x0001a684   0x00000028   Code   RO         1257    i.chksum16_buf      TCP_CM3.lib(at_lib.o)
    0x0001a6ac   0x0000000a   Code   RO         1258    i.chksum16_val      TCP_CM3.lib(at_lib.o)
    0x0001a6b6   0x0000001e   Code   RO         1170    i.cmp_fname_ext     TCP_CM3.lib(at_http.o)
    0x0001a6d4   0x00000028   Code   RO         1171    i.cmp_header        TCP_CM3.lib(at_http.o)
    0x0001a6fc   0x00000010   Code   RO         1239    i.eth_chk_adr       TCP_CM3.lib(at_ethernet.o)
    0x0001a70c   0x00000034   Code   RO         1241    i.eth_init_link     TCP_CM3.lib(at_ethernet.o)
    0x0001a740   0x000000d4   Code   RO         1242    i.eth_run_link      TCP_CM3.lib(at_ethernet.o)
    0x0001a814   0x000000a8   Code   RO         1243    i.eth_send_frame    TCP_CM3.lib(at_ethernet.o)
    0x0001a8bc   0x00000084   Code   RO         1305    i.free_mem          TCP_CM3.lib(at_mem.o)
    0x0001a940   0x00000028   Code   RO         1260    i.get_crc32         TCP_CM3.lib(at_lib.o)
    0x0001a968   0x00000068   Code   RO         1172    i.get_file_type     TCP_CM3.lib(at_http.o)
    0x0001a9d0   0x00000028   Code   RO         1173    i.get_next_field    TCP_CM3.lib(at_http.o)
    0x0001a9f8   0x00000032   Code   RO         1174    i.get_next_par      TCP_CM3.lib(at_http.o)
    0x0001aa2a   0x00000002   PAD
    0x0001aa2c   0x0000001c   Code   RO         1317    i.get_rnd32         TCP_CM3.lib(at_system.o)
    0x0001aa48   0x00000012   Code   RO         1175    i.hex2byte          TCP_CM3.lib(at_http.o)
    0x0001aa5a   0x00000004   Code   RO         1176    i.http_accept_host  TCP_CM3.lib(at_http.o)
    0x0001aa5e   0x00000002   PAD
    0x0001aa60   0x000002bc   Code   RO         1177    i.http_add_header   TCP_CM3.lib(at_http.o)
    0x0001ad1c   0x00000004   Code   RO         1178    i.http_check_account  TCP_CM3.lib(at_http.o)
    0x0001ad20   0x00000188   Code   RO         1180    i.http_error_msg    TCP_CM3.lib(at_http.o)
    0x0001aea8   0x00000002   Code   RO         1332    i.http_fclose       TCP_CM3.lib(at_http_uif.o)
    0x0001aeaa   0x00000004   Code   RO         1333    i.http_fgets        TCP_CM3.lib(at_http_uif.o)
    0x0001aeae   0x00000004   Code   RO         1181    i.http_file_access  TCP_CM3.lib(at_http.o)
    0x0001aeb2   0x00000004   Code   RO         1334    i.http_finfo        TCP_CM3.lib(at_http_uif.o)
    0x0001aeb6   0x00000004   Code   RO         1335    i.http_fopen        TCP_CM3.lib(at_http_uif.o)
    0x0001aeba   0x00000004   Code   RO         1336    i.http_fread        TCP_CM3.lib(at_http_uif.o)
    0x0001aebe   0x00000002   PAD
    0x0001aec0   0x0000006c   Code   RO         1187    i.http_get_var      TCP_CM3.lib(at_http.o)
    0x0001af2c   0x00000050   Code   RO         1188    i.http_init         TCP_CM3.lib(at_http.o)
    0x0001af7c   0x0000005e   Code   RO         1189    i.http_kill_session  TCP_CM3.lib(at_http.o)
    0x0001afda   0x00000002   PAD
    0x0001afdc   0x00000224   Code   RO         1190    i.http_listener     TCP_CM3.lib(at_http.o)
    0x0001b200   0x00000120   Code   RO         1191    i.http_open_file    TCP_CM3.lib(at_http.o)
    0x0001b320   0x00000154   Code   RO         1192    i.http_proc_header  TCP_CM3.lib(at_http.o)
    0x0001b474   0x0000017c   Code   RO         1193    i.http_proc_multipart  TCP_CM3.lib(at_http.o)
    0x0001b5f0   0x000000f8   Code   RO         1194    i.http_proc_post    TCP_CM3.lib(at_http.o)
    0x0001b6e8   0x0000033c   Code   RO         1195    i.http_run_server   TCP_CM3.lib(at_http.o)
    0x0001ba24   0x0000001e   Code   RO         1196    i.http_strcpy       TCP_CM3.lib(at_http.o)
    0x0001ba42   0x00000002   PAD
    0x0001ba44   0x000000a8   Code   RO         1197    i.http_to_utc       TCP_CM3.lib(at_http.o)
    0x0001baec   0x00000010   Code   RO         1064    i.icmp_init         TCP_CM3.lib(at_icmp.o)
    0x0001bafc   0x000000cc   Code   RO         1066    i.icmp_process      TCP_CM3.lib(at_icmp.o)
    0x0001bbc8   0x00000048   Code   RO         1067    i.icmp_run_engine   TCP_CM3.lib(at_icmp.o)
    0x0001bc10   0x00000070   Code   RO         1068    i.icmp_send_message  TCP_CM3.lib(at_icmp.o)
    0x0001bc80   0x00000038   Code   RO         1306    i.ifree_mem         TCP_CM3.lib(at_mem.o)
    0x0001bcb8   0x00000030   Code   RO         1318    i.init_TcpNet       TCP_CM3.lib(at_system.o)
    0x0001bce8   0x00000060   Code   RO         1307    i.init_mem          TCP_CM3.lib(at_mem.o)
    0x0001bd48   0x000000c8   Code   RO         1050    i.ip_chk_frame      TCP_CM3.lib(at_ip.o)
    0x0001be10   0x0000000a   Code   RO         1051    i.ip_get_chksum     TCP_CM3.lib(at_ip.o)
    0x0001be1a   0x00000002   PAD
    0x0001be1c   0x000000b8   Code   RO         1052    i.ip_get_locadr     TCP_CM3.lib(at_ip.o)
    0x0001bed4   0x0000000c   Code   RO         1053    i.ip_init           TCP_CM3.lib(at_ip.o)
    0x0001bee0   0x0000005c   Code   RO         1054    i.ip_run_local      TCP_CM3.lib(at_ip.o)
    0x0001bf3c   0x00000150   Code   RO         1055    i.ip_send_frame     TCP_CM3.lib(at_ip.o)
    0x0001c08c   0x00000014   Code   RO         1261    i.is_subnet         TCP_CM3.lib(at_lib.o)
    0x0001c0a0   0x00000064   Code   RO         1319    i.main_TcpNet       TCP_CM3.lib(at_system.o)
    0x0001c104   0x00000018   Code   RO         1262    i.mem_comp          TCP_CM3.lib(at_lib.o)
    0x0001c11c   0x00000016   Code   RO         1263    i.mem_copy          TCP_CM3.lib(at_lib.o)
    0x0001c132   0x00000020   Code   RO         1264    i.mem_crc32         TCP_CM3.lib(at_lib.o)
    0x0001c152   0x0000000a   Code   RO         1266    i.mem_set           TCP_CM3.lib(at_lib.o)
    0x0001c15c   0x00000014   Code   RO         1267    i.mem_test          TCP_CM3.lib(at_lib.o)
    0x0001c170   0x00000016   Code   RO         1269    i.nrd_u32be         TCP_CM3.lib(at_lib.o)
    0x0001c186   0x00000010   Code   RO         1271    i.nwr_u32be         TCP_CM3.lib(at_lib.o)
    0x0001c196   0x00000002   PAD
    0x0001c198   0x000009e0   Code   RO         1343    i.pow               m_ws.l(pow.o)
    0x0001cb78   0x00000028   Code   RO         1198    i.proc_req_line     TCP_CM3.lib(at_http.o)
    0x0001cba0   0x00000028   Code   RO         1244    i.put_in_queue      TCP_CM3.lib(at_ethernet.o)
    0x0001cbc8   0x000000a0   Code   RO         1199    i.read_script_line  TCP_CM3.lib(at_http.o)
    0x0001cc68   0x00000048   Code   RO         1308    i.resize_mem        TCP_CM3.lib(at_mem.o)
    0x0001ccb0   0x0000004c   Code   RO         1200    i.search_delim      TCP_CM3.lib(at_http.o)
    0x0001ccfc   0x000000b0   Code   RO         1353    i.sin               m_ws.l(sin.o)
    0x0001cdac   0x0000004c   Code   RO         1708    i.sqrt              m_ws.l(sqrt.o)
    0x0001cdf8   0x00000012   Code   RO         1272    i.str_copy          TCP_CM3.lib(at_lib.o)
    0x0001ce0a   0x0000001a   Code   RO         1273    i.str_crc32         TCP_CM3.lib(at_lib.o)
    0x0001ce24   0x00000016   Code   RO         1274    i.str_pos           TCP_CM3.lib(at_lib.o)
    0x0001ce3a   0x0000001a   Code   RO         1275    i.str_scomp         TCP_CM3.lib(at_lib.o)
    0x0001ce54   0x00000050   Code   RO         1075    i.tcp_abort         TCP_CM3.lib(at_tcp.o)
    0x0001cea4   0x0000009c   Code   RO         1077    i.tcp_close         TCP_CM3.lib(at_tcp.o)
    0x0001cf40   0x00000020   Code   RO         1080    i.tcp_get_buf       TCP_CM3.lib(at_tcp.o)
    0x0001cf60   0x0000004c   Code   RO         1082    i.tcp_get_socket    TCP_CM3.lib(at_tcp.o)
    0x0001cfac   0x00000024   Code   RO         1083    i.tcp_get_state     TCP_CM3.lib(at_tcp.o)
    0x0001cfd0   0x00000018   Code   RO         1084    i.tcp_init          TCP_CM3.lib(at_tcp.o)
    0x0001cfe8   0x0000006c   Code   RO         1086    i.tcp_listen        TCP_CM3.lib(at_tcp.o)
    0x0001d054   0x00000098   Code   RO         1087    i.tcp_map_socket    TCP_CM3.lib(at_tcp.o)
    0x0001d0ec   0x00000024   Code   RO         1088    i.tcp_max_dsize     TCP_CM3.lib(at_tcp.o)
    0x0001d110   0x0000005e   Code   RO         1090    i.tcp_parse_opt     TCP_CM3.lib(at_tcp.o)
    0x0001d16e   0x00000002   PAD
    0x0001d170   0x00000284   Code   RO         1091    i.tcp_poll_sockets  TCP_CM3.lib(at_tcp.o)
    0x0001d3f4   0x000000c8   Code   RO         1092    i.tcp_proc_acknr    TCP_CM3.lib(at_tcp.o)
    0x0001d4bc   0x00000052   Code   RO         1093    i.tcp_proc_dupack   TCP_CM3.lib(at_tcp.o)
    0x0001d50e   0x00000002   PAD
    0x0001d510   0x00000498   Code   RO         1094    i.tcp_process       TCP_CM3.lib(at_tcp.o)
    0x0001d9a8   0x0000001a   Code   RO         1095    i.tcp_que_free      TCP_CM3.lib(at_tcp.o)
    0x0001d9c2   0x0000001a   Code   RO         1096    i.tcp_que_init      TCP_CM3.lib(at_tcp.o)
    0x0001d9dc   0x00000094   Code   RO         1097    i.tcp_que_resend    TCP_CM3.lib(at_tcp.o)
    0x0001da70   0x000000d4   Code   RO         1101    i.tcp_send          TCP_CM3.lib(at_tcp.o)
    0x0001db44   0x0000006a   Code   RO         1102    i.tcp_send_ctrl     TCP_CM3.lib(at_tcp.o)
    0x0001dbae   0x00000050   Code   RO         1103    i.tcp_send_data     TCP_CM3.lib(at_tcp.o)
    0x0001dbfe   0x00000068   Code   RO         1104    i.tcp_send_reset    TCP_CM3.lib(at_tcp.o)
    0x0001dc66   0x00000026   Code   RO         1105    i.tcp_set_cwnd      TCP_CM3.lib(at_tcp.o)
    0x0001dc8c   0x00000068   Code   RO         1106    i.tcp_transit       TCP_CM3.lib(at_tcp.o)
    0x0001dcf4   0x000000c4   Code   RO         1107    i.tcp_write         TCP_CM3.lib(at_tcp.o)
    0x0001ddb8   0x00000014   Code   RO         1320    i.timer_tick        TCP_CM3.lib(at_system.o)
    0x0001ddcc   0x00000018   Code   RO         1146    i.udp_init          TCP_CM3.lib(at_udp.o)
    0x0001dde4   0x000000b8   Code   RO         1151    i.udp_process       TCP_CM3.lib(at_udp.o)
    0x0001de9c   0x000000e0   Code   RO         1201    i.utc_to_http       TCP_CM3.lib(at_http.o)
    0x0001df7c   0x00000090   Data   RO          195    .constdata          net_config.o
    0x0001e00c   0x000008c4   Data   RO          274    .constdata          web.o
    0x0001e8d0   0x000005f0   Data   RO          885    .constdata          asciilib.o
    0x0001eec0   0x0000019d   Data   RO          922    .constdata          uart0.o
    0x0001f05d   0x00000006   Data   RO         1031    .constdata          TCP_CM3.lib(at_arp.o)
    0x0001f063   0x00000008   Data   RO         1056    .constdata          TCP_CM3.lib(at_ip.o)
    0x0001f06b   0x00000001   PAD
    0x0001f06c   0x000000f4   Data   RO         1202    .constdata          TCP_CM3.lib(at_http.o)
    0x0001f160   0x00000006   Data   RO         1246    .constdata          TCP_CM3.lib(at_ethernet.o)
    0x0001f166   0x00000056   Data   RO         1326    .constdata          TCP_CM3.lib(http_err.o)
    0x0001f1bc   0x00000051   Data   RO         1327    .constdata          TCP_CM3.lib(http_err.o)
    0x0001f20d   0x0000004e   Data   RO         1328    .constdata          TCP_CM3.lib(http_err.o)
    0x0001f25b   0x0000004b   Data   RO         1329    .constdata          TCP_CM3.lib(http_err.o)
    0x0001f2a6   0x0000002f   Data   RO         1330    .constdata          TCP_CM3.lib(http_err.o)
    0x0001f2d5   0x00000088   Data   RO         1331    .constdata          TCP_CM3.lib(http_err.o)
    0x0001f35d   0x00000003   PAD
    0x0001f360   0x00000088   Data   RO         1344    .constdata          m_ws.l(pow.o)
    0x0001f3e8   0x00000030   Data   RO         1687    .constdata          m_ws.l(cos_i.o)
    0x0001f418   0x00000008   Data   RO         1695    .constdata          m_ws.l(qnan.o)
    0x0001f420   0x000000c8   Data   RO         1698    .constdata          m_ws.l(rred.o)
    0x0001f4e8   0x00000028   Data   RO         1702    .constdata          m_ws.l(sin_i.o)
    0x0001f510   0x00000081   Data   RO         1774    .constdata          mc_w.l(ctype_o.o)
    0x0001f591   0x00000003   PAD
    0x0001f594   0x00000004   Data   RO         1775    .constdata          mc_w.l(ctype_o.o)
    0x0001f598   0x00000019   Data   RO          196    .conststring        net_config.o
    0x0001f5b1   0x00000003   PAD
    0x0001f5b4   0x00000030   Data   RO         1811    Region$$Table       anon$$obj.o


    Execution Region RW_IRAM1 (Base: 0x10000000, Size: 0x00004a20, Max: 0x00008000, ABSOLUTE, COMPRESSED[0x00000184])

    Base Addr    Size         Type   Attr      Idx    E Section Name        Object

    0x10000000   0x00000010   Data   RW           48    .data               anemometro.o
    0x10000010   0x0000002a   Data   RW          197    .data               net_config.o
    0x1000003a   0x00000002   PAD
    0x1000003c   0x00000014   Data   RW          246    .data               emac_lpc17xx_lan8720.o
    0x10000050   0x000002d6   Data   RW          286    .data               statechart.o
    0x10000326   0x00000002   PAD
    0x10000328   0x0000004c   Data   RW          354    .data               touchpanel.o
    0x10000374   0x00000013   Data   RW          377    .data               main.o
    0x10000387   0x00000001   PAD
    0x10000388   0x00000004   Data   RW          449    .data               system_lpc17xx.o
    0x1000038c   0x0000000a   Data   RW          495    .data               timers.o
    0x10000396   0x00000002   PAD
    0x10000398   0x00000005   Data   RW          526    .data               onewirev2.o
    0x1000039d   0x00000003   PAD
    0x100003a0   0x0000000c   Data   RW          550    .data               ldr.o
    0x100003ac   0x0000000c   Data   RW          582    .data               ufono.o
    0x100003b8   0x00000024   Data   RW          663    .data               lut.o
    0x100003dc   0x00000001   Data   RW          903    .data               glcd.o
    0x100003dd   0x00000002   Data   RW          923    .data               uart0.o
    0x100003df   0x00000001   PAD
    0x100003e0   0x0000000d   Data   RW          953    .data               uart.o
    0x100003ed   0x00000003   PAD
    0x100003f0   0x00000010   Data   RW          977    .data               i2c.o
    0x10000400   0x00000008   Data   RW         1032    .data               TCP_CM3.lib(at_arp.o)
    0x10000408   0x0000000c   Data   RW         1057    .data               TCP_CM3.lib(at_ip.o)
    0x10000414   0x00000004   Data   RW         1108    .data               TCP_CM3.lib(at_tcp.o)
    0x10000418   0x0000000c   Data   RW         1203    .data               TCP_CM3.lib(at_http.o)
    0x10000424   0x00000004   Data   RW         1743    .data               mc_w.l(errno.o)
    0x10000428   0x00000017   Zero   RW          132    .bss                rtc.o
    0x1000043f   0x00000001   PAD
    0x10000440   0x0000002f   Zero   RW          285    .bss                statechart.o
    0x1000046f   0x00000001   PAD
    0x10000470   0x0000000c   Zero   RW          353    .bss                touchpanel.o
    0x1000047c   0x00000034   Zero   RW          376    .bss                main.o
    0x100004b0   0x00000320   Zero   RW          525    .bss                onewirev2.o
    0x100007d0   0x00003e80   Zero   RW          549    .bss                ldr.o
    0x10004650   0x00000030   Zero   RW          686    .bss                dma.o
    0x10004680   0x00000079   Zero   RW          921    .bss                uart0.o
    0x100046f9   0x0000001e   Zero   RW          952    .bss                uart.o
    0x10004717   0x00000001   PAD
    0x10004718   0x00000016   Zero   RW          976    .bss                i2c.o
    0x1000472e   0x00000002   PAD
    0x10004730   0x00000010   Zero   RW         1069    .bss                TCP_CM3.lib(at_icmp.o)
    0x10004740   0x00000084   Zero   RW         1245    .bss                TCP_CM3.lib(at_ethernet.o)
    0x100047c4   0x00000010   Zero   RW         1309    .bss                TCP_CM3.lib(at_mem.o)
    0x100047d4   0x0000004c   Zero   RW         1321    .bss                TCP_CM3.lib(at_system.o)
    0x10004820   0x00000200   Zero   RW          431    STACK               startup_lpc17xx.o


    Execution Region RW_IRAM2 (Base: 0x2007c000, Size: 0x00005e54, Max: 0x00008000, ABSOLUTE)

    Base Addr    Size         Type   Attr      Idx    E Section Name        Object

    0x2007c000   0x000033ec   Zero   RW          194    .bss                net_config.o
    0x2007f3ec   0x00000004   PAD
    0x2007f3f0   0x00002a64   Zero   RW          245    .bss                emac_lpc17xx_lan8720.o


==============================================================================

Image component sizes


      Code (inc. data)   RO Data    RW Data    ZI Data      Debug   Object Name

       388         48          0         16          0      20437   anemometro.o
        32          6       1520          0          0       1011   asciilib.o
       304         36          0          0          0        776   configura.o
       124         26          0          0          0        660   dac.o
       448         78          0          0         48       1550   dma.o
      1488        130          0         20      10852      43001   emac_lpc17xx_lan8720.o
     69888        342          0          1          0     186930   glcd.o
       812        140          0          0          0       4509   http_cgi.o
        16          0          0          0          0      13915   http_source.o
      1352         78          0         16         22       3858   i2c.o
       332          6          0          0          0       1428   i2clib.o
       488         72          0         12      16000       4119   ldr.o
       336         32          0          0          0       1791   lpc17xx_clkpwr.o
      1060         62          0          0          0       8303   lpc17xx_gpio.o
         4          0          0          0          0        823   lpc17xx_libcfg_default.o
       256          4          0          0          0       2193   lpc17xx_pinsel.o
      1720         62          0          0          0       6112   lpc17xx_ssp.o
       248         28          0         36          0       1384   lut.o
        16          0          0         19         52       1195   main.o
       116          8        169         42      13292       3205   net_config.o
       696         38          0          5        800       3015   onewirev2.o
       672         54          0          0          0       1061   pwm.o
       304         80          0          0         23      17576   rtc.o
        40         12        204          0        512        928   startup_lpc17xx.o
      7764       1286          0        726         47      20099   statechart.o
       792         78          0          4          0       1061   system_lpc17xx.o
      1144         84          0         10          0      18741   timers.o
      2116         68          0         76         12       5533   touchpanel.o
       512         36          0         13         30      18449   uart.o
      2212       1286        413          2        121       1903   uart0.o
       264         30          0         12          0       1150   ufono.o
        44          8          0          0          0        414   uva30a.o
        40          6          0          0          0      24595   wdt.o
         0          0       2244          0          0        525   web.o

    ----------------------------------------------------------------------
     96028       4224       4601       1024      41820     422250   Object Totals
         0          0         48          0          0          0   (incl. Generated)
         0          0          3         14          9          0   (incl. Padding)

    ----------------------------------------------------------------------

      Code (inc. data)   RO Data    RW Data    ZI Data      Debug   Library Member Name

      1824        138          6          8          0       1040   at_arp.o
       488         58          6          0        132        404   at_ethernet.o
      5514       1176        244         12          0       2268   at_http.o
        18          0          0          0          0        340   at_http_uif.o
       404         30          0          0         16        308   at_icmp.o
       834         56          8         12          0        520   at_ip.o
       486          6          0          0          0       1224   at_lib.o
       568         46          0          0         16        520   at_mem.o
       196         40          0          0         76        292   at_system.o
      3936        158          0          4          0       2008   at_tcp.o
       208         12          0          0          0        156   at_udp.o
         0          0        503          0          0          0   http_err.o
       252         22         48          0          0        124   cos_i.o
        16          6          0          0          0         68   dunder.o
        40          0          0          0          0         68   fpclassify.o
       170          0          0          0          0         96   poly.o
      2528        190        136          0          0        332   pow.o
         0          0          8          0          0          0   qnan.o
       904         72        200          0          0        140   rred.o
       176         10          0          0          0        116   sin.o
       236         12         40          0          0        128   sin_i.o
        76          0          0          0          0         84   sqrt.o
        56          8          0          0          0         84   __0sscanf.o
        92          0          0          0          0          0   __dczerorl2.o
        28          0          0          0          0         68   _chval.o
       812          6          0          0          0        112   _scanf.o
       336          0          0          0          0         96   _scanf_int.o
        64          0          0          0          0         84   _sgetc.o
       158          0          0          0          0         92   _strtoul.o
        26          0          0          0          0         80   atoi.o
         8          4        133          0          0         68   ctype_o.o
         0          0          0          0          0          0   entry.o
         0          0          0          0          0          0   entry10a.o
         0          0          0          0          0          0   entry11a.o
         8          4          0          0          0          0   entry2.o
         4          0          0          0          0          0   entry5.o
         0          0          0          0          0          0   entry7b.o
         0          0          0          0          0          0   entry8b.o
         8          4          0          0          0          0   entry9a.o
        20         10          0          4          0        136   errno.o
        30          0          0          0          0          0   handlers.o
        36          8          0          0          0         68   init.o
        18          0          0          0          0         76   isspace_o.o
         0          0          0          0          0          0   iusefp.o
        30          0          0          0          0         68   llshl.o
        36          0          0          0          0         68   llsshr.o
        32          0          0          0          0         68   llushr.o
        36          0          0          0          0         68   memcpya.o
        36          0          0          0          0        108   memseta.o
      2260         86          0          0          0        512   printfa.o
        40          8          0          0          0         84   scanf_char.o
       842         12          0          0          0        216   scanf_fp.o
        28          0          0          0          0         76   strcmp.o
        18          0          0          0          0         68   strcpy.o
        14          0          0          0          0         68   strlen.o
       112          0          0          0          0         88   strtol.o
        44          0          0          0          0         80   uidiv.o
        98          0          0          0          0         92   uldiv.o
        40          2          0          0          0         68   cdcmple.o
        40          2          0          0          0         68   cdrcmple.o
        20          0          0          0          0         68   cfcmple.o
        20          0          0          0          0         68   cfrcmple.o
        56          0          0          0          0         88   d2f.o
       334          0          0          0          0        148   dadd.o
       222          0          0          0          0        100   ddiv.o
       190          0          0          0          0        176   depilogue.o
        62          0          0          0          0         80   dfixi.o
        50          0          0          0          0         76   dfixui.o
        48          0          0          0          0         68   dfixul.o
        34          0          0          0          0         76   dflti.o
        26          0          0          0          0         76   dfltui.o
        24          0          0          0          0         76   dfltul.o
       228          0          0          0          0         96   dmul.o
        46          0          0          0          0         80   dscalb.o
       162          0          0          0          0        100   dsqrt.o
        38          0          0          0          0         68   f2d.o
       176          0          0          0          0        140   fadd.o
       128          0          0          0          0         88   fdiv.o
       108          0          0          0          0        168   fepilogue.o
        50          0          0          0          0         68   ffixi.o
        40          0          0          0          0         68   ffixui.o
        18          0          0          0          0         68   fflti.o
        10          0          0          0          0         68   ffltui.o
       108          0          0          0          0         76   fmul.o

    ----------------------------------------------------------------------
     26516       2186       1339         40        240      15188   Library Totals
        34          0          7          0          0          0   (incl. Padding)

    ----------------------------------------------------------------------

      Code (inc. data)   RO Data    RW Data    ZI Data      Debug   Library Name

     14476       1720        767         36        240       9080   TCP_CM3.lib
      4398        312        432          0          0       1156   m_ws.l
      5330        150        133          4          0       2628   mc_w.l
      2278          4          0          0          0       2324   mf_w.l

    ----------------------------------------------------------------------
     26516       2186       1339         40        240      15188   Library Totals

    ----------------------------------------------------------------------

==============================================================================


      Code (inc. data)   RO Data    RW Data    ZI Data      Debug   

    122544       6410       5940       1064      42060     425738   Grand Totals
    122544       6410       5940        388      42060     425738   ELF Image Totals (compressed)
    122544       6410       5940        388          0          0   ROM Totals

==============================================================================

    Total RO  Size (Code + RO Data)               128484 ( 125.47kB)
    Total RW  Size (RW Data + ZI Data)             43124 (  42.11kB)
    Total ROM Size (Code + RO Data + RW Data)     128872 ( 125.85kB)

==============================================================================

