ARM Linker, 5.03 [Build 76] [MDK-ARM Professional]

==============================================================================

Section Cross References

    startup_lpc17xx.o(RESET) refers to startup_lpc17xx.o(STACK) for __initial_sp
    startup_lpc17xx.o(RESET) refers to startup_lpc17xx.o(.text) for Reset_Handler
    startup_lpc17xx.o(RESET) refers to timers.o(.text) for SysTick_Handler
    startup_lpc17xx.o(RESET) refers to anemometro.o(.text) for TIMER1_IRQHandler
    startup_lpc17xx.o(RESET) refers to rtc.o(.text) for RTC_IRQHandler
    startup_lpc17xx.o(RESET) refers to emac_lpc17xx_lan8720.o(.text) for ENET_IRQHandler
    startup_lpc17xx.o(.text) refers to system_lpc17xx.o(.text) for SystemInit
    startup_lpc17xx.o(.text) refers to entry.o(.ARM.Collect$$$$00000000) for __main
    system_lpc17xx.o(.text) refers to uldiv.o(.text) for __aeabi_uldivmod
    system_lpc17xx.o(.text) refers to system_lpc17xx.o(.data) for SystemCoreClock
    configura.o(.text) refers to http_source.o(.text) for __configuraWEB__
    configura.o(.text) refers to timers.o(.text) for __configuraSysTick__
    configura.o(.text) refers to pwm.o(.text) for __configuraPWM__
    configura.o(.text) refers to statechart.o(.text) for __configuraLCD__
    configura.o(.text) refers to rtc.o(.text) for __configuraRTC__
    configura.o(.text) refers to wdt.o(.text) for __configuraWDT__
    configura.o(.text) refers to anemometro.o(.text) for __configuraAnemometro__
    configura.o(.text) refers to touchpanel.o(.text) for TouchPanel_Calibrate
    configura.o(.text) refers to main.o(.data) for ESTADO
    main.o(.text) refers to configura.o(.text) for __configuraPrograma__
    main.o(.text) refers to statechart.o(.text) for __mainLoop__
    main.o(.text) refers to http_source.o(.text) for __mantenerTCP__
    main.o(.data) refers to main.o(.bss) for objDATOS
    pwm.o(.text) refers to fdiv.o(.text) for __aeabi_fdiv
    pwm.o(.text) refers to ffixui.o(.text) for __aeabi_f2uiz
    pwm.o(.text) refers to ffltui.o(.text) for __aeabi_ui2f
    pwm.o(.text) refers to fmul.o(.text) for __aeabi_fmul
    pwm.o(.text) refers to fadd.o(.text) for __aeabi_fsub
    pwm.o(.text) refers to main.o(.data) for COUNTERS
    rtc.o(.text) refers to printfa.o(i.__0sprintf) for __2sprintf
    rtc.o(.text) refers to main.o(.data) for COUNTERS
    rtc.o(.text) refers to rtc.o(.bss) for Clock
    timers.o(.text) refers to fflti.o(.text) for __aeabi_i2f
    timers.o(.text) refers to fmul.o(.text) for __aeabi_fmul
    timers.o(.text) refers to fdiv.o(.text) for __aeabi_fdiv
    timers.o(.text) refers to cfcmple.o(.text) for __aeabi_cfcmpeq
    timers.o(.text) refers to at_system.o(i.timer_tick) for timer_tick
    timers.o(.text) refers to system_lpc17xx.o(.data) for SystemCoreClock
    timers.o(.text) refers to timers.o(.data) for TIM0_ticks
    timers.o(.text) refers to main.o(.data) for ACTUALIZADOR
    http_source.o(.text) refers to at_system.o(i.init_TcpNet) for init_TcpNet
    http_source.o(.text) refers to at_system.o(i.main_TcpNet) for main_TcpNet
    net_config.o(.text) refers to at_ethernet.o(i.eth_init_link) for eth_init_link
    net_config.o(.text) refers to at_ip.o(i.ip_init) for ip_init
    net_config.o(.text) refers to at_icmp.o(i.icmp_init) for icmp_init
    net_config.o(.text) refers to at_udp.o(i.udp_init) for udp_init
    net_config.o(.text) refers to at_tcp.o(i.tcp_init) for tcp_init
    net_config.o(.text) refers to at_http.o(i.http_init) for http_init
    net_config.o(.text) refers to at_arp.o(i.arp_notify) for arp_notify
    net_config.o(.text) refers to at_ethernet.o(i.eth_run_link) for eth_run_link
    net_config.o(.text) refers to at_ip.o(i.ip_run_local) for ip_run_local
    net_config.o(.text) refers to at_icmp.o(i.icmp_run_engine) for icmp_run_engine
    net_config.o(.text) refers to at_tcp.o(i.tcp_poll_sockets) for tcp_poll_sockets
    net_config.o(.text) refers to at_http.o(i.http_run_server) for http_run_server
    net_config.o(.constdata) refers to net_config.o(.bss) for mem_pool
    net_config.o(.constdata) refers to net_config.o(.data) for lhost_name
    net_config.o(.constdata) refers to net_config.o(.conststring) for .conststring
    http_cgi.o(.text) refers to f2d.o(.text) for __aeabi_f2d
    http_cgi.o(.text) refers to printfa.o(i.__0sprintf) for __2sprintf
    http_cgi.o(.text) refers to main.o(.data) for DATOS
    emac_lpc17xx_lan8720.o(.text) refers to net_config.o(.data) for own_hw_adr
    emac_lpc17xx_lan8720.o(.text) refers to emac_lpc17xx_lan8720.o(.bss) for tx_buf
    emac_lpc17xx_lan8720.o(.text) refers to emac_lpc17xx_lan8720.o(.data) for tout
    emac_lpc17xx_lan8720.o(.text) refers to at_mem.o(i.alloc_mem) for alloc_mem
    emac_lpc17xx_lan8720.o(.text) refers to at_ethernet.o(i.put_in_queue) for put_in_queue
    statechart.o(.text) refers to glcd.o(.text) for LCD_DrawLine
    statechart.o(.text) refers to strlen.o(.text) for strlen
    statechart.o(.text) refers to printfa.o(i.__0sprintf) for __2sprintf
[...]
    i.http_error_msg                         0x00016b68   Section        0  at_http.o(i.http_error_msg)
    http_error_msg                           0x00016b69   Thumb Code   162  at_http.o(i.http_error_msg)
    i.http_fclose                            0x00016cf0   Section        0  at_http_uif.o(i.http_fclose)
    i.http_fgets                             0x00016cf2   Section        0  at_http_uif.o(i.http_fgets)
    i.http_file_access                       0x00016cf6   Section        0  at_http.o(i.http_file_access)
    i.http_finfo                             0x00016cfa   Section        0  at_http_uif.o(i.http_finfo)
    i.http_fopen                             0x00016cfe   Section        0  at_http_uif.o(i.http_fopen)
    i.http_fread                             0x00016d02   Section        0  at_http_uif.o(i.http_fread)
    i.http_init                              0x00016d08   Section        0  at_http.o(i.http_init)
    i.http_kill_session                      0x00016d58   Section        0  at_http.o(i.http_kill_session)
    http_kill_session                        0x00016d59   Thumb Code    94  at_http.o(i.http_kill_session)
    i.http_listener                          0x00016db8   Section        0  at_http.o(i.http_listener)
    http_listener                            0x00016db9   Thumb Code   514  at_http.o(i.http_listener)
    i.http_open_file                         0x00016fdc   Section        0  at_http.o(i.http_open_file)
    http_open_file                           0x00016fdd   Thumb Code   254  at_http.o(i.http_open_file)
    i.http_proc_header                       0x000170fc   Section        0  at_http.o(i.http_proc_header)
    http_proc_header                         0x000170fd   Thumb Code   266  at_http.o(i.http_proc_header)
    i.http_proc_multipart                    0x00017250   Section        0  at_http.o(i.http_proc_multipart)
    http_proc_multipart                      0x00017251   Thumb Code   338  at_http.o(i.http_proc_multipart)
    i.http_proc_post                         0x000173cc   Section        0  at_http.o(i.http_proc_post)
    http_proc_post                           0x000173cd   Thumb Code   240  at_http.o(i.http_proc_post)
    i.http_run_server                        0x000174c4   Section        0  at_http.o(i.http_run_server)
    i.http_strcpy                            0x00017800   Section        0  at_http.o(i.http_strcpy)
    http_strcpy                              0x00017801   Thumb Code    30  at_http.o(i.http_strcpy)
    i.http_to_utc                            0x00017820   Section        0  at_http.o(i.http_to_utc)
    http_to_utc                              0x00017821   Thumb Code   162  at_http.o(i.http_to_utc)
    i.icmp_init                              0x000178c8   Section        0  at_icmp.o(i.icmp_init)
    i.icmp_process                           0x000178d8   Section        0  at_icmp.o(i.icmp_process)
    i.icmp_run_engine                        0x000179a4   Section        0  at_icmp.o(i.icmp_run_engine)
    i.icmp_send_message                      0x000179ec   Section        0  at_icmp.o(i.icmp_send_message)
    icmp_send_message                        0x000179ed   Thumb Code   108  at_icmp.o(i.icmp_send_message)
    i.ifree_mem                              0x00017a5c   Section        0  at_mem.o(i.ifree_mem)
    i.init_TcpNet                            0x00017a94   Section        0  at_system.o(i.init_TcpNet)
    i.init_mem                               0x00017ac4   Section        0  at_mem.o(i.init_mem)
    i.ip_chk_frame                           0x00017b24   Section        0  at_ip.o(i.ip_chk_frame)
    i.ip_get_chksum                          0x00017bec   Section        0  at_ip.o(i.ip_get_chksum)
    ip_get_chksum                            0x00017bed   Thumb Code    10  at_ip.o(i.ip_get_chksum)
    i.ip_get_locadr                          0x00017bf8   Section        0  at_ip.o(i.ip_get_locadr)
    i.ip_init                                0x00017cb0   Section        0  at_ip.o(i.ip_init)
    i.ip_run_local                           0x00017cbc   Section        0  at_ip.o(i.ip_run_local)
    i.ip_send_frame                          0x00017d18   Section        0  at_ip.o(i.ip_send_frame)
    i.is_subnet                              0x00017e68   Section        0  at_lib.o(i.is_subnet)
    i.main_TcpNet                            0x00017e7c   Section        0  at_system.o(i.main_TcpNet)
    i.mem_comp                               0x00017ee0   Section        0  at_lib.o(i.mem_comp)
    i.mem_copy                               0x00017ef8   Section        0  at_lib.o(i.mem_copy)
    i.mem_crc32                              0x00017f0e   Section        0  at_lib.o(i.mem_crc32)
    i.mem_set                                0x00017f2e   Section        0  at_lib.o(i.mem_set)
    i.mem_test                               0x00017f38   Section        0  at_lib.o(i.mem_test)
    i.nrd_u32be                              0x00017f4c   Section        0  at_lib.o(i.nrd_u32be)
    i.nwr_u32be                              0x00017f62   Section        0  at_lib.o(i.nwr_u32be)
    i.proc_req_line                          0x00017f74   Section        0  at_http.o(i.proc_req_line)
    proc_req_line                            0x00017f75   Thumb Code    36  at_http.o(i.proc_req_line)
    i.put_in_queue                           0x00017f9c   Section        0  at_ethernet.o(i.put_in_queue)
    i.read_script_line                       0x00017fc4   Section        0  at_http.o(i.read_script_line)
    read_script_line                         0x00017fc5   Thumb Code   160  at_http.o(i.read_script_line)
    i.resize_mem                             0x00018064   Section        0  at_mem.o(i.resize_mem)
    i.search_delim                           0x000180ac   Section        0  at_http.o(i.search_delim)
    search_delim                             0x000180ad   Thumb Code    76  at_http.o(i.search_delim)
    i.str_copy                               0x000180f8   Section        0  at_lib.o(i.str_copy)
    i.str_crc32                              0x0001810a   Section        0  at_lib.o(i.str_crc32)
    i.str_pos                                0x00018124   Section        0  at_lib.o(i.str_pos)
    i.str_scomp                              0x0001813a   Section        0  at_lib.o(i.str_scomp)
    i.tcp_abort                              0x00018154   Section        0  at_tcp.o(i.tcp_abort)
    i.tcp_close                              0x000181a4   Section        0  at_tcp.o(i.tcp_close)
    i.tcp_get_buf                            0x00018240   Section        0  at_tcp.o(i.tcp_get_buf)
    i.tcp_get_socket                         0x00018260   Section        0  at_tcp.o(i.tcp_get_socket)
    i.tcp_get_state                          0x000182ac   Section        0  at_tcp.o(i.tcp_get_state)
    i.tcp_init                               0x000182d0   Section        0  at_tcp.o(i.tcp_init)
    i.tcp_listen                             0x000182e8   Section        0  at_tcp.o(i.tcp_listen)
    i.tcp_map_socket                         0x00018354   Section        0  at_tcp.o(i.tcp_map_socket)
    tcp_map_socket                           0x00018355   Thumb Code   146  at_tcp.o(i.tcp_map_socket)
    i.tcp_max_dsize                          0x000183ec   Section        0  at_tcp.o(i.tcp_max_dsize)
    i.tcp_parse_opt                          0x00018410   Section        0  at_tcp.o(i.tcp_parse_opt)
    tcp_parse_opt                            0x00018411   Thumb Code    94  at_tcp.o(i.tcp_parse_opt)
    i.tcp_poll_sockets                       0x00018470   Section        0  at_tcp.o(i.tcp_poll_sockets)
    i.tcp_proc_acknr                         0x000186f4   Section        0  at_tcp.o(i.tcp_proc_acknr)
    tcp_proc_acknr                           0x000186f5   Thumb Code   194  at_tcp.o(i.tcp_proc_acknr)
    i.tcp_proc_dupack                        0x000187bc   Section        0  at_tcp.o(i.tcp_proc_dupack)
    tcp_proc_dupack                          0x000187bd   Thumb Code    82  at_tcp.o(i.tcp_proc_dupack)
    i.tcp_process                            0x00018810   Section        0  at_tcp.o(i.tcp_process)
    i.tcp_que_free                           0x00018ca8   Section        0  at_tcp.o(i.tcp_que_free)
    tcp_que_free                             0x00018ca9   Thumb Code    26  at_tcp.o(i.tcp_que_free)
    i.tcp_que_init                           0x00018cc2   Section        0  at_tcp.o(i.tcp_que_init)
    tcp_que_init                             0x00018cc3   Thumb Code    26  at_tcp.o(i.tcp_que_init)
    i.tcp_que_resend                         0x00018cdc   Section        0  at_tcp.o(i.tcp_que_resend)
    tcp_que_resend                           0x00018cdd   Thumb Code   142  at_tcp.o(i.tcp_que_resend)
    i.tcp_send                               0x00018d70   Section        0  at_tcp.o(i.tcp_send)
    i.tcp_send_ctrl                          0x00018e44   Section        0  at_tcp.o(i.tcp_send_ctrl)
    tcp_send_ctrl                            0x00018e45   Thumb Code   106  at_tcp.o(i.tcp_send_ctrl)
    i.tcp_send_data                          0x00018eae   Section        0  at_tcp.o(i.tcp_send_data)
    tcp_send_data                            0x00018eaf   Thumb Code    80  at_tcp.o(i.tcp_send_data)
    i.tcp_send_reset                         0x00018efe   Section        0  at_tcp.o(i.tcp_send_reset)
    tcp_send_reset                           0x00018eff   Thumb Code   104  at_tcp.o(i.tcp_send_reset)
    i.tcp_set_cwnd                           0x00018f66   Section        0  at_tcp.o(i.tcp_set_cwnd)
    tcp_set_cwnd                             0x00018f67   Thumb Code    38  at_tcp.o(i.tcp_set_cwnd)
    i.tcp_transit                            0x00018f8c   Section        0  at_tcp.o(i.tcp_transit)
    tcp_transit                              0x00018f8d   Thumb Code   100  at_tcp.o(i.tcp_transit)
    i.tcp_write                              0x00018ff4   Section        0  at_tcp.o(i.tcp_write)
    tcp_write                                0x00018ff5   Thumb Code   190  at_tcp.o(i.tcp_write)
    i.timer_tick                             0x000190b8   Section        0  at_system.o(i.timer_tick)
    i.udp_init                               0x000190cc   Section        0  at_udp.o(i.udp_init)
    i.udp_process                            0x000190e4   Section        0  at_udp.o(i.udp_process)
    i.utc_to_http                            0x0001919c   Section        0  at_http.o(i.utc_to_http)
    utc_to_http                              0x0001919d   Thumb Code   180  at_http.o(i.utc_to_http)
    .constdata                               0x0001927c   Section      144  net_config.o(.constdata)
    .constdata                               0x0001930c   Section     1796  web.o(.constdata)
    Web                                      0x00019310   Data        1773  web.o(.constdata)
    .constdata                               0x00019a10   Section     1520  asciilib.o(.constdata)
    AsciiLib                                 0x00019a10   Data        1520  asciilib.o(.constdata)
    .constdata                               0x0001a000   Section        6  at_arp.o(.constdata)
    NullAdr                                  0x0001a000   Data           6  at_arp.o(.constdata)
    .constdata                               0x0001a006   Section        8  at_ip.o(.constdata)
    IP_Localhost                             0x0001a00a   Data           4  at_ip.o(.constdata)
    .constdata                               0x0001a00e   Section      244  at_http.o(.constdata)
    DYear                                    0x0001a00e   Data           6  at_http.o(.constdata)
    Month                                    0x0001a014   Data          48  at_http.o(.constdata)
    WkDay                                    0x0001a044   Data          28  at_http.o(.constdata)
    DMonth                                   0x0001a060   Data          24  at_http.o(.constdata)
    ftype                                    0x0001a078   Data         138  at_http.o(.constdata)
    .constdata                               0x0001a102   Section        6  at_ethernet.o(.constdata)
    .constdata                               0x0001a108   Section       86  http_err.o(.constdata)
    .constdata                               0x0001a15e   Section       81  http_err.o(.constdata)
    .constdata                               0x0001a1af   Section       78  http_err.o(.constdata)
    .constdata                               0x0001a1fd   Section       75  http_err.o(.constdata)
    .constdata                               0x0001a248   Section       47  http_err.o(.constdata)
    .constdata                               0x0001a277   Section      136  http_err.o(.constdata)
    .constdata                               0x0001a2ff   Section      129  ctype_o.o(.constdata)
    .constdata                               0x0001a380   Section        4  ctype_o.o(.constdata)
    table                                    0x0001a380   Data           4  ctype_o.o(.constdata)
    .conststring                             0x0001a384   Section       25  net_config.o(.conststring)
    .bss                                     0x10000000   Section    13292  net_config.o(.bss)
    mem_pool                                 0x10000000   Data       12000  net_config.o(.bss)
    arp_table                                0x10002ee0   Data         140  net_config.o(.bss)
    udp_scb                                  0x10002f6c   Data          24  net_config.o(.bss)
    tcp_scb                                  0x10002f84   Data         816  net_config.o(.bss)
    http_scb                                 0x100032b4   Data         312  net_config.o(.bss)
    .data                                    0x2007c000   Section        4  system_lpc17xx.o(.data)
    .data                                    0x2007c004   Section       18  main.o(.data)
    .data                                    0x2007c016   Section        1  timers.o(.data)
    .data                                    0x2007c017   Section       42  net_config.o(.data)
    http_passw                               0x2007c02d   Data          20  net_config.o(.data)
    .data                                    0x2007c044   Section       20  emac_lpc17xx_lan8720.o(.data)
    regv                                     0x2007c048   Data           4  emac_lpc17xx_lan8720.o(.data)
    tout                                     0x2007c04c   Data           4  emac_lpc17xx_lan8720.o(.data)
    id1                                      0x2007c050   Data           4  emac_lpc17xx_lan8720.o(.data)
    id2                                      0x2007c054   Data           4  emac_lpc17xx_lan8720.o(.data)
    .data                                    0x2007c058   Section      444  statechart.o(.data)
    .data                                    0x2007c218   Section       76  touchpanel.o(.data)
    screen                                   0x2007c25c   Data           4  touchpanel.o(.data)
    .data                                    0x2007c264   Section       16  anemometro.o(.data)
    .data                                    0x2007c274   Section        1  glcd.o(.data)
    LCD_Code                                 0x2007c274   Data           1  glcd.o(.data)
    .data                                    0x2007c275   Section       14  lut.o(.data)
    .data                                    0x2007c284   Section        8  at_arp.o(.data)
    entry                                    0x2007c284   Data           1  at_arp.o(.data)
    probe_ip                                 0x2007c288   Data           4  at_arp.o(.data)
    .data                                    0x2007c28c   Section       12  at_ip.o(.data)
    ip_id                                    0x2007c28c   Data           2  at_ip.o(.data)
    ip_control                               0x2007c290   Data           8  at_ip.o(.data)
    .data                                    0x2007c298   Section        4  at_tcp.o(.data)
    socket                                   0x2007c298   Data           1  at_tcp.o(.data)
    no_ack                                   0x2007c299   Data           1  at_tcp.o(.data)
    port                                     0x2007c29a   Data           2  at_tcp.o(.data)
    .data                                    0x2007c29c   Section       12  at_http.o(.data)
    session                                  0x2007c29c   Data           1  at_http.o(.data)
    cgi                                      0x2007c2a0   Data           8  at_http.o(.data)
    .data                                    0x2007c2a8   Section        4  errno.o(.data)
    _errno                                   0x2007c2a8   Data           4  errno.o(.data)
    .bss                                     0x2007c2ac   Section       48  main.o(.bss)
    .bss                                     0x2007c2dc   Section       23  rtc.o(.bss)
    .bss                                     0x2007c2f8   Section    10852  emac_lpc17xx_lan8720.o(.bss)
    Rx_Desc                                  0x2007c2f8   Data          32  emac_lpc17xx_lan8720.o(.bss)
    Rx_Stat                                  0x2007c318   Data          32  emac_lpc17xx_lan8720.o(.bss)
    Tx_Desc                                  0x2007c338   Data          24  emac_lpc17xx_lan8720.o(.bss)
    Tx_Stat                                  0x2007c350   Data          12  emac_lpc17xx_lan8720.o(.bss)
    rx_buf                                   0x2007c35c   Data        6144  emac_lpc17xx_lan8720.o(.bss)
    tx_buf                                   0x2007db5c   Data        4608  emac_lpc17xx_lan8720.o(.bss)
    .bss                                     0x2007ed5c   Section       12  touchpanel.o(.bss)
    .bss                                     0x2007ed68   Section       16  at_icmp.o(.bss)
    icmp_control                             0x2007ed68   Data          16  at_icmp.o(.bss)
    .bss                                     0x2007ed78   Section      132  at_ethernet.o(.bss)
    eth_control                              0x2007ed78   Data         132  at_ethernet.o(.bss)
    .bss                                     0x2007edfc   Section       16  at_mem.o(.bss)
    mem_control                              0x2007edfc   Data          16  at_mem.o(.bss)
    .bss                                     0x2007ee0c   Section       76  at_system.o(.bss)
    STACK                                    0x2007ee58   Section      512  startup_lpc17xx.o(STACK)

    Global Symbols

    Symbol Name                              Value     Ov Type        Size  Object(Section)

    BuildAttributes$$THM_ISAv4$P$D$K$B$S$PE$A:L22UL41UL21$X:L11$S22US41US21$IEEE1$IW$USESV6$~STKCKD$USESV7$~SHL$OTIME$ROPI$EBA8$MICROLIB$REQ8$PRES8$EABIv2 0x00000000   Number         0  anon$$obj.o ABSOLUTE
    __ARM_use_no_argv                        0x00000000   Number         0  main.o ABSOLUTE
    __Vectors                                0x00000000   Data           4  startup_lpc17xx.o(RESET)
    _printf_a                                0x00000000   Number         0  stubs.o ABSOLUTE
    _printf_c                                0x00000000   Number         0  stubs.o ABSOLUTE
    _printf_charcount                        0x00000000   Number         0  stubs.o ABSOLUTE
    _printf_d                                0x00000000   Number         0  stubs.o ABSOLUTE
    _printf_e                                0x00000000   Number         0  stubs.o ABSOLUTE
    _printf_f                                0x00000000   Number         0  stubs.o ABSOLUTE
    _printf_flags                            0x00000000   Number         0  stubs.o ABSOLUTE
    _printf_fp_dec                           0x00000000   Number         0  stubs.o ABSOLUTE
    _printf_fp_hex                           0x00000000   Number         0  stubs.o ABSOLUTE
    _printf_g                                0x00000000   Number         0  stubs.o ABSOLUTE
    _printf_i                                0x00000000   Number         0  stubs.o ABSOLUTE
    _printf_int_dec                          0x00000000   Number         0  stubs.o ABSOLUTE
    _printf_l                                0x00000000   Number         0  stubs.o ABSOLUTE
    _printf_lc                               0x00000000   Number         0  stubs.o ABSOLUTE
    _printf_ll                               0x00000000   Number         0  stubs.o ABSOLUTE
    _printf_lld                              0x00000000   Number         0  stubs.o ABSOLUTE
    _printf_lli                              0x00000000   Number         0  stubs.o ABSOLUTE
    _printf_llo                              0x00000000   Number         0  stubs.o ABSOLUTE
    _printf_llu                              0x00000000   Number         0  stubs.o ABSOLUTE
    _printf_llx                              0x00000000   Number         0  stubs.o ABSOLUTE
    _printf_longlong_dec                     0x00000000   Number         0  stubs.o ABSOLUTE
    _printf_longlong_hex                     0x00000000   Number         0  stubs.o ABSOLUTE
    _printf_longlong_oct                     0x00000000   Number         0  stubs.o ABSOLUTE
    _printf_ls                               0x00000000   Number         0  stubs.o ABSOLUTE
    _printf_mbtowc                           0x00000000   Number         0  stubs.o ABSOLUTE
    _printf_n                                0x00000000   Number         0  stubs.o ABSOLUTE
    _printf_o                                0x00000000   Number         0  stubs.o ABSOLUTE
    _printf_p                                0x00000000   Number         0  stubs.o ABSOLUTE
    _printf_percent                          0x00000000   Number         0  stubs.o ABSOLUTE
    _printf_pre_padding                      0x00000000   Number         0  stubs.o ABSOLUTE
    _printf_return_value                     0x00000000   Number         0  stubs.o ABSOLUTE
    _printf_s                                0x00000000   Number         0  stubs.o ABSOLUTE
    _printf_sizespec                         0x00000000   Number         0  stubs.o ABSOLUTE
    _printf_str                              0x00000000   Number         0  stubs.o ABSOLUTE
    _printf_truncate_signed                  0x00000000   Number         0  stubs.o ABSOLUTE
    _printf_truncate_unsigned                0x00000000   Number         0  stubs.o ABSOLUTE
    _printf_u                                0x00000000   Number         0  stubs.o ABSOLUTE
    _printf_wc                               0x00000000   Number         0  stubs.o ABSOLUTE
    _printf_wctomb                           0x00000000   Number         0  stubs.o ABSOLUTE
    _printf_widthprec                        0x00000000   Number         0  stubs.o ABSOLUTE
    _printf_x                                0x00000000   Number         0  stubs.o ABSOLUTE
    __cpp_initialize__aeabi_                  - Undefined Weak Reference
    __cxa_finalize                            - Undefined Weak Reference
    _clock_init                               - Undefined Weak Reference
    _microlib_exit                            - Undefined Weak Reference
    poll_ethernet                             - Undefined Weak Reference
    __main                                   0x000000cd   Thumb Code     0  entry.o(.ARM.Collect$$$$00000000)
    _main_stk                                0x000000cd   Thumb Code     0  entry2.o(.ARM.Collect$$$$00000001)
    _main_scatterload                        0x000000d1   Thumb Code     0  entry5.o(.ARM.Collect$$$$00000004)
    __main_after_scatterload                 0x000000d5   Thumb Code     0  entry5.o(.ARM.Collect$$$$00000004)
    _main_clock                              0x000000d5   Thumb Code     0  entry7b.o(.ARM.Collect$$$$00000008)
    _main_cpp_init                           0x000000d5   Thumb Code     0  entry8b.o(.ARM.Collect$$$$0000000A)
    _main_init                               0x000000d5   Thumb Code     0  entry9a.o(.ARM.Collect$$$$0000000B)
    __rt_final_cpp                           0x000000dd   Thumb Code     0  entry10a.o(.ARM.Collect$$$$0000000D)
    __rt_final_exit                          0x000000dd   Thumb Code     0  entry11a.o(.ARM.Collect$$$$0000000F)
    Reset_Handler                            0x000000e1   Thumb Code     8  startup_lpc17xx.o(.text)
    NMI_Handler                              0x000000e9   Thumb Code     2  startup_lpc17xx.o(.text)
    HardFault_Handler                        0x000000eb   Thumb Code     2  startup_lpc17xx.o(.text)
    MemManage_Handler                        0x000000ed   Thumb Code     2  startup_lpc17xx.o(.text)
    BusFault_Handler                         0x000000ef   Thumb Code     2  startup_lpc17xx.o(.text)
    UsageFault_Handler                       0x000000f1   Thumb Code     2  startup_lpc17xx.o(.text)
    SVC_Handler                              0x000000f3   Thumb Code     2  startup_lpc17xx.o(.text)
    DebugMon_Handler                         0x000000f5   Thumb Code     2  startup_lpc17xx.o(.text)
    PendSV_Handler                           0x000000f7   Thumb Code     2  startup_lpc17xx.o(.text)
    ADC_IRQHandler                           0x000000fb   Thumb Code     0  startup_lpc17xx.o(.text)
    BOD_IRQHandler                           0x000000fb   Thumb Code     0  startup_lpc17xx.o(.text)
    CANActivity_IRQHandler                   0x000000fb   Thumb Code     0  startup_lpc17xx.o(.text)
    CAN_IRQHandler                           0x000000fb   Thumb Code     0  startup_lpc17xx.o(.text)
    DMA_IRQHandler                           0x000000fb   Thumb Code     0  startup_lpc17xx.o(.text)
    EINT0_IRQHandler                         0x000000fb   Thumb Code     0  startup_lpc17xx.o(.text)
    EINT1_IRQHandler                         0x000000fb   Thumb Code     0  startup_lpc17xx.o(.text)
    EINT2_IRQHandler                         0x000000fb   Thumb Code     0  startup_lpc17xx.o(.text)
    EINT3_IRQHandler                         0x000000fb   Thumb Code     0  startup_lpc17xx.o(.text)
    I2C0_IRQHandler                          0x000000fb   Thumb Code     0  startup_lpc17xx.o(.text)
    I2C1_IRQHandler                          0x000000fb   Thumb Code     0  startup_lpc17xx.o(.text)
    I2C2_IRQHandler                          0x000000fb   Thumb Code     0  startup_lpc17xx.o(.text)
    I2S_IRQHandler                           0x000000fb   Thumb Code     0  startup_lpc17xx.o(.text)
    MCPWM_IRQHandler                         0x000000fb   Thumb Code     0  startup_lpc17xx.o(.text)
    PLL0_IRQHandler                          0x000000fb   Thumb Code     0  startup_lpc17xx.o(.text)
    PLL1_IRQHandler                          0x000000fb   Thumb Code     0  startup_lpc17xx.o(.text)
    PWM1_IRQHandler                          0x000000fb   Thumb Code     0  startup_lpc17xx.o(.text)
    QEI_IRQHandler                           0x000000fb   Thumb Code     0  startup_lpc17xx.o(.text)
    RIT_IRQHandler                           0x000000fb   Thumb Code     0  startup_lpc17xx.o(.text)
    SPI_IRQHandler                           0x000000fb   Thumb Code     0  startup_lpc17xx.o(.text)
    SSP0_IRQHandler                          0x000000fb   Thumb Code     0  startup_lpc17xx.o(.text)
    SSP1_IRQHandler                          0x000000fb   Thumb Code     0  startup_lpc17xx.o(.text)
    TIMER2_IRQHandler                        0x000000fb   Thumb Code     0  startup_lpc17xx.o(.text)
    TIMER3_IRQHandler                        0x000000fb   Thumb Code     0  startup_lpc17xx.o(.text)
    UART0_IRQHandler                         0x000000fb   Thumb Code     0  startup_lpc17xx.o(.text)
    UART1_IRQHandler                         0x000000fb   Thumb Code     0  startup_lpc17xx.o(.text)
    UART2_IRQHandler                         0x000000fb   Thumb Code     0  startup_lpc17xx.o(.text)
    UART3_IRQHandler                         0x000000fb   Thumb Code     0  startup_lpc17xx.o(.text)
    USBActivity_IRQHandler                   0x000000fb   Thumb Code     0  startup_lpc17xx.o(.text)
    USB_IRQHandler                           0x000000fb   Thumb Code     0  startup_lpc17xx.o(.text)
    WDT_IRQHandler                           0x000000fb   Thumb Code     0  startup_lpc17xx.o(.text)
    __configuraPrograma__                    0x00000105   Thumb Code   162  configura.o(.text)
    main                                     0x000001d5   Thumb Code    16  main.o(.text)
    alimentaWDT                              0x000001e5   Thumb Code    12  wdt.o(.text)
    __configuraWDT__                         0x000001f1   Thumb Code    24  wdt.o(.text)
    __configuraWEB__                         0x0000020d   Thumb Code     8  http_source.o(.text)
    __mantenerTCP__                          0x00000215   Thumb Code     8  http_source.o(.text)
    sys_error                                0x0000021d   Thumb Code    36  net_config.o(.text)
    init_system                              0x00000241   Thumb Code    34  net_config.o(.text)
    run_system                               0x00000263   Thumb Code    26  net_config.o(.text)
    igmp_is_member                           0x0000027d   Thumb Code     4  net_config.o(.text)
    igmp_process                             0x00000281   Thumb Code     2  net_config.o(.text)
    dhcp_disable                             0x00000283   Thumb Code     2  net_config.o(.text)
    ppp_send_frame                           0x00000285   Thumb Code     4  net_config.o(.text)
    slip_send_frame                          0x00000289   Thumb Code     4  net_config.o(.text)
    sntp_get_time                            0x0000028d   Thumb Code     4  net_config.o(.text)
    configLEDs                               0x00000291   Thumb Code    80  leds.o(.text)
    check_failed                             0x000002e1   Thumb Code     4  lpc17xx_libcfg_default.o(.text)
    strlen                                   0x000002e5   Thumb Code    14  strlen.o(.text)
    __aeabi_ui2f                             0x000002f3   Thumb Code    10  ffltui.o(.text)
    SystemCoreClockUpdate                    0x00000301   Thumb Code   424  system_lpc17xx.o(.text)
    __RL_TCP_VER                             0x00000472   Number         0  at_system.o ABSOLUTE
    SystemInit                               0x000004a9   Thumb Code   290  system_lpc17xx.o(.text)
    __configuraPWM__                         0x00000619   Thumb Code   384  pwm.o(.text)
    modificaPulso                            0x00000799   Thumb Code   186  pwm.o(.text)
    __configuraRTC__                         0x00000879   Thumb Code   164  rtc.o(.text)
    RTC_IRQHandler                           0x0000091d   Thumb Code    72  rtc.o(.text)
    __configuraSysTick__                     0x000009d5   Thumb Code    80  timers.o(.text)
    __configuraTimer0__                      0x00000a25   Thumb Code    82  timers.o(.text)
    TIMER0_IRQHandler                        0x00000a77   Thumb Code   216  timers.o(.text)
    SysTick_Handler                          0x00000b4f   Thumb Code     8  timers.o(.text)
    cgi_process_var                          0x00000b81   Thumb Code     2  http_cgi.o(.text)
    cgi_process_data                         0x00000b83   Thumb Code     2  http_cgi.o(.text)
    cgi_func                                 0x00000b85   Thumb Code   482  http_cgi.o(.text)
    int_enable_eth                           0x00000db1   Thumb Code    24  emac_lpc17xx_lan8720.o(.text)
    int_disable_eth                          0x00000dc9   Thumb Code    18  emac_lpc17xx_lan8720.o(.text)
    setMac                                   0x00000ddb   Thumb Code   182  emac_lpc17xx_lan8720.o(.text)
    init_ethernet                            0x00000fa1   Thumb Code   724  emac_lpc17xx_lan8720.o(.text)
    send_frame                               0x00001275   Thumb Code    70  emac_lpc17xx_lan8720.o(.text)
    ENET_IRQHandler                          0x000012bb   Thumb Code   156  emac_lpc17xx_lan8720.o(.text)
    zoneNewPressed                           0x00001381   Thumb Code    80  statechart.o(.text)
    squareButton                             0x000013d1   Thumb Code   226  statechart.o(.text)
    __pintaAjustes__                         0x000014b3   Thumb Code   284  statechart.o(.text)
    __pintaMedidas2__                        0x000015cf   Thumb Code   252  statechart.o(.text)
    __pintaMedidas1__                        0x000016cb   Thumb Code   708  statechart.o(.text)
    __pintaInicio__                          0x0000198f   Thumb Code   264  statechart.o(.text)
    checkTouchPanel                          0x00001a97   Thumb Code    36  statechart.o(.text)
    __mainLoop__                             0x00001abb   Thumb Code   966  statechart.o(.text)
    __configuraLCD__                         0x00001e81   Thumb Code    16  statechart.o(.text)
    TP_Init                                  0x00001eb9   Thumb Code   176  touchpanel.o(.text)
    Read_X                                   0x00001fe9   Thumb Code    42  touchpanel.o(.text)
    Read_Y                                   0x00002013   Thumb Code    42  touchpanel.o(.text)
    TP_GetAdXY                               0x0000203d   Thumb Code    34  touchpanel.o(.text)
    TP_DrawPoint                             0x0000205f   Thumb Code    64  touchpanel.o(.text)
    DrawCross                                0x0000209f   Thumb Code   356  touchpanel.o(.text)
    Read_Ads7846                             0x00002203   Thumb Code   520  touchpanel.o(.text)
    setCalibrationMatrix                     0x0000240b   Thumb Code   356  touchpanel.o(.text)
    getDisplayPoint                          0x0000256f   Thumb Code   238  touchpanel.o(.text)
    TouchPanel_Calibrate                     0x0000265d   Thumb Code   108  touchpanel.o(.text)
    __configuraAnemometro__                  0x000026fd   Thumb Code   140  anemometro.o(.text)
    TIMER1_IRQHandler                        0x00002789   Thumb Code   188  anemometro.o(.text)
    GetASCIICode                             0x00002875   Thumb Code    26  asciilib.o(.text)
    LCD_Initializtion                        0x000028df   Thumb Code 63088  glcd.o(.text)
    LCD_Clear                                0x00011f4f   Thumb Code  2744  glcd.o(.text)
    LCD_GetPoint                             0x00012a21   Thumb Code  2218  glcd.o(.text)
    LCD_SetPoint                             0x000132cb   Thumb Code  1304  glcd.o(.text)
    LCD_DrawLine                             0x000137e3   Thumb Code   250  glcd.o(.text)
    PutChar                                  0x000138dd   Thumb Code   100  glcd.o(.text)
    GUI_Text                                 0x00013941   Thumb Code    80  glcd.o(.text)
    SSP_Init                                 0x00013a17   Thumb Code   100  lpc17xx_ssp.o(.text)
    SSP_DeInit                               0x00013a7b   Thumb Code    60  lpc17xx_ssp.o(.text)
    SSP_GetDataSize                          0x00013ab7   Thumb Code    34  lpc17xx_ssp.o(.text)
    SSP_ConfigStructInit                     0x00013ad9   Thumb Code    22  lpc17xx_ssp.o(.text)
    SSP_Cmd                                  0x00013aef   Thumb Code    68  lpc17xx_ssp.o(.text)
    SSP_LoopBackCmd                          0x00013b33   Thumb Code    68  lpc17xx_ssp.o(.text)
    SSP_SlaveOutputCmd                       0x00013b77   Thumb Code    72  lpc17xx_ssp.o(.text)
    SSP_SendData                             0x00013bbf   Thumb Code    36  lpc17xx_ssp.o(.text)
    SSP_ReceiveData                          0x00013be3   Thumb Code    34  lpc17xx_ssp.o(.text)
    SSP_ReadWrite                            0x00013c05   Thumb Code   604  lpc17xx_ssp.o(.text)
    SSP_GetStatus                            0x00013e61   Thumb Code    80  lpc17xx_ssp.o(.text)
    SSP_IntConfig                            0x00013eb1   Thumb Code    58  lpc17xx_ssp.o(.text)
    SSP_GetRawIntStatus                      0x00013eeb   Thumb Code    76  lpc17xx_ssp.o(.text)
    SSP_GetRawIntStatusReg                   0x00013f37   Thumb Code    34  lpc17xx_ssp.o(.text)
    SSP_GetIntStatus                         0x00013f59   Thumb Code    76  lpc17xx_ssp.o(.text)
    SSP_ClearIntPending                      0x00013fa5   Thumb Code    58  lpc17xx_ssp.o(.text)
    SSP_DMACmd                               0x00013fdf   Thumb Code   100  lpc17xx_ssp.o(.text)
    PINSEL_ConfigTraceFunc                   0x000140f3   Thumb Code    34  lpc17xx_pinsel.o(.text)
    PINSEL_SetI2C0Pins                       0x00014115   Thumb Code    16  lpc17xx_pinsel.o(.text)
    PINSEL_ConfigPin                         0x00014125   Thumb Code    36  lpc17xx_pinsel.o(.text)
    GPIO_SetDir                              0x000141e9   Thumb Code    40  lpc17xx_gpio.o(.text)
    GPIO_SetValue                            0x00014211   Thumb Code    20  lpc17xx_gpio.o(.text)
    GPIO_ClearValue                          0x00014225   Thumb Code    20  lpc17xx_gpio.o(.text)
    GPIO_ReadValue                           0x00014239   Thumb Code    22  lpc17xx_gpio.o(.text)
    GPIO_IntCmd                              0x0001424f   Thumb Code    54  lpc17xx_gpio.o(.text)
    GPIO_GetIntStatus                        0x00014285   Thumb Code    86  lpc17xx_gpio.o(.text)
    GPIO_ClearInt                            0x000142db   Thumb Code    24  lpc17xx_gpio.o(.text)
    FIO_SetDir                               0x000142f3   Thumb Code    20  lpc17xx_gpio.o(.text)
    FIO_SetValue                             0x00014307   Thumb Code    16  lpc17xx_gpio.o(.text)
    FIO_ClearValue                           0x00014317   Thumb Code    16  lpc17xx_gpio.o(.text)
    FIO_ReadValue                            0x00014327   Thumb Code    12  lpc17xx_gpio.o(.text)
    FIO_IntCmd                               0x00014333   Thumb Code    20  lpc17xx_gpio.o(.text)
    FIO_GetIntStatus                         0x00014347   Thumb Code    20  lpc17xx_gpio.o(.text)
    FIO_ClearInt                             0x0001435b   Thumb Code    16  lpc17xx_gpio.o(.text)
    FIO_SetMask                              0x0001436b   Thumb Code    40  lpc17xx_gpio.o(.text)
    FIO_HalfWordSetDir                       0x00014393   Thumb Code    62  lpc17xx_gpio.o(.text)
    FIO_HalfWordSetMask                      0x000143d1   Thumb Code    62  lpc17xx_gpio.o(.text)
    FIO_HalfWordSetValue                     0x0001440f   Thumb Code    32  lpc17xx_gpio.o(.text)
    FIO_HalfWordClearValue                   0x0001442f   Thumb Code    32  lpc17xx_gpio.o(.text)
    FIO_HalfWordReadValue                    0x0001444f   Thumb Code    30  lpc17xx_gpio.o(.text)
    FIO_ByteSetDir                           0x0001446d   Thumb Code    50  lpc17xx_gpio.o(.text)
    FIO_ByteSetMask                          0x0001449f   Thumb Code    66  lpc17xx_gpio.o(.text)
    FIO_ByteSetValue                         0x000144e1   Thumb Code    34  lpc17xx_gpio.o(.text)
    FIO_ByteClearValue                       0x00014503   Thumb Code    34  lpc17xx_gpio.o(.text)
    FIO_ByteReadValue                        0x00014525   Thumb Code    76  lpc17xx_gpio.o(.text)
    CLKPWR_SetPCLKDiv                        0x00014571   Thumb Code   106  lpc17xx_clkpwr.o(.text)
    CLKPWR_GetPCLKSEL                        0x000145db   Thumb Code    32  lpc17xx_clkpwr.o(.text)
    CLKPWR_GetPCLK                           0x000145fb   Thumb Code    58  lpc17xx_clkpwr.o(.text)
    CLKPWR_ConfigPPWR                        0x00014635   Thumb Code    50  lpc17xx_clkpwr.o(.text)
    CLKPWR_Sleep                             0x00014667   Thumb Code    10  lpc17xx_clkpwr.o(.text)
    CLKPWR_DeepSleep                         0x00014671   Thumb Code    16  lpc17xx_clkpwr.o(.text)
    CLKPWR_PowerDown                         0x00014681   Thumb Code    16  lpc17xx_clkpwr.o(.text)
    CLKPWR_DeepPowerDown                     0x00014691   Thumb Code    16  lpc17xx_clkpwr.o(.text)
    goto_LUT                                 0x000146c1   Thumb Code    62  lut.o(.text)
    __aeabi_uldivmod                         0x00014705   Thumb Code    98  uldiv.o(.text)
    __aeabi_memcpy                           0x00014767   Thumb Code    36  memcpya.o(.text)
    __aeabi_memcpy4                          0x00014767   Thumb Code     0  memcpya.o(.text)
    __aeabi_memcpy8                          0x00014767   Thumb Code     0  memcpya.o(.text)
    __aeabi_memset                           0x0001478b   Thumb Code    14  memseta.o(.text)
    __aeabi_memset4                          0x0001478b   Thumb Code     0  memseta.o(.text)
    __aeabi_memset8                          0x0001478b   Thumb Code     0  memseta.o(.text)
    __aeabi_memclr                           0x00014799   Thumb Code     4  memseta.o(.text)
    __aeabi_memclr4                          0x00014799   Thumb Code     0  memseta.o(.text)
    __aeabi_memclr8                          0x00014799   Thumb Code     0  memseta.o(.text)
    _memset$wrapper                          0x0001479d   Thumb Code    18  memseta.o(.text)
    strcmp                                   0x000147af   Thumb Code    28  strcmp.o(.text)
    atoi                                     0x000147cb   Thumb Code    26  atoi.o(.text)
    __aeabi_fadd                             0x000147e5   Thumb Code   164  fadd.o(.text)
    __aeabi_fsub                             0x00014889   Thumb Code     6  fadd.o(.text)
    __aeabi_frsub                            0x0001488f   Thumb Code     6  fadd.o(.text)
    __aeabi_fmul                             0x00014895   Thumb Code   108  fmul.o(.text)
    __aeabi_fdiv                             0x00014901   Thumb Code   128  fdiv.o(.text)
    __aeabi_dadd                             0x00014981   Thumb Code   322  dadd.o(.text)
    __aeabi_dsub                             0x00014ac3   Thumb Code     6  dadd.o(.text)
    __aeabi_drsub                            0x00014ac9   Thumb Code     6  dadd.o(.text)
    __aeabi_dmul                             0x00014acf   Thumb Code   228  dmul.o(.text)
    __aeabi_ddiv                             0x00014bb3   Thumb Code   222  ddiv.o(.text)
    __aeabi_i2f                              0x00014c91   Thumb Code    18  fflti.o(.text)
    __aeabi_i2d                              0x00014ca3   Thumb Code    34  dflti.o(.text)
    __aeabi_ui2d                             0x00014cc5   Thumb Code    26  dfltui.o(.text)
    __aeabi_f2uiz                            0x00014cdf   Thumb Code    40  ffixui.o(.text)
    __aeabi_d2uiz                            0x00014d07   Thumb Code    50  dfixui.o(.text)
    __aeabi_f2d                              0x00014d39   Thumb Code    38  f2d.o(.text)
    __aeabi_cdcmpeq                          0x00014d61   Thumb Code     0  cdcmple.o(.text)
    __aeabi_cdcmple                          0x00014d61   Thumb Code    38  cdcmple.o(.text)
    __aeabi_cfcmpeq                          0x00014d89   Thumb Code     0  cfcmple.o(.text)
    __aeabi_cfcmple                          0x00014d89   Thumb Code    20  cfcmple.o(.text)
    __aeabi_uidiv                            0x00014d9d   Thumb Code     0  uidiv.o(.text)
    __aeabi_uidivmod                         0x00014d9d   Thumb Code    44  uidiv.o(.text)
    __aeabi_llsl                             0x00014dc9   Thumb Code    30  llshl.o(.text)
    _ll_shift_l                              0x00014dc9   Thumb Code     0  llshl.o(.text)
    __aeabi_llsr                             0x00014de7   Thumb Code    32  llushr.o(.text)
    _ll_ushift_r                             0x00014de7   Thumb Code     0  llushr.o(.text)
    __aeabi_lasr                             0x00014e07   Thumb Code    36  llsshr.o(.text)
    _ll_sshift_r                             0x00014e07   Thumb Code     0  llsshr.o(.text)
    strtol                                   0x00014e2b   Thumb Code   112  strtol.o(.text)
    __I$use$fp                               0x00014e9b   Thumb Code     0  iusefp.o(.text)
    _float_round                             0x00014e9b   Thumb Code    18  fepilogue.o(.text)
    _float_epilogue                          0x00014ead   Thumb Code    90  fepilogue.o(.text)
    _double_round                            0x00014f07   Thumb Code    26  depilogue.o(.text)
    _double_epilogue                         0x00014f21   Thumb Code   164  depilogue.o(.text)
    __aeabi_d2ulz                            0x00014fc5   Thumb Code    48  dfixul.o(.text)
    __aeabi_cdrcmple                         0x00014ff5   Thumb Code    38  cdrcmple.o(.text)
    __scatterload                            0x0001501d   Thumb Code    28  init.o(.text)
    __scatterload_rt2                        0x0001501d   Thumb Code     0  init.o(.text)
    __rt_ctype_table                         0x00015041   Thumb Code     4  ctype_o.o(.text)
    _strtoul                                 0x00015049   Thumb Code   158  _strtoul.o(.text)
    _chval                                   0x000150e7   Thumb Code    28  _chval.o(.text)
    __decompress                             0x00015103   Thumb Code     0  __dczerorl2.o(.text)
    __decompress1                            0x00015103   Thumb Code    92  __dczerorl2.o(.text)
    __0sprintf                               0x00015161   Thumb Code    34  printfa.o(i.__0sprintf)
    __1sprintf                               0x00015161   Thumb Code     0  printfa.o(i.__0sprintf)
    __2sprintf                               0x00015161   Thumb Code     0  printfa.o(i.__0sprintf)
    __c89sprintf                             0x00015161   Thumb Code     0  printfa.o(i.__0sprintf)
    sprintf                                  0x00015161   Thumb Code     0  printfa.o(i.__0sprintf)
    __aeabi_errno_addr                       0x00015189   Thumb Code     4  errno.o(i.__aeabi_errno_addr)
    __rt_errno_addr                          0x00015189   Thumb Code     0  errno.o(i.__aeabi_errno_addr)
    __scatterload_copy                       0x00015191   Thumb Code    14  handlers.o(i.__scatterload_copy)
    __scatterload_null                       0x0001519f   Thumb Code     2  handlers.o(i.__scatterload_null)
    __scatterload_zeroinit                   0x000151a1   Thumb Code    14  handlers.o(i.__scatterload_zeroinit)
    alloc_mem                                0x00015a91   Thumb Code   174  at_mem.o(i.alloc_mem)
    arp_cache_add                            0x00015b49   Thumb Code   174  at_arp.o(i.arp_cache_add)
    arp_cache_early                          0x00015c89   Thumb Code   142  at_arp.o(i.arp_cache_early)
    arp_cache_find                           0x00015d21   Thumb Code   168  at_arp.o(i.arp_cache_find)
    arp_cache_update                         0x00015dd5   Thumb Code   228  at_arp.o(i.arp_cache_update)
    arp_init                                 0x00015ec9   Thumb Code    34  at_arp.o(i.arp_init)
    arp_notify                               0x00015f29   Thumb Code    26  at_arp.o(i.arp_notify)
    arp_process                              0x00015fd9   Thumb Code   294  at_arp.o(i.arp_process)
    avail_mem                                0x00016269   Thumb Code    22  at_mem.o(i.avail_mem)
    b64_to_asc                               0x00016285   Thumb Code   120  at_lib.o(i.b64_to_asc)
    calc_chksum16be                          0x000162fd   Thumb Code    18  at_lib.o(i.calc_chksum16be)
    cgx_content_type                         0x0001630f   Thumb Code     4  at_http.o(i.cgx_content_type)
    chksum16_buf                             0x000164e1   Thumb Code    40  at_lib.o(i.chksum16_buf)
    chksum16_val                             0x00016509   Thumb Code    10  at_lib.o(i.chksum16_val)
    eth_chk_adr                              0x00016559   Thumb Code    10  at_ethernet.o(i.eth_chk_adr)
    eth_init_link                            0x00016569   Thumb Code    40  at_ethernet.o(i.eth_init_link)
    eth_run_link                             0x0001659d   Thumb Code   194  at_ethernet.o(i.eth_run_link)
    eth_send_frame                           0x00016671   Thumb Code   150  at_ethernet.o(i.eth_send_frame)
    free_mem                                 0x00016719   Thumb Code   124  at_mem.o(i.free_mem)
    get_rnd32                                0x00016889   Thumb Code    18  at_system.o(i.get_rnd32)
    http_accept_host                         0x000168a5   Thumb Code     4  at_http.o(i.http_accept_host)
    http_check_account                       0x00016b65   Thumb Code     4  at_http.o(i.http_check_account)
    http_fclose                              0x00016cf1   Thumb Code     2  at_http_uif.o(i.http_fclose)
    http_fgets                               0x00016cf3   Thumb Code     4  at_http_uif.o(i.http_fgets)
    http_file_access                         0x00016cf7   Thumb Code     4  at_http.o(i.http_file_access)
    http_finfo                               0x00016cfb   Thumb Code     4  at_http_uif.o(i.http_finfo)
    http_fopen                               0x00016cff   Thumb Code     4  at_http_uif.o(i.http_fopen)
    http_fread                               0x00016d03   Thumb Code     4  at_http_uif.o(i.http_fread)
    http_init                                0x00016d09   Thumb Code    72  at_http.o(i.http_init)
    http_run_server                          0x000174c5   Thumb Code   816  at_http.o(i.http_run_server)
    icmp_init                                0x000178c9   Thumb Code    10  at_icmp.o(i.icmp_init)
    icmp_process                             0x000178d9   Thumb Code   198  at_icmp.o(i.icmp_process)
    icmp_run_engine                          0x000179a5   Thumb Code    58  at_icmp.o(i.icmp_run_engine)
    ifree_mem                                0x00017a5d   Thumb Code    48  at_mem.o(i.ifree_mem)
    init_TcpNet                              0x00017a95   Thumb Code    38  at_system.o(i.init_TcpNet)
    init_mem                                 0x00017ac5   Thumb Code    86  at_mem.o(i.init_mem)
    ip_chk_frame                             0x00017b25   Thumb Code   190  at_ip.o(i.ip_chk_frame)
    ip_get_locadr                            0x00017bf9   Thumb Code   166  at_ip.o(i.ip_get_locadr)
    ip_init                                  0x00017cb1   Thumb Code     8  at_ip.o(i.ip_init)
    ip_run_local                             0x00017cbd   Thumb Code    82  at_ip.o(i.ip_run_local)
    ip_send_frame                            0x00017d19   Thumb Code   328  at_ip.o(i.ip_send_frame)
    is_subnet                                0x00017e69   Thumb Code    20  at_lib.o(i.is_subnet)
    main_TcpNet                              0x00017e7d   Thumb Code    86  at_system.o(i.main_TcpNet)
    mem_comp                                 0x00017ee1   Thumb Code    24  at_lib.o(i.mem_comp)
    mem_copy                                 0x00017ef9   Thumb Code    22  at_lib.o(i.mem_copy)
    mem_crc32                                0x00017f0f   Thumb Code    32  at_lib.o(i.mem_crc32)
    mem_set                                  0x00017f2f   Thumb Code    10  at_lib.o(i.mem_set)
    mem_test                                 0x00017f39   Thumb Code    20  at_lib.o(i.mem_test)
    nrd_u32be                                0x00017f4d   Thumb Code    22  at_lib.o(i.nrd_u32be)
    nwr_u32be                                0x00017f63   Thumb Code    16  at_lib.o(i.nwr_u32be)
    put_in_queue                             0x00017f9d   Thumb Code    36  at_ethernet.o(i.put_in_queue)
    resize_mem                               0x00018065   Thumb Code    68  at_mem.o(i.resize_mem)
    str_copy                                 0x000180f9   Thumb Code    18  at_lib.o(i.str_copy)
    str_crc32                                0x0001810b   Thumb Code    26  at_lib.o(i.str_crc32)
    str_pos                                  0x00018125   Thumb Code    22  at_lib.o(i.str_pos)
    str_scomp                                0x0001813b   Thumb Code    26  at_lib.o(i.str_scomp)
    tcp_abort                                0x00018155   Thumb Code    76  at_tcp.o(i.tcp_abort)
    tcp_close                                0x000181a5   Thumb Code   150  at_tcp.o(i.tcp_close)
    tcp_get_buf                              0x00018241   Thumb Code    32  at_tcp.o(i.tcp_get_buf)
    tcp_get_socket                           0x00018261   Thumb Code    70  at_tcp.o(i.tcp_get_socket)
    tcp_get_state                            0x000182ad   Thumb Code    32  at_tcp.o(i.tcp_get_state)
    tcp_init                                 0x000182d1   Thumb Code    18  at_tcp.o(i.tcp_init)
    tcp_listen                               0x000182e9   Thumb Code   102  at_tcp.o(i.tcp_listen)
    tcp_max_dsize                            0x000183ed   Thumb Code    30  at_tcp.o(i.tcp_max_dsize)
    tcp_poll_sockets                         0x00018471   Thumb Code   630  at_tcp.o(i.tcp_poll_sockets)
    tcp_process                              0x00018811   Thumb Code  1164  at_tcp.o(i.tcp_process)
    tcp_send                                 0x00018d71   Thumb Code   204  at_tcp.o(i.tcp_send)
    timer_tick                               0x000190b9   Thumb Code    14  at_system.o(i.timer_tick)
    udp_init                                 0x000190cd   Thumb Code    18  at_udp.o(i.udp_init)
    udp_process                              0x000190e5   Thumb Code   178  at_udp.o(i.udp_process)
    nlocalm                                  0x0001927c   Data          60  net_config.o(.constdata)
    sys_config                               0x000192b8   Data          16  net_config.o(.constdata)
    arp_config                               0x000192c8   Data          12  net_config.o(.constdata)
    udp_config                               0x000192d4   Data           8  net_config.o(.constdata)
    tcp_config                               0x000192dc   Data          24  net_config.o(.constdata)
    http_config                              0x000192f4   Data          24  net_config.o(.constdata)
    FileMD                                   0x0001930c   Data           4  web.o(.constdata)
    FileTab                                  0x00019a00   Data          16  web.o(.constdata)
    IP_Broadcast                             0x0001a006   Data           4  at_ip.o(.constdata)
    MAC_Broadcast                            0x0001a102   Data           6  at_ethernet.o(.constdata)
    http_err_401                             0x0001a108   Data          86  http_err.o(.constdata)
    http_err_403                             0x0001a15e   Data          81  http_err.o(.constdata)
    http_err_404                             0x0001a1af   Data          78  http_err.o(.constdata)
    http_err_501                             0x0001a1fd   Data          75  http_err.o(.constdata)
    http_err_head                            0x0001a248   Data          47  http_err.o(.constdata)
    http_err_foot                            0x0001a277   Data         136  http_err.o(.constdata)
    __ctype_table                            0x0001a2ff   Data         129  ctype_o.o(.constdata)
    Region$$Table$$Base                      0x0001a3a0   Number         0  anon$$obj.o(Region$$Table)
    Region$$Table$$Limit                     0x0001a3d0   Number         0  anon$$obj.o(Region$$Table)
    SystemCoreClock                          0x2007c000   Data           4  system_lpc17xx.o(.data)
    DATOS                                    0x2007c004   Data           4  main.o(.data)
    ESTADO                                   0x2007c008   Data           4  main.o(.data)
    COUNTERS                                 0x2007c00c   Data           4  main.o(.data)
    ACTUALIZADOR                             0x2007c010   Data           4  main.o(.data)
    objESTADO                                0x2007c014   Data           1  main.o(.data)
    objACTUALIZADOR                          0x2007c015   Data           1  main.o(.data)
    TIM0_ticks                               0x2007c016   Data           1  timers.o(.data)
    lhost_name                               0x2007c017   Data          16  net_config.o(.data)
    own_hw_adr                               0x2007c027   Data           6  net_config.o(.data)
    iap_entry                                0x2007c044   Data           4  emac_lpc17xx_lan8720.o(.data)
    __brilloAuto                             0x2007c058   Data           1  statechart.o(.data)
    zona_0                                   0x2007c05a   Data          10  statechart.o(.data)
    zona_1                                   0x2007c064   Data          10  statechart.o(.data)
    zona_2                                   0x2007c06e   Data          10  statechart.o(.data)
    zona_3                                   0x2007c078   Data          10  statechart.o(.data)
    zona_4                                   0x2007c082   Data          10  statechart.o(.data)
    zona_5                                   0x2007c08c   Data          10  statechart.o(.data)
    zona_6                                   0x2007c096   Data          10  statechart.o(.data)
    zona_7                                   0x2007c0a0   Data          10  statechart.o(.data)
    zona_8                                   0x2007c0aa   Data          10  statechart.o(.data)
    zona_9                                   0x2007c0b4   Data          10  statechart.o(.data)
    zona_10                                  0x2007c0be   Data          10  statechart.o(.data)
    zona_11                                  0x2007c0c8   Data          10  statechart.o(.data)
    zona_12                                  0x2007c0d2   Data          10  statechart.o(.data)
    zona_13                                  0x2007c0dc   Data          10  statechart.o(.data)
    zona_14                                  0x2007c0e6   Data          10  statechart.o(.data)
    zona_15                                  0x2007c0f0   Data          10  statechart.o(.data)
    zona_16                                  0x2007c0fa   Data          10  statechart.o(.data)
    zona_17                                  0x2007c104   Data          10  statechart.o(.data)
    zona_18                                  0x2007c10e   Data          10  statechart.o(.data)
    zona_19                                  0x2007c118   Data          10  statechart.o(.data)
    zona_20                                  0x2007c122   Data          10  statechart.o(.data)
    zona_21                                  0x2007c12c   Data          10  statechart.o(.data)
    zona_22                                  0x2007c136   Data          10  statechart.o(.data)
    zona_23                                  0x2007c140   Data          10  statechart.o(.data)
    zona_24                                  0x2007c14a   Data          10  statechart.o(.data)
    zona_25                                  0x2007c154   Data          10  statechart.o(.data)
    zona_26                                  0x2007c15e   Data          10  statechart.o(.data)
    zona_27                                  0x2007c168   Data          10  statechart.o(.data)
    zona_28                                  0x2007c172   Data          10  statechart.o(.data)
    zona_29                                  0x2007c17c   Data          10  statechart.o(.data)
    zona_30                                  0x2007c186   Data          10  statechart.o(.data)
    zona_31                                  0x2007c190   Data          10  statechart.o(.data)
    zona_27m                                 0x2007c19a   Data          10  statechart.o(.data)
    zona_28m                                 0x2007c1a4   Data          10  statechart.o(.data)
    zona_29m                                 0x2007c1ae   Data          10  statechart.o(.data)
    zona_30m                                 0x2007c1b8   Data          10  statechart.o(.data)
    zona_27M                                 0x2007c1c2   Data          10  statechart.o(.data)
    zona_28M                                 0x2007c1cc   Data          10  statechart.o(.data)
    zona_29M                                 0x2007c1d6   Data          10  statechart.o(.data)
    zona_30M                                 0x2007c1e0   Data          10  statechart.o(.data)
    zona_32                                  0x2007c1ea   Data          10  statechart.o(.data)
    zona_33                                  0x2007c1f4   Data          10  statechart.o(.data)
    zona_34                                  0x2007c1fe   Data          10  statechart.o(.data)
    zona_35                                  0x2007c208   Data          10  statechart.o(.data)
    pressedTouchPanel                        0x2007c212   Data           1  statechart.o(.data)
    Aux8                                     0x2007c213   Data           1  statechart.o(.data)
    matrix                                   0x2007c218   Data          56  touchpanel.o(.data)
    DisplaySample                            0x2007c250   Data          12  touchpanel.o(.data)
    display                                  0x2007c260   Data           4  touchpanel.o(.data)
    CAPcont                                  0x2007c264   Data           1  anemometro.o(.data)
    SLAYERcont                               0x2007c265   Data           1  anemometro.o(.data)
    CLKbuff                                  0x2007c268   Data           8  anemometro.o(.data)
    aux_viento                               0x2007c270   Data           4  anemometro.o(.data)
    Brillo_LCR                               0x2007c275   Data          14  lut.o(.data)
    objDATOS                                 0x2007c2ac   Data          36  main.o(.bss)
    objCOUNTERS                              0x2007c2d0   Data          12  main.o(.bss)
    Clock                                    0x2007c2dc   Data          23  rtc.o(.bss)
    ScreenSample                             0x2007ed5c   Data          12  touchpanel.o(.bss)
    localm                                   0x2007ee0c   Data          60  at_system.o(.bss)
    sys_control                              0x2007ee48   Data          16  at_system.o(.bss)
    __initial_sp                             0x2007f058   Data           0  startup_lpc17xx.o(STACK)



==============================================================================

Memory Map of the image

  Image Entry point : 0x000000cd

  Load Region LR_IROM1 (Base: 0x00000000, Size: 0x0001a67c, Max: 0x00080000, ABSOLUTE, COMPRESSED[0x0001a4e8])

    Execution Region ER_IROM1 (Base: 0x00000000, Size: 0x0001a3d0, Max: 0x00080000, ABSOLUTE)

    Base Addr    Size         Type   Attr      Idx    E Section Name        Object

    0x00000000   0x000000cc   Data   RO            3    RESET               startup_lpc17xx.o
    0x000000cc   0x00000000   Code   RO         1140  * .ARM.Collect$$$$00000000  mc_w.l(entry.o)
    0x000000cc   0x00000004   Code   RO         1448    .ARM.Collect$$$$00000001  mc_w.l(entry2.o)
    0x000000d0   0x00000004   Code   RO         1451    .ARM.Collect$$$$00000004  mc_w.l(entry5.o)
    0x000000d4   0x00000000   Code   RO         1453    .ARM.Collect$$$$00000008  mc_w.l(entry7b.o)
    0x000000d4   0x00000000   Code   RO         1455    .ARM.Collect$$$$0000000A  mc_w.l(entry8b.o)
    0x000000d4   0x00000008   Code   RO         1456    .ARM.Collect$$$$0000000B  mc_w.l(entry9a.o)
    0x000000dc   0x00000000   Code   RO         1458    .ARM.Collect$$$$0000000D  mc_w.l(entry10a.o)
    0x000000dc   0x00000000   Code   RO         1460    .ARM.Collect$$$$0000000F  mc_w.l(entry11a.o)
    0x000000dc   0x00000004   Code   RO         1449    .ARM.Collect$$$$00002712  mc_w.l(entry2.o)
    0x000000e0   0x00000024   Code   RO            5    .text               startup_lpc17xx.o
    0x00000104   0x000000d0   Code   RO           59    .text               configura.o
    0x000001d4   0x00000010   Code   RO          161    .text               main.o
    0x000001e4   0x00000028   Code   RO          267    .text               wdt.o
    0x0000020c   0x00000010   Code   RO          286    .text               http_source.o
    0x0000021c   0x00000074   Code   RO          322    .text               net_config.o
    0x00000290   0x00000050   Code   RO          482    .text               leds.o
    0x000002e0   0x00000004   Code   RO          696    .text               lpc17xx_libcfg_default.o
    0x000002e4   0x0000000e   Code   RO         1149    .text               mc_w.l(strlen.o)
    0x000002f2   0x0000000a   Code   RO         1432    .text               mf_w.l(ffltui.o)
    0x000002fc   0x00000004   Code   RO            4    .ARM.__at_0x02FC    startup_lpc17xx.o
    0x00000300   0x00000318   Code   RO           24    .text               system_lpc17xx.o
    0x00000618   0x00000260   Code   RO          190    .text               pwm.o
    0x00000878   0x0000013c   Code   RO          207    .text               rtc.o
    0x000009b4   0x000001cc   Code   RO          237    .text               timers.o
    0x00000b80   0x00000230   Code   RO          347    .text               http_cgi.o
    0x00000db0   0x000005d0   Code   RO          373    .text               emac_lpc17xx_lan8720.o
    0x00001380   0x00000b38   Code   RO          410    .text               statechart.o
    0x00001eb8   0x00000844   Code   RO          459    .text               touchpanel.o
    0x000026fc   0x00000178   Code   RO          510    .text               anemometro.o
    0x00002874   0x00000020   Code   RO          571    .text               asciilib.o
    0x00002894   0x00011100   Code   RO          589    .text               glcd.o
    0x00013994   0x000006b8   Code   RO          617    .text               lpc17xx_ssp.o
    0x0001404c   0x00000100   Code   RO          642    .text               lpc17xx_pinsel.o
    0x0001414c   0x00000424   Code   RO          665    .text               lpc17xx_gpio.o
    0x00014570   0x00000150   Code   RO          681    .text               lpc17xx_clkpwr.o
    0x000146c0   0x00000044   Code   RO          791    .text               lut.o
    0x00014704   0x00000062   Code   RO         1143    .text               mc_w.l(uldiv.o)
    0x00014766   0x00000024   Code   RO         1145    .text               mc_w.l(memcpya.o)
    0x0001478a   0x00000024   Code   RO         1147    .text               mc_w.l(memseta.o)
    0x000147ae   0x0000001c   Code   RO         1151    .text               mc_w.l(strcmp.o)
    0x000147ca   0x0000001a   Code   RO         1416    .text               mc_w.l(atoi.o)
    0x000147e4   0x000000b0   Code   RO         1418    .text               mf_w.l(fadd.o)
    0x00014894   0x0000006c   Code   RO         1420    .text               mf_w.l(fmul.o)
    0x00014900   0x00000080   Code   RO         1422    .text               mf_w.l(fdiv.o)
    0x00014980   0x0000014e   Code   RO         1424    .text               mf_w.l(dadd.o)
    0x00014ace   0x000000e4   Code   RO         1426    .text               mf_w.l(dmul.o)
    0x00014bb2   0x000000de   Code   RO         1428    .text               mf_w.l(ddiv.o)
    0x00014c90   0x00000012   Code   RO         1430    .text               mf_w.l(fflti.o)
    0x00014ca2   0x00000022   Code   RO         1434    .text               mf_w.l(dflti.o)
    0x00014cc4   0x0000001a   Code   RO         1436    .text               mf_w.l(dfltui.o)
    0x00014cde   0x00000028   Code   RO         1438    .text               mf_w.l(ffixui.o)
    0x00014d06   0x00000032   Code   RO         1440    .text               mf_w.l(dfixui.o)
    0x00014d38   0x00000026   Code   RO         1442    .text               mf_w.l(f2d.o)
    0x00014d5e   0x00000002   PAD
    0x00014d60   0x00000028   Code   RO         1444    .text               mf_w.l(cdcmple.o)
    0x00014d88   0x00000014   Code   RO         1446    .text               mf_w.l(cfcmple.o)
    0x00014d9c   0x0000002c   Code   RO         1465    .text               mc_w.l(uidiv.o)
    0x00014dc8   0x0000001e   Code   RO         1467    .text               mc_w.l(llshl.o)
    0x00014de6   0x00000020   Code   RO         1469    .text               mc_w.l(llushr.o)
    0x00014e06   0x00000024   Code   RO         1471    .text               mc_w.l(llsshr.o)
    0x00014e2a   0x00000070   Code   RO         1480    .text               mc_w.l(strtol.o)
    0x00014e9a   0x00000000   Code   RO         1482    .text               mc_w.l(iusefp.o)
    0x00014e9a   0x0000006c   Code   RO         1483    .text               mf_w.l(fepilogue.o)
    0x00014f06   0x000000be   Code   RO         1485    .text               mf_w.l(depilogue.o)
    0x00014fc4   0x00000030   Code   RO         1487    .text               mf_w.l(dfixul.o)
    0x00014ff4   0x00000028   Code   RO         1489    .text               mf_w.l(cdrcmple.o)
    0x0001501c   0x00000024   Code   RO         1491    .text               mc_w.l(init.o)
    0x00015040   0x00000008   Code   RO         1494    .text               mc_w.l(ctype_o.o)
    0x00015048   0x0000009e   Code   RO         1522    .text               mc_w.l(_strtoul.o)
    0x000150e6   0x0000001c   Code   RO         1525    .text               mc_w.l(_chval.o)
    0x00015102   0x0000005c   Code   RO         1535    .text               mc_w.l(__dczerorl2.o)
    0x0001515e   0x00000002   PAD
    0x00015160   0x00000028   Code   RO         1390    i.__0sprintf        mc_w.l(printfa.o)
    0x00015188   0x00000008   Code   RO         1473    i.__aeabi_errno_addr  mc_w.l(errno.o)
    0x00015190   0x0000000e   Code   RO         1529    i.__scatterload_copy  mc_w.l(handlers.o)
    0x0001519e   0x00000002   Code   RO         1530    i.__scatterload_null  mc_w.l(handlers.o)
    0x000151a0   0x0000000e   Code   RO         1531    i.__scatterload_zeroinit  mc_w.l(handlers.o)
    0x000151ae   0x00000002   PAD
    0x000151b0   0x0000015c   Code   RO         1395    i._fp_digits        mc_w.l(printfa.o)
    0x0001530c   0x000006f0   Code   RO         1396    i._printf_core      mc_w.l(printfa.o)
    0x000159fc   0x00000026   Code   RO         1397    i._printf_post_padding  mc_w.l(printfa.o)
    0x00015a22   0x00000030   Code   RO         1398    i._printf_pre_padding  mc_w.l(printfa.o)
    0x00015a52   0x0000000a   Code   RO         1400    i._sputc            mc_w.l(printfa.o)
    0x00015a5c   0x00000034   Code   RO          965    i.add_server_id     TCP_CM3.lib(at_http.o)
    0x00015a90   0x000000b8   Code   RO         1051    i.alloc_mem         TCP_CM3.lib(at_mem.o)
    0x00015b48   0x000000b8   Code   RO          812    i.arp_cache_add     TCP_CM3.lib(at_arp.o)
    0x00015c00   0x00000088   Code   RO          813    i.arp_cache_alloc   TCP_CM3.lib(at_arp.o)
    0x00015c88   0x00000098   Code   RO          814    i.arp_cache_early   TCP_CM3.lib(at_arp.o)
    0x00015d20   0x000000b4   Code   RO          815    i.arp_cache_find    TCP_CM3.lib(at_arp.o)
    0x00015dd4   0x000000f4   Code   RO          818    i.arp_cache_update  TCP_CM3.lib(at_arp.o)
    0x00015ec8   0x0000002c   Code   RO          821    i.arp_init          TCP_CM3.lib(at_arp.o)
    0x00015ef4   0x00000034   Code   RO          822    i.arp_is_cacheable  TCP_CM3.lib(at_arp.o)
    0x00015f28   0x00000028   Code   RO          823    i.arp_notify        TCP_CM3.lib(at_arp.o)
    0x00015f50   0x00000088   Code   RO          825    i.arp_proc_response  TCP_CM3.lib(at_arp.o)
    0x00015fd8   0x00000138   Code   RO          826    i.arp_process       TCP_CM3.lib(at_arp.o)
    0x00016110   0x000000a0   Code   RO          827    i.arp_send_reply    TCP_CM3.lib(at_arp.o)
    0x000161b0   0x000000b8   Code   RO          828    i.arp_send_request  TCP_CM3.lib(at_arp.o)
    0x00016268   0x0000001c   Code   RO         1052    i.avail_mem         TCP_CM3.lib(at_mem.o)
    0x00016284   0x00000078   Code   RO         1081    i.b64_to_asc        TCP_CM3.lib(at_lib.o)
    0x000162fc   0x00000012   Code   RO         1083    i.calc_chksum16be   TCP_CM3.lib(at_lib.o)
    0x0001630e   0x00000004   Code   RO          966    i.cgx_content_type  TCP_CM3.lib(at_http.o)
    0x00016312   0x00000002   PAD
    0x00016314   0x000001cc   Code   RO          967    i.chk_post_req      TCP_CM3.lib(at_http.o)
    0x000164e0   0x00000028   Code   RO         1084    i.chksum16_buf      TCP_CM3.lib(at_lib.o)
    0x00016508   0x0000000a   Code   RO         1085    i.chksum16_val      TCP_CM3.lib(at_lib.o)
    0x00016512   0x0000001e   Code   RO          968    i.cmp_fname_ext     TCP_CM3.lib(at_http.o)
    0x00016530   0x00000028   Code   RO          969    i.cmp_header        TCP_CM3.lib(at_http.o)
    0x00016558   0x00000010   Code   RO         1037    i.eth_chk_adr       TCP_CM3.lib(at_ethernet.o)
    0x00016568   0x00000034   Code   RO         1039    i.eth_init_link     TCP_CM3.lib(at_ethernet.o)
    0x0001659c   0x000000d4   Code   RO         1040    i.eth_run_link      TCP_CM3.lib(at_ethernet.o)
    0x00016670   0x000000a8   Code   RO         1041    i.eth_send_frame    TCP_CM3.lib(at_ethernet.o)
    0x00016718   0x00000084   Code   RO         1053    i.free_mem          TCP_CM3.lib(at_mem.o)
    0x0001679c   0x00000028   Code   RO         1087    i.get_crc32         TCP_CM3.lib(at_lib.o)
    0x000167c4   0x00000068   Code   RO          970    i.get_file_type     TCP_CM3.lib(at_http.o)
    0x0001682c   0x00000028   Code   RO          971    i.get_next_field    TCP_CM3.lib(at_http.o)
    0x00016854   0x00000032   Code   RO          972    i.get_next_par      TCP_CM3.lib(at_http.o)
    0x00016886   0x00000002   PAD
    0x00016888   0x0000001c   Code   RO         1065    i.get_rnd32         TCP_CM3.lib(at_system.o)
    0x000168a4   0x00000004   Code   RO          974    i.http_accept_host  TCP_CM3.lib(at_http.o)
    0x000168a8   0x000002bc   Code   RO          975    i.http_add_header   TCP_CM3.lib(at_http.o)
    0x00016b64   0x00000004   Code   RO          976    i.http_check_account  TCP_CM3.lib(at_http.o)
    0x00016b68   0x00000188   Code   RO          978    i.http_error_msg    TCP_CM3.lib(at_http.o)
    0x00016cf0   0x00000002   Code   RO         1130    i.http_fclose       TCP_CM3.lib(at_http_uif.o)
    0x00016cf2   0x00000004   Code   RO         1131    i.http_fgets        TCP_CM3.lib(at_http_uif.o)
    0x00016cf6   0x00000004   Code   RO          979    i.http_file_access  TCP_CM3.lib(at_http.o)
    0x00016cfa   0x00000004   Code   RO         1132    i.http_finfo        TCP_CM3.lib(at_http_uif.o)
    0x00016cfe   0x00000004   Code   RO         1133    i.http_fopen        TCP_CM3.lib(at_http_uif.o)
    0x00016d02   0x00000004   Code   RO         1134    i.http_fread        TCP_CM3.lib(at_http_uif.o)
    0x00016d06   0x00000002   PAD
    0x00016d08   0x00000050   Code   RO          986    i.http_init         TCP_CM3.lib(at_http.o)
    0x00016d58   0x0000005e   Code   RO          987    i.http_kill_session  TCP_CM3.lib(at_http.o)
    0x00016db6   0x00000002   PAD
    0x00016db8   0x00000224   Code   RO          988    i.http_listener     TCP_CM3.lib(at_http.o)
    0x00016fdc   0x00000120   Code   RO          989    i.http_open_file    TCP_CM3.lib(at_http.o)
    0x000170fc   0x00000154   Code   RO          990    i.http_proc_header  TCP_CM3.lib(at_http.o)
    0x00017250   0x0000017c   Code   RO          991    i.http_proc_multipart  TCP_CM3.lib(at_http.o)
    0x000173cc   0x000000f8   Code   RO          992    i.http_proc_post    TCP_CM3.lib(at_http.o)
    0x000174c4   0x0000033c   Code   RO          993    i.http_run_server   TCP_CM3.lib(at_http.o)
    0x00017800   0x0000001e   Code   RO          994    i.http_strcpy       TCP_CM3.lib(at_http.o)
    0x0001781e   0x00000002   PAD
    0x00017820   0x000000a8   Code   RO          995    i.http_to_utc       TCP_CM3.lib(at_http.o)
    0x000178c8   0x00000010   Code   RO          862    i.icmp_init         TCP_CM3.lib(at_icmp.o)
    0x000178d8   0x000000cc   Code   RO          864    i.icmp_process      TCP_CM3.lib(at_icmp.o)
    0x000179a4   0x00000048   Code   RO          865    i.icmp_run_engine   TCP_CM3.lib(at_icmp.o)
    0x000179ec   0x00000070   Code   RO          866    i.icmp_send_message  TCP_CM3.lib(at_icmp.o)
    0x00017a5c   0x00000038   Code   RO         1054    i.ifree_mem         TCP_CM3.lib(at_mem.o)
    0x00017a94   0x00000030   Code   RO         1066    i.init_TcpNet       TCP_CM3.lib(at_system.o)
    0x00017ac4   0x00000060   Code   RO         1055    i.init_mem          TCP_CM3.lib(at_mem.o)
    0x00017b24   0x000000c8   Code   RO          848    i.ip_chk_frame      TCP_CM3.lib(at_ip.o)
    0x00017bec   0x0000000a   Code   RO          849    i.ip_get_chksum     TCP_CM3.lib(at_ip.o)
    0x00017bf6   0x00000002   PAD
    0x00017bf8   0x000000b8   Code   RO          850    i.ip_get_locadr     TCP_CM3.lib(at_ip.o)
    0x00017cb0   0x0000000c   Code   RO          851    i.ip_init           TCP_CM3.lib(at_ip.o)
    0x00017cbc   0x0000005c   Code   RO          852    i.ip_run_local      TCP_CM3.lib(at_ip.o)
    0x00017d18   0x00000150   Code   RO          853    i.ip_send_frame     TCP_CM3.lib(at_ip.o)
    0x00017e68   0x00000014   Code   RO         1088    i.is_subnet         TCP_CM3.lib(at_lib.o)
    0x00017e7c   0x00000064   Code   RO         1067    i.main_TcpNet       TCP_CM3.lib(at_system.o)
    0x00017ee0   0x00000018   Code   RO         1089    i.mem_comp          TCP_CM3.lib(at_lib.o)
    0x00017ef8   0x00000016   Code   RO         1090    i.mem_copy          TCP_CM3.lib(at_lib.o)
    0x00017f0e   0x00000020   Code   RO         1091    i.mem_crc32         TCP_CM3.lib(at_lib.o)
    0x00017f2e   0x0000000a   Code   RO         1093    i.mem_set           TCP_CM3.lib(at_lib.o)
    0x00017f38   0x00000014   Code   RO         1094    i.mem_test          TCP_CM3.lib(at_lib.o)
    0x00017f4c   0x00000016   Code   RO         1096    i.nrd_u32be         TCP_CM3.lib(at_lib.o)
    0x00017f62   0x00000010   Code   RO         1098    i.nwr_u32be         TCP_CM3.lib(at_lib.o)
    0x00017f72   0x00000002   PAD
    0x00017f74   0x00000028   Code   RO          996    i.proc_req_line     TCP_CM3.lib(at_http.o)
    0x00017f9c   0x00000028   Code   RO         1042    i.put_in_queue      TCP_CM3.lib(at_ethernet.o)
    0x00017fc4   0x000000a0   Code   RO          997    i.read_script_line  TCP_CM3.lib(at_http.o)
    0x00018064   0x00000048   Code   RO         1056    i.resize_mem        TCP_CM3.lib(at_mem.o)
    0x000180ac   0x0000004c   Code   RO          998    i.search_delim      TCP_CM3.lib(at_http.o)
    0x000180f8   0x00000012   Code   RO         1099    i.str_copy          TCP_CM3.lib(at_lib.o)
    0x0001810a   0x0000001a   Code   RO         1100    i.str_crc32         TCP_CM3.lib(at_lib.o)
    0x00018124   0x00000016   Code   RO         1101    i.str_pos           TCP_CM3.lib(at_lib.o)
    0x0001813a   0x0000001a   Code   RO         1102    i.str_scomp         TCP_CM3.lib(at_lib.o)
    0x00018154   0x00000050   Code   RO          873    i.tcp_abort         TCP_CM3.lib(at_tcp.o)
    0x000181a4   0x0000009c   Code   RO          875    i.tcp_close         TCP_CM3.lib(at_tcp.o)
    0x00018240   0x00000020   Code   RO          878    i.tcp_get_buf       TCP_CM3.lib(at_tcp.o)
    0x00018260   0x0000004c   Code   RO          880    i.tcp_get_socket    TCP_CM3.lib(at_tcp.o)
    0x000182ac   0x00000024   Code   RO          881    i.tcp_get_state     TCP_CM3.lib(at_tcp.o)
    0x000182d0   0x00000018   Code   RO          882    i.tcp_init          TCP_CM3.lib(at_tcp.o)
    0x000182e8   0x0000006c   Code   RO          884    i.tcp_listen        TCP_CM3.lib(at_tcp.o)
    0x00018354   0x00000098   Code   RO          885    i.tcp_map_socket    TCP_CM3.lib(at_tcp.o)
    0x000183ec   0x00000024   Code   RO          886    i.tcp_max_dsize     TCP_CM3.lib(at_tcp.o)
    0x00018410   0x0000005e   Code   RO          888    i.tcp_parse_opt     TCP_CM3.lib(at_tcp.o)
    0x0001846e   0x00000002   PAD
    0x00018470   0x00000284   Code   RO          889    i.tcp_poll_sockets  TCP_CM3.lib(at_tcp.o)
    0x000186f4   0x000000c8   Code   RO          890    i.tcp_proc_acknr    TCP_CM3.lib(at_tcp.o)
    0x000187bc   0x00000052   Code   RO          891    i.tcp_proc_dupack   TCP_CM3.lib(at_tcp.o)
    0x0001880e   0x00000002   PAD
    0x00018810   0x00000498   Code   RO          892    i.tcp_process       TCP_CM3.lib(at_tcp.o)
    0x00018ca8   0x0000001a   Code   RO          893    i.tcp_que_free      TCP_CM3.lib(at_tcp.o)
    0x00018cc2   0x0000001a   Code   RO          894    i.tcp_que_init      TCP_CM3.lib(at_tcp.o)
    0x00018cdc   0x00000094   Code   RO          895    i.tcp_que_resend    TCP_CM3.lib(at_tcp.o)
    0x00018d70   0x000000d4   Code   RO          899    i.tcp_send          TCP_CM3.lib(at_tcp.o)
    0x00018e44   0x0000006a   Code   RO          900    i.tcp_send_ctrl     TCP_CM3.lib(at_tcp.o)
    0x00018eae   0x00000050   Code   RO          901    i.tcp_send_data     TCP_CM3.lib(at_tcp.o)
    0x00018efe   0x00000068   Code   RO          902    i.tcp_send_reset    TCP_CM3.lib(at_tcp.o)
    0x00018f66   0x00000026   Code   RO          903    i.tcp_set_cwnd      TCP_CM3.lib(at_tcp.o)
    0x00018f8c   0x00000068   Code   RO          904    i.tcp_transit       TCP_CM3.lib(at_tcp.o)
    0x00018ff4   0x000000c4   Code   RO          905    i.tcp_write         TCP_CM3.lib(at_tcp.o)
    0x000190b8   0x00000014   Code   RO         1068    i.timer_tick        TCP_CM3.lib(at_system.o)
    0x000190cc   0x00000018   Code   RO          944    i.udp_init          TCP_CM3.lib(at_udp.o)
    0x000190e4   0x000000b8   Code   RO          949    i.udp_process       TCP_CM3.lib(at_udp.o)
    0x0001919c   0x000000e0   Code   RO          999    i.utc_to_http       TCP_CM3.lib(at_http.o)
    0x0001927c   0x00000090   Data   RO          324    .constdata          net_config.o
    0x0001930c   0x00000704   Data   RO          400    .constdata          web.o
    0x00019a10   0x000005f0   Data   RO          572    .constdata          asciilib.o
    0x0001a000   0x00000006   Data   RO          829    .constdata          TCP_CM3.lib(at_arp.o)
    0x0001a006   0x00000008   Data   RO          854    .constdata          TCP_CM3.lib(at_ip.o)
    0x0001a00e   0x000000f4   Data   RO         1000    .constdata          TCP_CM3.lib(at_http.o)
    0x0001a102   0x00000006   Data   RO         1044    .constdata          TCP_CM3.lib(at_ethernet.o)
    0x0001a108   0x00000056   Data   RO         1074    .constdata          TCP_CM3.lib(http_err.o)
    0x0001a15e   0x00000051   Data   RO         1075    .constdata          TCP_CM3.lib(http_err.o)
    0x0001a1af   0x0000004e   Data   RO         1076    .constdata          TCP_CM3.lib(http_err.o)
    0x0001a1fd   0x0000004b   Data   RO         1077    .constdata          TCP_CM3.lib(http_err.o)
    0x0001a248   0x0000002f   Data   RO         1078    .constdata          TCP_CM3.lib(http_err.o)
    0x0001a277   0x00000088   Data   RO         1079    .constdata          TCP_CM3.lib(http_err.o)
    0x0001a2ff   0x00000081   Data   RO         1495    .constdata          mc_w.l(ctype_o.o)
    0x0001a380   0x00000004   Data   RO         1496    .constdata          mc_w.l(ctype_o.o)
    0x0001a384   0x00000019   Data   RO          325    .conststring        net_config.o
    0x0001a39d   0x00000003   PAD
    0x0001a3a0   0x00000030   Data   RO         1527    Region$$Table       anon$$obj.o


    Execution Region RW_IRAM1 (Base: 0x10000000, Size: 0x000033ec, Max: 0x00008000, ABSOLUTE)

    Base Addr    Size         Type   Attr      Idx    E Section Name        Object

    0x10000000   0x000033ec   Zero   RW          323    .bss                net_config.o


    Execution Region RW_IRAM2 (Base: 0x2007c000, Size: 0x00003058, Max: 0x00008000, ABSOLUTE, COMPRESSED[0x00000118])

    Base Addr    Size         Type   Attr      Idx    E Section Name        Object

    0x2007c000   0x00000004   Data   RW           25    .data               system_lpc17xx.o
    0x2007c004   0x00000012   Data   RW          163    .data               main.o
    0x2007c016   0x00000001   Data   RW          238    .data               timers.o
    0x2007c017   0x0000002a   Data   RW          326    .data               net_config.o
    0x2007c041   0x00000003   PAD
    0x2007c044   0x00000014   Data   RW          375    .data               emac_lpc17xx_lan8720.o
    0x2007c058   0x000001bc   Data   RW          411    .data               statechart.o
    0x2007c214   0x00000004   PAD
    0x2007c218   0x0000004c   Data   RW          461    .data               touchpanel.o
    0x2007c264   0x00000010   Data   RW          511    .data               anemometro.o
    0x2007c274   0x00000001   Data   RW          590    .data               glcd.o
    0x2007c275   0x0000000e   Data   RW          792    .data               lut.o
    0x2007c283   0x00000001   PAD
    0x2007c284   0x00000008   Data   RW          830    .data               TCP_CM3.lib(at_arp.o)
    0x2007c28c   0x0000000c   Data   RW          855    .data               TCP_CM3.lib(at_ip.o)
    0x2007c298   0x00000004   Data   RW          906    .data               TCP_CM3.lib(at_tcp.o)
    0x2007c29c   0x0000000c   Data   RW         1001    .data               TCP_CM3.lib(at_http.o)
    0x2007c2a8   0x00000004   Data   RW         1476    .data               mc_w.l(errno.o)
    0x2007c2ac   0x00000030   Zero   RW          162    .bss                main.o
    0x2007c2dc   0x00000017   Zero   RW          208    .bss                rtc.o
    0x2007c2f3   0x00000005   PAD
    0x2007c2f8   0x00002a64   Zero   RW          374    .bss                emac_lpc17xx_lan8720.o
    0x2007ed5c   0x0000000c   Zero   RW          460    .bss                touchpanel.o
    0x2007ed68   0x00000010   Zero   RW          867    .bss                TCP_CM3.lib(at_icmp.o)
    0x2007ed78   0x00000084   Zero   RW         1043    .bss                TCP_CM3.lib(at_ethernet.o)
    0x2007edfc   0x00000010   Zero   RW         1057    .bss                TCP_CM3.lib(at_mem.o)
    0x2007ee0c   0x0000004c   Zero   RW         1069    .bss                TCP_CM3.lib(at_system.o)
    0x2007ee58   0x00000200   Zero   RW            1    STACK               startup_lpc17xx.o


==============================================================================

Image component sizes


      Code (inc. data)   RO Data    RW Data    ZI Data      Debug   Object Name

       376         48          0         16          0      17688   anemometro.o
        32          6       1520          0          0        947   asciilib.o
       208         46          0          0          0      19688   configura.o
         0          0          0          0          0       4212   core_cm3.o
      1488        130          0         20      10852      25801   emac_lpc17xx_lan8720.o
     69888        342          0          1          0     186866   glcd.o
       560         74          0          0          0       7924   http_cgi.o
        16          0          0          0          0       6827   http_source.o
        80          0          0          0          0       4665   leds.o
       336         32          0          0          0       1767   lpc17xx_clkpwr.o
      1060         62          0          0          0       8259   lpc17xx_gpio.o
         4          0          0          0          0        779   lpc17xx_libcfg_default.o
       256          4          0          0          0       2153   lpc17xx_pinsel.o
      1720         62          0          0          0      11084   lpc17xx_ssp.o
        68          6          0         14          0       1160   lut.o
        16          0          0         18         48       1159   main.o
       116          8        169         42      13292       3141   net_config.o
       608         44          0          0          0       1037   pwm.o
       316         80          0          0         23      19664   rtc.o
        40         12        204          0        512        916   startup_lpc17xx.o
      2872        708          0        444          0      13475   statechart.o
       792         78          0          4          0      18089   system_lpc17xx.o
       460         42          0          1          0      24645   timers.o
      2116         68          0         76         12       5485   touchpanel.o
        40          4          0          0          0        515   wdt.o
         0          0       1796          0          0        501   web.o

    ----------------------------------------------------------------------
     83468       1856       3740        644      24744     388447   Object Totals
         0          0         48          0          0          0   (incl. Generated)
         0          0          3          8          5          0   (incl. Padding)

    ----------------------------------------------------------------------

      Code (inc. data)   RO Data    RW Data    ZI Data      Debug   Library Member Name

      1824        138          6          8          0       1040   at_arp.o
       488         58          6          0        132        404   at_ethernet.o
      5388       1172        244         12          0       2116   at_http.o
        18          0          0          0          0        340   at_http_uif.o
       404         30          0          0         16        308   at_icmp.o
       834         56          8         12          0        520   at_ip.o
       486          6          0          0          0       1224   at_lib.o
       568         46          0          0         16        520   at_mem.o
       196         40          0          0         76        292   at_system.o
      3936        158          0          4          0       2008   at_tcp.o
       208         12          0          0          0        156   at_udp.o
         0          0        503          0          0          0   http_err.o
        92          0          0          0          0          0   __dczerorl2.o
        28          0          0          0          0         68   _chval.o
       158          0          0          0          0         92   _strtoul.o
        26          0          0          0          0         80   atoi.o
         8          4        133          0          0         68   ctype_o.o
         0          0          0          0          0          0   entry.o
         0          0          0          0          0          0   entry10a.o
         0          0          0          0          0          0   entry11a.o
         8          4          0          0          0          0   entry2.o
         4          0          0          0          0          0   entry5.o
         0          0          0          0          0          0   entry7b.o
         0          0          0          0          0          0   entry8b.o
         8          4          0          0          0          0   entry9a.o
         8          4          0          4          0         68   errno.o
        30          0          0          0          0          0   handlers.o
        36          8          0          0          0         68   init.o
         0          0          0          0          0          0   iusefp.o
        30          0          0          0          0         68   llshl.o
        36          0          0          0          0         68   llsshr.o
        32          0          0          0          0         68   llushr.o
        36          0          0          0          0         68   memcpya.o
        36          0          0          0          0        108   memseta.o
      2260         86          0          0          0        512   printfa.o
        28          0          0          0          0         76   strcmp.o
        14          0          0          0          0         68   strlen.o
       112          0          0          0          0         88   strtol.o
        44          0          0          0          0         80   uidiv.o
        98          0          0          0          0         92   uldiv.o
        40          2          0          0          0         68   cdcmple.o
        40          2          0          0          0         68   cdrcmple.o
        20          0          0          0          0         68   cfcmple.o
       334          0          0          0          0        148   dadd.o
       222          0          0          0          0        100   ddiv.o
       190          0          0          0          0        176   depilogue.o
        50          0          0          0          0         76   dfixui.o
        48          0          0          0          0         68   dfixul.o
        34          0          0          0          0         76   dflti.o
        26          0          0          0          0         76   dfltui.o
       228          0          0          0          0         96   dmul.o
        38          0          0          0          0         68   f2d.o
       176          0          0          0          0        140   fadd.o
       128          0          0          0          0         88   fdiv.o
       108          0          0          0          0        168   fepilogue.o
        40          0          0          0          0         68   ffixui.o
        18          0          0          0          0         68   fflti.o
        10          0          0          0          0         68   ffltui.o
       108          0          0          0          0         76   fmul.o

    ----------------------------------------------------------------------
     19364       1830        900         40        240      12432   Library Totals
        24          0          0          0          0          0   (incl. Padding)

    ----------------------------------------------------------------------

      Code (inc. data)   RO Data    RW Data    ZI Data      Debug   Library Name

     14350       1716        767         36        240       8928   TCP_CM3.lib
      3132        110        133          4          0       1740   mc_w.l
      1858          4          0          0          0       1764   mf_w.l

    ----------------------------------------------------------------------
     19364       1830        900         40        240      12432   Library Totals

    ----------------------------------------------------------------------

==============================================================================


      Code (inc. data)   RO Data    RW Data    ZI Data      Debug   

    102832       3686       4640        684      24984     391467   Grand Totals
    102832       3686       4640        280      24984     391467   ELF Image Totals (compressed)
    102832       3686       4640        280          0          0   ROM Totals

==============================================================================

    Total RO  Size (Code + RO Data)               107472 ( 104.95kB)
    Total RW  Size (RW Data + ZI Data)             25668 (  25.07kB)
    Total ROM Size (Code + RO Data + RW Data)     107752 ( 105.23kB)

==============================================================================

