ARM Linker, 5.03 [Build 76] [MDK-ARM Professional]

==============================================================================

Section Cross References

    anemometro.o(.text) refers to ffltui.o(.text) for __aeabi_ui2f
    anemometro.o(.text) refers to fmul.o(.text) for __aeabi_fmul
    anemometro.o(.text) refers to fdiv.o(.text) for __aeabi_fdiv
    anemometro.o(.text) refers to anemometro.o(.data) for CAPcont
    anemometro.o(.text) refers to main.o(.data) for DATOS
    pwm.o(.text) refers to fdiv.o(.text) for __aeabi_fdiv
    pwm.o(.text) refers to ffixui.o(.text) for __aeabi_f2uiz
    pwm.o(.text) refers to f2d.o(.text) for __aeabi_f2d
    pwm.o(.text) refers to dmul.o(.text) for __aeabi_dmul
    pwm.o(.text) refers to d2f.o(.text) for __aeabi_d2f
    pwm.o(.text) refers to ffltui.o(.text) for __aeabi_ui2f
    pwm.o(.text) refers to fmul.o(.text) for __aeabi_fmul
    pwm.o(.text) refers to fadd.o(.text) for __aeabi_fsub
    pwm.o(.text) refers to main.o(.data) for COUNTERS
    rtc.o(.text) refers to printfa.o(i.__0sprintf) for __2sprintf
    rtc.o(.text) refers to main.o(.data) for COUNTERS
    rtc.o(.text) refers to rtc.o(.bss) for Clock
    http_source.o(.text) refers to at_system.o(i.init_TcpNet) for init_TcpNet
    http_source.o(.text) refers to at_system.o(i.main_TcpNet) for main_TcpNet
    net_config.o(.text) refers to at_ethernet.o(i.eth_init_link) for eth_init_link
    net_config.o(.text) refers to at_ip.o(i.ip_init) for ip_init
    net_config.o(.text) refers to at_icmp.o(i.icmp_init) for icmp_init
    net_config.o(.text) refers to at_udp.o(i.udp_init) for udp_init
    net_config.o(.text) refers to at_tcp.o(i.tcp_init) for tcp_init
    net_config.o(.text) refers to at_http.o(i.http_init) for http_init
    net_config.o(.text) refers to at_arp.o(i.arp_notify) for arp_notify
    net_config.o(.text) refers to at_ethernet.o(i.eth_run_link) for eth_run_link
    net_config.o(.text) refers to at_ip.o(i.ip_run_local) for ip_run_local
    net_config.o(.text) refers to at_icmp.o(i.icmp_run_engine) for icmp_run_engine
    net_config.o(.text) refers to at_tcp.o(i.tcp_poll_sockets) for tcp_poll_sockets
    net_config.o(.text) refers to at_http.o(i.http_run_server) for http_run_server
    net_config.o(.constdata) refers to net_config.o(.bss) for mem_pool
    net_config.o(.constdata) refers to net_config.o(.data) for lhost_name
    net_config.o(.constdata) refers to net_config.o(.conststring) for .conststring
    http_cgi.o(.text) refers to f2d.o(.text) for __aeabi_f2d
    http_cgi.o(.text) refers to printfa.o(i.__0sprintf) for __2sprintf
    http_cgi.o(.text) refers to main.o(.data) for DATOS
    emac_lpc17xx_lan8720.o(.text) refers to net_config.o(.data) for own_hw_adr
    emac_lpc17xx_lan8720.o(.text) refers to emac_lpc17xx_lan8720.o(.bss) for tx_buf
    emac_lpc17xx_lan8720.o(.text) refers to emac_lpc17xx_lan8720.o(.data) for tout
    emac_lpc17xx_lan8720.o(.text) refers to at_mem.o(i.alloc_mem) for alloc_mem
    emac_lpc17xx_lan8720.o(.text) refers to at_ethernet.o(i.put_in_queue) for put_in_queue
    statechart.o(.text) refers to pwm.o(.text) for modificaPulso
    statechart.o(.text) refers to glcd.o(.text) for LCD_DrawLine
    statechart.o(.text) refers to strlen.o(.text) for strlen
    statechart.o(.text) refers to printfa.o(i.__0sprintf) for __2sprintf
    statechart.o(.text) refers to f2d.o(.text) for __aeabi_f2d
    statechart.o(.text) refers to statechart.o(.data) for pressedTouchPanel
    statechart.o(.text) refers to touchpanel.o(.data) for display
    statechart.o(.text) refers to timers.o(.data) for contadorLUZ
    statechart.o(.text) refers to rtc.o(.bss) for Clock
    statechart.o(.text) refers to main.o(.data) for DATOS
    statechart.o(.text) refers to touchpanel.o(.text) for Read_Ads7846
    statechart.o(.text) refers to wdt.o(.text) for alimentaWDT
    statechart.o(.text) refers to lut.o(.text) for goto_LUT
    statechart.o(.text) refers to dac.o(.text) for activarDac
    statechart.o(.text) refers to ufono.o(.text) for lanzaUFONO
    touchpanel.o(.text) refers to lpc17xx_pinsel.o(.text) for PINSEL_ConfigPin
    touchpanel.o(.text) refers to lpc17xx_gpio.o(.text) for GPIO_SetDir
    touchpanel.o(.text) refers to lpc17xx_ssp.o(.text) for SSP_ConfigStructInit
    touchpanel.o(.text) refers to wdt.o(.text) for alimentaWDT
    touchpanel.o(.text) refers to glcd.o(.text) for LCD_SetPoint
    touchpanel.o(.text) refers to memseta.o(.text) for __aeabi_memclr4
    touchpanel.o(.text) refers to touchpanel.o(.data) for screen
    touchpanel.o(.text) refers to dflti.o(.text) for __aeabi_i2d
    touchpanel.o(.text) refers to cdcmple.o(.text) for __aeabi_cdcmpeq
    touchpanel.o(.text) refers to dfltui.o(.text) for __aeabi_ui2d
    touchpanel.o(.text) refers to dmul.o(.text) for __aeabi_dmul
    touchpanel.o(.text) refers to dadd.o(.text) for __aeabi_dadd
    touchpanel.o(.text) refers to ddiv.o(.text) for __aeabi_ddiv
    touchpanel.o(.text) refers to dfixui.o(.text) for __aeabi_d2uiz
[...]
    tout                                     0x2007c044   Data           4  emac_lpc17xx_lan8720.o(.data)
    id1                                      0x2007c048   Data           4  emac_lpc17xx_lan8720.o(.data)
    id2                                      0x2007c04c   Data           4  emac_lpc17xx_lan8720.o(.data)
    .data                                    0x2007c050   Section      444  statechart.o(.data)
    .data                                    0x2007c210   Section       76  touchpanel.o(.data)
    screen                                   0x2007c254   Data           4  touchpanel.o(.data)
    .data                                    0x2007c25c   Section        4  system_lpc17xx.o(.data)
    .data                                    0x2007c260   Section       23  onewire.o(.data)
    .data                                    0x2007c278   Section       12  ufono.o(.data)
    .data                                    0x2007c284   Section        4  dma.o(.data)
    .data                                    0x2007c288   Section        8  uart3.o(.data)
    _prx                                     0x2007c288   Data           4  uart3.o(.data)
    _ptx                                     0x2007c28c   Data           4  uart3.o(.data)
    .data                                    0x2007c290   Section       12  at_http.o(.data)
    session                                  0x2007c290   Data           1  at_http.o(.data)
    cgi                                      0x2007c294   Data           8  at_http.o(.data)
    .data                                    0x2007c29c   Section        4  errno.o(.data)
    _errno                                   0x2007c29c   Data           4  errno.o(.data)
    .bss                                     0x2007c2a0   Section    13292  net_config.o(.bss)
    mem_pool                                 0x2007c2a0   Data       12000  net_config.o(.bss)
    arp_table                                0x2007f180   Data         140  net_config.o(.bss)
    udp_scb                                  0x2007f20c   Data          24  net_config.o(.bss)
    tcp_scb                                  0x2007f224   Data         816  net_config.o(.bss)
    http_scb                                 0x2007f554   Data         312  net_config.o(.bss)
    .bss                                     0x2007f690   Section    10852  emac_lpc17xx_lan8720.o(.bss)
    Rx_Desc                                  0x2007f690   Data          32  emac_lpc17xx_lan8720.o(.bss)
    Rx_Stat                                  0x2007f6b0   Data          32  emac_lpc17xx_lan8720.o(.bss)
    Tx_Desc                                  0x2007f6d0   Data          24  emac_lpc17xx_lan8720.o(.bss)
    Tx_Stat                                  0x2007f6e8   Data          12  emac_lpc17xx_lan8720.o(.bss)
    rx_buf                                   0x2007f6f4   Data        6144  emac_lpc17xx_lan8720.o(.bss)
    tx_buf                                   0x20080ef4   Data        4608  emac_lpc17xx_lan8720.o(.bss)
    .bss                                     0x200820f4   Section       12  touchpanel.o(.bss)
    .bss                                     0x20082100   Section       52  main.o(.bss)
    .bss                                     0x20082134   Section       16  dma.o(.bss)
    .bss                                     0x20082144   Section      242  uart3.o(.bss)
    .bss                                     0x20082238   Section       16  at_icmp.o(.bss)
    icmp_control                             0x20082238   Data          16  at_icmp.o(.bss)

    Global Symbols

    Symbol Name                              Value     Ov Type        Size  Object(Section)

    BuildAttributes$$THM_ISAv4$P$D$K$B$S$PE$A:L22UL41UL21$X:L11$S22US41US21$IEEE1$IW$USESV6$~STKCKD$USESV7$~SHL$OTIME$ROPI$IEEEX$EBA8$MICROLIB$REQ8$PRES8$EABIv2 0x00000000   Number         0  anon$$obj.o ABSOLUTE
    __ARM_use_no_argv                        0x00000000   Number         0  main.o ABSOLUTE
    __Vectors                                0x00000000   Data           4  startup_lpc17xx.o(RESET)
    _printf_a                                0x00000000   Number         0  stubs.o ABSOLUTE
    _printf_c                                0x00000000   Number         0  stubs.o ABSOLUTE
    _printf_charcount                        0x00000000   Number         0  stubs.o ABSOLUTE
    _printf_d                                0x00000000   Number         0  stubs.o ABSOLUTE
    _printf_e                                0x00000000   Number         0  stubs.o ABSOLUTE
    _printf_f                                0x00000000   Number         0  stubs.o ABSOLUTE
    _printf_flags                            0x00000000   Number         0  stubs.o ABSOLUTE
    _printf_fp_dec                           0x00000000   Number         0  stubs.o ABSOLUTE
    _printf_fp_hex                           0x00000000   Number         0  stubs.o ABSOLUTE
    _printf_g                                0x00000000   Number         0  stubs.o ABSOLUTE
    _printf_i                                0x00000000   Number         0  stubs.o ABSOLUTE
    _printf_int_dec                          0x00000000   Number         0  stubs.o ABSOLUTE
    _printf_l                                0x00000000   Number         0  stubs.o ABSOLUTE
    _printf_lc                               0x00000000   Number         0  stubs.o ABSOLUTE
    _printf_ll                               0x00000000   Number         0  stubs.o ABSOLUTE
    _printf_lld                              0x00000000   Number         0  stubs.o ABSOLUTE
    _printf_lli                              0x00000000   Number         0  stubs.o ABSOLUTE
    _printf_llo                              0x00000000   Number         0  stubs.o ABSOLUTE
    _printf_llu                              0x00000000   Number         0  stubs.o ABSOLUTE
    _printf_llx                              0x00000000   Number         0  stubs.o ABSOLUTE
    _printf_longlong_dec                     0x00000000   Number         0  stubs.o ABSOLUTE
    _printf_longlong_hex                     0x00000000   Number         0  stubs.o ABSOLUTE
    _printf_longlong_oct                     0x00000000   Number         0  stubs.o ABSOLUTE
    _printf_ls                               0x00000000   Number         0  stubs.o ABSOLUTE
    _printf_mbtowc                           0x00000000   Number         0  stubs.o ABSOLUTE
    _printf_n                                0x00000000   Number         0  stubs.o ABSOLUTE
    _printf_o                                0x00000000   Number         0  stubs.o ABSOLUTE
    _printf_p                                0x00000000   Number         0  stubs.o ABSOLUTE
    _printf_percent                          0x00000000   Number         0  stubs.o ABSOLUTE
    _printf_pre_padding                      0x00000000   Number         0  stubs.o ABSOLUTE
    _printf_return_value                     0x00000000   Number         0  stubs.o ABSOLUTE
    _printf_s                                0x00000000   Number         0  stubs.o ABSOLUTE
    _printf_sizespec                         0x00000000   Number         0  stubs.o ABSOLUTE
    _printf_str                              0x00000000   Number         0  stubs.o ABSOLUTE
    _printf_truncate_signed                  0x00000000   Number         0  stubs.o ABSOLUTE
    _printf_truncate_unsigned                0x00000000   Number         0  stubs.o ABSOLUTE
    _printf_u                                0x00000000   Number         0  stubs.o ABSOLUTE
    _printf_wc                               0x00000000   Number         0  stubs.o ABSOLUTE
    _printf_wctomb                           0x00000000   Number         0  stubs.o ABSOLUTE
    _printf_widthprec                        0x00000000   Number         0  stubs.o ABSOLUTE
    _printf_x                                0x00000000   Number         0  stubs.o ABSOLUTE
    __cpp_initialize__aeabi_                  - Undefined Weak Reference
    __cxa_finalize                            - Undefined Weak Reference
    _clock_init                               - Undefined Weak Reference
    _microlib_exit                            - Undefined Weak Reference
    _scanf_int                                - Undefined Weak Reference
    _scanf_longlong                           - Undefined Weak Reference
    _scanf_real                               - Undefined Weak Reference
    poll_ethernet                             - Undefined Weak Reference
    __main                                   0x000000cd   Thumb Code     0  entry.o(.ARM.Collect$$$$00000000)
    _main_stk                                0x000000cd   Thumb Code     0  entry2.o(.ARM.Collect$$$$00000001)
    _main_scatterload                        0x000000d1   Thumb Code     0  entry5.o(.ARM.Collect$$$$00000004)
    __main_after_scatterload                 0x000000d5   Thumb Code     0  entry5.o(.ARM.Collect$$$$00000004)
    _main_clock                              0x000000d5   Thumb Code     0  entry7b.o(.ARM.Collect$$$$00000008)
    _main_cpp_init                           0x000000d5   Thumb Code     0  entry8b.o(.ARM.Collect$$$$0000000A)
    _main_init                               0x000000d5   Thumb Code     0  entry9a.o(.ARM.Collect$$$$0000000B)
    __rt_final_cpp                           0x000000dd   Thumb Code     0  entry10a.o(.ARM.Collect$$$$0000000D)
    __rt_final_exit                          0x000000dd   Thumb Code     0  entry11a.o(.ARM.Collect$$$$0000000F)
    alimentaWDT                              0x000000e1   Thumb Code    12  wdt.o(.text)
    __configuraWDT__                         0x000000ed   Thumb Code    22  wdt.o(.text)
    __configuraAnemometro__                  0x00000109   Thumb Code   148  anemometro.o(.text)
    mideAnemometro                           0x0000019d   Thumb Code   192  anemometro.o(.text)
    __configuraWEB__                         0x0000028d   Thumb Code     8  http_source.o(.text)
    __mantenerTCP__                          0x00000295   Thumb Code     8  http_source.o(.text)
    main                                     0x0000029d   Thumb Code    16  main.o(.text)
    Reset_Handler                            0x000002ad   Thumb Code     8  startup_lpc17xx.o(.text)
    NMI_Handler                              0x000002b5   Thumb Code     2  startup_lpc17xx.o(.text)
    HardFault_Handler                        0x000002b7   Thumb Code     2  startup_lpc17xx.o(.text)
    MemManage_Handler                        0x000002b9   Thumb Code     2  startup_lpc17xx.o(.text)
    BusFault_Handler                         0x000002bb   Thumb Code     2  startup_lpc17xx.o(.text)
    UsageFault_Handler                       0x000002bd   Thumb Code     2  startup_lpc17xx.o(.text)
    SVC_Handler                              0x000002bf   Thumb Code     2  startup_lpc17xx.o(.text)
    DebugMon_Handler                         0x000002c1   Thumb Code     2  startup_lpc17xx.o(.text)
    PendSV_Handler                           0x000002c3   Thumb Code     2  startup_lpc17xx.o(.text)
    BOD_IRQHandler                           0x000002c7   Thumb Code     0  startup_lpc17xx.o(.text)
    CANActivity_IRQHandler                   0x000002c7   Thumb Code     0  startup_lpc17xx.o(.text)
    CAN_IRQHandler                           0x000002c7   Thumb Code     0  startup_lpc17xx.o(.text)
    DMA_IRQHandler                           0x000002c7   Thumb Code     0  startup_lpc17xx.o(.text)
    EINT0_IRQHandler                         0x000002c7   Thumb Code     0  startup_lpc17xx.o(.text)
    EINT1_IRQHandler                         0x000002c7   Thumb Code     0  startup_lpc17xx.o(.text)
    EINT2_IRQHandler                         0x000002c7   Thumb Code     0  startup_lpc17xx.o(.text)
    EINT3_IRQHandler                         0x000002c7   Thumb Code     0  startup_lpc17xx.o(.text)
    I2C0_IRQHandler                          0x000002c7   Thumb Code     0  startup_lpc17xx.o(.text)
    I2C1_IRQHandler                          0x000002c7   Thumb Code     0  startup_lpc17xx.o(.text)
    I2C2_IRQHandler                          0x000002c7   Thumb Code     0  startup_lpc17xx.o(.text)
    I2S_IRQHandler                           0x000002c7   Thumb Code     0  startup_lpc17xx.o(.text)
    MCPWM_IRQHandler                         0x000002c7   Thumb Code     0  startup_lpc17xx.o(.text)
    PLL0_IRQHandler                          0x000002c7   Thumb Code     0  startup_lpc17xx.o(.text)
    PLL1_IRQHandler                          0x000002c7   Thumb Code     0  startup_lpc17xx.o(.text)
    PWM1_IRQHandler                          0x000002c7   Thumb Code     0  startup_lpc17xx.o(.text)
    QEI_IRQHandler                           0x000002c7   Thumb Code     0  startup_lpc17xx.o(.text)
    RIT_IRQHandler                           0x000002c7   Thumb Code     0  startup_lpc17xx.o(.text)
    SPI_IRQHandler                           0x000002c7   Thumb Code     0  startup_lpc17xx.o(.text)
    SSP0_IRQHandler                          0x000002c7   Thumb Code     0  startup_lpc17xx.o(.text)
    SSP1_IRQHandler                          0x000002c7   Thumb Code     0  startup_lpc17xx.o(.text)
    TIMER3_IRQHandler                        0x000002c7   Thumb Code     0  startup_lpc17xx.o(.text)
    UART1_IRQHandler                         0x000002c7   Thumb Code     0  startup_lpc17xx.o(.text)
    UART2_IRQHandler                         0x000002c7   Thumb Code     0  startup_lpc17xx.o(.text)
    USBActivity_IRQHandler                   0x000002c7   Thumb Code     0  startup_lpc17xx.o(.text)
    USB_IRQHandler                           0x000002c7   Thumb Code     0  startup_lpc17xx.o(.text)
    WDT_IRQHandler                           0x000002c7   Thumb Code     0  startup_lpc17xx.o(.text)
    __configuraUVA30A__                      0x000002d1   Thumb Code    36  uva30a.o(.text)
    __configuraPWM__                         0x00000301   Thumb Code   384  pwm.o(.text)
    __RL_TCP_VER                             0x00000472   Number         0  at_system.o ABSOLUTE
    modificaPulso                            0x00000481   Thumb Code   240  pwm.o(.text)
    __configuraRTC__                         0x000005a1   Thumb Code   164  rtc.o(.text)
    RTC_IRQHandler                           0x00000645   Thumb Code    72  rtc.o(.text)
    sys_error                                0x000006dd   Thumb Code    36  net_config.o(.text)
    init_system                              0x00000701   Thumb Code    34  net_config.o(.text)
    run_system                               0x00000723   Thumb Code    26  net_config.o(.text)
    igmp_is_member                           0x0000073d   Thumb Code     4  net_config.o(.text)
    igmp_process                             0x00000741   Thumb Code     2  net_config.o(.text)
    dhcp_disable                             0x00000743   Thumb Code     2  net_config.o(.text)
    ppp_send_frame                           0x00000745   Thumb Code     4  net_config.o(.text)
    slip_send_frame                          0x00000749   Thumb Code     4  net_config.o(.text)
    sntp_get_time                            0x0000074d   Thumb Code     4  net_config.o(.text)
    cgi_process_var                          0x00000751   Thumb Code     2  http_cgi.o(.text)
    cgi_process_data                         0x00000753   Thumb Code     2  http_cgi.o(.text)
    cgi_func                                 0x00000755   Thumb Code   482  http_cgi.o(.text)
    int_enable_eth                           0x00000981   Thumb Code    24  emac_lpc17xx_lan8720.o(.text)
    int_disable_eth                          0x00000999   Thumb Code    18  emac_lpc17xx_lan8720.o(.text)
    setMac                                   0x000009ab   Thumb Code   182  emac_lpc17xx_lan8720.o(.text)
    init_ethernet                            0x00000b71   Thumb Code   724  emac_lpc17xx_lan8720.o(.text)
    send_frame                               0x00000e45   Thumb Code    70  emac_lpc17xx_lan8720.o(.text)
    ENET_IRQHandler                          0x00000e8b   Thumb Code   156  emac_lpc17xx_lan8720.o(.text)
    zoneNewPressed                           0x00000f51   Thumb Code   114  statechart.o(.text)
    squareButton                             0x00000fc3   Thumb Code   226  statechart.o(.text)
    __pintaAjustes__                         0x000010a5   Thumb Code   284  statechart.o(.text)
    __pintaMedidas2__                        0x000011c1   Thumb Code   252  statechart.o(.text)
    __pintaMedidas1__                        0x000012bd   Thumb Code   690  statechart.o(.text)
    __pintaInicio__                          0x0000156f   Thumb Code   264  statechart.o(.text)
    checkTouchPanel                          0x00001677   Thumb Code    36  statechart.o(.text)
    __mainLoop__                             0x0000169b   Thumb Code  1036  statechart.o(.text)
    __configuraLCD__                         0x00001aa7   Thumb Code    12  statechart.o(.text)
    TP_Init                                  0x00001af5   Thumb Code   176  touchpanel.o(.text)
    Read_X                                   0x00001c25   Thumb Code    42  touchpanel.o(.text)
    Read_Y                                   0x00001c4f   Thumb Code    42  touchpanel.o(.text)
    TP_GetAdXY                               0x00001c79   Thumb Code    34  touchpanel.o(.text)
    TP_DrawPoint                             0x00001c9b   Thumb Code    64  touchpanel.o(.text)
    DrawCross                                0x00001cdb   Thumb Code   356  touchpanel.o(.text)
    Read_Ads7846                             0x00001e3f   Thumb Code   520  touchpanel.o(.text)
    setCalibrationMatrix                     0x00002047   Thumb Code   356  touchpanel.o(.text)
    getDisplayPoint                          0x000021ab   Thumb Code   238  touchpanel.o(.text)
    TouchPanel_Calibrate                     0x00002299   Thumb Code   108  touchpanel.o(.text)
    SystemCoreClockUpdate                    0x00002339   Thumb Code   424  system_lpc17xx.o(.text)
    SystemInit                               0x000024e1   Thumb Code   290  system_lpc17xx.o(.text)
    __iniciaVariables__                      0x00002651   Thumb Code    72  configura.o(.text)
    __configuraPrograma__                    0x00002699   Thumb Code   128  configura.o(.text)
    __configuraSysTick__                     0x00002765   Thumb Code    80  timers.o(.text)
    __configuraTimer0__                      0x000027b5   Thumb Code    94  timers.o(.text)
    SysTick_Handler                          0x00002813   Thumb Code    58  timers.o(.text)
    TIMER0_IRQHandler                        0x00002951   Thumb Code    82  timers.o(.text)
    TIMER1_IRQHandler                        0x000029a3   Thumb Code    78  timers.o(.text)
    TIMER2_IRQHandler                        0x000029f1   Thumb Code     2  timers.o(.text)
    ErrorRx                                  0x00002a45   Thumb Code     2  onewire.o(.text)
    InvalidChecksum                          0x00002a47   Thumb Code    32  onewire.o(.text)
    OWConfiguraEntrada                       0x00002a67   Thumb Code    24  onewire.o(.text)
    OWSetPin                                 0x00002a7f   Thumb Code    32  onewire.o(.text)
    OWConfiguraSalida                        0x00002a9f   Thumb Code    26  onewire.o(.text)
    StateChartOneWire                        0x00002ab9   Thumb Code   494  onewire.o(.text)
    mideTemperatura                          0x00002ca7   Thumb Code    58  onewire.o(.text)
    __configuraOW__                          0x00002ce1   Thumb Code    16  onewire.o(.text)
    __configuraLDR__                         0x00002d39   Thumb Code   124  ldr.o(.text)
    ADC_IRQHandler                           0x00002db5   Thumb Code   292  ldr.o(.text)
    __configuraUFONO__                       0x00002f21   Thumb Code    56  ufono.o(.text)
    lanzaUFONO                               0x00002f59   Thumb Code   122  ufono.o(.text)
    recuperaContexto                         0x00002fd3   Thumb Code    56  ufono.o(.text)
    __configuraDAC__                         0x00003029   Thumb Code    44  dac.o(.text)
    escribirEnDac                            0x00003055   Thumb Code    52  dac.o(.text)
    activarDac                               0x00003089   Thumb Code    40  dac.o(.text)
    desactivarDAC                            0x000030b1   Thumb Code    56  dac.o(.text)
    goto_LUT                                 0x00003105   Thumb Code   220  lut.o(.text)
    crearSeno                                0x000031e1   Thumb Code   116  lut.o(.text)
    __configuraDMA__                         0x00003285   Thumb Code    94  dma.o(.text)
    SSP_Init                                 0x0000338f   Thumb Code   100  lpc17xx_ssp.o(.text)
    SSP_DeInit                               0x000033f3   Thumb Code    60  lpc17xx_ssp.o(.text)
    SSP_GetDataSize                          0x0000342f   Thumb Code    34  lpc17xx_ssp.o(.text)
    SSP_ConfigStructInit                     0x00003451   Thumb Code    22  lpc17xx_ssp.o(.text)
    SSP_Cmd                                  0x00003467   Thumb Code    68  lpc17xx_ssp.o(.text)
    SSP_LoopBackCmd                          0x000034ab   Thumb Code    68  lpc17xx_ssp.o(.text)
    SSP_SlaveOutputCmd                       0x000034ef   Thumb Code    72  lpc17xx_ssp.o(.text)
    SSP_SendData                             0x00003537   Thumb Code    36  lpc17xx_ssp.o(.text)
    SSP_ReceiveData                          0x0000355b   Thumb Code    34  lpc17xx_ssp.o(.text)
    SSP_ReadWrite                            0x0000357d   Thumb Code   604  lpc17xx_ssp.o(.text)
    SSP_GetStatus                            0x000037d9   Thumb Code    80  lpc17xx_ssp.o(.text)
    SSP_IntConfig                            0x00003829   Thumb Code    58  lpc17xx_ssp.o(.text)
    SSP_GetRawIntStatus                      0x00003863   Thumb Code    76  lpc17xx_ssp.o(.text)
    SSP_GetRawIntStatusReg                   0x000038af   Thumb Code    34  lpc17xx_ssp.o(.text)
    SSP_GetIntStatus                         0x000038d1   Thumb Code    76  lpc17xx_ssp.o(.text)
    SSP_ClearIntPending                      0x0000391d   Thumb Code    58  lpc17xx_ssp.o(.text)
    SSP_DMACmd                               0x00003957   Thumb Code   100  lpc17xx_ssp.o(.text)
    PINSEL_ConfigTraceFunc                   0x00003a6b   Thumb Code    34  lpc17xx_pinsel.o(.text)
    PINSEL_SetI2C0Pins                       0x00003a8d   Thumb Code    16  lpc17xx_pinsel.o(.text)
    PINSEL_ConfigPin                         0x00003a9d   Thumb Code    36  lpc17xx_pinsel.o(.text)
    GPIO_SetDir                              0x00003b61   Thumb Code    40  lpc17xx_gpio.o(.text)
    GPIO_SetValue                            0x00003b89   Thumb Code    20  lpc17xx_gpio.o(.text)
    GPIO_ClearValue                          0x00003b9d   Thumb Code    20  lpc17xx_gpio.o(.text)
    GPIO_ReadValue                           0x00003bb1   Thumb Code    22  lpc17xx_gpio.o(.text)
    GPIO_IntCmd                              0x00003bc7   Thumb Code    54  lpc17xx_gpio.o(.text)
    GPIO_GetIntStatus                        0x00003bfd   Thumb Code    86  lpc17xx_gpio.o(.text)
    GPIO_ClearInt                            0x00003c53   Thumb Code    24  lpc17xx_gpio.o(.text)
    FIO_SetDir                               0x00003c6b   Thumb Code    20  lpc17xx_gpio.o(.text)
    FIO_SetValue                             0x00003c7f   Thumb Code    16  lpc17xx_gpio.o(.text)
    FIO_ClearValue                           0x00003c8f   Thumb Code    16  lpc17xx_gpio.o(.text)
    FIO_ReadValue                            0x00003c9f   Thumb Code    12  lpc17xx_gpio.o(.text)
    FIO_IntCmd                               0x00003cab   Thumb Code    20  lpc17xx_gpio.o(.text)
    FIO_GetIntStatus                         0x00003cbf   Thumb Code    20  lpc17xx_gpio.o(.text)
    FIO_ClearInt                             0x00003cd3   Thumb Code    16  lpc17xx_gpio.o(.text)
    FIO_SetMask                              0x00003ce3   Thumb Code    40  lpc17xx_gpio.o(.text)
    FIO_HalfWordSetDir                       0x00003d0b   Thumb Code    62  lpc17xx_gpio.o(.text)
    FIO_HalfWordSetMask                      0x00003d49   Thumb Code    62  lpc17xx_gpio.o(.text)
    FIO_HalfWordSetValue                     0x00003d87   Thumb Code    32  lpc17xx_gpio.o(.text)
    FIO_HalfWordClearValue                   0x00003da7   Thumb Code    32  lpc17xx_gpio.o(.text)
    FIO_HalfWordReadValue                    0x00003dc7   Thumb Code    30  lpc17xx_gpio.o(.text)
    FIO_ByteSetDir                           0x00003de5   Thumb Code    50  lpc17xx_gpio.o(.text)
    FIO_ByteSetMask                          0x00003e17   Thumb Code    66  lpc17xx_gpio.o(.text)
    FIO_ByteSetValue                         0x00003e59   Thumb Code    34  lpc17xx_gpio.o(.text)
    FIO_ByteClearValue                       0x00003e7b   Thumb Code    34  lpc17xx_gpio.o(.text)
    FIO_ByteReadValue                        0x00003e9d   Thumb Code    76  lpc17xx_gpio.o(.text)
    CLKPWR_SetPCLKDiv                        0x00003ee9   Thumb Code   106  lpc17xx_clkpwr.o(.text)
    CLKPWR_GetPCLKSEL                        0x00003f53   Thumb Code    32  lpc17xx_clkpwr.o(.text)
    CLKPWR_GetPCLK                           0x00003f73   Thumb Code    58  lpc17xx_clkpwr.o(.text)
    CLKPWR_ConfigPPWR                        0x00003fad   Thumb Code    50  lpc17xx_clkpwr.o(.text)
    CLKPWR_Sleep                             0x00003fdf   Thumb Code    10  lpc17xx_clkpwr.o(.text)
    CLKPWR_DeepSleep                         0x00003fe9   Thumb Code    16  lpc17xx_clkpwr.o(.text)
    CLKPWR_PowerDown                         0x00003ff9   Thumb Code    16  lpc17xx_clkpwr.o(.text)
    CLKPWR_DeepPowerDown                     0x00004009   Thumb Code    16  lpc17xx_clkpwr.o(.text)
    check_failed                             0x00004039   Thumb Code     4  lpc17xx_libcfg_default.o(.text)
    GetASCIICode                             0x0000403d   Thumb Code    26  asciilib.o(.text)
    LCD_Initializtion                        0x000040a7   Thumb Code 63088  glcd.o(.text)
    LCD_Clear                                0x00013717   Thumb Code  2744  glcd.o(.text)
    LCD_GetPoint                             0x000141e9   Thumb Code  2218  glcd.o(.text)
    LCD_SetPoint                             0x00014a93   Thumb Code  1304  glcd.o(.text)
    LCD_DrawLine                             0x00014fab   Thumb Code   250  glcd.o(.text)
    PutChar                                  0x000150a5   Thumb Code   100  glcd.o(.text)
    GUI_Text                                 0x00015109   Thumb Code    80  glcd.o(.text)
    __configuraUART0__                       0x0001515d   Thumb Code   112  uart0.o(.text)
    UART0_MandaBufferTx                      0x000151cf   Thumb Code    42  uart0.o(.text)
    procesarComando                          0x000151f9   Thumb Code   350  uart0.o(.text)
    UART0_IRQHandler                         0x000153c5   Thumb Code    44  uart0.o(.text)
    __configuraUART3__                       0x00015599   Thumb Code   114  uart3.o(.text)
    UART3_MandaBufferTx                      0x00015675   Thumb Code    42  uart3.o(.text)
    UART3_IRQHandler                         0x0001569f   Thumb Code    44  uart3.o(.text)
    __calibraBMP                             0x000156ed   Thumb Code   458  i2c.o(.text)
    __configuraI2C__                         0x000158b7   Thumb Code     8  i2c.o(.text)
    obtenerDato                              0x000158bf   Thumb Code    46  i2c.o(.text)
    mandaDato                                0x000158ed   Thumb Code    28  i2c.o(.text)
    medirBMP                                 0x00015909   Thumb Code   322  i2c.o(.text)
    procesarDato                             0x00015a4b   Thumb Code    38  i2c.o(.text)
    pedirDato                                0x00015a71   Thumb Code    52  i2c.o(.text)
    irRegistro                               0x00015aa5   Thumb Code    20  i2c.o(.text)
    pedirDatoReg                             0x00015ab9   Thumb Code    22  i2c.o(.text)
    I2Cdelay                                 0x00015af1   Thumb Code    14  i2clib.o(.text)
    pulso_SCL                                0x00015aff   Thumb Code    24  i2clib.o(.text)
    I2CSendByte                              0x00015b17   Thumb Code    74  i2clib.o(.text)
    I2CSendAddr                              0x00015b61   Thumb Code    80  i2clib.o(.text)
    I2CGetByte                               0x00015bb1   Thumb Code   100  i2clib.o(.text)
    I2CSendStop                              0x00015c15   Thumb Code    34  i2clib.o(.text)
    __aeabi_uldivmod                         0x00015c3d   Thumb Code    98  uldiv.o(.text)
    __aeabi_memcpy                           0x00015c9f   Thumb Code    36  memcpya.o(.text)
    __aeabi_memcpy4                          0x00015c9f   Thumb Code     0  memcpya.o(.text)
    __aeabi_memcpy8                          0x00015c9f   Thumb Code     0  memcpya.o(.text)
    __aeabi_memset                           0x00015cc3   Thumb Code    14  memseta.o(.text)
    __aeabi_memset4                          0x00015cc3   Thumb Code     0  memseta.o(.text)
    __aeabi_memset8                          0x00015cc3   Thumb Code     0  memseta.o(.text)
    __aeabi_memclr                           0x00015cd1   Thumb Code     4  memseta.o(.text)
    __aeabi_memclr4                          0x00015cd1   Thumb Code     0  memseta.o(.text)
    __aeabi_memclr8                          0x00015cd1   Thumb Code     0  memseta.o(.text)
    _memset$wrapper                          0x00015cd5   Thumb Code    18  memseta.o(.text)
    strlen                                   0x00015ce7   Thumb Code    14  strlen.o(.text)
    strcmp                                   0x00015cf5   Thumb Code    28  strcmp.o(.text)
    strcpy                                   0x00015d11   Thumb Code    18  strcpy.o(.text)
    __0sscanf                                0x00015d25   Thumb Code    48  __0sscanf.o(.text)
    _scanf_string                            0x00015d5d   Thumb Code   218  _scanf_str.o(.text)
    atoi                                     0x00015e37   Thumb Code    26  atoi.o(.text)
    __aeabi_fadd                             0x00015e51   Thumb Code   164  fadd.o(.text)
    __aeabi_fsub                             0x00015ef5   Thumb Code     6  fadd.o(.text)
    __aeabi_frsub                            0x00015efb   Thumb Code     6  fadd.o(.text)
    __aeabi_fmul                             0x00015f01   Thumb Code   108  fmul.o(.text)
    __aeabi_fdiv                             0x00015f6d   Thumb Code   128  fdiv.o(.text)
    __aeabi_dadd                             0x00015fed   Thumb Code   322  dadd.o(.text)
    __aeabi_dsub                             0x0001612f   Thumb Code     6  dadd.o(.text)
    __aeabi_drsub                            0x00016135   Thumb Code     6  dadd.o(.text)
    __aeabi_dmul                             0x0001613b   Thumb Code   228  dmul.o(.text)
    __aeabi_ddiv                             0x0001621f   Thumb Code   222  ddiv.o(.text)
    __aeabi_i2f                              0x000162fd   Thumb Code    18  fflti.o(.text)
    __aeabi_ui2f                             0x0001630f   Thumb Code    10  ffltui.o(.text)
    __aeabi_i2d                              0x00016319   Thumb Code    34  dflti.o(.text)
    __aeabi_ui2d                             0x0001633b   Thumb Code    26  dfltui.o(.text)
    __aeabi_f2uiz                            0x00016355   Thumb Code    40  ffixui.o(.text)
    __aeabi_d2uiz                            0x0001637d   Thumb Code    50  dfixui.o(.text)
    __aeabi_f2d                              0x000163af   Thumb Code    38  f2d.o(.text)
    __aeabi_cdcmpeq                          0x000163d5   Thumb Code     0  cdcmple.o(.text)
    __aeabi_cdcmple                          0x000163d5   Thumb Code    38  cdcmple.o(.text)
    __aeabi_cdrcmple                         0x000163fd   Thumb Code    38  cdrcmple.o(.text)
    __aeabi_d2f                              0x00016425   Thumb Code    56  d2f.o(.text)
    __aeabi_cfcmpeq                          0x0001645d   Thumb Code     0  cfcmple.o(.text)
    __aeabi_cfcmple                          0x0001645d   Thumb Code    20  cfcmple.o(.text)
    __aeabi_uidiv                            0x00016471   Thumb Code     0  uidiv.o(.text)
    __aeabi_uidivmod                         0x00016471   Thumb Code    44  uidiv.o(.text)
    __aeabi_llsl                             0x0001649d   Thumb Code    30  llshl.o(.text)
    _ll_shift_l                              0x0001649d   Thumb Code     0  llshl.o(.text)
    __aeabi_llsr                             0x000164bb   Thumb Code    32  llushr.o(.text)
    _ll_ushift_r                             0x000164bb   Thumb Code     0  llushr.o(.text)
    __aeabi_lasr                             0x000164db   Thumb Code    36  llsshr.o(.text)
    _ll_sshift_r                             0x000164db   Thumb Code     0  llsshr.o(.text)
    __vfscanf_char                           0x0001650d   Thumb Code    20  scanf_char.o(.text)
    _sgetc                                   0x00016529   Thumb Code    30  _sgetc.o(.text)
    _sbackspace                              0x00016547   Thumb Code    34  _sgetc.o(.text)
    strtol                                   0x00016569   Thumb Code   112  strtol.o(.text)
    __I$use$fp                               0x000165d9   Thumb Code     0  iusefp.o(.text)
    _float_round                             0x000165d9   Thumb Code    18  fepilogue.o(.text)
    _float_epilogue                          0x000165eb   Thumb Code    90  fepilogue.o(.text)
    _double_round                            0x00016645   Thumb Code    26  depilogue.o(.text)
    _double_epilogue                         0x0001665f   Thumb Code   164  depilogue.o(.text)
    __ARM_scalbn                             0x00016703   Thumb Code    46  dscalb.o(.text)
    scalbn                                   0x00016703   Thumb Code     0  dscalb.o(.text)
    __aeabi_d2ulz                            0x00016731   Thumb Code    48  dfixul.o(.text)
    __scatterload                            0x00016761   Thumb Code    28  init.o(.text)
    __scatterload_rt2                        0x00016761   Thumb Code     0  init.o(.text)
    __rt_ctype_table                         0x00016785   Thumb Code     4  ctype_o.o(.text)
    isspace                                  0x0001678d   Thumb Code    18  isspace_o.o(.text)
    __vfscanf                                0x000167a1   Thumb Code   806  _scanf.o(.text)
    _strtoul                                 0x00016acd   Thumb Code   158  _strtoul.o(.text)
    __aeabi_d2iz                             0x00016b6b   Thumb Code    62  dfixi.o(.text)
    _chval                                   0x00016ba9   Thumb Code    28  _chval.o(.text)
    __decompress                             0x00016bc5   Thumb Code     0  __dczerorl2.o(.text)
    __decompress1                            0x00016bc5   Thumb Code    92  __dczerorl2.o(.text)
    __0sprintf                               0x00016c21   Thumb Code    34  printfa.o(i.__0sprintf)
    __1sprintf                               0x00016c21   Thumb Code     0  printfa.o(i.__0sprintf)
    __2sprintf                               0x00016c21   Thumb Code     0  printfa.o(i.__0sprintf)
    __c89sprintf                             0x00016c21   Thumb Code     0  printfa.o(i.__0sprintf)
    sprintf                                  0x00016c21   Thumb Code     0  printfa.o(i.__0sprintf)
    __ARM_fpclassify                         0x00016c49   Thumb Code    40  fpclassify.o(i.__ARM_fpclassify)
    __aeabi_errno_addr                       0x00016c71   Thumb Code     4  errno.o(i.__aeabi_errno_addr)
    __rt_errno_addr                          0x00016c71   Thumb Code     0  errno.o(i.__aeabi_errno_addr)
    __ieee754_rem_pio2                       0x00016c79   Thumb Code   832  rred.o(i.__ieee754_rem_pio2)
    __kernel_cos                             0x00017001   Thumb Code   230  cos_i.o(i.__kernel_cos)
    __kernel_poly                            0x000170fd   Thumb Code   170  poly.o(i.__kernel_poly)
    __kernel_sin                             0x000171a9   Thumb Code   224  sin_i.o(i.__kernel_sin)
    __mathlib_dbl_underflow                  0x00017295   Thumb Code    10  dunder.o(i.__mathlib_dbl_underflow)
    __scatterload_copy                       0x000172a5   Thumb Code    14  handlers.o(i.__scatterload_copy)
    __scatterload_null                       0x000172b3   Thumb Code     2  handlers.o(i.__scatterload_null)
    __scatterload_zeroinit                   0x000172b5   Thumb Code    14  handlers.o(i.__scatterload_zeroinit)
    __set_errno                              0x000172c5   Thumb Code     6  errno.o(i.__set_errno)
    alloc_mem                                0x00017bb1   Thumb Code   174  at_mem.o(i.alloc_mem)
    arp_cache_add                            0x00017c69   Thumb Code   174  at_arp.o(i.arp_cache_add)
    arp_cache_early                          0x00017da9   Thumb Code   142  at_arp.o(i.arp_cache_early)
    arp_cache_find                           0x00017e41   Thumb Code   168  at_arp.o(i.arp_cache_find)
    arp_cache_update                         0x00017ef5   Thumb Code   228  at_arp.o(i.arp_cache_update)
    arp_init                                 0x00017fe9   Thumb Code    34  at_arp.o(i.arp_init)
    arp_notify                               0x00018049   Thumb Code    26  at_arp.o(i.arp_notify)
    arp_process                              0x000180f9   Thumb Code   294  at_arp.o(i.arp_process)
    avail_mem                                0x00018389   Thumb Code    22  at_mem.o(i.avail_mem)
    b64_to_asc                               0x000183a5   Thumb Code   120  at_lib.o(i.b64_to_asc)
    calc_chksum16be                          0x0001841d   Thumb Code    18  at_lib.o(i.calc_chksum16be)
    cgx_content_type                         0x0001842f   Thumb Code     4  at_http.o(i.cgx_content_type)
    chksum16_buf                             0x00018601   Thumb Code    40  at_lib.o(i.chksum16_buf)
    chksum16_val                             0x00018629   Thumb Code    10  at_lib.o(i.chksum16_val)
    eth_chk_adr                              0x00018679   Thumb Code    10  at_ethernet.o(i.eth_chk_adr)
    eth_init_link                            0x00018689   Thumb Code    40  at_ethernet.o(i.eth_init_link)
    eth_run_link                             0x000186bd   Thumb Code   194  at_ethernet.o(i.eth_run_link)
    eth_send_frame                           0x00018791   Thumb Code   150  at_ethernet.o(i.eth_send_frame)
    free_mem                                 0x00018839   Thumb Code   124  at_mem.o(i.free_mem)
    get_rnd32                                0x000189a9   Thumb Code    18  at_system.o(i.get_rnd32)
    http_accept_host                         0x000189c5   Thumb Code     4  at_http.o(i.http_accept_host)
    http_check_account                       0x00018c85   Thumb Code     4  at_http.o(i.http_check_account)
    http_fclose                              0x00018e11   Thumb Code     2  at_http_uif.o(i.http_fclose)
    http_fgets                               0x00018e13   Thumb Code     4  at_http_uif.o(i.http_fgets)
    http_file_access                         0x00018e17   Thumb Code     4  at_http.o(i.http_file_access)
    http_finfo                               0x00018e1b   Thumb Code     4  at_http_uif.o(i.http_finfo)
    http_fopen                               0x00018e1f   Thumb Code     4  at_http_uif.o(i.http_fopen)
    http_fread                               0x00018e23   Thumb Code     4  at_http_uif.o(i.http_fread)
    http_init                                0x00018e29   Thumb Code    72  at_http.o(i.http_init)
    http_run_server                          0x000195e5   Thumb Code   816  at_http.o(i.http_run_server)
    icmp_init                                0x000199e9   Thumb Code    10  at_icmp.o(i.icmp_init)
    icmp_process                             0x000199f9   Thumb Code   198  at_icmp.o(i.icmp_process)
    icmp_run_engine                          0x00019ac5   Thumb Code    58  at_icmp.o(i.icmp_run_engine)
    ifree_mem                                0x00019b7d   Thumb Code    48  at_mem.o(i.ifree_mem)
    init_TcpNet                              0x00019bb5   Thumb Code    38  at_system.o(i.init_TcpNet)
    init_mem                                 0x00019be5   Thumb Code    86  at_mem.o(i.init_mem)
    ip_chk_frame                             0x00019c45   Thumb Code   190  at_ip.o(i.ip_chk_frame)
    ip_get_locadr                            0x00019d19   Thumb Code   166  at_ip.o(i.ip_get_locadr)
    ip_init                                  0x00019dd1   Thumb Code     8  at_ip.o(i.ip_init)
    ip_run_local                             0x00019ddd   Thumb Code    82  at_ip.o(i.ip_run_local)
    ip_send_frame                            0x00019e39   Thumb Code   328  at_ip.o(i.ip_send_frame)
    is_subnet                                0x00019f89   Thumb Code    20  at_lib.o(i.is_subnet)
    main_TcpNet                              0x00019f9d   Thumb Code    86  at_system.o(i.main_TcpNet)
    mem_comp                                 0x0001a001   Thumb Code    24  at_lib.o(i.mem_comp)
    mem_copy                                 0x0001a019   Thumb Code    22  at_lib.o(i.mem_copy)
    mem_crc32                                0x0001a02f   Thumb Code    32  at_lib.o(i.mem_crc32)
    mem_set                                  0x0001a04f   Thumb Code    10  at_lib.o(i.mem_set)
    mem_test                                 0x0001a059   Thumb Code    20  at_lib.o(i.mem_test)
    nrd_u32be                                0x0001a06d   Thumb Code    22  at_lib.o(i.nrd_u32be)
    nwr_u32be                                0x0001a083   Thumb Code    16  at_lib.o(i.nwr_u32be)
    put_in_queue                             0x0001a0bd   Thumb Code    36  at_ethernet.o(i.put_in_queue)
    resize_mem                               0x0001a185   Thumb Code    68  at_mem.o(i.resize_mem)
    sin                                      0x0001a219   Thumb Code   166  sin.o(i.sin)
    str_copy                                 0x0001a2c9   Thumb Code    18  at_lib.o(i.str_copy)
    str_crc32                                0x0001a2db   Thumb Code    26  at_lib.o(i.str_crc32)
    str_pos                                  0x0001a2f5   Thumb Code    22  at_lib.o(i.str_pos)
    str_scomp                                0x0001a30b   Thumb Code    26  at_lib.o(i.str_scomp)
    tcp_abort                                0x0001a325   Thumb Code    76  at_tcp.o(i.tcp_abort)
    tcp_close                                0x0001a375   Thumb Code   150  at_tcp.o(i.tcp_close)
    tcp_get_buf                              0x0001a411   Thumb Code    32  at_tcp.o(i.tcp_get_buf)
    tcp_get_socket                           0x0001a431   Thumb Code    70  at_tcp.o(i.tcp_get_socket)
    tcp_get_state                            0x0001a47d   Thumb Code    32  at_tcp.o(i.tcp_get_state)
    tcp_init                                 0x0001a4a1   Thumb Code    18  at_tcp.o(i.tcp_init)
    tcp_listen                               0x0001a4b9   Thumb Code   102  at_tcp.o(i.tcp_listen)
    tcp_max_dsize                            0x0001a5bd   Thumb Code    30  at_tcp.o(i.tcp_max_dsize)
    tcp_poll_sockets                         0x0001a641   Thumb Code   630  at_tcp.o(i.tcp_poll_sockets)
    tcp_process                              0x0001a9e1   Thumb Code  1164  at_tcp.o(i.tcp_process)
    tcp_send                                 0x0001af41   Thumb Code   204  at_tcp.o(i.tcp_send)
    timer_tick                               0x0001b289   Thumb Code    14  at_system.o(i.timer_tick)
    udp_init                                 0x0001b29d   Thumb Code    18  at_udp.o(i.udp_init)
    udp_process                              0x0001b2b5   Thumb Code   178  at_udp.o(i.udp_process)
    nlocalm                                  0x0001b44c   Data          60  net_config.o(.constdata)
    sys_config                               0x0001b488   Data          16  net_config.o(.constdata)
    arp_config                               0x0001b498   Data          12  net_config.o(.constdata)
    udp_config                               0x0001b4a4   Data           8  net_config.o(.constdata)
    tcp_config                               0x0001b4ac   Data          24  net_config.o(.constdata)
    http_config                              0x0001b4c4   Data          24  net_config.o(.constdata)
    FileMD                                   0x0001b4dc   Data           4  web.o(.constdata)
    FileTab                                  0x0001bbd0   Data          16  web.o(.constdata)
    IP_Broadcast                             0x0001c33c   Data           4  at_ip.o(.constdata)
    MAC_Broadcast                            0x0001c438   Data           6  at_ethernet.o(.constdata)
    http_err_401                             0x0001c43e   Data          86  http_err.o(.constdata)
    http_err_403                             0x0001c494   Data          81  http_err.o(.constdata)
    http_err_404                             0x0001c4e5   Data          78  http_err.o(.constdata)
    http_err_501                             0x0001c533   Data          75  http_err.o(.constdata)
    http_err_head                            0x0001c57e   Data          47  http_err.o(.constdata)
    http_err_foot                            0x0001c5ad   Data         136  http_err.o(.constdata)
    __ctype_table                            0x0001c758   Data         129  ctype_o.o(.constdata)
    Region$$Table$$Base                      0x0001c7fc   Number         0  anon$$obj.o(Region$$Table)
    Region$$Table$$Limit                     0x0001c83c   Number         0  anon$$obj.o(Region$$Table)
    DATOS                                    0x10000000   Data           4  main.o(.data)
    ESTADO                                   0x10000004   Data           4  main.o(.data)
    COUNTERS                                 0x10000008   Data           4  main.o(.data)
    ACTUALIZADOR                             0x1000000c   Data           4  main.o(.data)
    objESTADO                                0x10000010   Data           1  main.o(.data)
    objACTUALIZADOR                          0x10000011   Data           2  main.o(.data)
    TIM0_ticks                               0x10000014   Data           1  timers.o(.data)
    Timer2_MODO                              0x10000015   Data           1  timers.o(.data)
    CAP11_BUFF                               0x10000018   Data           4  timers.o(.data)
    contadorLUZ                              0x1000001c   Data           1  timers.o(.data)
    BUFFER_BRILLO                            0x10000020   Data           4  ldr.o(.data)
    BUFFER_UVA                               0x10000024   Data           4  ldr.o(.data)
    contador                                 0x10000028   Data           4  ldr.o(.data)
    Brillo2ciclo_LDR                         0x1000002c   Data          14  lut.o(.data)
    Brillo_LDR                               0x1000003a   Data          22  lut.o(.data)
    TemperaturaConBmp                        0x1000005c   Data           1  i2c.o(.data)
    LecturaBMP0                              0x1000005d   Data           1  i2c.o(.data)
    LecturaBMP1                              0x1000005e   Data           1  i2c.o(.data)
    LecturaBMP                               0x10000060   Data           2  i2c.o(.data)
    temperatura                              0x10000064   Data           4  i2c.o(.data)
    presion                                  0x10000068   Data           4  i2c.o(.data)
    Clock                                    0x10000084   Data          23  rtc.o(.bss)
    AUDIO                                    0x1000009b   Data       24000  ldr.o(.bss)
    UART0_BUFFER_RX                          0x10005e5b   Data         121  uart0.o(.bss)
    UART0_BUFFER_TX                          0x10005ed4   Data         121  uart0.o(.bss)
    COEF                                     0x10005f4e   Data          22  i2c.o(.bss)
    localm                                   0x10005ff8   Data          60  at_system.o(.bss)
    sys_control                              0x10006034   Data          16  at_system.o(.bss)
    __initial_sp                             0x10006248   Data           0  startup_lpc17xx.o(STACK)
    CAPcont                                  0x2007c000   Data           1  anemometro.o(.data)
    SLAYERcont                               0x2007c001   Data           1  anemometro.o(.data)
    CLKbuff                                  0x2007c004   Data           8  anemometro.o(.data)
    aux_viento                               0x2007c00c   Data           4  anemometro.o(.data)
    lhost_name                               0x2007c010   Data          16  net_config.o(.data)
    own_hw_adr                               0x2007c020   Data           6  net_config.o(.data)
    iap_entry                                0x2007c03c   Data           4  emac_lpc17xx_lan8720.o(.data)
    __brilloAuto                             0x2007c050   Data           1  statechart.o(.data)
    zona_0                                   0x2007c052   Data          10  statechart.o(.data)
    zona_1                                   0x2007c05c   Data          10  statechart.o(.data)
    zona_2                                   0x2007c066   Data          10  statechart.o(.data)
    zona_3                                   0x2007c070   Data          10  statechart.o(.data)
    zona_4                                   0x2007c07a   Data          10  statechart.o(.data)
    zona_5                                   0x2007c084   Data          10  statechart.o(.data)
    zona_6                                   0x2007c08e   Data          10  statechart.o(.data)
    zona_7                                   0x2007c098   Data          10  statechart.o(.data)
    zona_8                                   0x2007c0a2   Data          10  statechart.o(.data)
    zona_9                                   0x2007c0ac   Data          10  statechart.o(.data)
    zona_10                                  0x2007c0b6   Data          10  statechart.o(.data)
    zona_11                                  0x2007c0c0   Data          10  statechart.o(.data)
    zona_12                                  0x2007c0ca   Data          10  statechart.o(.data)
    zona_13                                  0x2007c0d4   Data          10  statechart.o(.data)
    zona_14                                  0x2007c0de   Data          10  statechart.o(.data)
    zona_15                                  0x2007c0e8   Data          10  statechart.o(.data)
    zona_16                                  0x2007c0f2   Data          10  statechart.o(.data)
    zona_17                                  0x2007c0fc   Data          10  statechart.o(.data)
    zona_18                                  0x2007c106   Data          10  statechart.o(.data)
    zona_19                                  0x2007c110   Data          10  statechart.o(.data)
    zona_20                                  0x2007c11a   Data          10  statechart.o(.data)
    zona_21                                  0x2007c124   Data          10  statechart.o(.data)
    zona_22                                  0x2007c12e   Data          10  statechart.o(.data)
    zona_23                                  0x2007c138   Data          10  statechart.o(.data)
    zona_24                                  0x2007c142   Data          10  statechart.o(.data)
    zona_25                                  0x2007c14c   Data          10  statechart.o(.data)
    zona_26                                  0x2007c156   Data          10  statechart.o(.data)
    zona_27                                  0x2007c160   Data          10  statechart.o(.data)
    zona_28                                  0x2007c16a   Data          10  statechart.o(.data)
    zona_29                                  0x2007c174   Data          10  statechart.o(.data)
    zona_30                                  0x2007c17e   Data          10  statechart.o(.data)
    zona_31                                  0x2007c188   Data          10  statechart.o(.data)
    zona_27m                                 0x2007c192   Data          10  statechart.o(.data)
    zona_28m                                 0x2007c19c   Data          10  statechart.o(.data)
    zona_29m                                 0x2007c1a6   Data          10  statechart.o(.data)
    zona_30m                                 0x2007c1b0   Data          10  statechart.o(.data)
    zona_27M                                 0x2007c1ba   Data          10  statechart.o(.data)
    zona_28M                                 0x2007c1c4   Data          10  statechart.o(.data)
    zona_29M                                 0x2007c1ce   Data          10  statechart.o(.data)
    zona_30M                                 0x2007c1d8   Data          10  statechart.o(.data)
    zona_32                                  0x2007c1e2   Data          10  statechart.o(.data)
    zona_33                                  0x2007c1ec   Data          10  statechart.o(.data)
    zona_34                                  0x2007c1f6   Data          10  statechart.o(.data)
    zona_35                                  0x2007c200   Data          10  statechart.o(.data)
    pressedTouchPanel                        0x2007c20a   Data           1  statechart.o(.data)
    Aux8                                     0x2007c20b   Data           1  statechart.o(.data)
    matrix                                   0x2007c210   Data          56  touchpanel.o(.data)
    DisplaySample                            0x2007c248   Data          12  touchpanel.o(.data)
    display                                  0x2007c258   Data           4  touchpanel.o(.data)
    SystemCoreClock                          0x2007c25c   Data           4  system_lpc17xx.o(.data)
    sigInit                                  0x2007c260   Data           1  onewire.o(.data)
    OWEjecutameExterno                       0x2007c261   Data           1  onewire.o(.data)
    OWESTADO                                 0x2007c262   Data           1  onewire.o(.data)
    buffex                                   0x2007c268   Data           8  onewire.o(.data)
    Medidas                                  0x2007c270   Data           4  onewire.o(.data)
    ChecksumCalculado                        0x2007c274   Data           1  onewire.o(.data)
    BitsTotal                                0x2007c275   Data           1  onewire.o(.data)
    NumeroDeFallos                           0x2007c276   Data           1  onewire.o(.data)
    YaPuedesMedir                            0x2007c278   Data           1  ufono.o(.data)
    ADC_ConfigBuffer                         0x2007c27c   Data           4  ufono.o(.data)
    ADC_IntenBuffer                          0x2007c280   Data           4  ufono.o(.data)
    LMD                                      0x2007c284   Data           4  dma.o(.data)
    ScreenSample                             0x200820f4   Data          12  touchpanel.o(.bss)
    objDATOS                                 0x20082100   Data          36  main.o(.bss)
    objCOUNTERS                              0x20082124   Data          16  main.o(.bss)
    LMDobj                                   0x20082134   Data          16  dma.o(.bss)
    UART3_BUFFER_RX                          0x20082144   Data         121  uart3.o(.bss)
    UART3_BUFFER_TX                          0x200821bd   Data         121  uart3.o(.bss)



==============================================================================

Memory Map of the image

  Image Entry point : 0x000000cd

  Load Region LR_IROM1 (Base: 0x00000000, Size: 0x0001cb60, Max: 0x00080000, ABSOLUTE, COMPRESSED[0x0001c9c4])

    Execution Region ER_IROM1 (Base: 0x00000000, Size: 0x0001c83c, Max: 0x00080000, ABSOLUTE)

    Base Addr    Size         Type   Attr      Idx    E Section Name        Object

    0x00000000   0x000000cc   Data   RO          500    RESET               startup_lpc17xx.o
    0x000000cc   0x00000000   Code   RO         1440  * .ARM.Collect$$$$00000000  mc_w.l(entry.o)
    0x000000cc   0x00000004   Code   RO         1772    .ARM.Collect$$$$00000001  mc_w.l(entry2.o)
    0x000000d0   0x00000004   Code   RO         1775    .ARM.Collect$$$$00000004  mc_w.l(entry5.o)
    0x000000d4   0x00000000   Code   RO         1777    .ARM.Collect$$$$00000008  mc_w.l(entry7b.o)
    0x000000d4   0x00000000   Code   RO         1779    .ARM.Collect$$$$0000000A  mc_w.l(entry8b.o)
    0x000000d4   0x00000008   Code   RO         1780    .ARM.Collect$$$$0000000B  mc_w.l(entry9a.o)
    0x000000dc   0x00000000   Code   RO         1782    .ARM.Collect$$$$0000000D  mc_w.l(entry10a.o)
    0x000000dc   0x00000000   Code   RO         1784    .ARM.Collect$$$$0000000F  mc_w.l(entry11a.o)
    0x000000dc   0x00000004   Code   RO         1773    .ARM.Collect$$$$00002712  mc_w.l(entry2.o)
    0x000000e0   0x00000028   Code   RO            2    .text               wdt.o
    0x00000108   0x00000184   Code   RO           47    .text               anemometro.o
    0x0000028c   0x00000010   Code   RO          178    .text               http_source.o
    0x0000029c   0x00000010   Code   RO          438    .text               main.o
    0x000002ac   0x00000024   Code   RO          502    .text               startup_lpc17xx.o
    0x000002d0   0x0000002c   Code   RO          682    .text               uva30a.o
    0x000002fc   0x00000004   Code   RO          501    .ARM.__at_0x02FC    startup_lpc17xx.o
    0x00000300   0x000002a0   Code   RO          121    .text               pwm.o
    0x000005a0   0x0000013c   Code   RO          144    .text               rtc.o
    0x000006dc   0x00000074   Code   RO          223    .text               net_config.o
    0x00000750   0x00000230   Code   RO          248    .text               http_cgi.o
    0x00000980   0x000005d0   Code   RO          277    .text               emac_lpc17xx_lan8720.o
    0x00000f50   0x00000ba4   Code   RO          320    .text               statechart.o
    0x00001af4   0x00000844   Code   RO          393    .text               touchpanel.o
    0x00002338   0x00000318   Code   RO          515    .text               system_lpc17xx.o
    0x00002650   0x000000f4   Code   RO          541    .text               configura.o
    0x00002744   0x00000300   Code   RO          564    .text               timers.o
    0x00002a44   0x000002f4   Code   RO          594    .text               onewire.o
    0x00002d38   0x000001e8   Code   RO          617    .text               ldr.o
    0x00002f20   0x00000108   Code   RO          650    .text               ufono.o
    0x00003028   0x000000dc   Code   RO          701    .text               dac.o
    0x00003104   0x00000180   Code   RO          730    .text               lut.o
    0x00003284   0x00000088   Code   RO          753    .text               dma.o
    0x0000330c   0x000006b8   Code   RO          881    .text               lpc17xx_ssp.o
    0x000039c4   0x00000100   Code   RO          903    .text               lpc17xx_pinsel.o
    0x00003ac4   0x00000424   Code   RO          919    .text               lpc17xx_gpio.o
    0x00003ee8   0x00000150   Code   RO          935    .text               lpc17xx_clkpwr.o
    0x00004038   0x00000004   Code   RO          950    .text               lpc17xx_libcfg_default.o
    0x0000403c   0x00000020   Code   RO          962    .text               asciilib.o
    0x0000405c   0x00011100   Code   RO          980    .text               glcd.o
    0x0001515c   0x0000043c   Code   RO         1008    .text               uart0.o
    0x00015598   0x00000154   Code   RO         1042    .text               uart3.o
    0x000156ec   0x00000404   Code   RO         1065    .text               i2c.o
    0x00015af0   0x0000014c   Code   RO         1089    .text               i2clib.o
    0x00015c3c   0x00000062   Code   RO         1443    .text               mc_w.l(uldiv.o)
    0x00015c9e   0x00000024   Code   RO         1445    .text               mc_w.l(memcpya.o)
    0x00015cc2   0x00000024   Code   RO         1447    .text               mc_w.l(memseta.o)
    0x00015ce6   0x0000000e   Code   RO         1449    .text               mc_w.l(strlen.o)
    0x00015cf4   0x0000001c   Code   RO         1451    .text               mc_w.l(strcmp.o)
    0x00015d10   0x00000012   Code   RO         1453    .text               mc_w.l(strcpy.o)
    0x00015d22   0x00000002   PAD
    0x00015d24   0x00000038   Code   RO         1718    .text               mc_w.l(__0sscanf.o)
    0x00015d5c   0x000000da   Code   RO         1720    .text               mc_w.l(_scanf_str.o)
    0x00015e36   0x0000001a   Code   RO         1722    .text               mc_w.l(atoi.o)
    0x00015e50   0x000000b0   Code   RO         1724    .text               mf_w.l(fadd.o)
    0x00015f00   0x0000006c   Code   RO         1726    .text               mf_w.l(fmul.o)
    0x00015f6c   0x00000080   Code   RO         1728    .text               mf_w.l(fdiv.o)
    0x00015fec   0x0000014e   Code   RO         1730    .text               mf_w.l(dadd.o)
    0x0001613a   0x000000e4   Code   RO         1732    .text               mf_w.l(dmul.o)
    0x0001621e   0x000000de   Code   RO         1734    .text               mf_w.l(ddiv.o)
    0x000162fc   0x00000012   Code   RO         1736    .text               mf_w.l(fflti.o)
    0x0001630e   0x0000000a   Code   RO         1738    .text               mf_w.l(ffltui.o)
    0x00016318   0x00000022   Code   RO         1740    .text               mf_w.l(dflti.o)
    0x0001633a   0x0000001a   Code   RO         1742    .text               mf_w.l(dfltui.o)
    0x00016354   0x00000028   Code   RO         1744    .text               mf_w.l(ffixui.o)
    0x0001637c   0x00000032   Code   RO         1746    .text               mf_w.l(dfixui.o)
    0x000163ae   0x00000026   Code   RO         1748    .text               mf_w.l(f2d.o)
    0x000163d4   0x00000028   Code   RO         1750    .text               mf_w.l(cdcmple.o)
    0x000163fc   0x00000028   Code   RO         1752    .text               mf_w.l(cdrcmple.o)
    0x00016424   0x00000038   Code   RO         1754    .text               mf_w.l(d2f.o)
    0x0001645c   0x00000014   Code   RO         1756    .text               mf_w.l(cfcmple.o)
    0x00016470   0x0000002c   Code   RO         1789    .text               mc_w.l(uidiv.o)
    0x0001649c   0x0000001e   Code   RO         1791    .text               mc_w.l(llshl.o)
    0x000164ba   0x00000020   Code   RO         1793    .text               mc_w.l(llushr.o)
    0x000164da   0x00000024   Code   RO         1795    .text               mc_w.l(llsshr.o)
    0x000164fe   0x00000002   PAD
    0x00016500   0x00000028   Code   RO         1804    .text               mc_w.l(scanf_char.o)
    0x00016528   0x00000040   Code   RO         1806    .text               mc_w.l(_sgetc.o)
    0x00016568   0x00000070   Code   RO         1808    .text               mc_w.l(strtol.o)
    0x000165d8   0x00000000   Code   RO         1810    .text               mc_w.l(iusefp.o)
    0x000165d8   0x0000006c   Code   RO         1811    .text               mf_w.l(fepilogue.o)
    0x00016644   0x000000be   Code   RO         1813    .text               mf_w.l(depilogue.o)
    0x00016702   0x0000002e   Code   RO         1815    .text               mf_w.l(dscalb.o)
    0x00016730   0x00000030   Code   RO         1817    .text               mf_w.l(dfixul.o)
    0x00016760   0x00000024   Code   RO         1825    .text               mc_w.l(init.o)
    0x00016784   0x00000008   Code   RO         1830    .text               mc_w.l(ctype_o.o)
    0x0001678c   0x00000012   Code   RO         1852    .text               mc_w.l(isspace_o.o)
    0x0001679e   0x00000002   PAD
    0x000167a0   0x0000032c   Code   RO         1858    .text               mc_w.l(_scanf.o)
    0x00016acc   0x0000009e   Code   RO         1860    .text               mc_w.l(_strtoul.o)
    0x00016b6a   0x0000003e   Code   RO         1863    .text               mf_w.l(dfixi.o)
    0x00016ba8   0x0000001c   Code   RO         1868    .text               mc_w.l(_chval.o)
    0x00016bc4   0x0000005c   Code   RO         1878    .text               mc_w.l(__dczerorl2.o)
    0x00016c20   0x00000028   Code   RO         1692    i.__0sprintf        mc_w.l(printfa.o)
    0x00016c48   0x00000028   Code   RO         1821    i.__ARM_fpclassify  m_ws.l(fpclassify.o)
    0x00016c70   0x00000008   Code   RO         1797    i.__aeabi_errno_addr  mc_w.l(errno.o)
    0x00016c78   0x00000388   Code   RO         1761    i.__ieee754_rem_pio2  m_ws.l(rred.o)
    0x00017000   0x000000fc   Code   RO         1758    i.__kernel_cos      m_ws.l(cos_i.o)
    0x000170fc   0x000000aa   Code   RO         1823    i.__kernel_poly     m_ws.l(poly.o)
    0x000171a6   0x00000002   PAD
    0x000171a8   0x000000ec   Code   RO         1766    i.__kernel_sin      m_ws.l(sin_i.o)
    0x00017294   0x00000010   Code   RO         1819    i.__mathlib_dbl_underflow  m_ws.l(dunder.o)
    0x000172a4   0x0000000e   Code   RO         1872    i.__scatterload_copy  mc_w.l(handlers.o)
    0x000172b2   0x00000002   Code   RO         1873    i.__scatterload_null  mc_w.l(handlers.o)
    0x000172b4   0x0000000e   Code   RO         1874    i.__scatterload_zeroinit  mc_w.l(handlers.o)
    0x000172c2   0x00000002   PAD
    0x000172c4   0x0000000c   Code   RO         1799    i.__set_errno       mc_w.l(errno.o)
    0x000172d0   0x0000015c   Code   RO         1697    i._fp_digits        mc_w.l(printfa.o)
    0x0001742c   0x000006f0   Code   RO         1698    i._printf_core      mc_w.l(printfa.o)
    0x00017b1c   0x00000026   Code   RO         1699    i._printf_post_padding  mc_w.l(printfa.o)
    0x00017b42   0x00000030   Code   RO         1700    i._printf_pre_padding  mc_w.l(printfa.o)
    0x00017b72   0x0000000a   Code   RO         1702    i._sputc            mc_w.l(printfa.o)
    0x00017b7c   0x00000034   Code   RO         1257    i.add_server_id     TCP_CM3.lib(at_http.o)
    0x00017bb0   0x000000b8   Code   RO         1343    i.alloc_mem         TCP_CM3.lib(at_mem.o)
    0x00017c68   0x000000b8   Code   RO         1104    i.arp_cache_add     TCP_CM3.lib(at_arp.o)
    0x00017d20   0x00000088   Code   RO         1105    i.arp_cache_alloc   TCP_CM3.lib(at_arp.o)
    0x00017da8   0x00000098   Code   RO         1106    i.arp_cache_early   TCP_CM3.lib(at_arp.o)
    0x00017e40   0x000000b4   Code   RO         1107    i.arp_cache_find    TCP_CM3.lib(at_arp.o)
    0x00017ef4   0x000000f4   Code   RO         1110    i.arp_cache_update  TCP_CM3.lib(at_arp.o)
    0x00017fe8   0x0000002c   Code   RO         1113    i.arp_init          TCP_CM3.lib(at_arp.o)
    0x00018014   0x00000034   Code   RO         1114    i.arp_is_cacheable  TCP_CM3.lib(at_arp.o)
    0x00018048   0x00000028   Code   RO         1115    i.arp_notify        TCP_CM3.lib(at_arp.o)
    0x00018070   0x00000088   Code   RO         1117    i.arp_proc_response  TCP_CM3.lib(at_arp.o)
    0x000180f8   0x00000138   Code   RO         1118    i.arp_process       TCP_CM3.lib(at_arp.o)
    0x00018230   0x000000a0   Code   RO         1119    i.arp_send_reply    TCP_CM3.lib(at_arp.o)
    0x000182d0   0x000000b8   Code   RO         1120    i.arp_send_request  TCP_CM3.lib(at_arp.o)
    0x00018388   0x0000001c   Code   RO         1344    i.avail_mem         TCP_CM3.lib(at_mem.o)
    0x000183a4   0x00000078   Code   RO         1373    i.b64_to_asc        TCP_CM3.lib(at_lib.o)
    0x0001841c   0x00000012   Code   RO         1375    i.calc_chksum16be   TCP_CM3.lib(at_lib.o)
    0x0001842e   0x00000004   Code   RO         1258    i.cgx_content_type  TCP_CM3.lib(at_http.o)
    0x00018432   0x00000002   PAD
    0x00018434   0x000001cc   Code   RO         1259    i.chk_post_req      TCP_CM3.lib(at_http.o)
    0x00018600   0x00000028   Code   RO         1376    i.chksum16_buf      TCP_CM3.lib(at_lib.o)
    0x00018628   0x0000000a   Code   RO         1377    i.chksum16_val      TCP_CM3.lib(at_lib.o)
    0x00018632   0x0000001e   Code   RO         1260    i.cmp_fname_ext     TCP_CM3.lib(at_http.o)
    0x00018650   0x00000028   Code   RO         1261    i.cmp_header        TCP_CM3.lib(at_http.o)
    0x00018678   0x00000010   Code   RO         1329    i.eth_chk_adr       TCP_CM3.lib(at_ethernet.o)
    0x00018688   0x00000034   Code   RO         1331    i.eth_init_link     TCP_CM3.lib(at_ethernet.o)
    0x000186bc   0x000000d4   Code   RO         1332    i.eth_run_link      TCP_CM3.lib(at_ethernet.o)
    0x00018790   0x000000a8   Code   RO         1333    i.eth_send_frame    TCP_CM3.lib(at_ethernet.o)
    0x00018838   0x00000084   Code   RO         1345    i.free_mem          TCP_CM3.lib(at_mem.o)
    0x000188bc   0x00000028   Code   RO         1379    i.get_crc32         TCP_CM3.lib(at_lib.o)
    0x000188e4   0x00000068   Code   RO         1262    i.get_file_type     TCP_CM3.lib(at_http.o)
    0x0001894c   0x00000028   Code   RO         1263    i.get_next_field    TCP_CM3.lib(at_http.o)
    0x00018974   0x00000032   Code   RO         1264    i.get_next_par      TCP_CM3.lib(at_http.o)
    0x000189a6   0x00000002   PAD
    0x000189a8   0x0000001c   Code   RO         1357    i.get_rnd32         TCP_CM3.lib(at_system.o)
    0x000189c4   0x00000004   Code   RO         1266    i.http_accept_host  TCP_CM3.lib(at_http.o)
    0x000189c8   0x000002bc   Code   RO         1267    i.http_add_header   TCP_CM3.lib(at_http.o)
    0x00018c84   0x00000004   Code   RO         1268    i.http_check_account  TCP_CM3.lib(at_http.o)
    0x00018c88   0x00000188   Code   RO         1270    i.http_error_msg    TCP_CM3.lib(at_http.o)
    0x00018e10   0x00000002   Code   RO         1422    i.http_fclose       TCP_CM3.lib(at_http_uif.o)
    0x00018e12   0x00000004   Code   RO         1423    i.http_fgets        TCP_CM3.lib(at_http_uif.o)
    0x00018e16   0x00000004   Code   RO         1271    i.http_file_access  TCP_CM3.lib(at_http.o)
    0x00018e1a   0x00000004   Code   RO         1424    i.http_finfo        TCP_CM3.lib(at_http_uif.o)
    0x00018e1e   0x00000004   Code   RO         1425    i.http_fopen        TCP_CM3.lib(at_http_uif.o)
    0x00018e22   0x00000004   Code   RO         1426    i.http_fread        TCP_CM3.lib(at_http_uif.o)
    0x00018e26   0x00000002   PAD
    0x00018e28   0x00000050   Code   RO         1278    i.http_init         TCP_CM3.lib(at_http.o)
    0x00018e78   0x0000005e   Code   RO         1279    i.http_kill_session  TCP_CM3.lib(at_http.o)
    0x00018ed6   0x00000002   PAD
    0x00018ed8   0x00000224   Code   RO         1280    i.http_listener     TCP_CM3.lib(at_http.o)
    0x000190fc   0x00000120   Code   RO         1281    i.http_open_file    TCP_CM3.lib(at_http.o)
    0x0001921c   0x00000154   Code   RO         1282    i.http_proc_header  TCP_CM3.lib(at_http.o)
    0x00019370   0x0000017c   Code   RO         1283    i.http_proc_multipart  TCP_CM3.lib(at_http.o)
    0x000194ec   0x000000f8   Code   RO         1284    i.http_proc_post    TCP_CM3.lib(at_http.o)
    0x000195e4   0x0000033c   Code   RO         1285    i.http_run_server   TCP_CM3.lib(at_http.o)
    0x00019920   0x0000001e   Code   RO         1286    i.http_strcpy       TCP_CM3.lib(at_http.o)
    0x0001993e   0x00000002   PAD
    0x00019940   0x000000a8   Code   RO         1287    i.http_to_utc       TCP_CM3.lib(at_http.o)
    0x000199e8   0x00000010   Code   RO         1154    i.icmp_init         TCP_CM3.lib(at_icmp.o)
    0x000199f8   0x000000cc   Code   RO         1156    i.icmp_process      TCP_CM3.lib(at_icmp.o)
    0x00019ac4   0x00000048   Code   RO         1157    i.icmp_run_engine   TCP_CM3.lib(at_icmp.o)
    0x00019b0c   0x00000070   Code   RO         1158    i.icmp_send_message  TCP_CM3.lib(at_icmp.o)
    0x00019b7c   0x00000038   Code   RO         1346    i.ifree_mem         TCP_CM3.lib(at_mem.o)
    0x00019bb4   0x00000030   Code   RO         1358    i.init_TcpNet       TCP_CM3.lib(at_system.o)
    0x00019be4   0x00000060   Code   RO         1347    i.init_mem          TCP_CM3.lib(at_mem.o)
    0x00019c44   0x000000c8   Code   RO         1140    i.ip_chk_frame      TCP_CM3.lib(at_ip.o)
    0x00019d0c   0x0000000a   Code   RO         1141    i.ip_get_chksum     TCP_CM3.lib(at_ip.o)
    0x00019d16   0x00000002   PAD
    0x00019d18   0x000000b8   Code   RO         1142    i.ip_get_locadr     TCP_CM3.lib(at_ip.o)
    0x00019dd0   0x0000000c   Code   RO         1143    i.ip_init           TCP_CM3.lib(at_ip.o)
    0x00019ddc   0x0000005c   Code   RO         1144    i.ip_run_local      TCP_CM3.lib(at_ip.o)
    0x00019e38   0x00000150   Code   RO         1145    i.ip_send_frame     TCP_CM3.lib(at_ip.o)
    0x00019f88   0x00000014   Code   RO         1380    i.is_subnet         TCP_CM3.lib(at_lib.o)
    0x00019f9c   0x00000064   Code   RO         1359    i.main_TcpNet       TCP_CM3.lib(at_system.o)
    0x0001a000   0x00000018   Code   RO         1381    i.mem_comp          TCP_CM3.lib(at_lib.o)
    0x0001a018   0x00000016   Code   RO         1382    i.mem_copy          TCP_CM3.lib(at_lib.o)
    0x0001a02e   0x00000020   Code   RO         1383    i.mem_crc32         TCP_CM3.lib(at_lib.o)
    0x0001a04e   0x0000000a   Code   RO         1385    i.mem_set           TCP_CM3.lib(at_lib.o)
    0x0001a058   0x00000014   Code   RO         1386    i.mem_test          TCP_CM3.lib(at_lib.o)
    0x0001a06c   0x00000016   Code   RO         1388    i.nrd_u32be         TCP_CM3.lib(at_lib.o)
    0x0001a082   0x00000010   Code   RO         1390    i.nwr_u32be         TCP_CM3.lib(at_lib.o)
    0x0001a092   0x00000002   PAD
    0x0001a094   0x00000028   Code   RO         1288    i.proc_req_line     TCP_CM3.lib(at_http.o)
    0x0001a0bc   0x00000028   Code   RO         1334    i.put_in_queue      TCP_CM3.lib(at_ethernet.o)
    0x0001a0e4   0x000000a0   Code   RO         1289    i.read_script_line  TCP_CM3.lib(at_http.o)
    0x0001a184   0x00000048   Code   RO         1348    i.resize_mem        TCP_CM3.lib(at_mem.o)
    0x0001a1cc   0x0000004c   Code   RO         1290    i.search_delim      TCP_CM3.lib(at_http.o)
    0x0001a218   0x000000b0   Code   RO         1433    i.sin               m_ws.l(sin.o)
    0x0001a2c8   0x00000012   Code   RO         1391    i.str_copy          TCP_CM3.lib(at_lib.o)
    0x0001a2da   0x0000001a   Code   RO         1392    i.str_crc32         TCP_CM3.lib(at_lib.o)
    0x0001a2f4   0x00000016   Code   RO         1393    i.str_pos           TCP_CM3.lib(at_lib.o)
    0x0001a30a   0x0000001a   Code   RO         1394    i.str_scomp         TCP_CM3.lib(at_lib.o)
    0x0001a324   0x00000050   Code   RO         1165    i.tcp_abort         TCP_CM3.lib(at_tcp.o)
    0x0001a374   0x0000009c   Code   RO         1167    i.tcp_close         TCP_CM3.lib(at_tcp.o)
    0x0001a410   0x00000020   Code   RO         1170    i.tcp_get_buf       TCP_CM3.lib(at_tcp.o)
    0x0001a430   0x0000004c   Code   RO         1172    i.tcp_get_socket    TCP_CM3.lib(at_tcp.o)
    0x0001a47c   0x00000024   Code   RO         1173    i.tcp_get_state     TCP_CM3.lib(at_tcp.o)
    0x0001a4a0   0x00000018   Code   RO         1174    i.tcp_init          TCP_CM3.lib(at_tcp.o)
    0x0001a4b8   0x0000006c   Code   RO         1176    i.tcp_listen        TCP_CM3.lib(at_tcp.o)
    0x0001a524   0x00000098   Code   RO         1177    i.tcp_map_socket    TCP_CM3.lib(at_tcp.o)
    0x0001a5bc   0x00000024   Code   RO         1178    i.tcp_max_dsize     TCP_CM3.lib(at_tcp.o)
    0x0001a5e0   0x0000005e   Code   RO         1180    i.tcp_parse_opt     TCP_CM3.lib(at_tcp.o)
    0x0001a63e   0x00000002   PAD
    0x0001a640   0x00000284   Code   RO         1181    i.tcp_poll_sockets  TCP_CM3.lib(at_tcp.o)
    0x0001a8c4   0x000000c8   Code   RO         1182    i.tcp_proc_acknr    TCP_CM3.lib(at_tcp.o)
    0x0001a98c   0x00000052   Code   RO         1183    i.tcp_proc_dupack   TCP_CM3.lib(at_tcp.o)
    0x0001a9de   0x00000002   PAD
    0x0001a9e0   0x00000498   Code   RO         1184    i.tcp_process       TCP_CM3.lib(at_tcp.o)
    0x0001ae78   0x0000001a   Code   RO         1185    i.tcp_que_free      TCP_CM3.lib(at_tcp.o)
    0x0001ae92   0x0000001a   Code   RO         1186    i.tcp_que_init      TCP_CM3.lib(at_tcp.o)
    0x0001aeac   0x00000094   Code   RO         1187    i.tcp_que_resend    TCP_CM3.lib(at_tcp.o)
    0x0001af40   0x000000d4   Code   RO         1191    i.tcp_send          TCP_CM3.lib(at_tcp.o)
    0x0001b014   0x0000006a   Code   RO         1192    i.tcp_send_ctrl     TCP_CM3.lib(at_tcp.o)
    0x0001b07e   0x00000050   Code   RO         1193    i.tcp_send_data     TCP_CM3.lib(at_tcp.o)
    0x0001b0ce   0x00000068   Code   RO         1194    i.tcp_send_reset    TCP_CM3.lib(at_tcp.o)
    0x0001b136   0x00000026   Code   RO         1195    i.tcp_set_cwnd      TCP_CM3.lib(at_tcp.o)
    0x0001b15c   0x00000068   Code   RO         1196    i.tcp_transit       TCP_CM3.lib(at_tcp.o)
    0x0001b1c4   0x000000c4   Code   RO         1197    i.tcp_write         TCP_CM3.lib(at_tcp.o)
    0x0001b288   0x00000014   Code   RO         1360    i.timer_tick        TCP_CM3.lib(at_system.o)
    0x0001b29c   0x00000018   Code   RO         1236    i.udp_init          TCP_CM3.lib(at_udp.o)
    0x0001b2b4   0x000000b8   Code   RO         1241    i.udp_process       TCP_CM3.lib(at_udp.o)
    0x0001b36c   0x000000e0   Code   RO         1291    i.utc_to_http       TCP_CM3.lib(at_http.o)
    0x0001b44c   0x00000090   Data   RO          225    .constdata          net_config.o
    0x0001b4dc   0x00000704   Data   RO          307    .constdata          web.o
    0x0001bbe0   0x000005f0   Data   RO          963    .constdata          asciilib.o
    0x0001c1d0   0x00000166   Data   RO         1010    .constdata          uart0.o
    0x0001c336   0x00000006   Data   RO         1121    .constdata          TCP_CM3.lib(at_arp.o)
    0x0001c33c   0x00000008   Data   RO         1146    .constdata          TCP_CM3.lib(at_ip.o)
    0x0001c344   0x000000f4   Data   RO         1292    .constdata          TCP_CM3.lib(at_http.o)
    0x0001c438   0x00000006   Data   RO         1336    .constdata          TCP_CM3.lib(at_ethernet.o)
    0x0001c43e   0x00000056   Data   RO         1366    .constdata          TCP_CM3.lib(http_err.o)
    0x0001c494   0x00000051   Data   RO         1367    .constdata          TCP_CM3.lib(http_err.o)
    0x0001c4e5   0x0000004e   Data   RO         1368    .constdata          TCP_CM3.lib(http_err.o)
    0x0001c533   0x0000004b   Data   RO         1369    .constdata          TCP_CM3.lib(http_err.o)
    0x0001c57e   0x0000002f   Data   RO         1370    .constdata          TCP_CM3.lib(http_err.o)
    0x0001c5ad   0x00000088   Data   RO         1371    .constdata          TCP_CM3.lib(http_err.o)
    0x0001c635   0x00000003   PAD
    0x0001c638   0x00000030   Data   RO         1759    .constdata          m_ws.l(cos_i.o)
    0x0001c668   0x000000c8   Data   RO         1763    .constdata          m_ws.l(rred.o)
    0x0001c730   0x00000028   Data   RO         1767    .constdata          m_ws.l(sin_i.o)
    0x0001c758   0x00000081   Data   RO         1831    .constdata          mc_w.l(ctype_o.o)
    0x0001c7d9   0x00000003   PAD
    0x0001c7dc   0x00000004   Data   RO         1832    .constdata          mc_w.l(ctype_o.o)
    0x0001c7e0   0x00000019   Data   RO          226    .conststring        net_config.o
    0x0001c7f9   0x00000003   PAD
    0x0001c7fc   0x00000040   Data   RO         1870    Region$$Table       anon$$obj.o


    Execution Region RW_IRAM1 (Base: 0x10000000, Size: 0x00006248, Max: 0x00008000, ABSOLUTE)

    Base Addr    Size         Type   Attr      Idx    E Section Name        Object

    0x10000000   0x00000013   Data   RW          440    .data               main.o
    0x10000013   0x00000001   PAD
    0x10000014   0x00000009   Data   RW          565    .data               timers.o
    0x1000001d   0x00000003   PAD
    0x10000020   0x0000000c   Data   RW          619    .data               ldr.o
    0x1000002c   0x00000024   Data   RW          731    .data               lut.o
    0x10000050   0x00000001   Data   RW          981    .data               glcd.o
    0x10000051   0x00000003   PAD
    0x10000054   0x00000008   Data   RW         1011    .data               uart0.o
    0x1000005c   0x00000010   Data   RW         1067    .data               i2c.o
    0x1000006c   0x00000008   Data   RW         1122    .data               TCP_CM3.lib(at_arp.o)
    0x10000074   0x0000000c   Data   RW         1147    .data               TCP_CM3.lib(at_ip.o)
    0x10000080   0x00000004   Data   RW         1198    .data               TCP_CM3.lib(at_tcp.o)
    0x10000084   0x00000017   Zero   RW          145    .bss                rtc.o
    0x1000009b   0x00005dc0   Zero   RW          618    .bss                ldr.o
    0x10005e5b   0x000000f2   Zero   RW         1009    .bss                uart0.o
    0x10005f4d   0x00000001   PAD
    0x10005f4e   0x00000016   Zero   RW         1066    .bss                i2c.o
    0x10005f64   0x00000084   Zero   RW         1335    .bss                TCP_CM3.lib(at_ethernet.o)
    0x10005fe8   0x00000010   Zero   RW         1349    .bss                TCP_CM3.lib(at_mem.o)
    0x10005ff8   0x0000004c   Zero   RW         1361    .bss                TCP_CM3.lib(at_system.o)
    0x10006044   0x00000004   PAD
    0x10006048   0x00000200   Zero   RW          498    STACK               startup_lpc17xx.o


    Execution Region RW_IRAM2 (Base: 0x2007c000, Size: 0x00006248, Max: 0x00008000, ABSOLUTE, COMPRESSED[0x00000104])

    Base Addr    Size         Type   Attr      Idx    E Section Name        Object

    0x2007c000   0x00000010   Data   RW           48    .data               anemometro.o
    0x2007c010   0x0000002a   Data   RW          227    .data               net_config.o
    0x2007c03a   0x00000002   PAD
    0x2007c03c   0x00000014   Data   RW          279    .data               emac_lpc17xx_lan8720.o
    0x2007c050   0x000001bc   Data   RW          321    .data               statechart.o
    0x2007c20c   0x00000004   PAD
    0x2007c210   0x0000004c   Data   RW          395    .data               touchpanel.o
    0x2007c25c   0x00000004   Data   RW          516    .data               system_lpc17xx.o
    0x2007c260   0x00000017   Data   RW          595    .data               onewire.o
    0x2007c277   0x00000001   PAD
    0x2007c278   0x0000000c   Data   RW          651    .data               ufono.o
    0x2007c284   0x00000004   Data   RW          755    .data               dma.o
    0x2007c288   0x00000008   Data   RW         1044    .data               uart3.o
    0x2007c290   0x0000000c   Data   RW         1293    .data               TCP_CM3.lib(at_http.o)
    0x2007c29c   0x00000004   Data   RW         1800    .data               mc_w.l(errno.o)
    0x2007c2a0   0x000033ec   Zero   RW          224    .bss                net_config.o
    0x2007f68c   0x00000004   PAD
    0x2007f690   0x00002a64   Zero   RW          278    .bss                emac_lpc17xx_lan8720.o
    0x200820f4   0x0000000c   Zero   RW          394    .bss                touchpanel.o
    0x20082100   0x00000034   Zero   RW          439    .bss                main.o
    0x20082134   0x00000010   Zero   RW          754    .bss                dma.o
    0x20082144   0x000000f2   Zero   RW         1043    .bss                uart3.o
    0x20082236   0x00000002   PAD
    0x20082238   0x00000010   Zero   RW         1159    .bss                TCP_CM3.lib(at_icmp.o)


==============================================================================

Image component sizes


      Code (inc. data)   RO Data    RW Data    ZI Data      Debug   Object Name

       388         48          0         16          0      37245   anemometro.o
        32          6       1520          0          0        975   asciilib.o
       244         44          0          0          0        720   configura.o
       220         28          0          0          0        866   dac.o
         0          0          0          0          0       8024   diskio.o
       136         42          0          4         16        984   dma.o
      1488        130          0         20      10852      42929   emac_lpc17xx_lan8720.o
     69888        342          0          1          0     186894   glcd.o
       560         74          0          0          0       4076   http_cgi.o
        16          0          0          0          0      13891   http_source.o
      1028         34          0         16         22       3670   i2c.o
       332          6          0          0          0       1428   i2clib.o
       488         72          0         12      24000       3827   ldr.o
       336         32          0          0          0       1779   lpc17xx_clkpwr.o
      1060         62          0          0          0       8279   lpc17xx_gpio.o
         4          0          0          0          0        799   lpc17xx_libcfg_default.o
       256          4          0          0          0       2169   lpc17xx_pinsel.o
      1720         62          0          0          0       6088   lpc17xx_ssp.o
       384         48          0         36          0       1551   lut.o
        16          0          0         19         52       1199   main.o
       116          8        169         42      13292       3169   net_config.o
       756         80          0         23          0       2210   onewire.o
       672         54          0          0          0       1065   pwm.o
       316         80          0          0         23      17588   rtc.o
         0          0          0          0          0       1232   spi_msd_driver.o
        40         12        204          0        512        904   startup_lpc17xx.o
      2980        712          0        444          0       9286   statechart.o
       792         78          0          4          0       1037   system_lpc17xx.o
       768         82          0          9          0      18404   timers.o
      2116         68          0         76         12      12313   touchpanel.o
      1084        424        358          8        242      18419   uart0.o
       340         34          0          8        242       1736   uart3.o
       264         30          0         12          0       1154   ufono.o
        44          8          0          0          0        414   uva30a.o
        40          6          0          0          0      24303   wdt.o
         0          0       1796          0          0       6841   web.o

    ----------------------------------------------------------------------
     88924       2710       4114        764      49272     447468   Object Totals
         0          0         64          0          0          0   (incl. Generated)
         0          0          3         14          7          0   (incl. Padding)

    ----------------------------------------------------------------------

      Code (inc. data)   RO Data    RW Data    ZI Data      Debug   Library Member Name

      1824        138          6          8          0       1040   at_arp.o
       488         58          6          0        132        404   at_ethernet.o
      5388       1172        244         12          0       2116   at_http.o
        18          0          0          0          0        340   at_http_uif.o
       404         30          0          0         16        308   at_icmp.o
       834         56          8         12          0        520   at_ip.o
       486          6          0          0          0       1224   at_lib.o
       568         46          0          0         16        520   at_mem.o
       196         40          0          0         76        292   at_system.o
      3936        158          0          4          0       2008   at_tcp.o
       208         12          0          0          0        156   at_udp.o
         0          0        503          0          0          0   http_err.o
       252         22         48          0          0        124   cos_i.o
        16          6          0          0          0         68   dunder.o
        40          0          0          0          0         68   fpclassify.o
       170          0          0          0          0         96   poly.o
       904         72        200          0          0        140   rred.o
       176         10          0          0          0        116   sin.o
       236         12         40          0          0        128   sin_i.o
        56          8          0          0          0         84   __0sscanf.o
        92          0          0          0          0          0   __dczerorl2.o
        28          0          0          0          0         68   _chval.o
       812          6          0          0          0        112   _scanf.o
       218          0          0          0          0         96   _scanf_str.o
        64          0          0          0          0         84   _sgetc.o
       158          0          0          0          0         92   _strtoul.o
        26          0          0          0          0         80   atoi.o
         8          4        133          0          0         68   ctype_o.o
         0          0          0          0          0          0   entry.o
         0          0          0          0          0          0   entry10a.o
         0          0          0          0          0          0   entry11a.o
         8          4          0          0          0          0   entry2.o
         4          0          0          0          0          0   entry5.o
         0          0          0          0          0          0   entry7b.o
         0          0          0          0          0          0   entry8b.o
         8          4          0          0          0          0   entry9a.o
        20         10          0          4          0        136   errno.o
        30          0          0          0          0          0   handlers.o
        36          8          0          0          0         68   init.o
        18          0          0          0          0         76   isspace_o.o
         0          0          0          0          0          0   iusefp.o
        30          0          0          0          0         68   llshl.o
        36          0          0          0          0         68   llsshr.o
        32          0          0          0          0         68   llushr.o
        36          0          0          0          0         68   memcpya.o
        36          0          0          0          0        108   memseta.o
      2260         86          0          0          0        512   printfa.o
        40          8          0          0          0         84   scanf_char.o
        28          0          0          0          0         76   strcmp.o
        18          0          0          0          0         68   strcpy.o
        14          0          0          0          0         68   strlen.o
       112          0          0          0          0         88   strtol.o
        44          0          0          0          0         80   uidiv.o
        98          0          0          0          0         92   uldiv.o
        40          2          0          0          0         68   cdcmple.o
        40          2          0          0          0         68   cdrcmple.o
        20          0          0          0          0         68   cfcmple.o
        56          0          0          0          0         88   d2f.o
       334          0          0          0          0        148   dadd.o
       222          0          0          0          0        100   ddiv.o
       190          0          0          0          0        176   depilogue.o
        62          0          0          0          0         80   dfixi.o
        50          0          0          0          0         76   dfixui.o
        48          0          0          0          0         68   dfixul.o
        34          0          0          0          0         76   dflti.o
        26          0          0          0          0         76   dfltui.o
       228          0          0          0          0         96   dmul.o
        46          0          0          0          0         80   dscalb.o
        38          0          0          0          0         68   f2d.o
       176          0          0          0          0        140   fadd.o
       128          0          0          0          0         88   fdiv.o
       108          0          0          0          0        168   fepilogue.o
        40          0          0          0          0         68   ffixui.o
        18          0          0          0          0         68   fflti.o
        10          0          0          0          0         68   ffltui.o
       108          0          0          0          0         76   fmul.o

    ----------------------------------------------------------------------
     22564       1980       1194         40        244      14092   Library Totals
        28          0          6          0          4          0   (incl. Padding)

    ----------------------------------------------------------------------

      Code (inc. data)   RO Data    RW Data    ZI Data      Debug   Library Name

     14350       1716        767         36        240       8928   TCP_CM3.lib
      1794        122        288          0          0        740   m_ws.l
      4370        138        133          4          0       2412   mc_w.l
      2022          4          0          0          0       2012   mf_w.l

    ----------------------------------------------------------------------
     22564       1980       1194         40        244      14092   Library Totals

    ----------------------------------------------------------------------

==============================================================================


      Code (inc. data)   RO Data    RW Data    ZI Data      Debug   

    111488       4690       5308        804      49516     450328   Grand Totals
    111488       4690       5308        392      49516     450328   ELF Image Totals (compressed)
    111488       4690       5308        392          0          0   ROM Totals

==============================================================================

    Total RO  Size (Code + RO Data)               116796 ( 114.06kB)
    Total RW  Size (RW Data + ZI Data)             50320 (  49.14kB)
    Total ROM Size (Code + RO Data + RW Data)     117188 ( 114.44kB)

==============================================================================

