ARM Linker, 5.03 [Build 76] [MDK-ARM Professional]

==============================================================================

Section Cross References

    startup_lpc17xx.o(RESET) refers to startup_lpc17xx.o(STACK) for __initial_sp
    startup_lpc17xx.o(RESET) refers to startup_lpc17xx.o(.text) for Reset_Handler
    startup_lpc17xx.o(RESET) refers to timers.o(.text) for SysTick_Handler
    startup_lpc17xx.o(RESET) refers to uart.o(.text) for UART0_IRQHandler
    startup_lpc17xx.o(RESET) refers to rtc.o(.text) for RTC_IRQHandler
    startup_lpc17xx.o(RESET) refers to ldr.o(.text) for ADC_IRQHandler
    startup_lpc17xx.o(RESET) refers to emac_lpc17xx_lan8720.o(.text) for ENET_IRQHandler
    startup_lpc17xx.o(.text) refers to system_lpc17xx.o(.text) for SystemInit
    startup_lpc17xx.o(.text) refers to entry.o(.ARM.Collect$$$$00000000) for __main
    system_lpc17xx.o(.text) refers to uldiv.o(.text) for __aeabi_uldivmod
    system_lpc17xx.o(.text) refers to system_lpc17xx.o(.data) for SystemCoreClock
    main.o(.text) refers to configura.o(.text) for __configuraPrograma__
    main.o(.text) refers to statechart.o(.text) for __mainLoop__
    main.o(.text) refers to http_source.o(.text) for __mantenerTCP__
    main.o(.data) refers to main.o(.bss) for objDATOS
    statechart.o(.text) refers to pwm.o(.text) for modificaPulso
    statechart.o(.text) refers to glcd.o(.text) for LCD_DrawLine
    statechart.o(.text) refers to strlen.o(.text) for strlen
    statechart.o(.text) refers to ffixi.o(.text) for __aeabi_f2iz
    statechart.o(.text) refers to printfa.o(i.__0sprintf) for __2sprintf
    statechart.o(.text) refers to statechart.o(.data) for pressedTouchPanel
    statechart.o(.text) refers to touchpanel.o(.data) for display
    statechart.o(.text) refers to statechart.o(.bss) for MODIFICABLES
    statechart.o(.text) refers to timers.o(.data) for contadorLUZ
    statechart.o(.text) refers to rtc.o(.bss) for Clock
    statechart.o(.text) refers to f2d.o(.text) for __aeabi_f2d
    statechart.o(.text) refers to fadd.o(.text) for __aeabi_fsub
    statechart.o(.text) refers to fmul.o(.text) for __aeabi_fmul
    statechart.o(.text) refers to fdiv.o(.text) for __aeabi_fdiv
    statechart.o(.text) refers to main.o(.data) for ACTUALIZADOR
    statechart.o(.text) refers to cfrcmple.o(.text) for __aeabi_cfrcmple
    statechart.o(.text) refers to cfcmple.o(.text) for __aeabi_cfcmple
    statechart.o(.text) refers to touchpanel.o(.text) for Read_Ads7846
    statechart.o(.text) refers to wdt.o(.text) for alimentaWDT
    statechart.o(.text) refers to lut.o(.text) for goto_LUT
    statechart.o(.text) refers to dma.o(.text) for __configuraAudio__
    statechart.o(.text) refers to dac.o(.text) for activarDac
    statechart.o(.text) refers to ufono.o(.text) for lanzaUFONO
    touchpanel.o(.text) refers to lpc17xx_pinsel.o(.text) for PINSEL_ConfigPin
    touchpanel.o(.text) refers to lpc17xx_gpio.o(.text) for GPIO_SetDir
    touchpanel.o(.text) refers to lpc17xx_ssp.o(.text) for SSP_ConfigStructInit
    touchpanel.o(.text) refers to wdt.o(.text) for alimentaWDT
    touchpanel.o(.text) refers to glcd.o(.text) for LCD_SetPoint
    touchpanel.o(.text) refers to memseta.o(.text) for __aeabi_memclr4
    touchpanel.o(.text) refers to touchpanel.o(.data) for screen
    touchpanel.o(.text) refers to dflti.o(.text) for __aeabi_i2d
    touchpanel.o(.text) refers to cdcmple.o(.text) for __aeabi_cdcmpeq
    touchpanel.o(.text) refers to dfltui.o(.text) for __aeabi_ui2d
    touchpanel.o(.text) refers to dmul.o(.text) for __aeabi_dmul
    touchpanel.o(.text) refers to dadd.o(.text) for __aeabi_dadd
    touchpanel.o(.text) refers to ddiv.o(.text) for __aeabi_ddiv
    touchpanel.o(.text) refers to dfixui.o(.text) for __aeabi_d2uiz
    touchpanel.o(.text) refers to touchpanel.o(.bss) for ScreenSample
    configura.o(.text) refers to statechart.o(.text) for __configuraLCD__
    configura.o(.text) refers to glcd.o(.text) for LCD_Clear
    configura.o(.text) refers to http_source.o(.text) for __configuraWEB__
    configura.o(.text) refers to timers.o(.text) for __configuraSysTick__
    configura.o(.text) refers to ldr.o(.text) for __configuraLDR__
    configura.o(.text) refers to uva30a.o(.text) for __configuraUVA30A__
    configura.o(.text) refers to ufono.o(.text) for __configuraUFONO__
    configura.o(.text) refers to rtc.o(.text) for __configuraRTC__
    configura.o(.text) refers to pwm.o(.text) for __configuraPWM__
    configura.o(.text) refers to dac.o(.text) for __configuraDAC__
    configura.o(.text) refers to dma.o(.text) for __configuraDMA__
    configura.o(.text) refers to onewirev2.o(.text) for __configuraOW__
    configura.o(.text) refers to anemometro.o(.text) for __configuraAnemometro__
    configura.o(.text) refers to uart0.o(.text) for __configuraUART0__
    configura.o(.text) refers to i2c.o(.text) for __configuraI2C__
    configura.o(.text) refers to main.o(.data) for ESTADO
[...]
    _printf_o                                0x00000000   Number         0  stubs.o ABSOLUTE
    _printf_p                                0x00000000   Number         0  stubs.o ABSOLUTE
    _printf_percent                          0x00000000   Number         0  stubs.o ABSOLUTE
    _printf_pre_padding                      0x00000000   Number         0  stubs.o ABSOLUTE
    _printf_return_value                     0x00000000   Number         0  stubs.o ABSOLUTE
    _printf_s                                0x00000000   Number         0  stubs.o ABSOLUTE
    _printf_sizespec                         0x00000000   Number         0  stubs.o ABSOLUTE
    _printf_str                              0x00000000   Number         0  stubs.o ABSOLUTE
    _printf_truncate_signed                  0x00000000   Number         0  stubs.o ABSOLUTE
    _printf_truncate_unsigned                0x00000000   Number         0  stubs.o ABSOLUTE
    _printf_u                                0x00000000   Number         0  stubs.o ABSOLUTE
    _printf_wc                               0x00000000   Number         0  stubs.o ABSOLUTE
    _printf_wctomb                           0x00000000   Number         0  stubs.o ABSOLUTE
    _printf_widthprec                        0x00000000   Number         0  stubs.o ABSOLUTE
    _printf_x                                0x00000000   Number         0  stubs.o ABSOLUTE
    __cpp_initialize__aeabi_                  - Undefined Weak Reference
    __cxa_finalize                            - Undefined Weak Reference
    _clock_init                               - Undefined Weak Reference
    _microlib_exit                            - Undefined Weak Reference
    _scanf_longlong                           - Undefined Weak Reference
    _scanf_string                             - Undefined Weak Reference
    poll_ethernet                             - Undefined Weak Reference
    __main                                   0x000000cd   Thumb Code     0  entry.o(.ARM.Collect$$$$00000000)
    _main_stk                                0x000000cd   Thumb Code     0  entry2.o(.ARM.Collect$$$$00000001)
    _main_scatterload                        0x000000d1   Thumb Code     0  entry5.o(.ARM.Collect$$$$00000004)
    __main_after_scatterload                 0x000000d5   Thumb Code     0  entry5.o(.ARM.Collect$$$$00000004)
    _main_clock                              0x000000d5   Thumb Code     0  entry7b.o(.ARM.Collect$$$$00000008)
    _main_cpp_init                           0x000000d5   Thumb Code     0  entry8b.o(.ARM.Collect$$$$0000000A)
    _main_init                               0x000000d5   Thumb Code     0  entry9a.o(.ARM.Collect$$$$0000000B)
    __rt_final_cpp                           0x000000dd   Thumb Code     0  entry10a.o(.ARM.Collect$$$$0000000D)
    __rt_final_exit                          0x000000dd   Thumb Code     0  entry11a.o(.ARM.Collect$$$$0000000F)
    Reset_Handler                            0x000000e1   Thumb Code     8  startup_lpc17xx.o(.text)
    NMI_Handler                              0x000000e9   Thumb Code     2  startup_lpc17xx.o(.text)
    HardFault_Handler                        0x000000eb   Thumb Code     2  startup_lpc17xx.o(.text)
    MemManage_Handler                        0x000000ed   Thumb Code     2  startup_lpc17xx.o(.text)
    BusFault_Handler                         0x000000ef   Thumb Code     2  startup_lpc17xx.o(.text)
    UsageFault_Handler                       0x000000f1   Thumb Code     2  startup_lpc17xx.o(.text)
    SVC_Handler                              0x000000f3   Thumb Code     2  startup_lpc17xx.o(.text)
    DebugMon_Handler                         0x000000f5   Thumb Code     2  startup_lpc17xx.o(.text)
    PendSV_Handler                           0x000000f7   Thumb Code     2  startup_lpc17xx.o(.text)
    BOD_IRQHandler                           0x000000fb   Thumb Code     0  startup_lpc17xx.o(.text)
    CANActivity_IRQHandler                   0x000000fb   Thumb Code     0  startup_lpc17xx.o(.text)
    CAN_IRQHandler                           0x000000fb   Thumb Code     0  startup_lpc17xx.o(.text)
    DMA_IRQHandler                           0x000000fb   Thumb Code     0  startup_lpc17xx.o(.text)
    EINT0_IRQHandler                         0x000000fb   Thumb Code     0  startup_lpc17xx.o(.text)
    EINT1_IRQHandler                         0x000000fb   Thumb Code     0  startup_lpc17xx.o(.text)
    EINT2_IRQHandler                         0x000000fb   Thumb Code     0  startup_lpc17xx.o(.text)
    EINT3_IRQHandler                         0x000000fb   Thumb Code     0  startup_lpc17xx.o(.text)
    I2C0_IRQHandler                          0x000000fb   Thumb Code     0  startup_lpc17xx.o(.text)
    I2C1_IRQHandler                          0x000000fb   Thumb Code     0  startup_lpc17xx.o(.text)
    I2C2_IRQHandler                          0x000000fb   Thumb Code     0  startup_lpc17xx.o(.text)
    I2S_IRQHandler                           0x000000fb   Thumb Code     0  startup_lpc17xx.o(.text)
    MCPWM_IRQHandler                         0x000000fb   Thumb Code     0  startup_lpc17xx.o(.text)
    PLL0_IRQHandler                          0x000000fb   Thumb Code     0  startup_lpc17xx.o(.text)
    PLL1_IRQHandler                          0x000000fb   Thumb Code     0  startup_lpc17xx.o(.text)
    PWM1_IRQHandler                          0x000000fb   Thumb Code     0  startup_lpc17xx.o(.text)
    QEI_IRQHandler                           0x000000fb   Thumb Code     0  startup_lpc17xx.o(.text)
    RIT_IRQHandler                           0x000000fb   Thumb Code     0  startup_lpc17xx.o(.text)
    SPI_IRQHandler                           0x000000fb   Thumb Code     0  startup_lpc17xx.o(.text)
    SSP0_IRQHandler                          0x000000fb   Thumb Code     0  startup_lpc17xx.o(.text)
    SSP1_IRQHandler                          0x000000fb   Thumb Code     0  startup_lpc17xx.o(.text)
    UART1_IRQHandler                         0x000000fb   Thumb Code     0  startup_lpc17xx.o(.text)
    UART2_IRQHandler                         0x000000fb   Thumb Code     0  startup_lpc17xx.o(.text)
    UART3_IRQHandler                         0x000000fb   Thumb Code     0  startup_lpc17xx.o(.text)
    USBActivity_IRQHandler                   0x000000fb   Thumb Code     0  startup_lpc17xx.o(.text)
    USB_IRQHandler                           0x000000fb   Thumb Code     0  startup_lpc17xx.o(.text)
    WDT_IRQHandler                           0x000000fb   Thumb Code     0  startup_lpc17xx.o(.text)
    main                                     0x00000105   Thumb Code    16  main.o(.text)
    __iniciaVariables__                      0x00000115   Thumb Code    92  configura.o(.text)
    __configuraPrograma__                    0x00000171   Thumb Code   176  configura.o(.text)
    __configuraUVA30A__                      0x00000245   Thumb Code    36  uva30a.o(.text)
    alimentaWDT                              0x00000271   Thumb Code    12  wdt.o(.text)
    __configuraWDT__                         0x0000027d   Thumb Code    22  wdt.o(.text)
    __configuraWEB__                         0x00000299   Thumb Code     8  http_source.o(.text)
    __mantenerTCP__                          0x000002a1   Thumb Code     8  http_source.o(.text)
    check_failed                             0x000002a9   Thumb Code     4  lpc17xx_libcfg_default.o(.text)
    GetASCIICode                             0x000002ad   Thumb Code    26  asciilib.o(.text)
    __aeabi_memcpy                           0x000002cd   Thumb Code    36  memcpya.o(.text)
    __aeabi_memcpy4                          0x000002cd   Thumb Code     0  memcpya.o(.text)
    __aeabi_memcpy8                          0x000002cd   Thumb Code     0  memcpya.o(.text)
    __aeabi_ui2f                             0x000002f1   Thumb Code    10  ffltui.o(.text)
    __I$use$fp                               0x000002fb   Thumb Code     0  iusefp.o(.text)
    __scatterload_null                       0x000002fb   Thumb Code     2  handlers.o(i.__scatterload_null)
    SystemCoreClockUpdate                    0x00000301   Thumb Code   424  system_lpc17xx.o(.text)
    __RL_TCP_VER                             0x00000472   Number         0  at_system.o ABSOLUTE
    SystemInit                               0x000004a9   Thumb Code   290  system_lpc17xx.o(.text)
    zoneNewPressed                           0x00000619   Thumb Code   164  statechart.o(.text)
    squareButton                             0x000006bd   Thumb Code   258  statechart.o(.text)
    __pintaValores__                         0x000007bf   Thumb Code   342  statechart.o(.text)
    __pintaAjustes__                         0x00000915   Thumb Code   532  statechart.o(.text)
    squareBox                                0x00000b29   Thumb Code    62  statechart.o(.text)
    __pintaMedidas2__                        0x00000b67   Thumb Code  3024  statechart.o(.text)
    __pintaMedidas1__                        0x00001737   Thumb Code   590  statechart.o(.text)
    __pintaInicio__                          0x00001985   Thumb Code   716  statechart.o(.text)
    checkTouchPanel                          0x00001c51   Thumb Code    36  statechart.o(.text)
    __mainLoop__                             0x00001c75   Thumb Code  1590  statechart.o(.text)
    __configuraLCD__                         0x000022ab   Thumb Code    12  statechart.o(.text)
    __pintaCargandoInicio__                  0x000022b7   Thumb Code    32  statechart.o(.text)
    __pintaCargandoSeno__                    0x000022d7   Thumb Code    42  statechart.o(.text)
    __pintaCargandoConexion__                0x00002301   Thumb Code    52  statechart.o(.text)
    __pintaCargandoIniciando__               0x00002335   Thumb Code    62  statechart.o(.text)
    __pintaCargandoDone__                    0x00002373   Thumb Code    72  statechart.o(.text)
    TP_Init                                  0x0000246d   Thumb Code   176  touchpanel.o(.text)
    Read_X                                   0x0000259d   Thumb Code    42  touchpanel.o(.text)
    Read_Y                                   0x000025c7   Thumb Code    42  touchpanel.o(.text)
    TP_GetAdXY                               0x000025f1   Thumb Code    34  touchpanel.o(.text)
    TP_DrawPoint                             0x00002613   Thumb Code    64  touchpanel.o(.text)
    DrawCross                                0x00002653   Thumb Code   356  touchpanel.o(.text)
    Read_Ads7846                             0x000027b7   Thumb Code   520  touchpanel.o(.text)
    setCalibrationMatrix                     0x000029bf   Thumb Code   356  touchpanel.o(.text)
    getDisplayPoint                          0x00002b23   Thumb Code   238  touchpanel.o(.text)
    TouchPanel_Calibrate                     0x00002c11   Thumb Code   108  touchpanel.o(.text)
    __calibraBMP                             0x00002cb1   Thumb Code   630  i2c.o(.text)
    __configuraI2C__                         0x00002f27   Thumb Code     8  i2c.o(.text)
    procesarDato                             0x00002f2f   Thumb Code   106  i2c.o(.text)
    pedirDato                                0x00002f99   Thumb Code    52  i2c.o(.text)
    irRegistro                               0x00002fcd   Thumb Code    20  i2c.o(.text)
    pedirDatoReg                             0x00002fe1   Thumb Code    22  i2c.o(.text)
    obtenerDato                              0x00002ff7   Thumb Code    50  i2c.o(.text)
    mandaDato                                0x00003029   Thumb Code    32  i2c.o(.text)
    medirBMP                                 0x00003049   Thumb Code   410  i2c.o(.text)
    I2Cdelay                                 0x000031f9   Thumb Code    14  i2clib.o(.text)
    pulso_SCL                                0x00003207   Thumb Code    24  i2clib.o(.text)
    I2CSendByte                              0x0000321f   Thumb Code    74  i2clib.o(.text)
    I2CSendAddr                              0x00003269   Thumb Code    80  i2clib.o(.text)
    I2CGetByte                               0x000032b9   Thumb Code   100  i2clib.o(.text)
    I2CSendStop                              0x0000331d   Thumb Code    34  i2clib.o(.text)
    __configuraAnemometro__                  0x00003345   Thumb Code   148  anemometro.o(.text)
    mideAnemometro                           0x000033d9   Thumb Code   192  anemometro.o(.text)
    __configuraLDR__                         0x000034c9   Thumb Code   124  ldr.o(.text)
    ADC_IRQHandler                           0x00003545   Thumb Code   292  ldr.o(.text)
    __configuraUFONO__                       0x000036b1   Thumb Code    56  ufono.o(.text)
    lanzaUFONO                               0x000036e9   Thumb Code   130  ufono.o(.text)
    recuperaContexto                         0x0000376b   Thumb Code    62  ufono.o(.text)
    reiniciaCuenta                           0x000037c9   Thumb Code    16  onewirev2.o(.text)
    inicializaT3                             0x000037d9   Thumb Code    30  onewirev2.o(.text)
    __configuraOW__                          0x000037f7   Thumb Code    12  onewirev2.o(.text)
    leerByte                                 0x00003803   Thumb Code   164  onewirev2.o(.text)
    compruebaRespuesta                       0x000038a7   Thumb Code   188  onewirev2.o(.text)
    _delayUS                                 0x00003963   Thumb Code    20  onewirev2.o(.text)
    mideTemperatura                          0x00003977   Thumb Code   228  onewirev2.o(.text)
    __configuraPWM__                         0x00003a81   Thumb Code   384  pwm.o(.text)
    modificaPulso                            0x00003c01   Thumb Code   240  pwm.o(.text)
    __configuraDAC__                         0x00003d21   Thumb Code    24  dac.o(.text)
    activarDac                               0x00003d39   Thumb Code    64  dac.o(.text)
    desactivarDAC                            0x00003d79   Thumb Code    64  dac.o(.text)
    goto_LUT                                 0x00003dd5   Thumb Code   220  lut.o(.text)
    __configuraTono__                        0x00003ecd   Thumb Code   122  dma.o(.text)
    __configuraDMA__                         0x00003f47   Thumb Code   114  dma.o(.text)
    __configuraAudio__                       0x00003fb9   Thumb Code   122  dma.o(.text)
    __configuraUART0__                       0x0000407d   Thumb Code    18  uart0.o(.text)
    procesarComando                          0x0000408f   Thumb Code  1912  uart0.o(.text)
    UART0_IRQHandler                         0x00004921   Thumb Code   118  uart.o(.text)
    tx_cadena_UART0                          0x00004997   Thumb Code    32  uart.o(.text)
    uart0_init                               0x00004ab1   Thumb Code    76  uart.o(.text)
    sys_error                                0x00004b21   Thumb Code    36  net_config.o(.text)
    init_system                              0x00004b45   Thumb Code    34  net_config.o(.text)
    run_system                               0x00004b67   Thumb Code    26  net_config.o(.text)
    igmp_is_member                           0x00004b81   Thumb Code     4  net_config.o(.text)
    igmp_process                             0x00004b85   Thumb Code     2  net_config.o(.text)
    dhcp_disable                             0x00004b87   Thumb Code     2  net_config.o(.text)
    ppp_send_frame                           0x00004b89   Thumb Code     4  net_config.o(.text)
    slip_send_frame                          0x00004b8d   Thumb Code     4  net_config.o(.text)
    sntp_get_time                            0x00004b91   Thumb Code     4  net_config.o(.text)
    cgi_process_var                          0x00004b95   Thumb Code   188  http_cgi.o(.text)
    cgi_process_data                         0x00004c51   Thumb Code     2  http_cgi.o(.text)
    cgi_func                                 0x00004c53   Thumb Code   482  http_cgi.o(.text)
    int_enable_eth                           0x00004ec1   Thumb Code    24  emac_lpc17xx_lan8720.o(.text)
    int_disable_eth                          0x00004ed9   Thumb Code    18  emac_lpc17xx_lan8720.o(.text)
    setMac                                   0x00004eeb   Thumb Code   182  emac_lpc17xx_lan8720.o(.text)
    init_ethernet                            0x000050b1   Thumb Code   724  emac_lpc17xx_lan8720.o(.text)
    send_frame                               0x00005385   Thumb Code    70  emac_lpc17xx_lan8720.o(.text)
    ENET_IRQHandler                          0x000053cb   Thumb Code   156  emac_lpc17xx_lan8720.o(.text)
    __configuraRTC__                         0x00005491   Thumb Code   152  rtc.o(.text)
    RTC_IRQHandler                           0x00005529   Thumb Code    72  rtc.o(.text)
    __configuraSysTick__                     0x000055e1   Thumb Code    80  timers.o(.text)
    __configuraTimer0__                      0x00005631   Thumb Code    94  timers.o(.text)
    SysTick_Handler                          0x0000568f   Thumb Code    70  timers.o(.text)
    __subServo                               0x000057eb   Thumb Code   438  timers.o(.text)
    TIMER0_IRQHandler                        0x000059a1   Thumb Code   104  timers.o(.text)
    TIMER1_IRQHandler                        0x00005a09   Thumb Code    38  timers.o(.text)
    TIMER2_IRQHandler                        0x00005a2f   Thumb Code     2  timers.o(.text)
    TIMER3_IRQHandler                        0x00005a31   Thumb Code     2  timers.o(.text)
    SSP_Init                                 0x00005abb   Thumb Code   100  lpc17xx_ssp.o(.text)
    SSP_DeInit                               0x00005b1f   Thumb Code    60  lpc17xx_ssp.o(.text)
    SSP_GetDataSize                          0x00005b5b   Thumb Code    34  lpc17xx_ssp.o(.text)
    SSP_ConfigStructInit                     0x00005b7d   Thumb Code    22  lpc17xx_ssp.o(.text)
    SSP_Cmd                                  0x00005b93   Thumb Code    68  lpc17xx_ssp.o(.text)
    SSP_LoopBackCmd                          0x00005bd7   Thumb Code    68  lpc17xx_ssp.o(.text)
    SSP_SlaveOutputCmd                       0x00005c1b   Thumb Code    72  lpc17xx_ssp.o(.text)
    SSP_SendData                             0x00005c63   Thumb Code    36  lpc17xx_ssp.o(.text)
    SSP_ReceiveData                          0x00005c87   Thumb Code    34  lpc17xx_ssp.o(.text)
    SSP_ReadWrite                            0x00005ca9   Thumb Code   604  lpc17xx_ssp.o(.text)
    SSP_GetStatus                            0x00005f05   Thumb Code    80  lpc17xx_ssp.o(.text)
    SSP_IntConfig                            0x00005f55   Thumb Code    58  lpc17xx_ssp.o(.text)
    SSP_GetRawIntStatus                      0x00005f8f   Thumb Code    76  lpc17xx_ssp.o(.text)
    SSP_GetRawIntStatusReg                   0x00005fdb   Thumb Code    34  lpc17xx_ssp.o(.text)
    SSP_GetIntStatus                         0x00005ffd   Thumb Code    76  lpc17xx_ssp.o(.text)
    SSP_ClearIntPending                      0x00006049   Thumb Code    58  lpc17xx_ssp.o(.text)
    SSP_DMACmd                               0x00006083   Thumb Code   100  lpc17xx_ssp.o(.text)
    PINSEL_ConfigTraceFunc                   0x00006197   Thumb Code    34  lpc17xx_pinsel.o(.text)
    PINSEL_SetI2C0Pins                       0x000061b9   Thumb Code    16  lpc17xx_pinsel.o(.text)
    PINSEL_ConfigPin                         0x000061c9   Thumb Code    36  lpc17xx_pinsel.o(.text)
    GPIO_SetDir                              0x0000628d   Thumb Code    40  lpc17xx_gpio.o(.text)
    GPIO_SetValue                            0x000062b5   Thumb Code    20  lpc17xx_gpio.o(.text)
    GPIO_ClearValue                          0x000062c9   Thumb Code    20  lpc17xx_gpio.o(.text)
    GPIO_ReadValue                           0x000062dd   Thumb Code    22  lpc17xx_gpio.o(.text)
    GPIO_IntCmd                              0x000062f3   Thumb Code    54  lpc17xx_gpio.o(.text)
    GPIO_GetIntStatus                        0x00006329   Thumb Code    86  lpc17xx_gpio.o(.text)
    GPIO_ClearInt                            0x0000637f   Thumb Code    24  lpc17xx_gpio.o(.text)
    FIO_SetDir                               0x00006397   Thumb Code    20  lpc17xx_gpio.o(.text)
    FIO_SetValue                             0x000063ab   Thumb Code    16  lpc17xx_gpio.o(.text)
    FIO_ClearValue                           0x000063bb   Thumb Code    16  lpc17xx_gpio.o(.text)
    FIO_ReadValue                            0x000063cb   Thumb Code    12  lpc17xx_gpio.o(.text)
    FIO_IntCmd                               0x000063d7   Thumb Code    20  lpc17xx_gpio.o(.text)
    FIO_GetIntStatus                         0x000063eb   Thumb Code    20  lpc17xx_gpio.o(.text)
    FIO_ClearInt                             0x000063ff   Thumb Code    16  lpc17xx_gpio.o(.text)
    FIO_SetMask                              0x0000640f   Thumb Code    40  lpc17xx_gpio.o(.text)
    FIO_HalfWordSetDir                       0x00006437   Thumb Code    62  lpc17xx_gpio.o(.text)
    FIO_HalfWordSetMask                      0x00006475   Thumb Code    62  lpc17xx_gpio.o(.text)
    FIO_HalfWordSetValue                     0x000064b3   Thumb Code    32  lpc17xx_gpio.o(.text)
    FIO_HalfWordClearValue                   0x000064d3   Thumb Code    32  lpc17xx_gpio.o(.text)
    FIO_HalfWordReadValue                    0x000064f3   Thumb Code    30  lpc17xx_gpio.o(.text)
    FIO_ByteSetDir                           0x00006511   Thumb Code    50  lpc17xx_gpio.o(.text)
    FIO_ByteSetMask                          0x00006543   Thumb Code    66  lpc17xx_gpio.o(.text)
    FIO_ByteSetValue                         0x00006585   Thumb Code    34  lpc17xx_gpio.o(.text)
    FIO_ByteClearValue                       0x000065a7   Thumb Code    34  lpc17xx_gpio.o(.text)
    FIO_ByteReadValue                        0x000065c9   Thumb Code    76  lpc17xx_gpio.o(.text)
    CLKPWR_SetPCLKDiv                        0x00006615   Thumb Code   106  lpc17xx_clkpwr.o(.text)
    CLKPWR_GetPCLKSEL                        0x0000667f   Thumb Code    32  lpc17xx_clkpwr.o(.text)
    CLKPWR_GetPCLK                           0x0000669f   Thumb Code    58  lpc17xx_clkpwr.o(.text)
    CLKPWR_ConfigPPWR                        0x000066d9   Thumb Code    50  lpc17xx_clkpwr.o(.text)
    CLKPWR_Sleep                             0x0000670b   Thumb Code    10  lpc17xx_clkpwr.o(.text)
    CLKPWR_DeepSleep                         0x00006715   Thumb Code    16  lpc17xx_clkpwr.o(.text)
    CLKPWR_PowerDown                         0x00006725   Thumb Code    16  lpc17xx_clkpwr.o(.text)
    CLKPWR_DeepPowerDown                     0x00006735   Thumb Code    16  lpc17xx_clkpwr.o(.text)
    LCD_Initializtion                        0x000067af   Thumb Code 63088  glcd.o(.text)
    LCD_Clear                                0x00015e1f   Thumb Code  2744  glcd.o(.text)
    LCD_GetPoint                             0x000168f1   Thumb Code  2218  glcd.o(.text)
    LCD_SetPoint                             0x0001719b   Thumb Code  1304  glcd.o(.text)
    LCD_DrawLine                             0x000176b3   Thumb Code   250  glcd.o(.text)
    PutChar                                  0x000177ad   Thumb Code   100  glcd.o(.text)
    GUI_Text                                 0x00017811   Thumb Code    80  glcd.o(.text)
    __aeabi_uldivmod                         0x00017865   Thumb Code    98  uldiv.o(.text)
    __aeabi_memset                           0x000178c7   Thumb Code    14  memseta.o(.text)
    __aeabi_memset4                          0x000178c7   Thumb Code     0  memseta.o(.text)
    __aeabi_memset8                          0x000178c7   Thumb Code     0  memseta.o(.text)
    __aeabi_memclr                           0x000178d5   Thumb Code     4  memseta.o(.text)
    __aeabi_memclr4                          0x000178d5   Thumb Code     0  memseta.o(.text)
    __aeabi_memclr8                          0x000178d5   Thumb Code     0  memseta.o(.text)
    _memset$wrapper                          0x000178d9   Thumb Code    18  memseta.o(.text)
    strlen                                   0x000178eb   Thumb Code    14  strlen.o(.text)
    strcmp                                   0x000178f9   Thumb Code    28  strcmp.o(.text)
    strcpy                                   0x00017915   Thumb Code    18  strcpy.o(.text)
    __0sscanf                                0x00017929   Thumb Code    48  __0sscanf.o(.text)
    _scanf_int                               0x00017961   Thumb Code   336  _scanf_int.o(.text)
    _scanf_real                              0x00017bb1   Thumb Code     0  scanf_fp.o(.text)
    _scanf_really_real                       0x00017bb1   Thumb Code   560  scanf_fp.o(.text)
    atoi                                     0x00017ded   Thumb Code    26  atoi.o(.text)
    __aeabi_fadd                             0x00017e07   Thumb Code   164  fadd.o(.text)
    __aeabi_fsub                             0x00017eab   Thumb Code     6  fadd.o(.text)
    __aeabi_frsub                            0x00017eb1   Thumb Code     6  fadd.o(.text)
    __aeabi_fmul                             0x00017eb7   Thumb Code   108  fmul.o(.text)
    __aeabi_fdiv                             0x00017f23   Thumb Code   128  fdiv.o(.text)
    __aeabi_dadd                             0x00017fa3   Thumb Code   322  dadd.o(.text)
    __aeabi_dsub                             0x000180e5   Thumb Code     6  dadd.o(.text)
    __aeabi_drsub                            0x000180eb   Thumb Code     6  dadd.o(.text)
    __aeabi_dmul                             0x000180f1   Thumb Code   228  dmul.o(.text)
    __aeabi_ddiv                             0x000181d5   Thumb Code   222  ddiv.o(.text)
    __aeabi_i2f                              0x000182b3   Thumb Code    18  fflti.o(.text)
    __aeabi_i2d                              0x000182c5   Thumb Code    34  dflti.o(.text)
    __aeabi_ui2d                             0x000182e7   Thumb Code    26  dfltui.o(.text)
    __aeabi_f2iz                             0x00018301   Thumb Code    50  ffixi.o(.text)
    __aeabi_f2uiz                            0x00018333   Thumb Code    40  ffixui.o(.text)
    __aeabi_d2iz                             0x0001835b   Thumb Code    62  dfixi.o(.text)
    __aeabi_d2uiz                            0x00018399   Thumb Code    50  dfixui.o(.text)
    __aeabi_f2d                              0x000183cb   Thumb Code    38  f2d.o(.text)
    __aeabi_cdcmpeq                          0x000183f1   Thumb Code     0  cdcmple.o(.text)
    __aeabi_cdcmple                          0x000183f1   Thumb Code    38  cdcmple.o(.text)
    __aeabi_d2f                              0x00018419   Thumb Code    56  d2f.o(.text)
    __aeabi_cfcmpeq                          0x00018451   Thumb Code     0  cfcmple.o(.text)
    __aeabi_cfcmple                          0x00018451   Thumb Code    20  cfcmple.o(.text)
    __aeabi_cfrcmple                         0x00018465   Thumb Code    20  cfrcmple.o(.text)
    __aeabi_uidiv                            0x00018479   Thumb Code     0  uidiv.o(.text)
    __aeabi_uidivmod                         0x00018479   Thumb Code    44  uidiv.o(.text)
    __aeabi_llsl                             0x000184a5   Thumb Code    30  llshl.o(.text)
    _ll_shift_l                              0x000184a5   Thumb Code     0  llshl.o(.text)
    __aeabi_llsr                             0x000184c3   Thumb Code    32  llushr.o(.text)
    _ll_ushift_r                             0x000184c3   Thumb Code     0  llushr.o(.text)
    __aeabi_lasr                             0x000184e3   Thumb Code    36  llsshr.o(.text)
    _ll_sshift_r                             0x000184e3   Thumb Code     0  llsshr.o(.text)
    _chval                                   0x00018507   Thumb Code    28  _chval.o(.text)
    __vfscanf_char                           0x00018531   Thumb Code    20  scanf_char.o(.text)
    _sgetc                                   0x0001854d   Thumb Code    30  _sgetc.o(.text)
    _sbackspace                              0x0001856b   Thumb Code    34  _sgetc.o(.text)
    strtol                                   0x0001858d   Thumb Code   112  strtol.o(.text)
    _float_round                             0x000185fd   Thumb Code    18  fepilogue.o(.text)
    _float_epilogue                          0x0001860f   Thumb Code    90  fepilogue.o(.text)
    _double_round                            0x00018669   Thumb Code    26  depilogue.o(.text)
    _double_epilogue                         0x00018683   Thumb Code   164  depilogue.o(.text)
    __ARM_scalbn                             0x00018727   Thumb Code    46  dscalb.o(.text)
    scalbn                                   0x00018727   Thumb Code     0  dscalb.o(.text)
    __aeabi_ul2d                             0x00018755   Thumb Code    24  dfltul.o(.text)
    __aeabi_d2ulz                            0x0001876d   Thumb Code    48  dfixul.o(.text)
    __aeabi_cdrcmple                         0x0001879d   Thumb Code    38  cdrcmple.o(.text)
    __scatterload                            0x000187c5   Thumb Code    28  init.o(.text)
    __scatterload_rt2                        0x000187c5   Thumb Code     0  init.o(.text)
    __rt_ctype_table                         0x000187e9   Thumb Code     4  ctype_o.o(.text)
    isspace                                  0x000187f1   Thumb Code    18  isspace_o.o(.text)
    __vfscanf                                0x00018805   Thumb Code   806  _scanf.o(.text)
    _strtoul                                 0x00018b31   Thumb Code   158  _strtoul.o(.text)
    _dsqrt                                   0x00018bcf   Thumb Code   162  dsqrt.o(.text)
    __decompress                             0x00018c71   Thumb Code     0  __dczerorl2.o(.text)
    __decompress1                            0x00018c71   Thumb Code    92  __dczerorl2.o(.text)
    __0sprintf                               0x00018ccd   Thumb Code    34  printfa.o(i.__0sprintf)
    __1sprintf                               0x00018ccd   Thumb Code     0  printfa.o(i.__0sprintf)
    __2sprintf                               0x00018ccd   Thumb Code     0  printfa.o(i.__0sprintf)
    __c89sprintf                             0x00018ccd   Thumb Code     0  printfa.o(i.__0sprintf)
    sprintf                                  0x00018ccd   Thumb Code     0  printfa.o(i.__0sprintf)
    __ARM_fpclassify                         0x00018cf5   Thumb Code    40  fpclassify.o(i.__ARM_fpclassify)
    __aeabi_errno_addr                       0x00018d1d   Thumb Code     4  errno.o(i.__aeabi_errno_addr)
    __rt_errno_addr                          0x00018d1d   Thumb Code     0  errno.o(i.__aeabi_errno_addr)
    __ieee754_rem_pio2                       0x00018d25   Thumb Code   832  rred.o(i.__ieee754_rem_pio2)
    __kernel_cos                             0x000190ad   Thumb Code   230  cos_i.o(i.__kernel_cos)
    __kernel_poly                            0x000191a9   Thumb Code   170  poly.o(i.__kernel_poly)
    __kernel_sin                             0x00019255   Thumb Code   224  sin_i.o(i.__kernel_sin)
    __mathlib_dbl_underflow                  0x00019341   Thumb Code    10  dunder.o(i.__mathlib_dbl_underflow)
    __scatterload_copy                       0x00019351   Thumb Code    14  handlers.o(i.__scatterload_copy)
    __scatterload_zeroinit                   0x0001935f   Thumb Code    14  handlers.o(i.__scatterload_zeroinit)
    __set_errno                              0x0001936d   Thumb Code     6  errno.o(i.__set_errno)
    _is_digit                                0x000194d5   Thumb Code    14  scanf_fp.o(i._is_digit)
    alloc_mem                                0x00019c69   Thumb Code   174  at_mem.o(i.alloc_mem)
    arp_cache_add                            0x00019d21   Thumb Code   174  at_arp.o(i.arp_cache_add)
    arp_cache_early                          0x00019e61   Thumb Code   142  at_arp.o(i.arp_cache_early)
    arp_cache_find                           0x00019ef9   Thumb Code   168  at_arp.o(i.arp_cache_find)
    arp_cache_update                         0x00019fad   Thumb Code   228  at_arp.o(i.arp_cache_update)
    arp_init                                 0x0001a0a1   Thumb Code    34  at_arp.o(i.arp_init)
    arp_notify                               0x0001a101   Thumb Code    26  at_arp.o(i.arp_notify)
    arp_process                              0x0001a1b1   Thumb Code   294  at_arp.o(i.arp_process)
    avail_mem                                0x0001a441   Thumb Code    22  at_mem.o(i.avail_mem)
    b64_to_asc                               0x0001a45d   Thumb Code   120  at_lib.o(i.b64_to_asc)
    calc_chksum16be                          0x0001a4d5   Thumb Code    18  at_lib.o(i.calc_chksum16be)
    cgx_content_type                         0x0001a4e7   Thumb Code     4  at_http.o(i.cgx_content_type)
    chksum16_buf                             0x0001a6b9   Thumb Code    40  at_lib.o(i.chksum16_buf)
    chksum16_val                             0x0001a6e1   Thumb Code    10  at_lib.o(i.chksum16_val)
    eth_chk_adr                              0x0001a731   Thumb Code    10  at_ethernet.o(i.eth_chk_adr)
    eth_init_link                            0x0001a741   Thumb Code    40  at_ethernet.o(i.eth_init_link)
    eth_run_link                             0x0001a775   Thumb Code   194  at_ethernet.o(i.eth_run_link)
    eth_send_frame                           0x0001a849   Thumb Code   150  at_ethernet.o(i.eth_send_frame)
    free_mem                                 0x0001a8f1   Thumb Code   124  at_mem.o(i.free_mem)
    get_rnd32                                0x0001aa61   Thumb Code    18  at_system.o(i.get_rnd32)
    http_accept_host                         0x0001aa8f   Thumb Code     4  at_http.o(i.http_accept_host)
    http_check_account                       0x0001ad51   Thumb Code     4  at_http.o(i.http_check_account)
    http_fclose                              0x0001aedd   Thumb Code     2  at_http_uif.o(i.http_fclose)
    http_fgets                               0x0001aedf   Thumb Code     4  at_http_uif.o(i.http_fgets)
    http_file_access                         0x0001aee3   Thumb Code     4  at_http.o(i.http_file_access)
    http_finfo                               0x0001aee7   Thumb Code     4  at_http_uif.o(i.http_finfo)
    http_fopen                               0x0001aeeb   Thumb Code     4  at_http_uif.o(i.http_fopen)
    http_fread                               0x0001aeef   Thumb Code     4  at_http_uif.o(i.http_fread)
    http_get_var                             0x0001aef5   Thumb Code   104  at_http.o(i.http_get_var)
    http_init                                0x0001af61   Thumb Code    72  at_http.o(i.http_init)
    http_run_server                          0x0001b71d   Thumb Code   816  at_http.o(i.http_run_server)
    icmp_init                                0x0001bb21   Thumb Code    10  at_icmp.o(i.icmp_init)
    icmp_process                             0x0001bb31   Thumb Code   198  at_icmp.o(i.icmp_process)
    icmp_run_engine                          0x0001bbfd   Thumb Code    58  at_icmp.o(i.icmp_run_engine)
    ifree_mem                                0x0001bcb5   Thumb Code    48  at_mem.o(i.ifree_mem)
    init_TcpNet                              0x0001bced   Thumb Code    38  at_system.o(i.init_TcpNet)
    init_mem                                 0x0001bd1d   Thumb Code    86  at_mem.o(i.init_mem)
    ip_chk_frame                             0x0001bd7d   Thumb Code   190  at_ip.o(i.ip_chk_frame)
    ip_get_locadr                            0x0001be51   Thumb Code   166  at_ip.o(i.ip_get_locadr)
    ip_init                                  0x0001bf09   Thumb Code     8  at_ip.o(i.ip_init)
    ip_run_local                             0x0001bf15   Thumb Code    82  at_ip.o(i.ip_run_local)
    ip_send_frame                            0x0001bf71   Thumb Code   328  at_ip.o(i.ip_send_frame)
    is_subnet                                0x0001c0c1   Thumb Code    20  at_lib.o(i.is_subnet)
    main_TcpNet                              0x0001c0d5   Thumb Code    86  at_system.o(i.main_TcpNet)
    mem_comp                                 0x0001c139   Thumb Code    24  at_lib.o(i.mem_comp)
    mem_copy                                 0x0001c151   Thumb Code    22  at_lib.o(i.mem_copy)
    mem_crc32                                0x0001c167   Thumb Code    32  at_lib.o(i.mem_crc32)
    mem_set                                  0x0001c187   Thumb Code    10  at_lib.o(i.mem_set)
    mem_test                                 0x0001c191   Thumb Code    20  at_lib.o(i.mem_test)
    nrd_u32be                                0x0001c1a5   Thumb Code    22  at_lib.o(i.nrd_u32be)
    nwr_u32be                                0x0001c1bb   Thumb Code    16  at_lib.o(i.nwr_u32be)
    pow                                      0x0001c1cd   Thumb Code  2510  pow.o(i.pow)
    put_in_queue                             0x0001cbd5   Thumb Code    36  at_ethernet.o(i.put_in_queue)
    resize_mem                               0x0001cc9d   Thumb Code    68  at_mem.o(i.resize_mem)
    sin                                      0x0001cd31   Thumb Code   166  sin.o(i.sin)
    sqrt                                     0x0001cde1   Thumb Code    76  sqrt.o(i.sqrt)
    str_copy                                 0x0001ce2d   Thumb Code    18  at_lib.o(i.str_copy)
    str_crc32                                0x0001ce3f   Thumb Code    26  at_lib.o(i.str_crc32)
    str_pos                                  0x0001ce59   Thumb Code    22  at_lib.o(i.str_pos)
    str_scomp                                0x0001ce6f   Thumb Code    26  at_lib.o(i.str_scomp)
    tcp_abort                                0x0001ce89   Thumb Code    76  at_tcp.o(i.tcp_abort)
    tcp_close                                0x0001ced9   Thumb Code   150  at_tcp.o(i.tcp_close)
    tcp_get_buf                              0x0001cf75   Thumb Code    32  at_tcp.o(i.tcp_get_buf)
    tcp_get_socket                           0x0001cf95   Thumb Code    70  at_tcp.o(i.tcp_get_socket)
    tcp_get_state                            0x0001cfe1   Thumb Code    32  at_tcp.o(i.tcp_get_state)
    tcp_init                                 0x0001d005   Thumb Code    18  at_tcp.o(i.tcp_init)
    tcp_listen                               0x0001d01d   Thumb Code   102  at_tcp.o(i.tcp_listen)
    tcp_max_dsize                            0x0001d121   Thumb Code    30  at_tcp.o(i.tcp_max_dsize)
    tcp_poll_sockets                         0x0001d1a5   Thumb Code   630  at_tcp.o(i.tcp_poll_sockets)
    tcp_process                              0x0001d545   Thumb Code  1164  at_tcp.o(i.tcp_process)
    tcp_send                                 0x0001daa5   Thumb Code   204  at_tcp.o(i.tcp_send)
    timer_tick                               0x0001dded   Thumb Code    14  at_system.o(i.timer_tick)
    udp_init                                 0x0001de01   Thumb Code    18  at_udp.o(i.udp_init)
    udp_process                              0x0001de19   Thumb Code   178  at_udp.o(i.udp_process)
    nlocalm                                  0x0001e150   Data          60  net_config.o(.constdata)
    sys_config                               0x0001e18c   Data          16  net_config.o(.constdata)
    arp_config                               0x0001e19c   Data          12  net_config.o(.constdata)
    udp_config                               0x0001e1a8   Data           8  net_config.o(.constdata)
    tcp_config                               0x0001e1b0   Data          24  net_config.o(.constdata)
    http_config                              0x0001e1c8   Data          24  net_config.o(.constdata)
    FileMD                                   0x0001e1e0   Data           4  web.o(.constdata)
    FileTab                                  0x0001ea94   Data          16  web.o(.constdata)
    IP_Broadcast                             0x0001f09a   Data           4  at_ip.o(.constdata)
    MAC_Broadcast                            0x0001f196   Data           6  at_ethernet.o(.constdata)
    http_err_401                             0x0001f19c   Data          86  http_err.o(.constdata)
    http_err_403                             0x0001f1f2   Data          81  http_err.o(.constdata)
    http_err_404                             0x0001f243   Data          78  http_err.o(.constdata)
    http_err_501                             0x0001f291   Data          75  http_err.o(.constdata)
    http_err_head                            0x0001f2dc   Data          47  http_err.o(.constdata)
    http_err_foot                            0x0001f30b   Data         136  http_err.o(.constdata)
    __mathlib_zero                           0x0001f450   Data           8  qnan.o(.constdata)
    __ctype_table                            0x0001f548   Data         129  ctype_o.o(.constdata)
    Region$$Table$$Base                      0x0001f5ec   Number         0  anon$$obj.o(Region$$Table)
    Region$$Table$$Limit                     0x0001f61c   Number         0  anon$$obj.o(Region$$Table)
    SystemCoreClock                          0x10000000   Data           4  system_lpc17xx.o(.data)
    DATOS                                    0x10000004   Data           4  main.o(.data)
    ESTADO                                   0x10000008   Data           4  main.o(.data)
    COUNTERS                                 0x1000000c   Data           4  main.o(.data)
    ACTUALIZADOR                             0x10000010   Data           4  main.o(.data)
    objESTADO                                0x10000014   Data           1  main.o(.data)
    objACTUALIZADOR                          0x10000015   Data           2  main.o(.data)
    Modo_energetico                          0x10000018   Data           1  statechart.o(.data)
    Modo_brillo                              0x10000019   Data           1  statechart.o(.data)
    __brilloFade                             0x1000001a   Data           1  statechart.o(.data)
    __brilloAuto                             0x1000001b   Data           1  statechart.o(.data)
    zona_0                                   0x1000001c   Data          10  statechart.o(.data)
    zona_1                                   0x10000026   Data          10  statechart.o(.data)
    zona_2                                   0x10000030   Data          10  statechart.o(.data)
    zona_3                                   0x1000003a   Data          10  statechart.o(.data)
    zona_4                                   0x10000044   Data          10  statechart.o(.data)
    zona_5                                   0x1000004e   Data          10  statechart.o(.data)
    zona_6                                   0x10000058   Data          10  statechart.o(.data)
    zona_7                                   0x10000062   Data          10  statechart.o(.data)
    zona_8                                   0x1000006c   Data          10  statechart.o(.data)
    zona_9                                   0x10000076   Data          10  statechart.o(.data)
    zona_10                                  0x10000080   Data          10  statechart.o(.data)
    zona_11                                  0x1000008a   Data          10  statechart.o(.data)
    zona_12                                  0x10000094   Data          10  statechart.o(.data)
    zona_13                                  0x1000009e   Data          10  statechart.o(.data)
    zona_14                                  0x100000a8   Data          10  statechart.o(.data)
    zona_15                                  0x100000b2   Data          10  statechart.o(.data)
    zona_16                                  0x100000bc   Data          10  statechart.o(.data)
    zona_17                                  0x100000c6   Data          10  statechart.o(.data)
    zona_18                                  0x100000d0   Data          10  statechart.o(.data)
    zona_19                                  0x100000da   Data          10  statechart.o(.data)
    zona_20                                  0x100000e4   Data          10  statechart.o(.data)
    zona_21                                  0x100000ee   Data          10  statechart.o(.data)
    zona_22                                  0x100000f8   Data          10  statechart.o(.data)
    zona_23                                  0x10000102   Data          10  statechart.o(.data)
    zona_24                                  0x1000010c   Data          10  statechart.o(.data)
    zona_25                                  0x10000116   Data          10  statechart.o(.data)
    zona_26                                  0x10000120   Data          10  statechart.o(.data)
    zona_27                                  0x1000012a   Data          10  statechart.o(.data)
    zona_28                                  0x10000134   Data          10  statechart.o(.data)
    zona_29                                  0x1000013e   Data          10  statechart.o(.data)
    zona_30                                  0x10000148   Data          10  statechart.o(.data)
    zona_31                                  0x10000152   Data          10  statechart.o(.data)
    zona_27m                                 0x1000015c   Data          10  statechart.o(.data)
    zona_28m                                 0x10000166   Data          10  statechart.o(.data)
    zona_29m                                 0x10000170   Data          10  statechart.o(.data)
    zona_30m                                 0x1000017a   Data          10  statechart.o(.data)
    zona_27M                                 0x10000184   Data          10  statechart.o(.data)
    zona_28M                                 0x1000018e   Data          10  statechart.o(.data)
    zona_29M                                 0x10000198   Data          10  statechart.o(.data)
    zona_30M                                 0x100001a2   Data          10  statechart.o(.data)
    zona_32                                  0x100001ac   Data          10  statechart.o(.data)
    zona_32n                                 0x100001b6   Data          10  statechart.o(.data)
    zona_33                                  0x100001c0   Data          10  statechart.o(.data)
    zona_34                                  0x100001ca   Data          10  statechart.o(.data)
    zona_34n                                 0x100001d4   Data          10  statechart.o(.data)
    zona_35                                  0x100001de   Data          10  statechart.o(.data)
    zona_350                                 0x100001e8   Data          10  statechart.o(.data)
    zona_351                                 0x100001f2   Data          10  statechart.o(.data)
    zona_352                                 0x100001fc   Data          10  statechart.o(.data)
    zona_353                                 0x10000206   Data          10  statechart.o(.data)
    zona_354                                 0x10000210   Data          10  statechart.o(.data)
    zona_355                                 0x1000021a   Data          10  statechart.o(.data)
    zona_356                                 0x10000224   Data          10  statechart.o(.data)
    zona_357                                 0x1000022e   Data          10  statechart.o(.data)
    zona_358                                 0x10000238   Data          10  statechart.o(.data)
    zona_359                                 0x10000242   Data          10  statechart.o(.data)
    zona_330                                 0x1000024c   Data          10  statechart.o(.data)
    zona_331                                 0x10000256   Data          10  statechart.o(.data)
    zona_332                                 0x10000260   Data          10  statechart.o(.data)
    zona_333                                 0x1000026a   Data          10  statechart.o(.data)
    zona_334                                 0x10000274   Data          10  statechart.o(.data)
    zona_335                                 0x1000027e   Data          10  statechart.o(.data)
    zona_336                                 0x10000288   Data          10  statechart.o(.data)
    zona_337                                 0x10000292   Data          10  statechart.o(.data)
    zona_338                                 0x1000029c   Data          10  statechart.o(.data)
    zona_339                                 0x100002a6   Data          10  statechart.o(.data)
    zona_lo0                                 0x100002b0   Data          10  statechart.o(.data)
    zona_lo1                                 0x100002ba   Data          10  statechart.o(.data)
    zona_lo20                                0x100002c4   Data          10  statechart.o(.data)
    zona_lo21                                0x100002ce   Data          10  statechart.o(.data)
    zona_lo22                                0x100002d8   Data          10  statechart.o(.data)
    zona_lo23                                0x100002e2   Data          10  statechart.o(.data)
    pressedTouchPanel                        0x100002ec   Data           1  statechart.o(.data)
    Aux8                                     0x100002ed   Data           1  statechart.o(.data)
    matrix                                   0x100002f0   Data          56  touchpanel.o(.data)
    DisplaySample                            0x10000328   Data          12  touchpanel.o(.data)
    display                                  0x10000338   Data           4  touchpanel.o(.data)
    TemperaturaConBmp                        0x1000033c   Data           1  i2c.o(.data)
    LecturaBMP0                              0x1000033d   Data           1  i2c.o(.data)
    LecturaBMP1                              0x1000033e   Data           1  i2c.o(.data)
    LecturaBMP                               0x10000340   Data           2  i2c.o(.data)
    temperatura                              0x10000344   Data           4  i2c.o(.data)
    presion                                  0x10000348   Data           4  i2c.o(.data)
    CAPcont                                  0x1000034c   Data           1  anemometro.o(.data)
    SLAYERcont                               0x1000034d   Data           1  anemometro.o(.data)
    CLKbuff                                  0x10000350   Data           8  anemometro.o(.data)
    aux_viento                               0x10000358   Data           4  anemometro.o(.data)
    BUFFER_BRILLO                            0x1000035c   Data           4  ldr.o(.data)
    BUFFER_UVA                               0x10000360   Data           4  ldr.o(.data)
    contador                                 0x10000364   Data           4  ldr.o(.data)
    YaPuedesMedir                            0x10000368   Data           1  ufono.o(.data)
    ADC_ConfigBuffer                         0x1000036c   Data           4  ufono.o(.data)
    ADC_IntenBuffer                          0x10000370   Data           4  ufono.o(.data)
    p                                        0x10000374   Data           4  onewirev2.o(.data)
    Checksum                                 0x10000378   Data           1  onewirev2.o(.data)
    Brillo2ciclo_LDR                         0x10000379   Data          14  lut.o(.data)
    Brillo_LDR                               0x10000387   Data          22  lut.o(.data)
    EstadoUART0                              0x1000039d   Data           1  uart0.o(.data)
    Inmortal                                 0x1000039e   Data           1  uart0.o(.data)
    ptr_rx                                   0x100003a0   Data           4  uart.o(.data)
    rx_completa                              0x100003a4   Data           1  uart.o(.data)
    ptr_tx                                   0x100003a8   Data           4  uart.o(.data)
    tx_completa                              0x100003ac   Data           1  uart.o(.data)
    lhost_name                               0x100003ad   Data          16  net_config.o(.data)
    own_hw_adr                               0x100003bd   Data           6  net_config.o(.data)
    iap_entry                                0x100003d8   Data           4  emac_lpc17xx_lan8720.o(.data)
    TIM0_ticks                               0x100003ec   Data           1  timers.o(.data)
    Timer2_MODO                              0x100003ed   Data           1  timers.o(.data)
    CAP11_BUFF                               0x100003f0   Data           4  timers.o(.data)
    contadorLUZ                              0x100003f4   Data           2  timers.o(.data)
    objDATOS                                 0x10000420   Data          36  main.o(.bss)
    objCOUNTERS                              0x10000444   Data          16  main.o(.bss)
    MODIFICABLES                             0x10000454   Data          24  statechart.o(.bss)
    buffer                                   0x1000046c   Data          23  statechart.o(.bss)
    ScreenSample                             0x10000484   Data          12  touchpanel.o(.bss)
    COEF                                     0x10000490   Data          22  i2c.o(.bss)
    AUDIO                                    0x100004a6   Data       16000  ldr.o(.bss)
    TRAZA                                    0x10004328   Data         400  onewirev2.o(.bss)
    HOLD                                     0x100044b8   Data         400  onewirev2.o(.bss)
    LLI0                                     0x10004648   Data          16  dma.o(.bss)
    sinusoide                                0x10004658   Data          32  dma.o(.bss)
    UART0_BUFFER_TX                          0x10004678   Data         121  uart0.o(.bss)
    bufferx                                  0x100046f1   Data          30  uart.o(.bss)
    Clock                                    0x1000470f   Data          23  rtc.o(.bss)
    localm                                   0x100047cc   Data          60  at_system.o(.bss)
    sys_control                              0x10004808   Data          16  at_system.o(.bss)
    __initial_sp                             0x10004a18   Data           0  startup_lpc17xx.o(STACK)



==============================================================================

Memory Map of the image

  Image Entry point : 0x000000cd

  Load Region LR_IROM1 (Base: 0x00000000, Size: 0x0001fa3c, Max: 0x00080000, ABSOLUTE, COMPRESSED[0x0001f7a0])

    Execution Region ER_IROM1 (Base: 0x00000000, Size: 0x0001f61c, Max: 0x00080000, ABSOLUTE)

    Base Addr    Size         Type   Attr      Idx    E Section Name        Object

    0x00000000   0x000000cc   Data   RO            3    RESET               startup_lpc17xx.o
    0x000000cc   0x00000000   Code   RO         1357  * .ARM.Collect$$$$00000000  mc_w.l(entry.o)
    0x000000cc   0x00000004   Code   RO         1712    .ARM.Collect$$$$00000001  mc_w.l(entry2.o)
    0x000000d0   0x00000004   Code   RO         1715    .ARM.Collect$$$$00000004  mc_w.l(entry5.o)
    0x000000d4   0x00000000   Code   RO         1717    .ARM.Collect$$$$00000008  mc_w.l(entry7b.o)
    0x000000d4   0x00000000   Code   RO         1719    .ARM.Collect$$$$0000000A  mc_w.l(entry8b.o)
    0x000000d4   0x00000008   Code   RO         1720    .ARM.Collect$$$$0000000B  mc_w.l(entry9a.o)
    0x000000dc   0x00000000   Code   RO         1722    .ARM.Collect$$$$0000000D  mc_w.l(entry10a.o)
    0x000000dc   0x00000000   Code   RO         1724    .ARM.Collect$$$$0000000F  mc_w.l(entry11a.o)
    0x000000dc   0x00000004   Code   RO         1713    .ARM.Collect$$$$00002712  mc_w.l(entry2.o)
    0x000000e0   0x00000024   Code   RO            5    .text               startup_lpc17xx.o
    0x00000104   0x00000010   Code   RO           59    .text               main.o
    0x00000114   0x00000130   Code   RO          268    .text               configura.o
    0x00000244   0x0000002c   Code   RO          429    .text               uva30a.o
    0x00000270   0x00000028   Code   RO          571    .text               wdt.o
    0x00000298   0x00000010   Code   RO          643    .text               http_source.o
    0x000002a8   0x00000004   Code   RO          964    .text               lpc17xx_libcfg_default.o
    0x000002ac   0x00000020   Code   RO          976    .text               asciilib.o
    0x000002cc   0x00000024   Code   RO         1362    .text               mc_w.l(memcpya.o)
    0x000002f0   0x0000000a   Code   RO         1659    .text               mf_w.l(ffltui.o)
    0x000002fa   0x00000000   Code   RO         1752    .text               mc_w.l(iusefp.o)
    0x000002fa   0x00000002   Code   RO         1811    i.__scatterload_null  mc_w.l(handlers.o)
    0x000002fc   0x00000004   Code   RO            4    .ARM.__at_0x02FC    startup_lpc17xx.o
    0x00000300   0x00000318   Code   RO           24    .text               system_lpc17xx.o
    0x00000618   0x00001e54   Code   RO          192    .text               statechart.o
    0x0000246c   0x00000844   Code   RO          242    .text               touchpanel.o
    0x00002cb0   0x00000548   Code   RO          291    .text               i2c.o
    0x000031f8   0x0000014c   Code   RO          315    .text               i2clib.o
    0x00003344   0x00000184   Code   RO          331    .text               anemometro.o
    0x000034c8   0x000001e8   Code   RO          364    .text               ldr.o
    0x000036b0   0x00000118   Code   RO          397    .text               ufono.o
    0x000037c8   0x000002b8   Code   RO          448    .text               onewirev2.o
    0x00003a80   0x000002a0   Code   RO          472    .text               pwm.o
    0x00003d20   0x000000b4   Code   RO          489    .text               dac.o
    0x00003dd4   0x000000f8   Code   RO          521    .text               lut.o
    0x00003ecc   0x000001b0   Code   RO          545    .text               dma.o
    0x0000407c   0x000008a4   Code   RO          587    .text               uart0.o
    0x00004920   0x00000200   Code   RO          619    .text               uart.o
    0x00004b20   0x00000074   Code   RO          671    .text               net_config.o
    0x00004b94   0x0000032c   Code   RO          693    .text               http_cgi.o
    0x00004ec0   0x000005d0   Code   RO          716    .text               emac_lpc17xx_lan8720.o
    0x00005490   0x00000130   Code   RO          753    .text               rtc.o
    0x000055c0   0x00000478   Code   RO          780    .text               timers.o
    0x00005a38   0x000006b8   Code   RO          895    .text               lpc17xx_ssp.o
    0x000060f0   0x00000100   Code   RO          917    .text               lpc17xx_pinsel.o
    0x000061f0   0x00000424   Code   RO          933    .text               lpc17xx_gpio.o
    0x00006614   0x00000150   Code   RO          949    .text               lpc17xx_clkpwr.o
    0x00006764   0x00011100   Code   RO          994    .text               glcd.o
    0x00017864   0x00000062   Code   RO         1360    .text               mc_w.l(uldiv.o)
    0x000178c6   0x00000024   Code   RO         1364    .text               mc_w.l(memseta.o)
    0x000178ea   0x0000000e   Code   RO         1366    .text               mc_w.l(strlen.o)
    0x000178f8   0x0000001c   Code   RO         1368    .text               mc_w.l(strcmp.o)
    0x00017914   0x00000012   Code   RO         1370    .text               mc_w.l(strcpy.o)
    0x00017926   0x00000002   PAD
    0x00017928   0x00000038   Code   RO         1635    .text               mc_w.l(__0sscanf.o)
    0x00017960   0x00000150   Code   RO         1637    .text               mc_w.l(_scanf_int.o)
    0x00017ab0   0x0000033c   Code   RO         1639    .text               mc_w.l(scanf_fp.o)
    0x00017dec   0x0000001a   Code   RO         1643    .text               mc_w.l(atoi.o)
    0x00017e06   0x000000b0   Code   RO         1645    .text               mf_w.l(fadd.o)
    0x00017eb6   0x0000006c   Code   RO         1647    .text               mf_w.l(fmul.o)
    0x00017f22   0x00000080   Code   RO         1649    .text               mf_w.l(fdiv.o)
    0x00017fa2   0x0000014e   Code   RO         1651    .text               mf_w.l(dadd.o)
    0x000180f0   0x000000e4   Code   RO         1653    .text               mf_w.l(dmul.o)
    0x000181d4   0x000000de   Code   RO         1655    .text               mf_w.l(ddiv.o)
    0x000182b2   0x00000012   Code   RO         1657    .text               mf_w.l(fflti.o)
    0x000182c4   0x00000022   Code   RO         1661    .text               mf_w.l(dflti.o)
    0x000182e6   0x0000001a   Code   RO         1663    .text               mf_w.l(dfltui.o)
    0x00018300   0x00000032   Code   RO         1665    .text               mf_w.l(ffixi.o)
    0x00018332   0x00000028   Code   RO         1667    .text               mf_w.l(ffixui.o)
    0x0001835a   0x0000003e   Code   RO         1669    .text               mf_w.l(dfixi.o)
    0x00018398   0x00000032   Code   RO         1671    .text               mf_w.l(dfixui.o)
    0x000183ca   0x00000026   Code   RO         1673    .text               mf_w.l(f2d.o)
    0x000183f0   0x00000028   Code   RO         1675    .text               mf_w.l(cdcmple.o)
    0x00018418   0x00000038   Code   RO         1677    .text               mf_w.l(d2f.o)
    0x00018450   0x00000014   Code   RO         1679    .text               mf_w.l(cfcmple.o)
    0x00018464   0x00000014   Code   RO         1681    .text               mf_w.l(cfrcmple.o)
    0x00018478   0x0000002c   Code   RO         1729    .text               mc_w.l(uidiv.o)
    0x000184a4   0x0000001e   Code   RO         1731    .text               mc_w.l(llshl.o)
    0x000184c2   0x00000020   Code   RO         1733    .text               mc_w.l(llushr.o)
    0x000184e2   0x00000024   Code   RO         1735    .text               mc_w.l(llsshr.o)
    0x00018506   0x0000001c   Code   RO         1744    .text               mc_w.l(_chval.o)
    0x00018522   0x00000002   PAD
    0x00018524   0x00000028   Code   RO         1746    .text               mc_w.l(scanf_char.o)
    0x0001854c   0x00000040   Code   RO         1748    .text               mc_w.l(_sgetc.o)
    0x0001858c   0x00000070   Code   RO         1750    .text               mc_w.l(strtol.o)
    0x000185fc   0x0000006c   Code   RO         1753    .text               mf_w.l(fepilogue.o)
    0x00018668   0x000000be   Code   RO         1755    .text               mf_w.l(depilogue.o)
    0x00018726   0x0000002e   Code   RO         1757    .text               mf_w.l(dscalb.o)
    0x00018754   0x00000018   Code   RO         1759    .text               mf_w.l(dfltul.o)
    0x0001876c   0x00000030   Code   RO         1761    .text               mf_w.l(dfixul.o)
    0x0001879c   0x00000028   Code   RO         1763    .text               mf_w.l(cdrcmple.o)
    0x000187c4   0x00000024   Code   RO         1765    .text               mc_w.l(init.o)
    0x000187e8   0x00000008   Code   RO         1770    .text               mc_w.l(ctype_o.o)
    0x000187f0   0x00000012   Code   RO         1792    .text               mc_w.l(isspace_o.o)
    0x00018802   0x00000002   PAD
    0x00018804   0x0000032c   Code   RO         1798    .text               mc_w.l(_scanf.o)
    0x00018b30   0x0000009e   Code   RO         1800    .text               mc_w.l(_strtoul.o)
    0x00018bce   0x000000a2   Code   RO         1803    .text               mf_w.l(dsqrt.o)
    0x00018c70   0x0000005c   Code   RO         1816    .text               mc_w.l(__dczerorl2.o)
    0x00018ccc   0x00000028   Code   RO         1609    i.__0sprintf        mc_w.l(printfa.o)
    0x00018cf4   0x00000028   Code   RO         1688    i.__ARM_fpclassify  m_ws.l(fpclassify.o)
    0x00018d1c   0x00000008   Code   RO         1737    i.__aeabi_errno_addr  mc_w.l(errno.o)
    0x00018d24   0x00000388   Code   RO         1693    i.__ieee754_rem_pio2  m_ws.l(rred.o)
    0x000190ac   0x000000fc   Code   RO         1683    i.__kernel_cos      m_ws.l(cos_i.o)
    0x000191a8   0x000000aa   Code   RO         1690    i.__kernel_poly     m_ws.l(poly.o)
    0x00019252   0x00000002   PAD
    0x00019254   0x000000ec   Code   RO         1698    i.__kernel_sin      m_ws.l(sin_i.o)
    0x00019340   0x00000010   Code   RO         1686    i.__mathlib_dbl_underflow  m_ws.l(dunder.o)
    0x00019350   0x0000000e   Code   RO         1810    i.__scatterload_copy  mc_w.l(handlers.o)
    0x0001935e   0x0000000e   Code   RO         1812    i.__scatterload_zeroinit  mc_w.l(handlers.o)
    0x0001936c   0x0000000c   Code   RO         1739    i.__set_errno       mc_w.l(errno.o)
    0x00019378   0x0000015c   Code   RO         1614    i._fp_digits        mc_w.l(printfa.o)
    0x000194d4   0x0000000e   Code   RO         1641    i._is_digit         mc_w.l(scanf_fp.o)
    0x000194e2   0x00000002   PAD
    0x000194e4   0x000006f0   Code   RO         1615    i._printf_core      mc_w.l(printfa.o)
    0x00019bd4   0x00000026   Code   RO         1616    i._printf_post_padding  mc_w.l(printfa.o)
    0x00019bfa   0x00000030   Code   RO         1617    i._printf_pre_padding  mc_w.l(printfa.o)
    0x00019c2a   0x0000000a   Code   RO         1619    i._sputc            mc_w.l(printfa.o)
    0x00019c34   0x00000034   Code   RO         1164    i.add_server_id     TCP_CM3.lib(at_http.o)
    0x00019c68   0x000000b8   Code   RO         1300    i.alloc_mem         TCP_CM3.lib(at_mem.o)
    0x00019d20   0x000000b8   Code   RO         1011    i.arp_cache_add     TCP_CM3.lib(at_arp.o)
    0x00019dd8   0x00000088   Code   RO         1012    i.arp_cache_alloc   TCP_CM3.lib(at_arp.o)
    0x00019e60   0x00000098   Code   RO         1013    i.arp_cache_early   TCP_CM3.lib(at_arp.o)
    0x00019ef8   0x000000b4   Code   RO         1014    i.arp_cache_find    TCP_CM3.lib(at_arp.o)
    0x00019fac   0x000000f4   Code   RO         1017    i.arp_cache_update  TCP_CM3.lib(at_arp.o)
    0x0001a0a0   0x0000002c   Code   RO         1020    i.arp_init          TCP_CM3.lib(at_arp.o)
    0x0001a0cc   0x00000034   Code   RO         1021    i.arp_is_cacheable  TCP_CM3.lib(at_arp.o)
    0x0001a100   0x00000028   Code   RO         1022    i.arp_notify        TCP_CM3.lib(at_arp.o)
    0x0001a128   0x00000088   Code   RO         1024    i.arp_proc_response  TCP_CM3.lib(at_arp.o)
    0x0001a1b0   0x00000138   Code   RO         1025    i.arp_process       TCP_CM3.lib(at_arp.o)
    0x0001a2e8   0x000000a0   Code   RO         1026    i.arp_send_reply    TCP_CM3.lib(at_arp.o)
    0x0001a388   0x000000b8   Code   RO         1027    i.arp_send_request  TCP_CM3.lib(at_arp.o)
    0x0001a440   0x0000001c   Code   RO         1301    i.avail_mem         TCP_CM3.lib(at_mem.o)
    0x0001a45c   0x00000078   Code   RO         1251    i.b64_to_asc        TCP_CM3.lib(at_lib.o)
    0x0001a4d4   0x00000012   Code   RO         1253    i.calc_chksum16be   TCP_CM3.lib(at_lib.o)
    0x0001a4e6   0x00000004   Code   RO         1165    i.cgx_content_type  TCP_CM3.lib(at_http.o)
    0x0001a4ea   0x00000002   PAD
    0x0001a4ec   0x000001cc   Code   RO         1166    i.chk_post_req      TCP_CM3.lib(at_http.o)
    0x0001a6b8   0x00000028   Code   RO         1254    i.chksum16_buf      TCP_CM3.lib(at_lib.o)
    0x0001a6e0   0x0000000a   Code   RO         1255    i.chksum16_val      TCP_CM3.lib(at_lib.o)
    0x0001a6ea   0x0000001e   Code   RO         1167    i.cmp_fname_ext     TCP_CM3.lib(at_http.o)
    0x0001a708   0x00000028   Code   RO         1168    i.cmp_header        TCP_CM3.lib(at_http.o)
    0x0001a730   0x00000010   Code   RO         1236    i.eth_chk_adr       TCP_CM3.lib(at_ethernet.o)
    0x0001a740   0x00000034   Code   RO         1238    i.eth_init_link     TCP_CM3.lib(at_ethernet.o)
    0x0001a774   0x000000d4   Code   RO         1239    i.eth_run_link      TCP_CM3.lib(at_ethernet.o)
    0x0001a848   0x000000a8   Code   RO         1240    i.eth_send_frame    TCP_CM3.lib(at_ethernet.o)
    0x0001a8f0   0x00000084   Code   RO         1302    i.free_mem          TCP_CM3.lib(at_mem.o)
    0x0001a974   0x00000028   Code   RO         1257    i.get_crc32         TCP_CM3.lib(at_lib.o)
    0x0001a99c   0x00000068   Code   RO         1169    i.get_file_type     TCP_CM3.lib(at_http.o)
    0x0001aa04   0x00000028   Code   RO         1170    i.get_next_field    TCP_CM3.lib(at_http.o)
    0x0001aa2c   0x00000032   Code   RO         1171    i.get_next_par      TCP_CM3.lib(at_http.o)
    0x0001aa5e   0x00000002   PAD
    0x0001aa60   0x0000001c   Code   RO         1314    i.get_rnd32         TCP_CM3.lib(at_system.o)
    0x0001aa7c   0x00000012   Code   RO         1172    i.hex2byte          TCP_CM3.lib(at_http.o)
    0x0001aa8e   0x00000004   Code   RO         1173    i.http_accept_host  TCP_CM3.lib(at_http.o)
    0x0001aa92   0x00000002   PAD
    0x0001aa94   0x000002bc   Code   RO         1174    i.http_add_header   TCP_CM3.lib(at_http.o)
    0x0001ad50   0x00000004   Code   RO         1175    i.http_check_account  TCP_CM3.lib(at_http.o)
    0x0001ad54   0x00000188   Code   RO         1177    i.http_error_msg    TCP_CM3.lib(at_http.o)
    0x0001aedc   0x00000002   Code   RO         1329    i.http_fclose       TCP_CM3.lib(at_http_uif.o)
    0x0001aede   0x00000004   Code   RO         1330    i.http_fgets        TCP_CM3.lib(at_http_uif.o)
    0x0001aee2   0x00000004   Code   RO         1178    i.http_file_access  TCP_CM3.lib(at_http.o)
    0x0001aee6   0x00000004   Code   RO         1331    i.http_finfo        TCP_CM3.lib(at_http_uif.o)
    0x0001aeea   0x00000004   Code   RO         1332    i.http_fopen        TCP_CM3.lib(at_http_uif.o)
    0x0001aeee   0x00000004   Code   RO         1333    i.http_fread        TCP_CM3.lib(at_http_uif.o)
    0x0001aef2   0x00000002   PAD
    0x0001aef4   0x0000006c   Code   RO         1184    i.http_get_var      TCP_CM3.lib(at_http.o)
    0x0001af60   0x00000050   Code   RO         1185    i.http_init         TCP_CM3.lib(at_http.o)
    0x0001afb0   0x0000005e   Code   RO         1186    i.http_kill_session  TCP_CM3.lib(at_http.o)
    0x0001b00e   0x00000002   PAD
    0x0001b010   0x00000224   Code   RO         1187    i.http_listener     TCP_CM3.lib(at_http.o)
    0x0001b234   0x00000120   Code   RO         1188    i.http_open_file    TCP_CM3.lib(at_http.o)
    0x0001b354   0x00000154   Code   RO         1189    i.http_proc_header  TCP_CM3.lib(at_http.o)
    0x0001b4a8   0x0000017c   Code   RO         1190    i.http_proc_multipart  TCP_CM3.lib(at_http.o)
    0x0001b624   0x000000f8   Code   RO         1191    i.http_proc_post    TCP_CM3.lib(at_http.o)
    0x0001b71c   0x0000033c   Code   RO         1192    i.http_run_server   TCP_CM3.lib(at_http.o)
    0x0001ba58   0x0000001e   Code   RO         1193    i.http_strcpy       TCP_CM3.lib(at_http.o)
    0x0001ba76   0x00000002   PAD
    0x0001ba78   0x000000a8   Code   RO         1194    i.http_to_utc       TCP_CM3.lib(at_http.o)
    0x0001bb20   0x00000010   Code   RO         1061    i.icmp_init         TCP_CM3.lib(at_icmp.o)
    0x0001bb30   0x000000cc   Code   RO         1063    i.icmp_process      TCP_CM3.lib(at_icmp.o)
    0x0001bbfc   0x00000048   Code   RO         1064    i.icmp_run_engine   TCP_CM3.lib(at_icmp.o)
    0x0001bc44   0x00000070   Code   RO         1065    i.icmp_send_message  TCP_CM3.lib(at_icmp.o)
    0x0001bcb4   0x00000038   Code   RO         1303    i.ifree_mem         TCP_CM3.lib(at_mem.o)
    0x0001bcec   0x00000030   Code   RO         1315    i.init_TcpNet       TCP_CM3.lib(at_system.o)
    0x0001bd1c   0x00000060   Code   RO         1304    i.init_mem          TCP_CM3.lib(at_mem.o)
    0x0001bd7c   0x000000c8   Code   RO         1047    i.ip_chk_frame      TCP_CM3.lib(at_ip.o)
    0x0001be44   0x0000000a   Code   RO         1048    i.ip_get_chksum     TCP_CM3.lib(at_ip.o)
    0x0001be4e   0x00000002   PAD
    0x0001be50   0x000000b8   Code   RO         1049    i.ip_get_locadr     TCP_CM3.lib(at_ip.o)
    0x0001bf08   0x0000000c   Code   RO         1050    i.ip_init           TCP_CM3.lib(at_ip.o)
    0x0001bf14   0x0000005c   Code   RO         1051    i.ip_run_local      TCP_CM3.lib(at_ip.o)
    0x0001bf70   0x00000150   Code   RO         1052    i.ip_send_frame     TCP_CM3.lib(at_ip.o)
    0x0001c0c0   0x00000014   Code   RO         1258    i.is_subnet         TCP_CM3.lib(at_lib.o)
    0x0001c0d4   0x00000064   Code   RO         1316    i.main_TcpNet       TCP_CM3.lib(at_system.o)
    0x0001c138   0x00000018   Code   RO         1259    i.mem_comp          TCP_CM3.lib(at_lib.o)
    0x0001c150   0x00000016   Code   RO         1260    i.mem_copy          TCP_CM3.lib(at_lib.o)
    0x0001c166   0x00000020   Code   RO         1261    i.mem_crc32         TCP_CM3.lib(at_lib.o)
    0x0001c186   0x0000000a   Code   RO         1263    i.mem_set           TCP_CM3.lib(at_lib.o)
    0x0001c190   0x00000014   Code   RO         1264    i.mem_test          TCP_CM3.lib(at_lib.o)
    0x0001c1a4   0x00000016   Code   RO         1266    i.nrd_u32be         TCP_CM3.lib(at_lib.o)
    0x0001c1ba   0x00000010   Code   RO         1268    i.nwr_u32be         TCP_CM3.lib(at_lib.o)
    0x0001c1ca   0x00000002   PAD
    0x0001c1cc   0x000009e0   Code   RO         1340    i.pow               m_ws.l(pow.o)
    0x0001cbac   0x00000028   Code   RO         1195    i.proc_req_line     TCP_CM3.lib(at_http.o)
    0x0001cbd4   0x00000028   Code   RO         1241    i.put_in_queue      TCP_CM3.lib(at_ethernet.o)
    0x0001cbfc   0x000000a0   Code   RO         1196    i.read_script_line  TCP_CM3.lib(at_http.o)
    0x0001cc9c   0x00000048   Code   RO         1305    i.resize_mem        TCP_CM3.lib(at_mem.o)
    0x0001cce4   0x0000004c   Code   RO         1197    i.search_delim      TCP_CM3.lib(at_http.o)
    0x0001cd30   0x000000b0   Code   RO         1350    i.sin               m_ws.l(sin.o)
    0x0001cde0   0x0000004c   Code   RO         1705    i.sqrt              m_ws.l(sqrt.o)
    0x0001ce2c   0x00000012   Code   RO         1269    i.str_copy          TCP_CM3.lib(at_lib.o)
    0x0001ce3e   0x0000001a   Code   RO         1270    i.str_crc32         TCP_CM3.lib(at_lib.o)
    0x0001ce58   0x00000016   Code   RO         1271    i.str_pos           TCP_CM3.lib(at_lib.o)
    0x0001ce6e   0x0000001a   Code   RO         1272    i.str_scomp         TCP_CM3.lib(at_lib.o)
    0x0001ce88   0x00000050   Code   RO         1072    i.tcp_abort         TCP_CM3.lib(at_tcp.o)
    0x0001ced8   0x0000009c   Code   RO         1074    i.tcp_close         TCP_CM3.lib(at_tcp.o)
    0x0001cf74   0x00000020   Code   RO         1077    i.tcp_get_buf       TCP_CM3.lib(at_tcp.o)
    0x0001cf94   0x0000004c   Code   RO         1079    i.tcp_get_socket    TCP_CM3.lib(at_tcp.o)
    0x0001cfe0   0x00000024   Code   RO         1080    i.tcp_get_state     TCP_CM3.lib(at_tcp.o)
    0x0001d004   0x00000018   Code   RO         1081    i.tcp_init          TCP_CM3.lib(at_tcp.o)
    0x0001d01c   0x0000006c   Code   RO         1083    i.tcp_listen        TCP_CM3.lib(at_tcp.o)
    0x0001d088   0x00000098   Code   RO         1084    i.tcp_map_socket    TCP_CM3.lib(at_tcp.o)
    0x0001d120   0x00000024   Code   RO         1085    i.tcp_max_dsize     TCP_CM3.lib(at_tcp.o)
    0x0001d144   0x0000005e   Code   RO         1087    i.tcp_parse_opt     TCP_CM3.lib(at_tcp.o)
    0x0001d1a2   0x00000002   PAD
    0x0001d1a4   0x00000284   Code   RO         1088    i.tcp_poll_sockets  TCP_CM3.lib(at_tcp.o)
    0x0001d428   0x000000c8   Code   RO         1089    i.tcp_proc_acknr    TCP_CM3.lib(at_tcp.o)
    0x0001d4f0   0x00000052   Code   RO         1090    i.tcp_proc_dupack   TCP_CM3.lib(at_tcp.o)
    0x0001d542   0x00000002   PAD
    0x0001d544   0x00000498   Code   RO         1091    i.tcp_process       TCP_CM3.lib(at_tcp.o)
    0x0001d9dc   0x0000001a   Code   RO         1092    i.tcp_que_free      TCP_CM3.lib(at_tcp.o)
    0x0001d9f6   0x0000001a   Code   RO         1093    i.tcp_que_init      TCP_CM3.lib(at_tcp.o)
    0x0001da10   0x00000094   Code   RO         1094    i.tcp_que_resend    TCP_CM3.lib(at_tcp.o)
    0x0001daa4   0x000000d4   Code   RO         1098    i.tcp_send          TCP_CM3.lib(at_tcp.o)
    0x0001db78   0x0000006a   Code   RO         1099    i.tcp_send_ctrl     TCP_CM3.lib(at_tcp.o)
    0x0001dbe2   0x00000050   Code   RO         1100    i.tcp_send_data     TCP_CM3.lib(at_tcp.o)
    0x0001dc32   0x00000068   Code   RO         1101    i.tcp_send_reset    TCP_CM3.lib(at_tcp.o)
    0x0001dc9a   0x00000026   Code   RO         1102    i.tcp_set_cwnd      TCP_CM3.lib(at_tcp.o)
    0x0001dcc0   0x00000068   Code   RO         1103    i.tcp_transit       TCP_CM3.lib(at_tcp.o)
    0x0001dd28   0x000000c4   Code   RO         1104    i.tcp_write         TCP_CM3.lib(at_tcp.o)
    0x0001ddec   0x00000014   Code   RO         1317    i.timer_tick        TCP_CM3.lib(at_system.o)
    0x0001de00   0x00000018   Code   RO         1143    i.udp_init          TCP_CM3.lib(at_udp.o)
    0x0001de18   0x000000b8   Code   RO         1148    i.udp_process       TCP_CM3.lib(at_udp.o)
    0x0001ded0   0x000000e0   Code   RO         1198    i.utc_to_http       TCP_CM3.lib(at_http.o)
    0x0001dfb0   0x0000019d   Data   RO          589    .constdata          uart0.o
    0x0001e14d   0x00000003   PAD
    0x0001e150   0x00000090   Data   RO          673    .constdata          net_config.o
    0x0001e1e0   0x000008c4   Data   RO          743    .constdata          web.o
    0x0001eaa4   0x000005f0   Data   RO          977    .constdata          asciilib.o
    0x0001f094   0x00000006   Data   RO         1028    .constdata          TCP_CM3.lib(at_arp.o)
    0x0001f09a   0x00000008   Data   RO         1053    .constdata          TCP_CM3.lib(at_ip.o)
    0x0001f0a2   0x000000f4   Data   RO         1199    .constdata          TCP_CM3.lib(at_http.o)
    0x0001f196   0x00000006   Data   RO         1243    .constdata          TCP_CM3.lib(at_ethernet.o)
    0x0001f19c   0x00000056   Data   RO         1323    .constdata          TCP_CM3.lib(http_err.o)
    0x0001f1f2   0x00000051   Data   RO         1324    .constdata          TCP_CM3.lib(http_err.o)
    0x0001f243   0x0000004e   Data   RO         1325    .constdata          TCP_CM3.lib(http_err.o)
    0x0001f291   0x0000004b   Data   RO         1326    .constdata          TCP_CM3.lib(http_err.o)
    0x0001f2dc   0x0000002f   Data   RO         1327    .constdata          TCP_CM3.lib(http_err.o)
    0x0001f30b   0x00000088   Data   RO         1328    .constdata          TCP_CM3.lib(http_err.o)
    0x0001f393   0x00000005   PAD
    0x0001f398   0x00000088   Data   RO         1341    .constdata          m_ws.l(pow.o)
    0x0001f420   0x00000030   Data   RO         1684    .constdata          m_ws.l(cos_i.o)
    0x0001f450   0x00000008   Data   RO         1692    .constdata          m_ws.l(qnan.o)
    0x0001f458   0x000000c8   Data   RO         1695    .constdata          m_ws.l(rred.o)
    0x0001f520   0x00000028   Data   RO         1699    .constdata          m_ws.l(sin_i.o)
    0x0001f548   0x00000081   Data   RO         1771    .constdata          mc_w.l(ctype_o.o)
    0x0001f5c9   0x00000003   PAD
    0x0001f5cc   0x00000004   Data   RO         1772    .constdata          mc_w.l(ctype_o.o)
    0x0001f5d0   0x00000019   Data   RO          674    .conststring        net_config.o
    0x0001f5e9   0x00000003   PAD
    0x0001f5ec   0x00000030   Data   RO         1808    Region$$Table       anon$$obj.o


    Execution Region RW_IRAM1 (Base: 0x10000000, Size: 0x00004a18, Max: 0x00008000, ABSOLUTE, COMPRESSED[0x00000184])

    Base Addr    Size         Type   Attr      Idx    E Section Name        Object

    0x10000000   0x00000004   Data   RW           25    .data               system_lpc17xx.o
    0x10000004   0x00000013   Data   RW           61    .data               main.o
    0x10000017   0x00000001   PAD
    0x10000018   0x000002d6   Data   RW          194    .data               statechart.o
    0x100002ee   0x00000002   PAD
    0x100002f0   0x0000004c   Data   RW          244    .data               touchpanel.o
    0x1000033c   0x00000010   Data   RW          293    .data               i2c.o
    0x1000034c   0x00000010   Data   RW          332    .data               anemometro.o
    0x1000035c   0x0000000c   Data   RW          366    .data               ldr.o
    0x10000368   0x0000000c   Data   RW          398    .data               ufono.o
    0x10000374   0x00000005   Data   RW          450    .data               onewirev2.o
    0x10000379   0x00000024   Data   RW          523    .data               lut.o
    0x1000039d   0x00000002   Data   RW          590    .data               uart0.o
    0x1000039f   0x00000001   PAD
    0x100003a0   0x0000000d   Data   RW          621    .data               uart.o
    0x100003ad   0x0000002a   Data   RW          675    .data               net_config.o
    0x100003d7   0x00000001   PAD
    0x100003d8   0x00000014   Data   RW          718    .data               emac_lpc17xx_lan8720.o
    0x100003ec   0x0000000a   Data   RW          781    .data               timers.o
    0x100003f6   0x00000001   Data   RW          995    .data               glcd.o
    0x100003f7   0x00000001   PAD
    0x100003f8   0x00000008   Data   RW         1029    .data               TCP_CM3.lib(at_arp.o)
    0x10000400   0x0000000c   Data   RW         1054    .data               TCP_CM3.lib(at_ip.o)
    0x1000040c   0x00000004   Data   RW         1105    .data               TCP_CM3.lib(at_tcp.o)
    0x10000410   0x0000000c   Data   RW         1200    .data               TCP_CM3.lib(at_http.o)
    0x1000041c   0x00000004   Data   RW         1740    .data               mc_w.l(errno.o)
    0x10000420   0x00000034   Zero   RW           60    .bss                main.o
    0x10000454   0x0000002f   Zero   RW          193    .bss                statechart.o
    0x10000483   0x00000001   PAD
    0x10000484   0x0000000c   Zero   RW          243    .bss                touchpanel.o
    0x10000490   0x00000016   Zero   RW          292    .bss                i2c.o
    0x100004a6   0x00003e80   Zero   RW          365    .bss                ldr.o
    0x10004326   0x00000002   PAD
    0x10004328   0x00000320   Zero   RW          449    .bss                onewirev2.o
    0x10004648   0x00000030   Zero   RW          546    .bss                dma.o
    0x10004678   0x00000079   Zero   RW          588    .bss                uart0.o
    0x100046f1   0x0000001e   Zero   RW          620    .bss                uart.o
    0x1000470f   0x00000017   Zero   RW          754    .bss                rtc.o
    0x10004726   0x00000002   PAD
    0x10004728   0x00000010   Zero   RW         1066    .bss                TCP_CM3.lib(at_icmp.o)
    0x10004738   0x00000084   Zero   RW         1242    .bss                TCP_CM3.lib(at_ethernet.o)
    0x100047bc   0x00000010   Zero   RW         1306    .bss                TCP_CM3.lib(at_mem.o)
    0x100047cc   0x0000004c   Zero   RW         1318    .bss                TCP_CM3.lib(at_system.o)
    0x10004818   0x00000200   Zero   RW            1    STACK               startup_lpc17xx.o


    Execution Region RW_IRAM2 (Base: 0x2007c000, Size: 0x00005e54, Max: 0x00008000, ABSOLUTE)

    Base Addr    Size         Type   Attr      Idx    E Section Name        Object

    0x2007c000   0x000033ec   Zero   RW          672    .bss                net_config.o
    0x2007f3ec   0x00000004   PAD
    0x2007f3f0   0x00002a64   Zero   RW          717    .bss                emac_lpc17xx_lan8720.o


==============================================================================

Image component sizes


      Code (inc. data)   RO Data    RW Data    ZI Data      Debug   Object Name

       388         48          0         16          0      17745   anemometro.o
        32          6       1520          0          0       1011   asciilib.o
       304         36          0          0          0        776   configura.o
         0          0          0          0          0       4212   core_cm3.o
       180         28          0          0          0        632   dac.o
       432         74          0          0         48       1526   dma.o
      1488        130          0         20      10852      25909   emac_lpc17xx_lan8720.o
     69888        342          0          1          0     186930   glcd.o
       812        140          0          0          0       1785   http_cgi.o
        16          0          0          0          0      13915   http_source.o
      1352         78          0         16         22       3858   i2c.o
       332          6          0          0          0       1428   i2clib.o
       488         72          0         12      16000       4159   ldr.o
       336         32          0          0          0       1791   lpc17xx_clkpwr.o
      1060         62          0          0          0       8303   lpc17xx_gpio.o
         4          0          0          0          0        823   lpc17xx_libcfg_default.o
       256          4          0          0          0       2193   lpc17xx_pinsel.o
      1720         62          0          0          0       6112   lpc17xx_ssp.o
       248         28          0         36          0       1384   lut.o
        16          0          0         19         52      21023   main.o
       116          8        169         42      13292       3205   net_config.o
       696         38          0          5        800       2739   onewirev2.o
       672         54          0          0          0       1061   pwm.o
       304         80          0          0         23      17576   rtc.o
        40         12        204          0        512        960   startup_lpc17xx.o
      7764       1286          0        726         47      22867   statechart.o
       792         78          0          4          0      18153   system_lpc17xx.o
      1144         84          0         10          0      18741   timers.o
      2116         68          0         76         12       5533   touchpanel.o
       512         36          0         13         30      18449   uart.o
      2212       1286        413          2        121       1855   uart0.o
       280         32          0         12          0       3938   ufono.o
        44          8          0          0          0        414   uva30a.o
        40          6          0          0          0        527   wdt.o
         0          0       2244          0          0        525   web.o

    ----------------------------------------------------------------------
     96084       4224       4604       1016      41820     422058   Object Totals
         0          0         48          0          0          0   (incl. Generated)
         0          0          6          6          9          0   (incl. Padding)

    ----------------------------------------------------------------------

      Code (inc. data)   RO Data    RW Data    ZI Data      Debug   Library Member Name

      1824        138          6          8          0       1040   at_arp.o
       488         58          6          0        132        404   at_ethernet.o
      5514       1176        244         12          0       2268   at_http.o
        18          0          0          0          0        340   at_http_uif.o
       404         30          0          0         16        308   at_icmp.o
       834         56          8         12          0        520   at_ip.o
       486          6          0          0          0       1224   at_lib.o
       568         46          0          0         16        520   at_mem.o
       196         40          0          0         76        292   at_system.o
      3936        158          0          4          0       2008   at_tcp.o
       208         12          0          0          0        156   at_udp.o
         0          0        503          0          0          0   http_err.o
       252         22         48          0          0        124   cos_i.o
        16          6          0          0          0         68   dunder.o
        40          0          0          0          0         68   fpclassify.o
       170          0          0          0          0         96   poly.o
      2528        190        136          0          0        332   pow.o
         0          0          8          0          0          0   qnan.o
       904         72        200          0          0        140   rred.o
       176         10          0          0          0        116   sin.o
       236         12         40          0          0        128   sin_i.o
        76          0          0          0          0         84   sqrt.o
        56          8          0          0          0         84   __0sscanf.o
        92          0          0          0          0          0   __dczerorl2.o
        28          0          0          0          0         68   _chval.o
       812          6          0          0          0        112   _scanf.o
       336          0          0          0          0         96   _scanf_int.o
        64          0          0          0          0         84   _sgetc.o
       158          0          0          0          0         92   _strtoul.o
        26          0          0          0          0         80   atoi.o
         8          4        133          0          0         68   ctype_o.o
         0          0          0          0          0          0   entry.o
         0          0          0          0          0          0   entry10a.o
         0          0          0          0          0          0   entry11a.o
         8          4          0          0          0          0   entry2.o
         4          0          0          0          0          0   entry5.o
         0          0          0          0          0          0   entry7b.o
         0          0          0          0          0          0   entry8b.o
         8          4          0          0          0          0   entry9a.o
        20         10          0          4          0        136   errno.o
        30          0          0          0          0          0   handlers.o
        36          8          0          0          0         68   init.o
        18          0          0          0          0         76   isspace_o.o
         0          0          0          0          0          0   iusefp.o
        30          0          0          0          0         68   llshl.o
        36          0          0          0          0         68   llsshr.o
        32          0          0          0          0         68   llushr.o
        36          0          0          0          0         68   memcpya.o
        36          0          0          0          0        108   memseta.o
      2260         86          0          0          0        512   printfa.o
        40          8          0          0          0         84   scanf_char.o
       842         12          0          0          0        216   scanf_fp.o
        28          0          0          0          0         76   strcmp.o
        18          0          0          0          0         68   strcpy.o
        14          0          0          0          0         68   strlen.o
       112          0          0          0          0         88   strtol.o
        44          0          0          0          0         80   uidiv.o
        98          0          0          0          0         92   uldiv.o
        40          2          0          0          0         68   cdcmple.o
        40          2          0          0          0         68   cdrcmple.o
        20          0          0          0          0         68   cfcmple.o
        20          0          0          0          0         68   cfrcmple.o
        56          0          0          0          0         88   d2f.o
       334          0          0          0          0        148   dadd.o
       222          0          0          0          0        100   ddiv.o
       190          0          0          0          0        176   depilogue.o
        62          0          0          0          0         80   dfixi.o
        50          0          0          0          0         76   dfixui.o
        48          0          0          0          0         68   dfixul.o
        34          0          0          0          0         76   dflti.o
        26          0          0          0          0         76   dfltui.o
        24          0          0          0          0         76   dfltul.o
       228          0          0          0          0         96   dmul.o
        46          0          0          0          0         80   dscalb.o
       162          0          0          0          0        100   dsqrt.o
        38          0          0          0          0         68   f2d.o
       176          0          0          0          0        140   fadd.o
       128          0          0          0          0         88   fdiv.o
       108          0          0          0          0        168   fepilogue.o
        50          0          0          0          0         68   ffixi.o
        40          0          0          0          0         68   ffixui.o
        18          0          0          0          0         68   fflti.o
        10          0          0          0          0         68   ffltui.o
       108          0          0          0          0         76   fmul.o

    ----------------------------------------------------------------------
     26512       2186       1340         40        240      15188   Library Totals
        30          0          8          0          0          0   (incl. Padding)

    ----------------------------------------------------------------------

      Code (inc. data)   RO Data    RW Data    ZI Data      Debug   Library Name

     14476       1720        767         36        240       9080   TCP_CM3.lib
      4398        312        432          0          0       1156   m_ws.l
      5330        150        133          4          0       2628   mc_w.l
      2278          4          0          0          0       2324   mf_w.l

    ----------------------------------------------------------------------
     26512       2186       1340         40        240      15188   Library Totals

    ----------------------------------------------------------------------

==============================================================================


      Code (inc. data)   RO Data    RW Data    ZI Data      Debug   

    122596       6410       5944       1056      42060     425598   Grand Totals
    122596       6410       5944        388      42060     425598   ELF Image Totals (compressed)
    122596       6410       5944        388          0          0   ROM Totals

==============================================================================

    Total RO  Size (Code + RO Data)               128540 ( 125.53kB)
    Total RW  Size (RW Data + ZI Data)             43116 (  42.11kB)
    Total ROM Size (Code + RO Data + RW Data)     128928 ( 125.91kB)

==============================================================================

