ARM Linker, 5.03 [Build 76] [MDK-ARM Professional]

==============================================================================

Section Cross References

    startup_lpc17xx.o(RESET) refers to startup_lpc17xx.o(STACK) for __initial_sp
    startup_lpc17xx.o(RESET) refers to startup_lpc17xx.o(.text) for Reset_Handler
    startup_lpc17xx.o(RESET) refers to timers.o(.text) for SysTick_Handler
    startup_lpc17xx.o(RESET) refers to anemometro.o(.text) for TIMER1_IRQHandler
    startup_lpc17xx.o(RESET) refers to rtc.o(.text) for RTC_IRQHandler
    startup_lpc17xx.o(RESET) refers to emac_lpc17xx_lan8720.o(.text) for ENET_IRQHandler
    startup_lpc17xx.o(.text) refers to system_lpc17xx.o(.text) for SystemInit
    startup_lpc17xx.o(.text) refers to entry.o(.ARM.Collect$$$$00000000) for __main
    system_lpc17xx.o(.text) refers to uldiv.o(.text) for __aeabi_uldivmod
    system_lpc17xx.o(.text) refers to system_lpc17xx.o(.data) for SystemCoreClock
    configura.o(.text) refers to http_source.o(.text) for __configuraWEB__
    configura.o(.text) refers to timers.o(.text) for __configuraSysTick__
    configura.o(.text) refers to pwm.o(.text) for __configuraPWM__
    configura.o(.text) refers to statechart.o(.text) for __configuraLCD__
    configura.o(.text) refers to rtc.o(.text) for __configuraRTC__
    configura.o(.text) refers to wdt.o(.text) for __configuraWDT__
    configura.o(.text) refers to anemometro.o(.text) for __configuraAnemometro__
    configura.o(.text) refers to touchpanel.o(.text) for TouchPanel_Calibrate
    configura.o(.text) refers to main.o(.data) for ESTADO
    main.o(.text) refers to configura.o(.text) for __configuraPrograma__
    main.o(.text) refers to statechart.o(.text) for __mainLoop__
    main.o(.text) refers to http_source.o(.text) for __mantenerTCP__
    main.o(.data) refers to main.o(.bss) for objDATOS
    pwm.o(.text) refers to fdiv.o(.text) for __aeabi_fdiv
    pwm.o(.text) refers to ffixui.o(.text) for __aeabi_f2uiz
    pwm.o(.text) refers to ffltui.o(.text) for __aeabi_ui2f
    pwm.o(.text) refers to fmul.o(.text) for __aeabi_fmul
    pwm.o(.text) refers to fadd.o(.text) for __aeabi_fsub
    pwm.o(.text) refers to main.o(.data) for COUNTERS
    rtc.o(.text) refers to printfa.o(i.__0sprintf) for __2sprintf
    rtc.o(.text) refers to main.o(.data) for COUNTERS
    rtc.o(.text) refers to rtc.o(.bss) for Clock
    timers.o(.text) refers to at_system.o(i.timer_tick) for timer_tick
    timers.o(.text) refers to system_lpc17xx.o(.data) for SystemCoreClock
    http_source.o(.text) refers to at_system.o(i.init_TcpNet) for init_TcpNet
    http_source.o(.text) refers to at_system.o(i.main_TcpNet) for main_TcpNet
    net_config.o(.text) refers to at_ethernet.o(i.eth_init_link) for eth_init_link
    net_config.o(.text) refers to at_ip.o(i.ip_init) for ip_init
    net_config.o(.text) refers to at_icmp.o(i.icmp_init) for icmp_init
    net_config.o(.text) refers to at_udp.o(i.udp_init) for udp_init
    net_config.o(.text) refers to at_tcp.o(i.tcp_init) for tcp_init
    net_config.o(.text) refers to at_http.o(i.http_init) for http_init
    net_config.o(.text) refers to at_arp.o(i.arp_notify) for arp_notify
    net_config.o(.text) refers to at_ethernet.o(i.eth_run_link) for eth_run_link
    net_config.o(.text) refers to at_ip.o(i.ip_run_local) for ip_run_local
    net_config.o(.text) refers to at_icmp.o(i.icmp_run_engine) for icmp_run_engine
    net_config.o(.text) refers to at_tcp.o(i.tcp_poll_sockets) for tcp_poll_sockets
    net_config.o(.text) refers to at_http.o(i.http_run_server) for http_run_server
    net_config.o(.constdata) refers to net_config.o(.bss) for mem_pool
    net_config.o(.constdata) refers to net_config.o(.data) for lhost_name
    net_config.o(.constdata) refers to net_config.o(.conststring) for .conststring
    http_cgi.o(.text) refers to f2d.o(.text) for __aeabi_f2d
    http_cgi.o(.text) refers to printfa.o(i.__0sprintf) for __2sprintf
    http_cgi.o(.text) refers to main.o(.data) for DATOS
    emac_lpc17xx_lan8720.o(.text) refers to net_config.o(.data) for own_hw_adr
    emac_lpc17xx_lan8720.o(.text) refers to emac_lpc17xx_lan8720.o(.bss) for tx_buf
    emac_lpc17xx_lan8720.o(.text) refers to emac_lpc17xx_lan8720.o(.data) for tout
    emac_lpc17xx_lan8720.o(.text) refers to at_mem.o(i.alloc_mem) for alloc_mem
    emac_lpc17xx_lan8720.o(.text) refers to at_ethernet.o(i.put_in_queue) for put_in_queue
    statechart.o(.text) refers to glcd.o(.text) for LCD_DrawLine
    statechart.o(.text) refers to strlen.o(.text) for strlen
    statechart.o(.text) refers to printfa.o(i.__0sprintf) for __2sprintf
    statechart.o(.text) refers to f2d.o(.text) for __aeabi_f2d
    statechart.o(.text) refers to statechart.o(.data) for pressedTouchPanel
    statechart.o(.text) refers to touchpanel.o(.data) for display
    statechart.o(.text) refers to rtc.o(.bss) for Clock
    statechart.o(.text) refers to main.o(.data) for DATOS
[...]
    get_file_type                            0x00016669   Thumb Code    92  at_http.o(i.get_file_type)
    i.get_next_field                         0x000166d0   Section        0  at_http.o(i.get_next_field)
    get_next_field                           0x000166d1   Thumb Code    40  at_http.o(i.get_next_field)
    i.get_next_par                           0x000166f8   Section        0  at_http.o(i.get_next_par)
    get_next_par                             0x000166f9   Thumb Code    50  at_http.o(i.get_next_par)
    i.get_rnd32                              0x0001672c   Section        0  at_system.o(i.get_rnd32)
    i.http_accept_host                       0x00016748   Section        0  at_http.o(i.http_accept_host)
    i.http_add_header                        0x0001674c   Section        0  at_http.o(i.http_add_header)
    http_add_header                          0x0001674d   Thumb Code   226  at_http.o(i.http_add_header)
    i.http_check_account                     0x00016a08   Section        0  at_http.o(i.http_check_account)
    i.http_error_msg                         0x00016a0c   Section        0  at_http.o(i.http_error_msg)
    http_error_msg                           0x00016a0d   Thumb Code   162  at_http.o(i.http_error_msg)
    i.http_fclose                            0x00016b94   Section        0  at_http_uif.o(i.http_fclose)
    i.http_fgets                             0x00016b96   Section        0  at_http_uif.o(i.http_fgets)
    i.http_file_access                       0x00016b9a   Section        0  at_http.o(i.http_file_access)
    i.http_finfo                             0x00016b9e   Section        0  at_http_uif.o(i.http_finfo)
    i.http_fopen                             0x00016ba2   Section        0  at_http_uif.o(i.http_fopen)
    i.http_fread                             0x00016ba6   Section        0  at_http_uif.o(i.http_fread)
    i.http_init                              0x00016bac   Section        0  at_http.o(i.http_init)
    i.http_kill_session                      0x00016bfc   Section        0  at_http.o(i.http_kill_session)
    http_kill_session                        0x00016bfd   Thumb Code    94  at_http.o(i.http_kill_session)
    i.http_listener                          0x00016c5c   Section        0  at_http.o(i.http_listener)
    http_listener                            0x00016c5d   Thumb Code   514  at_http.o(i.http_listener)
    i.http_open_file                         0x00016e80   Section        0  at_http.o(i.http_open_file)
    http_open_file                           0x00016e81   Thumb Code   254  at_http.o(i.http_open_file)
    i.http_proc_header                       0x00016fa0   Section        0  at_http.o(i.http_proc_header)
    http_proc_header                         0x00016fa1   Thumb Code   266  at_http.o(i.http_proc_header)
    i.http_proc_multipart                    0x000170f4   Section        0  at_http.o(i.http_proc_multipart)
    http_proc_multipart                      0x000170f5   Thumb Code   338  at_http.o(i.http_proc_multipart)
    i.http_proc_post                         0x00017270   Section        0  at_http.o(i.http_proc_post)
    http_proc_post                           0x00017271   Thumb Code   240  at_http.o(i.http_proc_post)
    i.http_run_server                        0x00017368   Section        0  at_http.o(i.http_run_server)
    i.http_strcpy                            0x000176a4   Section        0  at_http.o(i.http_strcpy)
    http_strcpy                              0x000176a5   Thumb Code    30  at_http.o(i.http_strcpy)
    i.http_to_utc                            0x000176c4   Section        0  at_http.o(i.http_to_utc)
    http_to_utc                              0x000176c5   Thumb Code   162  at_http.o(i.http_to_utc)
    i.icmp_init                              0x0001776c   Section        0  at_icmp.o(i.icmp_init)
    i.icmp_process                           0x0001777c   Section        0  at_icmp.o(i.icmp_process)
    i.icmp_run_engine                        0x00017848   Section        0  at_icmp.o(i.icmp_run_engine)
    i.icmp_send_message                      0x00017890   Section        0  at_icmp.o(i.icmp_send_message)
    icmp_send_message                        0x00017891   Thumb Code   108  at_icmp.o(i.icmp_send_message)
    i.ifree_mem                              0x00017900   Section        0  at_mem.o(i.ifree_mem)
    i.init_TcpNet                            0x00017938   Section        0  at_system.o(i.init_TcpNet)
    i.init_mem                               0x00017968   Section        0  at_mem.o(i.init_mem)
    i.ip_chk_frame                           0x000179c8   Section        0  at_ip.o(i.ip_chk_frame)
    i.ip_get_chksum                          0x00017a90   Section        0  at_ip.o(i.ip_get_chksum)
    ip_get_chksum                            0x00017a91   Thumb Code    10  at_ip.o(i.ip_get_chksum)
    i.ip_get_locadr                          0x00017a9c   Section        0  at_ip.o(i.ip_get_locadr)
    i.ip_init                                0x00017b54   Section        0  at_ip.o(i.ip_init)
    i.ip_run_local                           0x00017b60   Section        0  at_ip.o(i.ip_run_local)
    i.ip_send_frame                          0x00017bbc   Section        0  at_ip.o(i.ip_send_frame)
    i.is_subnet                              0x00017d0c   Section        0  at_lib.o(i.is_subnet)
    i.main_TcpNet                            0x00017d20   Section        0  at_system.o(i.main_TcpNet)
    i.mem_comp                               0x00017d84   Section        0  at_lib.o(i.mem_comp)
    i.mem_copy                               0x00017d9c   Section        0  at_lib.o(i.mem_copy)
    i.mem_crc32                              0x00017db2   Section        0  at_lib.o(i.mem_crc32)
    i.mem_set                                0x00017dd2   Section        0  at_lib.o(i.mem_set)
    i.mem_test                               0x00017ddc   Section        0  at_lib.o(i.mem_test)
    i.nrd_u32be                              0x00017df0   Section        0  at_lib.o(i.nrd_u32be)
    i.nwr_u32be                              0x00017e06   Section        0  at_lib.o(i.nwr_u32be)
    i.proc_req_line                          0x00017e18   Section        0  at_http.o(i.proc_req_line)
    proc_req_line                            0x00017e19   Thumb Code    36  at_http.o(i.proc_req_line)
    i.put_in_queue                           0x00017e40   Section        0  at_ethernet.o(i.put_in_queue)
    i.read_script_line                       0x00017e68   Section        0  at_http.o(i.read_script_line)
    read_script_line                         0x00017e69   Thumb Code   160  at_http.o(i.read_script_line)
    i.resize_mem                             0x00017f08   Section        0  at_mem.o(i.resize_mem)
    i.search_delim                           0x00017f50   Section        0  at_http.o(i.search_delim)
    search_delim                             0x00017f51   Thumb Code    76  at_http.o(i.search_delim)
    i.str_copy                               0x00017f9c   Section        0  at_lib.o(i.str_copy)
    i.str_crc32                              0x00017fae   Section        0  at_lib.o(i.str_crc32)
    i.str_pos                                0x00017fc8   Section        0  at_lib.o(i.str_pos)
    i.str_scomp                              0x00017fde   Section        0  at_lib.o(i.str_scomp)
    i.tcp_abort                              0x00017ff8   Section        0  at_tcp.o(i.tcp_abort)
    i.tcp_close                              0x00018048   Section        0  at_tcp.o(i.tcp_close)
    i.tcp_get_buf                            0x000180e4   Section        0  at_tcp.o(i.tcp_get_buf)
    i.tcp_get_socket                         0x00018104   Section        0  at_tcp.o(i.tcp_get_socket)
    i.tcp_get_state                          0x00018150   Section        0  at_tcp.o(i.tcp_get_state)
    i.tcp_init                               0x00018174   Section        0  at_tcp.o(i.tcp_init)
    i.tcp_listen                             0x0001818c   Section        0  at_tcp.o(i.tcp_listen)
    i.tcp_map_socket                         0x000181f8   Section        0  at_tcp.o(i.tcp_map_socket)
    tcp_map_socket                           0x000181f9   Thumb Code   146  at_tcp.o(i.tcp_map_socket)
    i.tcp_max_dsize                          0x00018290   Section        0  at_tcp.o(i.tcp_max_dsize)
    i.tcp_parse_opt                          0x000182b4   Section        0  at_tcp.o(i.tcp_parse_opt)
    tcp_parse_opt                            0x000182b5   Thumb Code    94  at_tcp.o(i.tcp_parse_opt)
    i.tcp_poll_sockets                       0x00018314   Section        0  at_tcp.o(i.tcp_poll_sockets)
    i.tcp_proc_acknr                         0x00018598   Section        0  at_tcp.o(i.tcp_proc_acknr)
    tcp_proc_acknr                           0x00018599   Thumb Code   194  at_tcp.o(i.tcp_proc_acknr)
    i.tcp_proc_dupack                        0x00018660   Section        0  at_tcp.o(i.tcp_proc_dupack)
    tcp_proc_dupack                          0x00018661   Thumb Code    82  at_tcp.o(i.tcp_proc_dupack)
    i.tcp_process                            0x000186b4   Section        0  at_tcp.o(i.tcp_process)
    i.tcp_que_free                           0x00018b4c   Section        0  at_tcp.o(i.tcp_que_free)
    tcp_que_free                             0x00018b4d   Thumb Code    26  at_tcp.o(i.tcp_que_free)
    i.tcp_que_init                           0x00018b66   Section        0  at_tcp.o(i.tcp_que_init)
    tcp_que_init                             0x00018b67   Thumb Code    26  at_tcp.o(i.tcp_que_init)
    i.tcp_que_resend                         0x00018b80   Section        0  at_tcp.o(i.tcp_que_resend)
    tcp_que_resend                           0x00018b81   Thumb Code   142  at_tcp.o(i.tcp_que_resend)
    i.tcp_send                               0x00018c14   Section        0  at_tcp.o(i.tcp_send)
    i.tcp_send_ctrl                          0x00018ce8   Section        0  at_tcp.o(i.tcp_send_ctrl)
    tcp_send_ctrl                            0x00018ce9   Thumb Code   106  at_tcp.o(i.tcp_send_ctrl)
    i.tcp_send_data                          0x00018d52   Section        0  at_tcp.o(i.tcp_send_data)
    tcp_send_data                            0x00018d53   Thumb Code    80  at_tcp.o(i.tcp_send_data)
    i.tcp_send_reset                         0x00018da2   Section        0  at_tcp.o(i.tcp_send_reset)
    tcp_send_reset                           0x00018da3   Thumb Code   104  at_tcp.o(i.tcp_send_reset)
    i.tcp_set_cwnd                           0x00018e0a   Section        0  at_tcp.o(i.tcp_set_cwnd)
    tcp_set_cwnd                             0x00018e0b   Thumb Code    38  at_tcp.o(i.tcp_set_cwnd)
    i.tcp_transit                            0x00018e30   Section        0  at_tcp.o(i.tcp_transit)
    tcp_transit                              0x00018e31   Thumb Code   100  at_tcp.o(i.tcp_transit)
    i.tcp_write                              0x00018e98   Section        0  at_tcp.o(i.tcp_write)
    tcp_write                                0x00018e99   Thumb Code   190  at_tcp.o(i.tcp_write)
    i.timer_tick                             0x00018f5c   Section        0  at_system.o(i.timer_tick)
    i.udp_init                               0x00018f70   Section        0  at_udp.o(i.udp_init)
    i.udp_process                            0x00018f88   Section        0  at_udp.o(i.udp_process)
    i.utc_to_http                            0x00019040   Section        0  at_http.o(i.utc_to_http)
    utc_to_http                              0x00019041   Thumb Code   180  at_http.o(i.utc_to_http)
    .constdata                               0x00019120   Section      144  net_config.o(.constdata)
    .constdata                               0x000191b0   Section     1796  web.o(.constdata)
    Web                                      0x000191b4   Data        1773  web.o(.constdata)
    .constdata                               0x000198b4   Section     1520  asciilib.o(.constdata)
    AsciiLib                                 0x000198b4   Data        1520  asciilib.o(.constdata)
    .constdata                               0x00019ea4   Section        6  at_arp.o(.constdata)
    NullAdr                                  0x00019ea4   Data           6  at_arp.o(.constdata)
    .constdata                               0x00019eaa   Section        8  at_ip.o(.constdata)
    IP_Localhost                             0x00019eae   Data           4  at_ip.o(.constdata)
    .constdata                               0x00019eb2   Section      244  at_http.o(.constdata)
    DYear                                    0x00019eb2   Data           6  at_http.o(.constdata)
    Month                                    0x00019eb8   Data          48  at_http.o(.constdata)
    WkDay                                    0x00019ee8   Data          28  at_http.o(.constdata)
    DMonth                                   0x00019f04   Data          24  at_http.o(.constdata)
    ftype                                    0x00019f1c   Data         138  at_http.o(.constdata)
    .constdata                               0x00019fa6   Section        6  at_ethernet.o(.constdata)
    .constdata                               0x00019fac   Section       86  http_err.o(.constdata)
    .constdata                               0x0001a002   Section       81  http_err.o(.constdata)
    .constdata                               0x0001a053   Section       78  http_err.o(.constdata)
    .constdata                               0x0001a0a1   Section       75  http_err.o(.constdata)
    .constdata                               0x0001a0ec   Section       47  http_err.o(.constdata)
    .constdata                               0x0001a11b   Section      136  http_err.o(.constdata)
    .constdata                               0x0001a1a3   Section      129  ctype_o.o(.constdata)
    .constdata                               0x0001a224   Section        4  ctype_o.o(.constdata)
    table                                    0x0001a224   Data           4  ctype_o.o(.constdata)
    .conststring                             0x0001a228   Section       25  net_config.o(.conststring)
    .bss                                     0x10000000   Section    13292  net_config.o(.bss)
    mem_pool                                 0x10000000   Data       12000  net_config.o(.bss)
    arp_table                                0x10002ee0   Data         140  net_config.o(.bss)
    udp_scb                                  0x10002f6c   Data          24  net_config.o(.bss)
    tcp_scb                                  0x10002f84   Data         816  net_config.o(.bss)
    http_scb                                 0x100032b4   Data         312  net_config.o(.bss)
    .data                                    0x2007c000   Section        4  system_lpc17xx.o(.data)
    .data                                    0x2007c004   Section       13  main.o(.data)
    .data                                    0x2007c011   Section       42  net_config.o(.data)
    http_passw                               0x2007c027   Data          20  net_config.o(.data)
    .data                                    0x2007c03c   Section       20  emac_lpc17xx_lan8720.o(.data)
    regv                                     0x2007c040   Data           4  emac_lpc17xx_lan8720.o(.data)
    tout                                     0x2007c044   Data           4  emac_lpc17xx_lan8720.o(.data)
    id1                                      0x2007c048   Data           4  emac_lpc17xx_lan8720.o(.data)
    id2                                      0x2007c04c   Data           4  emac_lpc17xx_lan8720.o(.data)
    .data                                    0x2007c050   Section      444  statechart.o(.data)
    .data                                    0x2007c210   Section       76  touchpanel.o(.data)
    screen                                   0x2007c254   Data           4  touchpanel.o(.data)
    .data                                    0x2007c25c   Section       16  anemometro.o(.data)
    .data                                    0x2007c26c   Section        1  glcd.o(.data)
    LCD_Code                                 0x2007c26c   Data           1  glcd.o(.data)
    .data                                    0x2007c26d   Section       14  lut.o(.data)
    .data                                    0x2007c27c   Section        8  at_arp.o(.data)
    entry                                    0x2007c27c   Data           1  at_arp.o(.data)
    probe_ip                                 0x2007c280   Data           4  at_arp.o(.data)
    .data                                    0x2007c284   Section       12  at_ip.o(.data)
    ip_id                                    0x2007c284   Data           2  at_ip.o(.data)
    ip_control                               0x2007c288   Data           8  at_ip.o(.data)
    .data                                    0x2007c290   Section        4  at_tcp.o(.data)
    socket                                   0x2007c290   Data           1  at_tcp.o(.data)
    no_ack                                   0x2007c291   Data           1  at_tcp.o(.data)
    port                                     0x2007c292   Data           2  at_tcp.o(.data)
    .data                                    0x2007c294   Section       12  at_http.o(.data)
    session                                  0x2007c294   Data           1  at_http.o(.data)
    cgi                                      0x2007c298   Data           8  at_http.o(.data)
    .data                                    0x2007c2a0   Section        4  errno.o(.data)
    _errno                                   0x2007c2a0   Data           4  errno.o(.data)
    .bss                                     0x2007c2a4   Section       48  main.o(.bss)
    .bss                                     0x2007c2d4   Section       23  rtc.o(.bss)
    .bss                                     0x2007c2f0   Section    10852  emac_lpc17xx_lan8720.o(.bss)
    Rx_Desc                                  0x2007c2f0   Data          32  emac_lpc17xx_lan8720.o(.bss)
    Rx_Stat                                  0x2007c310   Data          32  emac_lpc17xx_lan8720.o(.bss)
    Tx_Desc                                  0x2007c330   Data          24  emac_lpc17xx_lan8720.o(.bss)
    Tx_Stat                                  0x2007c348   Data          12  emac_lpc17xx_lan8720.o(.bss)
    rx_buf                                   0x2007c354   Data        6144  emac_lpc17xx_lan8720.o(.bss)
    tx_buf                                   0x2007db54   Data        4608  emac_lpc17xx_lan8720.o(.bss)
    .bss                                     0x2007ed54   Section       12  touchpanel.o(.bss)
    .bss                                     0x2007ed60   Section       16  at_icmp.o(.bss)
    icmp_control                             0x2007ed60   Data          16  at_icmp.o(.bss)
    .bss                                     0x2007ed70   Section      132  at_ethernet.o(.bss)
    eth_control                              0x2007ed70   Data         132  at_ethernet.o(.bss)
    .bss                                     0x2007edf4   Section       16  at_mem.o(.bss)
    mem_control                              0x2007edf4   Data          16  at_mem.o(.bss)
    .bss                                     0x2007ee04   Section       76  at_system.o(.bss)
    STACK                                    0x2007ee50   Section      512  startup_lpc17xx.o(STACK)

    Global Symbols

    Symbol Name                              Value     Ov Type        Size  Object(Section)

    BuildAttributes$$THM_ISAv4$P$D$K$B$S$PE$A:L22UL41UL21$X:L11$S22US41US21$IEEE1$IW$USESV6$~STKCKD$USESV7$~SHL$OTIME$ROPI$EBA8$MICROLIB$REQ8$PRES8$EABIv2 0x00000000   Number         0  anon$$obj.o ABSOLUTE
    __ARM_use_no_argv                        0x00000000   Number         0  main.o ABSOLUTE
    __Vectors                                0x00000000   Data           4  startup_lpc17xx.o(RESET)
    _printf_a                                0x00000000   Number         0  stubs.o ABSOLUTE
    _printf_c                                0x00000000   Number         0  stubs.o ABSOLUTE
    _printf_charcount                        0x00000000   Number         0  stubs.o ABSOLUTE
    _printf_d                                0x00000000   Number         0  stubs.o ABSOLUTE
    _printf_e                                0x00000000   Number         0  stubs.o ABSOLUTE
    _printf_f                                0x00000000   Number         0  stubs.o ABSOLUTE
    _printf_flags                            0x00000000   Number         0  stubs.o ABSOLUTE
    _printf_fp_dec                           0x00000000   Number         0  stubs.o ABSOLUTE
    _printf_fp_hex                           0x00000000   Number         0  stubs.o ABSOLUTE
    _printf_g                                0x00000000   Number         0  stubs.o ABSOLUTE
    _printf_i                                0x00000000   Number         0  stubs.o ABSOLUTE
    _printf_int_dec                          0x00000000   Number         0  stubs.o ABSOLUTE
    _printf_l                                0x00000000   Number         0  stubs.o ABSOLUTE
    _printf_lc                               0x00000000   Number         0  stubs.o ABSOLUTE
    _printf_ll                               0x00000000   Number         0  stubs.o ABSOLUTE
    _printf_lld                              0x00000000   Number         0  stubs.o ABSOLUTE
    _printf_lli                              0x00000000   Number         0  stubs.o ABSOLUTE
    _printf_llo                              0x00000000   Number         0  stubs.o ABSOLUTE
    _printf_llu                              0x00000000   Number         0  stubs.o ABSOLUTE
    _printf_llx                              0x00000000   Number         0  stubs.o ABSOLUTE
    _printf_longlong_dec                     0x00000000   Number         0  stubs.o ABSOLUTE
    _printf_longlong_hex                     0x00000000   Number         0  stubs.o ABSOLUTE
    _printf_longlong_oct                     0x00000000   Number         0  stubs.o ABSOLUTE
    _printf_ls                               0x00000000   Number         0  stubs.o ABSOLUTE
    _printf_mbtowc                           0x00000000   Number         0  stubs.o ABSOLUTE
    _printf_n                                0x00000000   Number         0  stubs.o ABSOLUTE
    _printf_o                                0x00000000   Number         0  stubs.o ABSOLUTE
    _printf_p                                0x00000000   Number         0  stubs.o ABSOLUTE
    _printf_percent                          0x00000000   Number         0  stubs.o ABSOLUTE
    _printf_pre_padding                      0x00000000   Number         0  stubs.o ABSOLUTE
    _printf_return_value                     0x00000000   Number         0  stubs.o ABSOLUTE
    _printf_s                                0x00000000   Number         0  stubs.o ABSOLUTE
    _printf_sizespec                         0x00000000   Number         0  stubs.o ABSOLUTE
    _printf_str                              0x00000000   Number         0  stubs.o ABSOLUTE
    _printf_truncate_signed                  0x00000000   Number         0  stubs.o ABSOLUTE
    _printf_truncate_unsigned                0x00000000   Number         0  stubs.o ABSOLUTE
    _printf_u                                0x00000000   Number         0  stubs.o ABSOLUTE
    _printf_wc                               0x00000000   Number         0  stubs.o ABSOLUTE
    _printf_wctomb                           0x00000000   Number         0  stubs.o ABSOLUTE
    _printf_widthprec                        0x00000000   Number         0  stubs.o ABSOLUTE
    _printf_x                                0x00000000   Number         0  stubs.o ABSOLUTE
    __cpp_initialize__aeabi_                  - Undefined Weak Reference
    __cxa_finalize                            - Undefined Weak Reference
    _clock_init                               - Undefined Weak Reference
    _microlib_exit                            - Undefined Weak Reference
    poll_ethernet                             - Undefined Weak Reference
    __main                                   0x000000cd   Thumb Code     0  entry.o(.ARM.Collect$$$$00000000)
    _main_stk                                0x000000cd   Thumb Code     0  entry2.o(.ARM.Collect$$$$00000001)
    _main_scatterload                        0x000000d1   Thumb Code     0  entry5.o(.ARM.Collect$$$$00000004)
    __main_after_scatterload                 0x000000d5   Thumb Code     0  entry5.o(.ARM.Collect$$$$00000004)
    _main_clock                              0x000000d5   Thumb Code     0  entry7b.o(.ARM.Collect$$$$00000008)
    _main_cpp_init                           0x000000d5   Thumb Code     0  entry8b.o(.ARM.Collect$$$$0000000A)
    _main_init                               0x000000d5   Thumb Code     0  entry9a.o(.ARM.Collect$$$$0000000B)
    __rt_final_cpp                           0x000000dd   Thumb Code     0  entry10a.o(.ARM.Collect$$$$0000000D)
    __rt_final_exit                          0x000000dd   Thumb Code     0  entry11a.o(.ARM.Collect$$$$0000000F)
    Reset_Handler                            0x000000e1   Thumb Code     8  startup_lpc17xx.o(.text)
    NMI_Handler                              0x000000e9   Thumb Code     2  startup_lpc17xx.o(.text)
    HardFault_Handler                        0x000000eb   Thumb Code     2  startup_lpc17xx.o(.text)
    MemManage_Handler                        0x000000ed   Thumb Code     2  startup_lpc17xx.o(.text)
    BusFault_Handler                         0x000000ef   Thumb Code     2  startup_lpc17xx.o(.text)
    UsageFault_Handler                       0x000000f1   Thumb Code     2  startup_lpc17xx.o(.text)
    SVC_Handler                              0x000000f3   Thumb Code     2  startup_lpc17xx.o(.text)
    DebugMon_Handler                         0x000000f5   Thumb Code     2  startup_lpc17xx.o(.text)
    PendSV_Handler                           0x000000f7   Thumb Code     2  startup_lpc17xx.o(.text)
    ADC_IRQHandler                           0x000000fb   Thumb Code     0  startup_lpc17xx.o(.text)
    BOD_IRQHandler                           0x000000fb   Thumb Code     0  startup_lpc17xx.o(.text)
    CANActivity_IRQHandler                   0x000000fb   Thumb Code     0  startup_lpc17xx.o(.text)
    CAN_IRQHandler                           0x000000fb   Thumb Code     0  startup_lpc17xx.o(.text)
    DMA_IRQHandler                           0x000000fb   Thumb Code     0  startup_lpc17xx.o(.text)
    EINT0_IRQHandler                         0x000000fb   Thumb Code     0  startup_lpc17xx.o(.text)
    EINT1_IRQHandler                         0x000000fb   Thumb Code     0  startup_lpc17xx.o(.text)
    EINT2_IRQHandler                         0x000000fb   Thumb Code     0  startup_lpc17xx.o(.text)
    EINT3_IRQHandler                         0x000000fb   Thumb Code     0  startup_lpc17xx.o(.text)
    I2C0_IRQHandler                          0x000000fb   Thumb Code     0  startup_lpc17xx.o(.text)
    I2C1_IRQHandler                          0x000000fb   Thumb Code     0  startup_lpc17xx.o(.text)
    I2C2_IRQHandler                          0x000000fb   Thumb Code     0  startup_lpc17xx.o(.text)
    I2S_IRQHandler                           0x000000fb   Thumb Code     0  startup_lpc17xx.o(.text)
    MCPWM_IRQHandler                         0x000000fb   Thumb Code     0  startup_lpc17xx.o(.text)
    PLL0_IRQHandler                          0x000000fb   Thumb Code     0  startup_lpc17xx.o(.text)
    PLL1_IRQHandler                          0x000000fb   Thumb Code     0  startup_lpc17xx.o(.text)
    PWM1_IRQHandler                          0x000000fb   Thumb Code     0  startup_lpc17xx.o(.text)
    QEI_IRQHandler                           0x000000fb   Thumb Code     0  startup_lpc17xx.o(.text)
    RIT_IRQHandler                           0x000000fb   Thumb Code     0  startup_lpc17xx.o(.text)
    SPI_IRQHandler                           0x000000fb   Thumb Code     0  startup_lpc17xx.o(.text)
    SSP0_IRQHandler                          0x000000fb   Thumb Code     0  startup_lpc17xx.o(.text)
    SSP1_IRQHandler                          0x000000fb   Thumb Code     0  startup_lpc17xx.o(.text)
    TIMER2_IRQHandler                        0x000000fb   Thumb Code     0  startup_lpc17xx.o(.text)
    TIMER3_IRQHandler                        0x000000fb   Thumb Code     0  startup_lpc17xx.o(.text)
    UART0_IRQHandler                         0x000000fb   Thumb Code     0  startup_lpc17xx.o(.text)
    UART1_IRQHandler                         0x000000fb   Thumb Code     0  startup_lpc17xx.o(.text)
    UART2_IRQHandler                         0x000000fb   Thumb Code     0  startup_lpc17xx.o(.text)
    UART3_IRQHandler                         0x000000fb   Thumb Code     0  startup_lpc17xx.o(.text)
    USBActivity_IRQHandler                   0x000000fb   Thumb Code     0  startup_lpc17xx.o(.text)
    USB_IRQHandler                           0x000000fb   Thumb Code     0  startup_lpc17xx.o(.text)
    WDT_IRQHandler                           0x000000fb   Thumb Code     0  startup_lpc17xx.o(.text)
    __configuraPrograma__                    0x00000105   Thumb Code   162  configura.o(.text)
    main                                     0x000001d5   Thumb Code    16  main.o(.text)
    __configuraSysTick__                     0x00000205   Thumb Code    80  timers.o(.text)
    __configuraTimer0__                      0x00000255   Thumb Code    82  timers.o(.text)
    TIMER0_IRQHandler                        0x000002a7   Thumb Code    20  timers.o(.text)
    SysTick_Handler                          0x000002bb   Thumb Code     8  timers.o(.text)
    __configuraWEB__                         0x000002e1   Thumb Code     8  http_source.o(.text)
    __mantenerTCP__                          0x000002e9   Thumb Code     8  http_source.o(.text)
    check_failed                             0x000002f1   Thumb Code     4  lpc17xx_libcfg_default.o(.text)
    __I$use$fp                               0x000002f5   Thumb Code     0  iusefp.o(.text)
    __rt_ctype_table                         0x000002f5   Thumb Code     4  ctype_o.o(.text)
    SystemCoreClockUpdate                    0x00000301   Thumb Code   424  system_lpc17xx.o(.text)
    __RL_TCP_VER                             0x00000472   Number         0  at_system.o ABSOLUTE
    SystemInit                               0x000004a9   Thumb Code   290  system_lpc17xx.o(.text)
    __configuraPWM__                         0x00000619   Thumb Code   384  pwm.o(.text)
    modificaPulso                            0x00000799   Thumb Code   186  pwm.o(.text)
    __configuraRTC__                         0x00000879   Thumb Code   164  rtc.o(.text)
    RTC_IRQHandler                           0x0000091d   Thumb Code    72  rtc.o(.text)
    alimentaWDT                              0x000009b5   Thumb Code    12  wdt.o(.text)
    __configuraWDT__                         0x000009c1   Thumb Code    24  wdt.o(.text)
    sys_error                                0x000009dd   Thumb Code    36  net_config.o(.text)
    init_system                              0x00000a01   Thumb Code    34  net_config.o(.text)
    run_system                               0x00000a23   Thumb Code    26  net_config.o(.text)
    igmp_is_member                           0x00000a3d   Thumb Code     4  net_config.o(.text)
    igmp_process                             0x00000a41   Thumb Code     2  net_config.o(.text)
    dhcp_disable                             0x00000a43   Thumb Code     2  net_config.o(.text)
    ppp_send_frame                           0x00000a45   Thumb Code     4  net_config.o(.text)
    slip_send_frame                          0x00000a49   Thumb Code     4  net_config.o(.text)
    sntp_get_time                            0x00000a4d   Thumb Code     4  net_config.o(.text)
    cgi_process_var                          0x00000a51   Thumb Code     2  http_cgi.o(.text)
    cgi_process_data                         0x00000a53   Thumb Code     2  http_cgi.o(.text)
    cgi_func                                 0x00000a55   Thumb Code   482  http_cgi.o(.text)
    int_enable_eth                           0x00000c81   Thumb Code    24  emac_lpc17xx_lan8720.o(.text)
    int_disable_eth                          0x00000c99   Thumb Code    18  emac_lpc17xx_lan8720.o(.text)
    setMac                                   0x00000cab   Thumb Code   182  emac_lpc17xx_lan8720.o(.text)
    init_ethernet                            0x00000e71   Thumb Code   724  emac_lpc17xx_lan8720.o(.text)
    send_frame                               0x00001145   Thumb Code    70  emac_lpc17xx_lan8720.o(.text)
    ENET_IRQHandler                          0x0000118b   Thumb Code   156  emac_lpc17xx_lan8720.o(.text)
    zoneNewPressed                           0x00001251   Thumb Code    80  statechart.o(.text)
    squareButton                             0x000012a1   Thumb Code   226  statechart.o(.text)
    __pintaAjustes__                         0x00001383   Thumb Code   284  statechart.o(.text)
    __pintaMedidas2__                        0x0000149f   Thumb Code   200  statechart.o(.text)
    __pintaMedidas1__                        0x00001567   Thumb Code   752  statechart.o(.text)
    __pintaInicio__                          0x00001857   Thumb Code   264  statechart.o(.text)
    checkTouchPanel                          0x0000195f   Thumb Code    36  statechart.o(.text)
    __mainLoop__                             0x00001983   Thumb Code   934  statechart.o(.text)
    __configuraLCD__                         0x00001d29   Thumb Code    16  statechart.o(.text)
    TP_Init                                  0x00001d4d   Thumb Code   176  touchpanel.o(.text)
    Read_X                                   0x00001e7d   Thumb Code    42  touchpanel.o(.text)
    Read_Y                                   0x00001ea7   Thumb Code    42  touchpanel.o(.text)
    TP_GetAdXY                               0x00001ed1   Thumb Code    34  touchpanel.o(.text)
    TP_DrawPoint                             0x00001ef3   Thumb Code    64  touchpanel.o(.text)
    DrawCross                                0x00001f33   Thumb Code   356  touchpanel.o(.text)
    Read_Ads7846                             0x00002097   Thumb Code   520  touchpanel.o(.text)
    setCalibrationMatrix                     0x0000229f   Thumb Code   356  touchpanel.o(.text)
    getDisplayPoint                          0x00002403   Thumb Code   238  touchpanel.o(.text)
    TouchPanel_Calibrate                     0x000024f1   Thumb Code   108  touchpanel.o(.text)
    configLEDs                               0x00002591   Thumb Code    80  leds.o(.text)
    __configuraAnemometro__                  0x000025e1   Thumb Code   140  anemometro.o(.text)
    TIMER1_IRQHandler                        0x0000266d   Thumb Code   152  anemometro.o(.text)
    GetASCIICode                             0x00002731   Thumb Code    26  asciilib.o(.text)
    LCD_Initializtion                        0x0000279b   Thumb Code 63088  glcd.o(.text)
    LCD_Clear                                0x00011e0b   Thumb Code  2744  glcd.o(.text)
    LCD_GetPoint                             0x000128dd   Thumb Code  2218  glcd.o(.text)
    LCD_SetPoint                             0x00013187   Thumb Code  1304  glcd.o(.text)
    LCD_DrawLine                             0x0001369f   Thumb Code   250  glcd.o(.text)
    PutChar                                  0x00013799   Thumb Code   100  glcd.o(.text)
    GUI_Text                                 0x000137fd   Thumb Code    80  glcd.o(.text)
    SSP_Init                                 0x000138d3   Thumb Code   100  lpc17xx_ssp.o(.text)
    SSP_DeInit                               0x00013937   Thumb Code    60  lpc17xx_ssp.o(.text)
    SSP_GetDataSize                          0x00013973   Thumb Code    34  lpc17xx_ssp.o(.text)
    SSP_ConfigStructInit                     0x00013995   Thumb Code    22  lpc17xx_ssp.o(.text)
    SSP_Cmd                                  0x000139ab   Thumb Code    68  lpc17xx_ssp.o(.text)
    SSP_LoopBackCmd                          0x000139ef   Thumb Code    68  lpc17xx_ssp.o(.text)
    SSP_SlaveOutputCmd                       0x00013a33   Thumb Code    72  lpc17xx_ssp.o(.text)
    SSP_SendData                             0x00013a7b   Thumb Code    36  lpc17xx_ssp.o(.text)
    SSP_ReceiveData                          0x00013a9f   Thumb Code    34  lpc17xx_ssp.o(.text)
    SSP_ReadWrite                            0x00013ac1   Thumb Code   604  lpc17xx_ssp.o(.text)
    SSP_GetStatus                            0x00013d1d   Thumb Code    80  lpc17xx_ssp.o(.text)
    SSP_IntConfig                            0x00013d6d   Thumb Code    58  lpc17xx_ssp.o(.text)
    SSP_GetRawIntStatus                      0x00013da7   Thumb Code    76  lpc17xx_ssp.o(.text)
    SSP_GetRawIntStatusReg                   0x00013df3   Thumb Code    34  lpc17xx_ssp.o(.text)
    SSP_GetIntStatus                         0x00013e15   Thumb Code    76  lpc17xx_ssp.o(.text)
    SSP_ClearIntPending                      0x00013e61   Thumb Code    58  lpc17xx_ssp.o(.text)
    SSP_DMACmd                               0x00013e9b   Thumb Code   100  lpc17xx_ssp.o(.text)
    PINSEL_ConfigTraceFunc                   0x00013faf   Thumb Code    34  lpc17xx_pinsel.o(.text)
    PINSEL_SetI2C0Pins                       0x00013fd1   Thumb Code    16  lpc17xx_pinsel.o(.text)
    PINSEL_ConfigPin                         0x00013fe1   Thumb Code    36  lpc17xx_pinsel.o(.text)
    GPIO_SetDir                              0x000140a5   Thumb Code    40  lpc17xx_gpio.o(.text)
    GPIO_SetValue                            0x000140cd   Thumb Code    20  lpc17xx_gpio.o(.text)
    GPIO_ClearValue                          0x000140e1   Thumb Code    20  lpc17xx_gpio.o(.text)
    GPIO_ReadValue                           0x000140f5   Thumb Code    22  lpc17xx_gpio.o(.text)
    GPIO_IntCmd                              0x0001410b   Thumb Code    54  lpc17xx_gpio.o(.text)
    GPIO_GetIntStatus                        0x00014141   Thumb Code    86  lpc17xx_gpio.o(.text)
    GPIO_ClearInt                            0x00014197   Thumb Code    24  lpc17xx_gpio.o(.text)
    FIO_SetDir                               0x000141af   Thumb Code    20  lpc17xx_gpio.o(.text)
    FIO_SetValue                             0x000141c3   Thumb Code    16  lpc17xx_gpio.o(.text)
    FIO_ClearValue                           0x000141d3   Thumb Code    16  lpc17xx_gpio.o(.text)
    FIO_ReadValue                            0x000141e3   Thumb Code    12  lpc17xx_gpio.o(.text)
    FIO_IntCmd                               0x000141ef   Thumb Code    20  lpc17xx_gpio.o(.text)
    FIO_GetIntStatus                         0x00014203   Thumb Code    20  lpc17xx_gpio.o(.text)
    FIO_ClearInt                             0x00014217   Thumb Code    16  lpc17xx_gpio.o(.text)
    FIO_SetMask                              0x00014227   Thumb Code    40  lpc17xx_gpio.o(.text)
    FIO_HalfWordSetDir                       0x0001424f   Thumb Code    62  lpc17xx_gpio.o(.text)
    FIO_HalfWordSetMask                      0x0001428d   Thumb Code    62  lpc17xx_gpio.o(.text)
    FIO_HalfWordSetValue                     0x000142cb   Thumb Code    32  lpc17xx_gpio.o(.text)
    FIO_HalfWordClearValue                   0x000142eb   Thumb Code    32  lpc17xx_gpio.o(.text)
    FIO_HalfWordReadValue                    0x0001430b   Thumb Code    30  lpc17xx_gpio.o(.text)
    FIO_ByteSetDir                           0x00014329   Thumb Code    50  lpc17xx_gpio.o(.text)
    FIO_ByteSetMask                          0x0001435b   Thumb Code    66  lpc17xx_gpio.o(.text)
    FIO_ByteSetValue                         0x0001439d   Thumb Code    34  lpc17xx_gpio.o(.text)
    FIO_ByteClearValue                       0x000143bf   Thumb Code    34  lpc17xx_gpio.o(.text)
    FIO_ByteReadValue                        0x000143e1   Thumb Code    76  lpc17xx_gpio.o(.text)
    CLKPWR_SetPCLKDiv                        0x0001442d   Thumb Code   106  lpc17xx_clkpwr.o(.text)
    CLKPWR_GetPCLKSEL                        0x00014497   Thumb Code    32  lpc17xx_clkpwr.o(.text)
    CLKPWR_GetPCLK                           0x000144b7   Thumb Code    58  lpc17xx_clkpwr.o(.text)
    CLKPWR_ConfigPPWR                        0x000144f1   Thumb Code    50  lpc17xx_clkpwr.o(.text)
    CLKPWR_Sleep                             0x00014523   Thumb Code    10  lpc17xx_clkpwr.o(.text)
    CLKPWR_DeepSleep                         0x0001452d   Thumb Code    16  lpc17xx_clkpwr.o(.text)
    CLKPWR_PowerDown                         0x0001453d   Thumb Code    16  lpc17xx_clkpwr.o(.text)
    CLKPWR_DeepPowerDown                     0x0001454d   Thumb Code    16  lpc17xx_clkpwr.o(.text)
    goto_LUT                                 0x0001457d   Thumb Code    62  lut.o(.text)
    __aeabi_uldivmod                         0x000145c1   Thumb Code    98  uldiv.o(.text)
    __aeabi_memcpy                           0x00014623   Thumb Code    36  memcpya.o(.text)
    __aeabi_memcpy4                          0x00014623   Thumb Code     0  memcpya.o(.text)
    __aeabi_memcpy8                          0x00014623   Thumb Code     0  memcpya.o(.text)
    __aeabi_memset                           0x00014647   Thumb Code    14  memseta.o(.text)
    __aeabi_memset4                          0x00014647   Thumb Code     0  memseta.o(.text)
    __aeabi_memset8                          0x00014647   Thumb Code     0  memseta.o(.text)
    __aeabi_memclr                           0x00014655   Thumb Code     4  memseta.o(.text)
    __aeabi_memclr4                          0x00014655   Thumb Code     0  memseta.o(.text)
    __aeabi_memclr8                          0x00014655   Thumb Code     0  memseta.o(.text)
    _memset$wrapper                          0x00014659   Thumb Code    18  memseta.o(.text)
    strlen                                   0x0001466b   Thumb Code    14  strlen.o(.text)
    strcmp                                   0x00014679   Thumb Code    28  strcmp.o(.text)
    atoi                                     0x00014695   Thumb Code    26  atoi.o(.text)
    __aeabi_fadd                             0x000146af   Thumb Code   164  fadd.o(.text)
    __aeabi_fsub                             0x00014753   Thumb Code     6  fadd.o(.text)
    __aeabi_frsub                            0x00014759   Thumb Code     6  fadd.o(.text)
    __aeabi_fmul                             0x0001475f   Thumb Code   108  fmul.o(.text)
    __aeabi_fdiv                             0x000147cb   Thumb Code   128  fdiv.o(.text)
    __aeabi_dadd                             0x0001484b   Thumb Code   322  dadd.o(.text)
    __aeabi_dsub                             0x0001498d   Thumb Code     6  dadd.o(.text)
    __aeabi_drsub                            0x00014993   Thumb Code     6  dadd.o(.text)
    __aeabi_dmul                             0x00014999   Thumb Code   228  dmul.o(.text)
    __aeabi_ddiv                             0x00014a7d   Thumb Code   222  ddiv.o(.text)
    __aeabi_ui2f                             0x00014b5b   Thumb Code    10  ffltui.o(.text)
    __aeabi_i2d                              0x00014b65   Thumb Code    34  dflti.o(.text)
    __aeabi_ui2d                             0x00014b87   Thumb Code    26  dfltui.o(.text)
    __aeabi_f2uiz                            0x00014ba1   Thumb Code    40  ffixui.o(.text)
    __aeabi_d2uiz                            0x00014bc9   Thumb Code    50  dfixui.o(.text)
    __aeabi_f2d                              0x00014bfb   Thumb Code    38  f2d.o(.text)
    __aeabi_cdcmpeq                          0x00014c21   Thumb Code     0  cdcmple.o(.text)
    __aeabi_cdcmple                          0x00014c21   Thumb Code    38  cdcmple.o(.text)
    __aeabi_uidiv                            0x00014c49   Thumb Code     0  uidiv.o(.text)
    __aeabi_uidivmod                         0x00014c49   Thumb Code    44  uidiv.o(.text)
    __aeabi_llsl                             0x00014c75   Thumb Code    30  llshl.o(.text)
    _ll_shift_l                              0x00014c75   Thumb Code     0  llshl.o(.text)
    __aeabi_llsr                             0x00014c93   Thumb Code    32  llushr.o(.text)
    _ll_ushift_r                             0x00014c93   Thumb Code     0  llushr.o(.text)
    __aeabi_lasr                             0x00014cb3   Thumb Code    36  llsshr.o(.text)
    _ll_sshift_r                             0x00014cb3   Thumb Code     0  llsshr.o(.text)
    strtol                                   0x00014cd7   Thumb Code   112  strtol.o(.text)
    _float_round                             0x00014d47   Thumb Code    18  fepilogue.o(.text)
    _float_epilogue                          0x00014d59   Thumb Code    90  fepilogue.o(.text)
    _double_round                            0x00014db3   Thumb Code    26  depilogue.o(.text)
    _double_epilogue                         0x00014dcd   Thumb Code   164  depilogue.o(.text)
    __aeabi_d2ulz                            0x00014e71   Thumb Code    48  dfixul.o(.text)
    __aeabi_cdrcmple                         0x00014ea1   Thumb Code    38  cdrcmple.o(.text)
    __scatterload                            0x00014ec9   Thumb Code    28  init.o(.text)
    __scatterload_rt2                        0x00014ec9   Thumb Code     0  init.o(.text)
    _strtoul                                 0x00014eed   Thumb Code   158  _strtoul.o(.text)
    _chval                                   0x00014f8b   Thumb Code    28  _chval.o(.text)
    __decompress                             0x00014fa7   Thumb Code     0  __dczerorl2.o(.text)
    __decompress1                            0x00014fa7   Thumb Code    92  __dczerorl2.o(.text)
    __0sprintf                               0x00015005   Thumb Code    34  printfa.o(i.__0sprintf)
    __1sprintf                               0x00015005   Thumb Code     0  printfa.o(i.__0sprintf)
    __2sprintf                               0x00015005   Thumb Code     0  printfa.o(i.__0sprintf)
    __c89sprintf                             0x00015005   Thumb Code     0  printfa.o(i.__0sprintf)
    sprintf                                  0x00015005   Thumb Code     0  printfa.o(i.__0sprintf)
    __aeabi_errno_addr                       0x0001502d   Thumb Code     4  errno.o(i.__aeabi_errno_addr)
    __rt_errno_addr                          0x0001502d   Thumb Code     0  errno.o(i.__aeabi_errno_addr)
    __scatterload_copy                       0x00015035   Thumb Code    14  handlers.o(i.__scatterload_copy)
    __scatterload_null                       0x00015043   Thumb Code     2  handlers.o(i.__scatterload_null)
    __scatterload_zeroinit                   0x00015045   Thumb Code    14  handlers.o(i.__scatterload_zeroinit)
    alloc_mem                                0x00015935   Thumb Code   174  at_mem.o(i.alloc_mem)
    arp_cache_add                            0x000159ed   Thumb Code   174  at_arp.o(i.arp_cache_add)
    arp_cache_early                          0x00015b2d   Thumb Code   142  at_arp.o(i.arp_cache_early)
    arp_cache_find                           0x00015bc5   Thumb Code   168  at_arp.o(i.arp_cache_find)
    arp_cache_update                         0x00015c79   Thumb Code   228  at_arp.o(i.arp_cache_update)
    arp_init                                 0x00015d6d   Thumb Code    34  at_arp.o(i.arp_init)
    arp_notify                               0x00015dcd   Thumb Code    26  at_arp.o(i.arp_notify)
    arp_process                              0x00015e7d   Thumb Code   294  at_arp.o(i.arp_process)
    avail_mem                                0x0001610d   Thumb Code    22  at_mem.o(i.avail_mem)
    b64_to_asc                               0x00016129   Thumb Code   120  at_lib.o(i.b64_to_asc)
    calc_chksum16be                          0x000161a1   Thumb Code    18  at_lib.o(i.calc_chksum16be)
    cgx_content_type                         0x000161b3   Thumb Code     4  at_http.o(i.cgx_content_type)
    chksum16_buf                             0x00016385   Thumb Code    40  at_lib.o(i.chksum16_buf)
    chksum16_val                             0x000163ad   Thumb Code    10  at_lib.o(i.chksum16_val)
    eth_chk_adr                              0x000163fd   Thumb Code    10  at_ethernet.o(i.eth_chk_adr)
    eth_init_link                            0x0001640d   Thumb Code    40  at_ethernet.o(i.eth_init_link)
    eth_run_link                             0x00016441   Thumb Code   194  at_ethernet.o(i.eth_run_link)
    eth_send_frame                           0x00016515   Thumb Code   150  at_ethernet.o(i.eth_send_frame)
    free_mem                                 0x000165bd   Thumb Code   124  at_mem.o(i.free_mem)
    get_rnd32                                0x0001672d   Thumb Code    18  at_system.o(i.get_rnd32)
    http_accept_host                         0x00016749   Thumb Code     4  at_http.o(i.http_accept_host)
    http_check_account                       0x00016a09   Thumb Code     4  at_http.o(i.http_check_account)
    http_fclose                              0x00016b95   Thumb Code     2  at_http_uif.o(i.http_fclose)
    http_fgets                               0x00016b97   Thumb Code     4  at_http_uif.o(i.http_fgets)
    http_file_access                         0x00016b9b   Thumb Code     4  at_http.o(i.http_file_access)
    http_finfo                               0x00016b9f   Thumb Code     4  at_http_uif.o(i.http_finfo)
    http_fopen                               0x00016ba3   Thumb Code     4  at_http_uif.o(i.http_fopen)
    http_fread                               0x00016ba7   Thumb Code     4  at_http_uif.o(i.http_fread)
    http_init                                0x00016bad   Thumb Code    72  at_http.o(i.http_init)
    http_run_server                          0x00017369   Thumb Code   816  at_http.o(i.http_run_server)
    icmp_init                                0x0001776d   Thumb Code    10  at_icmp.o(i.icmp_init)
    icmp_process                             0x0001777d   Thumb Code   198  at_icmp.o(i.icmp_process)
    icmp_run_engine                          0x00017849   Thumb Code    58  at_icmp.o(i.icmp_run_engine)
    ifree_mem                                0x00017901   Thumb Code    48  at_mem.o(i.ifree_mem)
    init_TcpNet                              0x00017939   Thumb Code    38  at_system.o(i.init_TcpNet)
    init_mem                                 0x00017969   Thumb Code    86  at_mem.o(i.init_mem)
    ip_chk_frame                             0x000179c9   Thumb Code   190  at_ip.o(i.ip_chk_frame)
    ip_get_locadr                            0x00017a9d   Thumb Code   166  at_ip.o(i.ip_get_locadr)
    ip_init                                  0x00017b55   Thumb Code     8  at_ip.o(i.ip_init)
    ip_run_local                             0x00017b61   Thumb Code    82  at_ip.o(i.ip_run_local)
    ip_send_frame                            0x00017bbd   Thumb Code   328  at_ip.o(i.ip_send_frame)
    is_subnet                                0x00017d0d   Thumb Code    20  at_lib.o(i.is_subnet)
    main_TcpNet                              0x00017d21   Thumb Code    86  at_system.o(i.main_TcpNet)
    mem_comp                                 0x00017d85   Thumb Code    24  at_lib.o(i.mem_comp)
    mem_copy                                 0x00017d9d   Thumb Code    22  at_lib.o(i.mem_copy)
    mem_crc32                                0x00017db3   Thumb Code    32  at_lib.o(i.mem_crc32)
    mem_set                                  0x00017dd3   Thumb Code    10  at_lib.o(i.mem_set)
    mem_test                                 0x00017ddd   Thumb Code    20  at_lib.o(i.mem_test)
    nrd_u32be                                0x00017df1   Thumb Code    22  at_lib.o(i.nrd_u32be)
    nwr_u32be                                0x00017e07   Thumb Code    16  at_lib.o(i.nwr_u32be)
    put_in_queue                             0x00017e41   Thumb Code    36  at_ethernet.o(i.put_in_queue)
    resize_mem                               0x00017f09   Thumb Code    68  at_mem.o(i.resize_mem)
    str_copy                                 0x00017f9d   Thumb Code    18  at_lib.o(i.str_copy)
    str_crc32                                0x00017faf   Thumb Code    26  at_lib.o(i.str_crc32)
    str_pos                                  0x00017fc9   Thumb Code    22  at_lib.o(i.str_pos)
    str_scomp                                0x00017fdf   Thumb Code    26  at_lib.o(i.str_scomp)
    tcp_abort                                0x00017ff9   Thumb Code    76  at_tcp.o(i.tcp_abort)
    tcp_close                                0x00018049   Thumb Code   150  at_tcp.o(i.tcp_close)
    tcp_get_buf                              0x000180e5   Thumb Code    32  at_tcp.o(i.tcp_get_buf)
    tcp_get_socket                           0x00018105   Thumb Code    70  at_tcp.o(i.tcp_get_socket)
    tcp_get_state                            0x00018151   Thumb Code    32  at_tcp.o(i.tcp_get_state)
    tcp_init                                 0x00018175   Thumb Code    18  at_tcp.o(i.tcp_init)
    tcp_listen                               0x0001818d   Thumb Code   102  at_tcp.o(i.tcp_listen)
    tcp_max_dsize                            0x00018291   Thumb Code    30  at_tcp.o(i.tcp_max_dsize)
    tcp_poll_sockets                         0x00018315   Thumb Code   630  at_tcp.o(i.tcp_poll_sockets)
    tcp_process                              0x000186b5   Thumb Code  1164  at_tcp.o(i.tcp_process)
    tcp_send                                 0x00018c15   Thumb Code   204  at_tcp.o(i.tcp_send)
    timer_tick                               0x00018f5d   Thumb Code    14  at_system.o(i.timer_tick)
    udp_init                                 0x00018f71   Thumb Code    18  at_udp.o(i.udp_init)
    udp_process                              0x00018f89   Thumb Code   178  at_udp.o(i.udp_process)
    nlocalm                                  0x00019120   Data          60  net_config.o(.constdata)
    sys_config                               0x0001915c   Data          16  net_config.o(.constdata)
    arp_config                               0x0001916c   Data          12  net_config.o(.constdata)
    udp_config                               0x00019178   Data           8  net_config.o(.constdata)
    tcp_config                               0x00019180   Data          24  net_config.o(.constdata)
    http_config                              0x00019198   Data          24  net_config.o(.constdata)
    FileMD                                   0x000191b0   Data           4  web.o(.constdata)
    FileTab                                  0x000198a4   Data          16  web.o(.constdata)
    IP_Broadcast                             0x00019eaa   Data           4  at_ip.o(.constdata)
    MAC_Broadcast                            0x00019fa6   Data           6  at_ethernet.o(.constdata)
    http_err_401                             0x00019fac   Data          86  http_err.o(.constdata)
    http_err_403                             0x0001a002   Data          81  http_err.o(.constdata)
    http_err_404                             0x0001a053   Data          78  http_err.o(.constdata)
    http_err_501                             0x0001a0a1   Data          75  http_err.o(.constdata)
    http_err_head                            0x0001a0ec   Data          47  http_err.o(.constdata)
    http_err_foot                            0x0001a11b   Data         136  http_err.o(.constdata)
    __ctype_table                            0x0001a1a3   Data         129  ctype_o.o(.constdata)
    Region$$Table$$Base                      0x0001a244   Number         0  anon$$obj.o(Region$$Table)
    Region$$Table$$Limit                     0x0001a274   Number         0  anon$$obj.o(Region$$Table)
    SystemCoreClock                          0x2007c000   Data           4  system_lpc17xx.o(.data)
    DATOS                                    0x2007c004   Data           4  main.o(.data)
    ESTADO                                   0x2007c008   Data           4  main.o(.data)
    COUNTERS                                 0x2007c00c   Data           4  main.o(.data)
    objESTADO                                0x2007c010   Data           1  main.o(.data)
    lhost_name                               0x2007c011   Data          16  net_config.o(.data)
    own_hw_adr                               0x2007c021   Data           6  net_config.o(.data)
    iap_entry                                0x2007c03c   Data           4  emac_lpc17xx_lan8720.o(.data)
    __brilloAuto                             0x2007c050   Data           1  statechart.o(.data)
    zona_0                                   0x2007c052   Data          10  statechart.o(.data)
    zona_1                                   0x2007c05c   Data          10  statechart.o(.data)
    zona_2                                   0x2007c066   Data          10  statechart.o(.data)
    zona_3                                   0x2007c070   Data          10  statechart.o(.data)
    zona_4                                   0x2007c07a   Data          10  statechart.o(.data)
    zona_5                                   0x2007c084   Data          10  statechart.o(.data)
    zona_6                                   0x2007c08e   Data          10  statechart.o(.data)
    zona_7                                   0x2007c098   Data          10  statechart.o(.data)
    zona_8                                   0x2007c0a2   Data          10  statechart.o(.data)
    zona_9                                   0x2007c0ac   Data          10  statechart.o(.data)
    zona_10                                  0x2007c0b6   Data          10  statechart.o(.data)
    zona_11                                  0x2007c0c0   Data          10  statechart.o(.data)
    zona_12                                  0x2007c0ca   Data          10  statechart.o(.data)
    zona_13                                  0x2007c0d4   Data          10  statechart.o(.data)
    zona_14                                  0x2007c0de   Data          10  statechart.o(.data)
    zona_15                                  0x2007c0e8   Data          10  statechart.o(.data)
    zona_16                                  0x2007c0f2   Data          10  statechart.o(.data)
    zona_17                                  0x2007c0fc   Data          10  statechart.o(.data)
    zona_18                                  0x2007c106   Data          10  statechart.o(.data)
    zona_19                                  0x2007c110   Data          10  statechart.o(.data)
    zona_20                                  0x2007c11a   Data          10  statechart.o(.data)
    zona_21                                  0x2007c124   Data          10  statechart.o(.data)
    zona_22                                  0x2007c12e   Data          10  statechart.o(.data)
    zona_23                                  0x2007c138   Data          10  statechart.o(.data)
    zona_24                                  0x2007c142   Data          10  statechart.o(.data)
    zona_25                                  0x2007c14c   Data          10  statechart.o(.data)
    zona_26                                  0x2007c156   Data          10  statechart.o(.data)
    zona_27                                  0x2007c160   Data          10  statechart.o(.data)
    zona_28                                  0x2007c16a   Data          10  statechart.o(.data)
    zona_29                                  0x2007c174   Data          10  statechart.o(.data)
    zona_30                                  0x2007c17e   Data          10  statechart.o(.data)
    zona_31                                  0x2007c188   Data          10  statechart.o(.data)
    zona_27m                                 0x2007c192   Data          10  statechart.o(.data)
    zona_28m                                 0x2007c19c   Data          10  statechart.o(.data)
    zona_29m                                 0x2007c1a6   Data          10  statechart.o(.data)
    zona_30m                                 0x2007c1b0   Data          10  statechart.o(.data)
    zona_27M                                 0x2007c1ba   Data          10  statechart.o(.data)
    zona_28M                                 0x2007c1c4   Data          10  statechart.o(.data)
    zona_29M                                 0x2007c1ce   Data          10  statechart.o(.data)
    zona_30M                                 0x2007c1d8   Data          10  statechart.o(.data)
    zona_32                                  0x2007c1e2   Data          10  statechart.o(.data)
    zona_33                                  0x2007c1ec   Data          10  statechart.o(.data)
    zona_34                                  0x2007c1f6   Data          10  statechart.o(.data)
    zona_35                                  0x2007c200   Data          10  statechart.o(.data)
    pressedTouchPanel                        0x2007c20a   Data           1  statechart.o(.data)
    Aux8                                     0x2007c20b   Data           1  statechart.o(.data)
    matrix                                   0x2007c210   Data          56  touchpanel.o(.data)
    DisplaySample                            0x2007c248   Data          12  touchpanel.o(.data)
    display                                  0x2007c258   Data           4  touchpanel.o(.data)
    CAPcont                                  0x2007c25c   Data           1  anemometro.o(.data)
    SLAYERcont                               0x2007c25d   Data           1  anemometro.o(.data)
    CLKbuff                                  0x2007c260   Data           8  anemometro.o(.data)
    aux_viento                               0x2007c268   Data           4  anemometro.o(.data)
    Brillo_LCR                               0x2007c26d   Data          14  lut.o(.data)
    objDATOS                                 0x2007c2a4   Data          36  main.o(.bss)
    objCOUNTERS                              0x2007c2c8   Data          12  main.o(.bss)
    Clock                                    0x2007c2d4   Data          23  rtc.o(.bss)
    ScreenSample                             0x2007ed54   Data          12  touchpanel.o(.bss)
    localm                                   0x2007ee04   Data          60  at_system.o(.bss)
    sys_control                              0x2007ee40   Data          16  at_system.o(.bss)
    __initial_sp                             0x2007f050   Data           0  startup_lpc17xx.o(STACK)



==============================================================================

Memory Map of the image

  Image Entry point : 0x000000cd

  Load Region LR_IROM1 (Base: 0x00000000, Size: 0x0001a518, Max: 0x00080000, ABSOLUTE, COMPRESSED[0x0001a388])

    Execution Region ER_IROM1 (Base: 0x00000000, Size: 0x0001a274, Max: 0x00080000, ABSOLUTE)

    Base Addr    Size         Type   Attr      Idx    E Section Name        Object

    0x00000000   0x000000cc   Data   RO            3    RESET               startup_lpc17xx.o
    0x000000cc   0x00000000   Code   RO         1078  * .ARM.Collect$$$$00000000  mc_w.l(entry.o)
    0x000000cc   0x00000004   Code   RO         1382    .ARM.Collect$$$$00000001  mc_w.l(entry2.o)
    0x000000d0   0x00000004   Code   RO         1385    .ARM.Collect$$$$00000004  mc_w.l(entry5.o)
    0x000000d4   0x00000000   Code   RO         1387    .ARM.Collect$$$$00000008  mc_w.l(entry7b.o)
    0x000000d4   0x00000000   Code   RO         1389    .ARM.Collect$$$$0000000A  mc_w.l(entry8b.o)
    0x000000d4   0x00000008   Code   RO         1390    .ARM.Collect$$$$0000000B  mc_w.l(entry9a.o)
    0x000000dc   0x00000000   Code   RO         1392    .ARM.Collect$$$$0000000D  mc_w.l(entry10a.o)
    0x000000dc   0x00000000   Code   RO         1394    .ARM.Collect$$$$0000000F  mc_w.l(entry11a.o)
    0x000000dc   0x00000004   Code   RO         1383    .ARM.Collect$$$$00002712  mc_w.l(entry2.o)
    0x000000e0   0x00000024   Code   RO            5    .text               startup_lpc17xx.o
    0x00000104   0x000000d0   Code   RO           59    .text               configura.o
    0x000001d4   0x00000010   Code   RO          155    .text               main.o
    0x000001e4   0x000000fc   Code   RO          231    .text               timers.o
    0x000002e0   0x00000010   Code   RO          276    .text               http_source.o
    0x000002f0   0x00000004   Code   RO          634    .text               lpc17xx_libcfg_default.o
    0x000002f4   0x00000000   Code   RO         1416    .text               mc_w.l(iusefp.o)
    0x000002f4   0x00000008   Code   RO         1428    .text               mc_w.l(ctype_o.o)
    0x000002fc   0x00000004   Code   RO            4    .ARM.__at_0x02FC    startup_lpc17xx.o
    0x00000300   0x00000318   Code   RO           24    .text               system_lpc17xx.o
    0x00000618   0x00000260   Code   RO          184    .text               pwm.o
    0x00000878   0x0000013c   Code   RO          201    .text               rtc.o
    0x000009b4   0x00000028   Code   RO          257    .text               wdt.o
    0x000009dc   0x00000074   Code   RO          301    .text               net_config.o
    0x00000a50   0x00000230   Code   RO          323    .text               http_cgi.o
    0x00000c80   0x000005d0   Code   RO          346    .text               emac_lpc17xx_lan8720.o
    0x00001250   0x00000afc   Code   RO          383    .text               statechart.o
    0x00001d4c   0x00000844   Code   RO          432    .text               touchpanel.o
    0x00002590   0x00000050   Code   RO          455    .text               leds.o
    0x000025e0   0x00000150   Code   RO          471    .text               anemometro.o
    0x00002730   0x00000020   Code   RO          522    .text               asciilib.o
    0x00002750   0x00011100   Code   RO          540    .text               glcd.o
    0x00013850   0x000006b8   Code   RO          558    .text               lpc17xx_ssp.o
    0x00013f08   0x00000100   Code   RO          580    .text               lpc17xx_pinsel.o
    0x00014008   0x00000424   Code   RO          603    .text               lpc17xx_gpio.o
    0x0001442c   0x00000150   Code   RO          619    .text               lpc17xx_clkpwr.o
    0x0001457c   0x00000044   Code   RO          729    .text               lut.o
    0x000145c0   0x00000062   Code   RO         1081    .text               mc_w.l(uldiv.o)
    0x00014622   0x00000024   Code   RO         1083    .text               mc_w.l(memcpya.o)
    0x00014646   0x00000024   Code   RO         1085    .text               mc_w.l(memseta.o)
    0x0001466a   0x0000000e   Code   RO         1087    .text               mc_w.l(strlen.o)
    0x00014678   0x0000001c   Code   RO         1089    .text               mc_w.l(strcmp.o)
    0x00014694   0x0000001a   Code   RO         1354    .text               mc_w.l(atoi.o)
    0x000146ae   0x000000b0   Code   RO         1356    .text               mf_w.l(fadd.o)
    0x0001475e   0x0000006c   Code   RO         1358    .text               mf_w.l(fmul.o)
    0x000147ca   0x00000080   Code   RO         1360    .text               mf_w.l(fdiv.o)
    0x0001484a   0x0000014e   Code   RO         1362    .text               mf_w.l(dadd.o)
    0x00014998   0x000000e4   Code   RO         1364    .text               mf_w.l(dmul.o)
    0x00014a7c   0x000000de   Code   RO         1366    .text               mf_w.l(ddiv.o)
    0x00014b5a   0x0000000a   Code   RO         1368    .text               mf_w.l(ffltui.o)
    0x00014b64   0x00000022   Code   RO         1370    .text               mf_w.l(dflti.o)
    0x00014b86   0x0000001a   Code   RO         1372    .text               mf_w.l(dfltui.o)
    0x00014ba0   0x00000028   Code   RO         1374    .text               mf_w.l(ffixui.o)
    0x00014bc8   0x00000032   Code   RO         1376    .text               mf_w.l(dfixui.o)
    0x00014bfa   0x00000026   Code   RO         1378    .text               mf_w.l(f2d.o)
    0x00014c20   0x00000028   Code   RO         1380    .text               mf_w.l(cdcmple.o)
    0x00014c48   0x0000002c   Code   RO         1399    .text               mc_w.l(uidiv.o)
    0x00014c74   0x0000001e   Code   RO         1401    .text               mc_w.l(llshl.o)
    0x00014c92   0x00000020   Code   RO         1403    .text               mc_w.l(llushr.o)
    0x00014cb2   0x00000024   Code   RO         1405    .text               mc_w.l(llsshr.o)
    0x00014cd6   0x00000070   Code   RO         1414    .text               mc_w.l(strtol.o)
    0x00014d46   0x0000006c   Code   RO         1417    .text               mf_w.l(fepilogue.o)
    0x00014db2   0x000000be   Code   RO         1419    .text               mf_w.l(depilogue.o)
    0x00014e70   0x00000030   Code   RO         1421    .text               mf_w.l(dfixul.o)
    0x00014ea0   0x00000028   Code   RO         1423    .text               mf_w.l(cdrcmple.o)
    0x00014ec8   0x00000024   Code   RO         1425    .text               mc_w.l(init.o)
    0x00014eec   0x0000009e   Code   RO         1456    .text               mc_w.l(_strtoul.o)
    0x00014f8a   0x0000001c   Code   RO         1459    .text               mc_w.l(_chval.o)
    0x00014fa6   0x0000005c   Code   RO         1469    .text               mc_w.l(__dczerorl2.o)
    0x00015002   0x00000002   PAD
    0x00015004   0x00000028   Code   RO         1328    i.__0sprintf        mc_w.l(printfa.o)
    0x0001502c   0x00000008   Code   RO         1407    i.__aeabi_errno_addr  mc_w.l(errno.o)
    0x00015034   0x0000000e   Code   RO         1463    i.__scatterload_copy  mc_w.l(handlers.o)
    0x00015042   0x00000002   Code   RO         1464    i.__scatterload_null  mc_w.l(handlers.o)
    0x00015044   0x0000000e   Code   RO         1465    i.__scatterload_zeroinit  mc_w.l(handlers.o)
    0x00015052   0x00000002   PAD
    0x00015054   0x0000015c   Code   RO         1333    i._fp_digits        mc_w.l(printfa.o)
    0x000151b0   0x000006f0   Code   RO         1334    i._printf_core      mc_w.l(printfa.o)
    0x000158a0   0x00000026   Code   RO         1335    i._printf_post_padding  mc_w.l(printfa.o)
    0x000158c6   0x00000030   Code   RO         1336    i._printf_pre_padding  mc_w.l(printfa.o)
    0x000158f6   0x0000000a   Code   RO         1338    i._sputc            mc_w.l(printfa.o)
    0x00015900   0x00000034   Code   RO          903    i.add_server_id     TCP_CM3.lib(at_http.o)
    0x00015934   0x000000b8   Code   RO          989    i.alloc_mem         TCP_CM3.lib(at_mem.o)
    0x000159ec   0x000000b8   Code   RO          750    i.arp_cache_add     TCP_CM3.lib(at_arp.o)
    0x00015aa4   0x00000088   Code   RO          751    i.arp_cache_alloc   TCP_CM3.lib(at_arp.o)
    0x00015b2c   0x00000098   Code   RO          752    i.arp_cache_early   TCP_CM3.lib(at_arp.o)
    0x00015bc4   0x000000b4   Code   RO          753    i.arp_cache_find    TCP_CM3.lib(at_arp.o)
    0x00015c78   0x000000f4   Code   RO          756    i.arp_cache_update  TCP_CM3.lib(at_arp.o)
    0x00015d6c   0x0000002c   Code   RO          759    i.arp_init          TCP_CM3.lib(at_arp.o)
    0x00015d98   0x00000034   Code   RO          760    i.arp_is_cacheable  TCP_CM3.lib(at_arp.o)
    0x00015dcc   0x00000028   Code   RO          761    i.arp_notify        TCP_CM3.lib(at_arp.o)
    0x00015df4   0x00000088   Code   RO          763    i.arp_proc_response  TCP_CM3.lib(at_arp.o)
    0x00015e7c   0x00000138   Code   RO          764    i.arp_process       TCP_CM3.lib(at_arp.o)
    0x00015fb4   0x000000a0   Code   RO          765    i.arp_send_reply    TCP_CM3.lib(at_arp.o)
    0x00016054   0x000000b8   Code   RO          766    i.arp_send_request  TCP_CM3.lib(at_arp.o)
    0x0001610c   0x0000001c   Code   RO          990    i.avail_mem         TCP_CM3.lib(at_mem.o)
    0x00016128   0x00000078   Code   RO         1019    i.b64_to_asc        TCP_CM3.lib(at_lib.o)
    0x000161a0   0x00000012   Code   RO         1021    i.calc_chksum16be   TCP_CM3.lib(at_lib.o)
    0x000161b2   0x00000004   Code   RO          904    i.cgx_content_type  TCP_CM3.lib(at_http.o)
    0x000161b6   0x00000002   PAD
    0x000161b8   0x000001cc   Code   RO          905    i.chk_post_req      TCP_CM3.lib(at_http.o)
    0x00016384   0x00000028   Code   RO         1022    i.chksum16_buf      TCP_CM3.lib(at_lib.o)
    0x000163ac   0x0000000a   Code   RO         1023    i.chksum16_val      TCP_CM3.lib(at_lib.o)
    0x000163b6   0x0000001e   Code   RO          906    i.cmp_fname_ext     TCP_CM3.lib(at_http.o)
    0x000163d4   0x00000028   Code   RO          907    i.cmp_header        TCP_CM3.lib(at_http.o)
    0x000163fc   0x00000010   Code   RO          975    i.eth_chk_adr       TCP_CM3.lib(at_ethernet.o)
    0x0001640c   0x00000034   Code   RO          977    i.eth_init_link     TCP_CM3.lib(at_ethernet.o)
    0x00016440   0x000000d4   Code   RO          978    i.eth_run_link      TCP_CM3.lib(at_ethernet.o)
    0x00016514   0x000000a8   Code   RO          979    i.eth_send_frame    TCP_CM3.lib(at_ethernet.o)
    0x000165bc   0x00000084   Code   RO          991    i.free_mem          TCP_CM3.lib(at_mem.o)
    0x00016640   0x00000028   Code   RO         1025    i.get_crc32         TCP_CM3.lib(at_lib.o)
    0x00016668   0x00000068   Code   RO          908    i.get_file_type     TCP_CM3.lib(at_http.o)
    0x000166d0   0x00000028   Code   RO          909    i.get_next_field    TCP_CM3.lib(at_http.o)
    0x000166f8   0x00000032   Code   RO          910    i.get_next_par      TCP_CM3.lib(at_http.o)
    0x0001672a   0x00000002   PAD
    0x0001672c   0x0000001c   Code   RO         1003    i.get_rnd32         TCP_CM3.lib(at_system.o)
    0x00016748   0x00000004   Code   RO          912    i.http_accept_host  TCP_CM3.lib(at_http.o)
    0x0001674c   0x000002bc   Code   RO          913    i.http_add_header   TCP_CM3.lib(at_http.o)
    0x00016a08   0x00000004   Code   RO          914    i.http_check_account  TCP_CM3.lib(at_http.o)
    0x00016a0c   0x00000188   Code   RO          916    i.http_error_msg    TCP_CM3.lib(at_http.o)
    0x00016b94   0x00000002   Code   RO         1068    i.http_fclose       TCP_CM3.lib(at_http_uif.o)
    0x00016b96   0x00000004   Code   RO         1069    i.http_fgets        TCP_CM3.lib(at_http_uif.o)
    0x00016b9a   0x00000004   Code   RO          917    i.http_file_access  TCP_CM3.lib(at_http.o)
    0x00016b9e   0x00000004   Code   RO         1070    i.http_finfo        TCP_CM3.lib(at_http_uif.o)
    0x00016ba2   0x00000004   Code   RO         1071    i.http_fopen        TCP_CM3.lib(at_http_uif.o)
    0x00016ba6   0x00000004   Code   RO         1072    i.http_fread        TCP_CM3.lib(at_http_uif.o)
    0x00016baa   0x00000002   PAD
    0x00016bac   0x00000050   Code   RO          924    i.http_init         TCP_CM3.lib(at_http.o)
    0x00016bfc   0x0000005e   Code   RO          925    i.http_kill_session  TCP_CM3.lib(at_http.o)
    0x00016c5a   0x00000002   PAD
    0x00016c5c   0x00000224   Code   RO          926    i.http_listener     TCP_CM3.lib(at_http.o)
    0x00016e80   0x00000120   Code   RO          927    i.http_open_file    TCP_CM3.lib(at_http.o)
    0x00016fa0   0x00000154   Code   RO          928    i.http_proc_header  TCP_CM3.lib(at_http.o)
    0x000170f4   0x0000017c   Code   RO          929    i.http_proc_multipart  TCP_CM3.lib(at_http.o)
    0x00017270   0x000000f8   Code   RO          930    i.http_proc_post    TCP_CM3.lib(at_http.o)
    0x00017368   0x0000033c   Code   RO          931    i.http_run_server   TCP_CM3.lib(at_http.o)
    0x000176a4   0x0000001e   Code   RO          932    i.http_strcpy       TCP_CM3.lib(at_http.o)
    0x000176c2   0x00000002   PAD
    0x000176c4   0x000000a8   Code   RO          933    i.http_to_utc       TCP_CM3.lib(at_http.o)
    0x0001776c   0x00000010   Code   RO          800    i.icmp_init         TCP_CM3.lib(at_icmp.o)
    0x0001777c   0x000000cc   Code   RO          802    i.icmp_process      TCP_CM3.lib(at_icmp.o)
    0x00017848   0x00000048   Code   RO          803    i.icmp_run_engine   TCP_CM3.lib(at_icmp.o)
    0x00017890   0x00000070   Code   RO          804    i.icmp_send_message  TCP_CM3.lib(at_icmp.o)
    0x00017900   0x00000038   Code   RO          992    i.ifree_mem         TCP_CM3.lib(at_mem.o)
    0x00017938   0x00000030   Code   RO         1004    i.init_TcpNet       TCP_CM3.lib(at_system.o)
    0x00017968   0x00000060   Code   RO          993    i.init_mem          TCP_CM3.lib(at_mem.o)
    0x000179c8   0x000000c8   Code   RO          786    i.ip_chk_frame      TCP_CM3.lib(at_ip.o)
    0x00017a90   0x0000000a   Code   RO          787    i.ip_get_chksum     TCP_CM3.lib(at_ip.o)
    0x00017a9a   0x00000002   PAD
    0x00017a9c   0x000000b8   Code   RO          788    i.ip_get_locadr     TCP_CM3.lib(at_ip.o)
    0x00017b54   0x0000000c   Code   RO          789    i.ip_init           TCP_CM3.lib(at_ip.o)
    0x00017b60   0x0000005c   Code   RO          790    i.ip_run_local      TCP_CM3.lib(at_ip.o)
    0x00017bbc   0x00000150   Code   RO          791    i.ip_send_frame     TCP_CM3.lib(at_ip.o)
    0x00017d0c   0x00000014   Code   RO         1026    i.is_subnet         TCP_CM3.lib(at_lib.o)
    0x00017d20   0x00000064   Code   RO         1005    i.main_TcpNet       TCP_CM3.lib(at_system.o)
    0x00017d84   0x00000018   Code   RO         1027    i.mem_comp          TCP_CM3.lib(at_lib.o)
    0x00017d9c   0x00000016   Code   RO         1028    i.mem_copy          TCP_CM3.lib(at_lib.o)
    0x00017db2   0x00000020   Code   RO         1029    i.mem_crc32         TCP_CM3.lib(at_lib.o)
    0x00017dd2   0x0000000a   Code   RO         1031    i.mem_set           TCP_CM3.lib(at_lib.o)
    0x00017ddc   0x00000014   Code   RO         1032    i.mem_test          TCP_CM3.lib(at_lib.o)
    0x00017df0   0x00000016   Code   RO         1034    i.nrd_u32be         TCP_CM3.lib(at_lib.o)
    0x00017e06   0x00000010   Code   RO         1036    i.nwr_u32be         TCP_CM3.lib(at_lib.o)
    0x00017e16   0x00000002   PAD
    0x00017e18   0x00000028   Code   RO          934    i.proc_req_line     TCP_CM3.lib(at_http.o)
    0x00017e40   0x00000028   Code   RO          980    i.put_in_queue      TCP_CM3.lib(at_ethernet.o)
    0x00017e68   0x000000a0   Code   RO          935    i.read_script_line  TCP_CM3.lib(at_http.o)
    0x00017f08   0x00000048   Code   RO          994    i.resize_mem        TCP_CM3.lib(at_mem.o)
    0x00017f50   0x0000004c   Code   RO          936    i.search_delim      TCP_CM3.lib(at_http.o)
    0x00017f9c   0x00000012   Code   RO         1037    i.str_copy          TCP_CM3.lib(at_lib.o)
    0x00017fae   0x0000001a   Code   RO         1038    i.str_crc32         TCP_CM3.lib(at_lib.o)
    0x00017fc8   0x00000016   Code   RO         1039    i.str_pos           TCP_CM3.lib(at_lib.o)
    0x00017fde   0x0000001a   Code   RO         1040    i.str_scomp         TCP_CM3.lib(at_lib.o)
    0x00017ff8   0x00000050   Code   RO          811    i.tcp_abort         TCP_CM3.lib(at_tcp.o)
    0x00018048   0x0000009c   Code   RO          813    i.tcp_close         TCP_CM3.lib(at_tcp.o)
    0x000180e4   0x00000020   Code   RO          816    i.tcp_get_buf       TCP_CM3.lib(at_tcp.o)
    0x00018104   0x0000004c   Code   RO          818    i.tcp_get_socket    TCP_CM3.lib(at_tcp.o)
    0x00018150   0x00000024   Code   RO          819    i.tcp_get_state     TCP_CM3.lib(at_tcp.o)
    0x00018174   0x00000018   Code   RO          820    i.tcp_init          TCP_CM3.lib(at_tcp.o)
    0x0001818c   0x0000006c   Code   RO          822    i.tcp_listen        TCP_CM3.lib(at_tcp.o)
    0x000181f8   0x00000098   Code   RO          823    i.tcp_map_socket    TCP_CM3.lib(at_tcp.o)
    0x00018290   0x00000024   Code   RO          824    i.tcp_max_dsize     TCP_CM3.lib(at_tcp.o)
    0x000182b4   0x0000005e   Code   RO          826    i.tcp_parse_opt     TCP_CM3.lib(at_tcp.o)
    0x00018312   0x00000002   PAD
    0x00018314   0x00000284   Code   RO          827    i.tcp_poll_sockets  TCP_CM3.lib(at_tcp.o)
    0x00018598   0x000000c8   Code   RO          828    i.tcp_proc_acknr    TCP_CM3.lib(at_tcp.o)
    0x00018660   0x00000052   Code   RO          829    i.tcp_proc_dupack   TCP_CM3.lib(at_tcp.o)
    0x000186b2   0x00000002   PAD
    0x000186b4   0x00000498   Code   RO          830    i.tcp_process       TCP_CM3.lib(at_tcp.o)
    0x00018b4c   0x0000001a   Code   RO          831    i.tcp_que_free      TCP_CM3.lib(at_tcp.o)
    0x00018b66   0x0000001a   Code   RO          832    i.tcp_que_init      TCP_CM3.lib(at_tcp.o)
    0x00018b80   0x00000094   Code   RO          833    i.tcp_que_resend    TCP_CM3.lib(at_tcp.o)
    0x00018c14   0x000000d4   Code   RO          837    i.tcp_send          TCP_CM3.lib(at_tcp.o)
    0x00018ce8   0x0000006a   Code   RO          838    i.tcp_send_ctrl     TCP_CM3.lib(at_tcp.o)
    0x00018d52   0x00000050   Code   RO          839    i.tcp_send_data     TCP_CM3.lib(at_tcp.o)
    0x00018da2   0x00000068   Code   RO          840    i.tcp_send_reset    TCP_CM3.lib(at_tcp.o)
    0x00018e0a   0x00000026   Code   RO          841    i.tcp_set_cwnd      TCP_CM3.lib(at_tcp.o)
    0x00018e30   0x00000068   Code   RO          842    i.tcp_transit       TCP_CM3.lib(at_tcp.o)
    0x00018e98   0x000000c4   Code   RO          843    i.tcp_write         TCP_CM3.lib(at_tcp.o)
    0x00018f5c   0x00000014   Code   RO         1006    i.timer_tick        TCP_CM3.lib(at_system.o)
    0x00018f70   0x00000018   Code   RO          882    i.udp_init          TCP_CM3.lib(at_udp.o)
    0x00018f88   0x000000b8   Code   RO          887    i.udp_process       TCP_CM3.lib(at_udp.o)
    0x00019040   0x000000e0   Code   RO          937    i.utc_to_http       TCP_CM3.lib(at_http.o)
    0x00019120   0x00000090   Data   RO          303    .constdata          net_config.o
    0x000191b0   0x00000704   Data   RO          373    .constdata          web.o
    0x000198b4   0x000005f0   Data   RO          523    .constdata          asciilib.o
    0x00019ea4   0x00000006   Data   RO          767    .constdata          TCP_CM3.lib(at_arp.o)
    0x00019eaa   0x00000008   Data   RO          792    .constdata          TCP_CM3.lib(at_ip.o)
    0x00019eb2   0x000000f4   Data   RO          938    .constdata          TCP_CM3.lib(at_http.o)
    0x00019fa6   0x00000006   Data   RO          982    .constdata          TCP_CM3.lib(at_ethernet.o)
    0x00019fac   0x00000056   Data   RO         1012    .constdata          TCP_CM3.lib(http_err.o)
    0x0001a002   0x00000051   Data   RO         1013    .constdata          TCP_CM3.lib(http_err.o)
    0x0001a053   0x0000004e   Data   RO         1014    .constdata          TCP_CM3.lib(http_err.o)
    0x0001a0a1   0x0000004b   Data   RO         1015    .constdata          TCP_CM3.lib(http_err.o)
    0x0001a0ec   0x0000002f   Data   RO         1016    .constdata          TCP_CM3.lib(http_err.o)
    0x0001a11b   0x00000088   Data   RO         1017    .constdata          TCP_CM3.lib(http_err.o)
    0x0001a1a3   0x00000081   Data   RO         1429    .constdata          mc_w.l(ctype_o.o)
    0x0001a224   0x00000004   Data   RO         1430    .constdata          mc_w.l(ctype_o.o)
    0x0001a228   0x00000019   Data   RO          304    .conststring        net_config.o
    0x0001a241   0x00000003   PAD
    0x0001a244   0x00000030   Data   RO         1461    Region$$Table       anon$$obj.o


    Execution Region RW_IRAM1 (Base: 0x10000000, Size: 0x000033ec, Max: 0x00008000, ABSOLUTE)

    Base Addr    Size         Type   Attr      Idx    E Section Name        Object

    0x10000000   0x000033ec   Zero   RW          302    .bss                net_config.o


    Execution Region RW_IRAM2 (Base: 0x2007c000, Size: 0x00003050, Max: 0x00008000, ABSOLUTE, COMPRESSED[0x00000114])

    Base Addr    Size         Type   Attr      Idx    E Section Name        Object

    0x2007c000   0x00000004   Data   RW           25    .data               system_lpc17xx.o
    0x2007c004   0x0000000d   Data   RW          157    .data               main.o
    0x2007c011   0x0000002a   Data   RW          305    .data               net_config.o
    0x2007c03b   0x00000001   PAD
    0x2007c03c   0x00000014   Data   RW          348    .data               emac_lpc17xx_lan8720.o
    0x2007c050   0x000001bc   Data   RW          384    .data               statechart.o
    0x2007c20c   0x00000004   PAD
    0x2007c210   0x0000004c   Data   RW          434    .data               touchpanel.o
    0x2007c25c   0x00000010   Data   RW          472    .data               anemometro.o
    0x2007c26c   0x00000001   Data   RW          541    .data               glcd.o
    0x2007c26d   0x0000000e   Data   RW          730    .data               lut.o
    0x2007c27b   0x00000001   PAD
    0x2007c27c   0x00000008   Data   RW          768    .data               TCP_CM3.lib(at_arp.o)
    0x2007c284   0x0000000c   Data   RW          793    .data               TCP_CM3.lib(at_ip.o)
    0x2007c290   0x00000004   Data   RW          844    .data               TCP_CM3.lib(at_tcp.o)
    0x2007c294   0x0000000c   Data   RW          939    .data               TCP_CM3.lib(at_http.o)
    0x2007c2a0   0x00000004   Data   RW         1410    .data               mc_w.l(errno.o)
    0x2007c2a4   0x00000030   Zero   RW          156    .bss                main.o
    0x2007c2d4   0x00000017   Zero   RW          202    .bss                rtc.o
    0x2007c2eb   0x00000005   PAD
    0x2007c2f0   0x00002a64   Zero   RW          347    .bss                emac_lpc17xx_lan8720.o
    0x2007ed54   0x0000000c   Zero   RW          433    .bss                touchpanel.o
    0x2007ed60   0x00000010   Zero   RW          805    .bss                TCP_CM3.lib(at_icmp.o)
    0x2007ed70   0x00000084   Zero   RW          981    .bss                TCP_CM3.lib(at_ethernet.o)
    0x2007edf4   0x00000010   Zero   RW          995    .bss                TCP_CM3.lib(at_mem.o)
    0x2007ee04   0x0000004c   Zero   RW         1007    .bss                TCP_CM3.lib(at_system.o)
    0x2007ee50   0x00000200   Zero   RW            1    STACK               startup_lpc17xx.o


==============================================================================

Image component sizes


      Code (inc. data)   RO Data    RW Data    ZI Data      Debug   Object Name

       336         44          0         16          0      17603   anemometro.o
        32          6       1520          0          0        947   asciilib.o
       208         46          0          0          0      19508   configura.o
         0          0          0          0          0       4212   core_cm3.o
      1488        130          0         20      10852      25801   emac_lpc17xx_lan8720.o
     69888        342          0          1          0     186866   glcd.o
       560         74          0          0          0       1600   http_cgi.o
        16          0          0          0          0       6827   http_source.o
        80          0          0          0          0        457   leds.o
       336         32          0          0          0       1767   lpc17xx_clkpwr.o
      1060         62          0          0          0       8259   lpc17xx_gpio.o
         4          0          0          0          0        779   lpc17xx_libcfg_default.o
       256          4          0          0          0       2153   lpc17xx_pinsel.o
      1720         62          0          0          0       6072   lpc17xx_ssp.o
        68          6          0         14          0       1128   lut.o
        16          0          0         13         48       1026   main.o
       116          8        169         42      13292       3141   net_config.o
       608         44          0          0          0       1029   pwm.o
       316         80          0          0         23      19468   rtc.o
        40         12        204          0        512        916   startup_lpc17xx.o
      2812        700          0        444          0      15846   statechart.o
       792         78          0          4          0      18089   system_lpc17xx.o
       252         30          0          0          0      24408   timers.o
      2116         68          0         76         12       5437   touchpanel.o
        40          4          0          0          0        503   wdt.o
         0          0       1796          0          0        485   web.o

    ----------------------------------------------------------------------
     83160       1832       3740        636      24744     374327   Object Totals
         0          0         48          0          0          0   (incl. Generated)
         0          0          3          6          5          0   (incl. Padding)

    ----------------------------------------------------------------------

      Code (inc. data)   RO Data    RW Data    ZI Data      Debug   Library Member Name

      1824        138          6          8          0       1040   at_arp.o
       488         58          6          0        132        404   at_ethernet.o
      5388       1172        244         12          0       2116   at_http.o
        18          0          0          0          0        340   at_http_uif.o
       404         30          0          0         16        308   at_icmp.o
       834         56          8         12          0        520   at_ip.o
       486          6          0          0          0       1224   at_lib.o
       568         46          0          0         16        520   at_mem.o
       196         40          0          0         76        292   at_system.o
      3936        158          0          4          0       2008   at_tcp.o
       208         12          0          0          0        156   at_udp.o
         0          0        503          0          0          0   http_err.o
        92          0          0          0          0          0   __dczerorl2.o
        28          0          0          0          0         68   _chval.o
       158          0          0          0          0         92   _strtoul.o
        26          0          0          0          0         80   atoi.o
         8          4        133          0          0         68   ctype_o.o
         0          0          0          0          0          0   entry.o
         0          0          0          0          0          0   entry10a.o
         0          0          0          0          0          0   entry11a.o
         8          4          0          0          0          0   entry2.o
         4          0          0          0          0          0   entry5.o
         0          0          0          0          0          0   entry7b.o
         0          0          0          0          0          0   entry8b.o
         8          4          0          0          0          0   entry9a.o
         8          4          0          4          0         68   errno.o
        30          0          0          0          0          0   handlers.o
        36          8          0          0          0         68   init.o
         0          0          0          0          0          0   iusefp.o
        30          0          0          0          0         68   llshl.o
        36          0          0          0          0         68   llsshr.o
        32          0          0          0          0         68   llushr.o
        36          0          0          0          0         68   memcpya.o
        36          0          0          0          0        108   memseta.o
      2260         86          0          0          0        512   printfa.o
        28          0          0          0          0         76   strcmp.o
        14          0          0          0          0         68   strlen.o
       112          0          0          0          0         88   strtol.o
        44          0          0          0          0         80   uidiv.o
        98          0          0          0          0         92   uldiv.o
        40          2          0          0          0         68   cdcmple.o
        40          2          0          0          0         68   cdrcmple.o
       334          0          0          0          0        148   dadd.o
       222          0          0          0          0        100   ddiv.o
       190          0          0          0          0        176   depilogue.o
        50          0          0          0          0         76   dfixui.o
        48          0          0          0          0         68   dfixul.o
        34          0          0          0          0         76   dflti.o
        26          0          0          0          0         76   dfltui.o
       228          0          0          0          0         96   dmul.o
        38          0          0          0          0         68   f2d.o
       176          0          0          0          0        140   fadd.o
       128          0          0          0          0         88   fdiv.o
       108          0          0          0          0        168   fepilogue.o
        40          0          0          0          0         68   ffixui.o
        10          0          0          0          0         68   ffltui.o
       108          0          0          0          0         76   fmul.o

    ----------------------------------------------------------------------
     19324       1830        900         40        240      12296   Library Totals
        22          0          0          0          0          0   (incl. Padding)

    ----------------------------------------------------------------------

      Code (inc. data)   RO Data    RW Data    ZI Data      Debug   Library Name

     14350       1716        767         36        240       8928   TCP_CM3.lib
      3132        110        133          4          0       1740   mc_w.l
      1820          4          0          0          0       1628   mf_w.l

    ----------------------------------------------------------------------
     19324       1830        900         40        240      12296   Library Totals

    ----------------------------------------------------------------------

==============================================================================


      Code (inc. data)   RO Data    RW Data    ZI Data      Debug   

    102484       3662       4640        676      24984     377263   Grand Totals
    102484       3662       4640        276      24984     377263   ELF Image Totals (compressed)
    102484       3662       4640        276          0          0   ROM Totals

==============================================================================

    Total RO  Size (Code + RO Data)               107124 ( 104.61kB)
    Total RW  Size (RW Data + ZI Data)             25660 (  25.06kB)
    Total ROM Size (Code + RO Data + RW Data)     107400 ( 104.88kB)

==============================================================================

