ARM Linker, 5.03 [Build 76] [MDK-ARM Professional]

==============================================================================

Section Cross References

    startup_lpc17xx.o(RESET) refers to startup_lpc17xx.o(STACK) for __initial_sp
    startup_lpc17xx.o(RESET) refers to startup_lpc17xx.o(.text) for Reset_Handler
    startup_lpc17xx.o(RESET) refers to timers.o(.text) for SysTick_Handler
    startup_lpc17xx.o(RESET) refers to rtc.o(.text) for RTC_IRQHandler
    startup_lpc17xx.o(RESET) refers to debug.o(.text) for EINT0_IRQHandler
    startup_lpc17xx.o(RESET) refers to ldr.o(.text) for ADC_IRQHandler
    startup_lpc17xx.o(RESET) refers to emac_lpc17xx_lan8720.o(.text) for ENET_IRQHandler
    startup_lpc17xx.o(RESET) refers to onewire.o(.text) for RIT_IRQHandler
    startup_lpc17xx.o(.text) refers to system_lpc17xx.o(.text) for SystemInit
    startup_lpc17xx.o(.text) refers to entry.o(.ARM.Collect$$$$00000000) for __main
    system_lpc17xx.o(.text) refers to uldiv.o(.text) for __aeabi_uldivmod
    system_lpc17xx.o(.text) refers to system_lpc17xx.o(.data) for SystemCoreClock
    configura.o(.text) refers to lut.o(.text) for crearSeno
    configura.o(.text) refers to http_source.o(.text) for __configuraWEB__
    configura.o(.text) refers to timers.o(.text) for __configuraSysTick__
    configura.o(.text) refers to ldr.o(.text) for __configuraLDR__
    configura.o(.text) refers to uva30a.o(.text) for __configuraUVA30A__
    configura.o(.text) refers to ufono.o(.text) for __configuraUFONO__
    configura.o(.text) refers to pwm.o(.text) for __configuraPWM__
    configura.o(.text) refers to statechart.o(.text) for __configuraLCD__
    configura.o(.text) refers to rtc.o(.text) for __configuraRTC__
    configura.o(.text) refers to wdt.o(.text) for __configuraWDT__
    configura.o(.text) refers to dac.o(.text) for __configuraDAC__
    configura.o(.text) refers to onewire.o(.text) for __configuraOW__
    configura.o(.text) refers to anemometro.o(.text) for __configuraAnemometro__
    configura.o(.text) refers to main.o(.data) for ESTADO
    main.o(.text) refers to debug.o(.text) for ON_DEBUG_SETUP
    main.o(.text) refers to configura.o(.text) for __configuraPrograma__
    main.o(.text) refers to statechart.o(.text) for __mainLoop__
    main.o(.text) refers to http_source.o(.text) for __mantenerTCP__
    main.o(.data) refers to main.o(.bss) for objDATOS
    pwm.o(.text) refers to fdiv.o(.text) for __aeabi_fdiv
    pwm.o(.text) refers to ffixui.o(.text) for __aeabi_f2uiz
    pwm.o(.text) refers to f2d.o(.text) for __aeabi_f2d
    pwm.o(.text) refers to dmul.o(.text) for __aeabi_dmul
    pwm.o(.text) refers to d2f.o(.text) for __aeabi_d2f
    pwm.o(.text) refers to ffltui.o(.text) for __aeabi_ui2f
    pwm.o(.text) refers to fmul.o(.text) for __aeabi_fmul
    pwm.o(.text) refers to fadd.o(.text) for __aeabi_fsub
    pwm.o(.text) refers to main.o(.data) for COUNTERS
    rtc.o(.text) refers to printfa.o(i.__0sprintf) for __2sprintf
    rtc.o(.text) refers to main.o(.data) for COUNTERS
    rtc.o(.text) refers to rtc.o(.bss) for Clock
    timers.o(.text) refers to at_system.o(i.timer_tick) for timer_tick
    timers.o(.text) refers to fflti.o(.text) for __aeabi_i2f
    timers.o(.text) refers to fmul.o(.text) for __aeabi_fmul
    timers.o(.text) refers to fdiv.o(.text) for __aeabi_fdiv
    timers.o(.text) refers to cfcmple.o(.text) for __aeabi_cfcmpeq
    timers.o(.text) refers to onewire.o(.text) for activaMedidaOW
    timers.o(.text) refers to fadd.o(.text) for __aeabi_fsub
    timers.o(.text) refers to ffixui.o(.text) for __aeabi_f2uiz
    timers.o(.text) refers to pwm.o(.text) for modificaPulso
    timers.o(.text) refers to anemometro.o(.text) for mideAnemometro
    timers.o(.text) refers to dac.o(.text) for escribirEnDac
    timers.o(.text) refers to ufono.o(.text) for recuperaContexto
    timers.o(.text) refers to system_lpc17xx.o(.data) for SystemCoreClock
    timers.o(.text) refers to timers.o(.data) for TIM0_ticks
    timers.o(.text) refers to main.o(.data) for ACTUALIZADOR
    timers.o(.text) refers to ufono.o(.data) for YaPuedesMedir
    timers.o(.text) refers to main.o(.bss) for AUDIO
    http_source.o(.text) refers to at_system.o(i.init_TcpNet) for init_TcpNet
    http_source.o(.text) refers to at_system.o(i.main_TcpNet) for main_TcpNet
    net_config.o(.text) refers to at_ethernet.o(i.eth_init_link) for eth_init_link
    net_config.o(.text) refers to at_ip.o(i.ip_init) for ip_init
    net_config.o(.text) refers to at_icmp.o(i.icmp_init) for icmp_init
    net_config.o(.text) refers to at_udp.o(i.udp_init) for udp_init
    net_config.o(.text) refers to at_tcp.o(i.tcp_init) for tcp_init
    net_config.o(.text) refers to at_http.o(i.http_init) for http_init
    net_config.o(.text) refers to at_arp.o(i.arp_notify) for arp_notify
    net_config.o(.text) refers to at_ethernet.o(i.eth_run_link) for eth_run_link
    net_config.o(.text) refers to at_ip.o(i.ip_run_local) for ip_run_local
[...]
    i.tcp_max_dsize                          0x00019364   Section        0  at_tcp.o(i.tcp_max_dsize)
    i.tcp_parse_opt                          0x00019388   Section        0  at_tcp.o(i.tcp_parse_opt)
    tcp_parse_opt                            0x00019389   Thumb Code    94  at_tcp.o(i.tcp_parse_opt)
    i.tcp_poll_sockets                       0x000193e8   Section        0  at_tcp.o(i.tcp_poll_sockets)
    i.tcp_proc_acknr                         0x0001966c   Section        0  at_tcp.o(i.tcp_proc_acknr)
    tcp_proc_acknr                           0x0001966d   Thumb Code   194  at_tcp.o(i.tcp_proc_acknr)
    i.tcp_proc_dupack                        0x00019734   Section        0  at_tcp.o(i.tcp_proc_dupack)
    tcp_proc_dupack                          0x00019735   Thumb Code    82  at_tcp.o(i.tcp_proc_dupack)
    i.tcp_process                            0x00019788   Section        0  at_tcp.o(i.tcp_process)
    i.tcp_que_free                           0x00019c20   Section        0  at_tcp.o(i.tcp_que_free)
    tcp_que_free                             0x00019c21   Thumb Code    26  at_tcp.o(i.tcp_que_free)
    i.tcp_que_init                           0x00019c3a   Section        0  at_tcp.o(i.tcp_que_init)
    tcp_que_init                             0x00019c3b   Thumb Code    26  at_tcp.o(i.tcp_que_init)
    i.tcp_que_resend                         0x00019c54   Section        0  at_tcp.o(i.tcp_que_resend)
    tcp_que_resend                           0x00019c55   Thumb Code   142  at_tcp.o(i.tcp_que_resend)
    i.tcp_send                               0x00019ce8   Section        0  at_tcp.o(i.tcp_send)
    i.tcp_send_ctrl                          0x00019dbc   Section        0  at_tcp.o(i.tcp_send_ctrl)
    tcp_send_ctrl                            0x00019dbd   Thumb Code   106  at_tcp.o(i.tcp_send_ctrl)
    i.tcp_send_data                          0x00019e26   Section        0  at_tcp.o(i.tcp_send_data)
    tcp_send_data                            0x00019e27   Thumb Code    80  at_tcp.o(i.tcp_send_data)
    i.tcp_send_reset                         0x00019e76   Section        0  at_tcp.o(i.tcp_send_reset)
    tcp_send_reset                           0x00019e77   Thumb Code   104  at_tcp.o(i.tcp_send_reset)
    i.tcp_set_cwnd                           0x00019ede   Section        0  at_tcp.o(i.tcp_set_cwnd)
    tcp_set_cwnd                             0x00019edf   Thumb Code    38  at_tcp.o(i.tcp_set_cwnd)
    i.tcp_transit                            0x00019f04   Section        0  at_tcp.o(i.tcp_transit)
    tcp_transit                              0x00019f05   Thumb Code   100  at_tcp.o(i.tcp_transit)
    i.tcp_write                              0x00019f6c   Section        0  at_tcp.o(i.tcp_write)
    tcp_write                                0x00019f6d   Thumb Code   190  at_tcp.o(i.tcp_write)
    i.timer_tick                             0x0001a030   Section        0  at_system.o(i.timer_tick)
    i.udp_init                               0x0001a044   Section        0  at_udp.o(i.udp_init)
    i.udp_process                            0x0001a05c   Section        0  at_udp.o(i.udp_process)
    i.utc_to_http                            0x0001a114   Section        0  at_http.o(i.utc_to_http)
    utc_to_http                              0x0001a115   Thumb Code   180  at_http.o(i.utc_to_http)
    .constdata                               0x0001a1f4   Section      144  net_config.o(.constdata)
    .constdata                               0x0001a284   Section     1796  web.o(.constdata)
    Web                                      0x0001a288   Data        1773  web.o(.constdata)
    .constdata                               0x0001a988   Section     1520  asciilib.o(.constdata)
    AsciiLib                                 0x0001a988   Data        1520  asciilib.o(.constdata)
    .constdata                               0x0001af78   Section        6  at_arp.o(.constdata)
    NullAdr                                  0x0001af78   Data           6  at_arp.o(.constdata)
    .constdata                               0x0001af7e   Section        8  at_ip.o(.constdata)
    IP_Localhost                             0x0001af82   Data           4  at_ip.o(.constdata)
    .constdata                               0x0001af86   Section      244  at_http.o(.constdata)
    DYear                                    0x0001af86   Data           6  at_http.o(.constdata)
    Month                                    0x0001af8c   Data          48  at_http.o(.constdata)
    WkDay                                    0x0001afbc   Data          28  at_http.o(.constdata)
    DMonth                                   0x0001afd8   Data          24  at_http.o(.constdata)
    ftype                                    0x0001aff0   Data         138  at_http.o(.constdata)
    .constdata                               0x0001b07a   Section        6  at_ethernet.o(.constdata)
    .constdata                               0x0001b080   Section       86  http_err.o(.constdata)
    .constdata                               0x0001b0d6   Section       81  http_err.o(.constdata)
    .constdata                               0x0001b127   Section       78  http_err.o(.constdata)
    .constdata                               0x0001b175   Section       75  http_err.o(.constdata)
    .constdata                               0x0001b1c0   Section       47  http_err.o(.constdata)
    .constdata                               0x0001b1ef   Section      136  http_err.o(.constdata)
    .constdata                               0x0001b278   Section       48  cos_i.o(.constdata)
    C                                        0x0001b278   Data          48  cos_i.o(.constdata)
    .constdata                               0x0001b2a8   Section      200  rred.o(.constdata)
    pio2s                                    0x0001b2a8   Data          48  rred.o(.constdata)
    twooverpi                                0x0001b2d8   Data         152  rred.o(.constdata)
    .constdata                               0x0001b370   Section       40  sin_i.o(.constdata)
    S                                        0x0001b370   Data          40  sin_i.o(.constdata)
    .constdata                               0x0001b398   Section      129  ctype_o.o(.constdata)
    .constdata                               0x0001b41c   Section        4  ctype_o.o(.constdata)
    table                                    0x0001b41c   Data           4  ctype_o.o(.constdata)
    .conststring                             0x0001b420   Section       25  net_config.o(.conststring)
    .data                                    0x10000000   Section        4  system_lpc17xx.o(.data)
    .data                                    0x10000004   Section       18  main.o(.data)
    .data                                    0x10000016   Section        2  timers.o(.data)
    .data                                    0x10000018   Section       42  net_config.o(.data)
    http_passw                               0x1000002e   Data          20  net_config.o(.data)
    .data                                    0x10000044   Section        8  ldr.o(.data)
    .data                                    0x1000004c   Section        1  glcd.o(.data)
    LCD_Code                                 0x1000004c   Data           1  glcd.o(.data)
    .data                                    0x1000004d   Section       36  lut.o(.data)
    .data                                    0x10000074   Section       12  at_ip.o(.data)
    ip_id                                    0x10000074   Data           2  at_ip.o(.data)
    ip_control                               0x10000078   Data           8  at_ip.o(.data)
    .data                                    0x10000080   Section        4  at_tcp.o(.data)
    socket                                   0x10000080   Data           1  at_tcp.o(.data)
    no_ack                                   0x10000081   Data           1  at_tcp.o(.data)
    port                                     0x10000082   Data           2  at_tcp.o(.data)
    .bss                                     0x10000084   Section    24052  main.o(.bss)
    .bss                                     0x10005e78   Section       12  touchpanel.o(.bss)
    .bss                                     0x10005e84   Section       16  at_icmp.o(.bss)
    icmp_control                             0x10005e84   Data          16  at_icmp.o(.bss)
    .bss                                     0x10005e94   Section      132  at_ethernet.o(.bss)
    eth_control                              0x10005e94   Data         132  at_ethernet.o(.bss)
    STACK                                    0x10005f18   Section      512  startup_lpc17xx.o(STACK)
    .data                                    0x2007c000   Section       20  emac_lpc17xx_lan8720.o(.data)
    regv                                     0x2007c004   Data           4  emac_lpc17xx_lan8720.o(.data)
    tout                                     0x2007c008   Data           4  emac_lpc17xx_lan8720.o(.data)
    id1                                      0x2007c00c   Data           4  emac_lpc17xx_lan8720.o(.data)
    id2                                      0x2007c010   Data           4  emac_lpc17xx_lan8720.o(.data)
    .data                                    0x2007c014   Section      444  statechart.o(.data)
    .data                                    0x2007c1d0   Section       76  touchpanel.o(.data)
    screen                                   0x2007c214   Data           4  touchpanel.o(.data)
    .data                                    0x2007c21c   Section       16  anemometro.o(.data)
    .data                                    0x2007c22c   Section       12  ufono.o(.data)
    .data                                    0x2007c238   Section        8  at_arp.o(.data)
    entry                                    0x2007c238   Data           1  at_arp.o(.data)
    probe_ip                                 0x2007c23c   Data           4  at_arp.o(.data)
    .data                                    0x2007c240   Section       12  at_http.o(.data)
    session                                  0x2007c240   Data           1  at_http.o(.data)
    cgi                                      0x2007c244   Data           8  at_http.o(.data)
    .data                                    0x2007c24c   Section        4  errno.o(.data)
    _errno                                   0x2007c24c   Data           4  errno.o(.data)
    .bss                                     0x2007c250   Section       23  rtc.o(.bss)
    .bss                                     0x2007c268   Section    13292  net_config.o(.bss)
    mem_pool                                 0x2007c268   Data       12000  net_config.o(.bss)
    arp_table                                0x2007f148   Data         140  net_config.o(.bss)
    udp_scb                                  0x2007f1d4   Data          24  net_config.o(.bss)
    tcp_scb                                  0x2007f1ec   Data         816  net_config.o(.bss)
    http_scb                                 0x2007f51c   Data         312  net_config.o(.bss)
    .bss                                     0x2007f658   Section    10852  emac_lpc17xx_lan8720.o(.bss)
    Rx_Desc                                  0x2007f658   Data          32  emac_lpc17xx_lan8720.o(.bss)
    Rx_Stat                                  0x2007f678   Data          32  emac_lpc17xx_lan8720.o(.bss)
    Tx_Desc                                  0x2007f698   Data          24  emac_lpc17xx_lan8720.o(.bss)
    Tx_Stat                                  0x2007f6b0   Data          12  emac_lpc17xx_lan8720.o(.bss)
    rx_buf                                   0x2007f6bc   Data        6144  emac_lpc17xx_lan8720.o(.bss)
    tx_buf                                   0x20080ebc   Data        4608  emac_lpc17xx_lan8720.o(.bss)
    .bss                                     0x200820bc   Section       16  at_mem.o(.bss)
    mem_control                              0x200820bc   Data          16  at_mem.o(.bss)
    .bss                                     0x200820cc   Section       76  at_system.o(.bss)

    Global Symbols

    Symbol Name                              Value     Ov Type        Size  Object(Section)

    BuildAttributes$$THM_ISAv4$P$D$K$B$S$PE$A:L22UL41UL21$X:L11$S22US41US21$IEEE1$IW$USESV6$~STKCKD$USESV7$~SHL$OTIME$ROPI$IEEEX$EBA8$MICROLIB$REQ8$PRES8$EABIv2 0x00000000   Number         0  anon$$obj.o ABSOLUTE
    __ARM_use_no_argv                        0x00000000   Number         0  main.o ABSOLUTE
    __Vectors                                0x00000000   Data           4  startup_lpc17xx.o(RESET)
    _printf_a                                0x00000000   Number         0  stubs.o ABSOLUTE
    _printf_c                                0x00000000   Number         0  stubs.o ABSOLUTE
    _printf_charcount                        0x00000000   Number         0  stubs.o ABSOLUTE
    _printf_d                                0x00000000   Number         0  stubs.o ABSOLUTE
    _printf_e                                0x00000000   Number         0  stubs.o ABSOLUTE
    _printf_f                                0x00000000   Number         0  stubs.o ABSOLUTE
    _printf_flags                            0x00000000   Number         0  stubs.o ABSOLUTE
    _printf_fp_dec                           0x00000000   Number         0  stubs.o ABSOLUTE
    _printf_fp_hex                           0x00000000   Number         0  stubs.o ABSOLUTE
    _printf_g                                0x00000000   Number         0  stubs.o ABSOLUTE
    _printf_i                                0x00000000   Number         0  stubs.o ABSOLUTE
    _printf_int_dec                          0x00000000   Number         0  stubs.o ABSOLUTE
    _printf_l                                0x00000000   Number         0  stubs.o ABSOLUTE
    _printf_lc                               0x00000000   Number         0  stubs.o ABSOLUTE
    _printf_ll                               0x00000000   Number         0  stubs.o ABSOLUTE
    _printf_lld                              0x00000000   Number         0  stubs.o ABSOLUTE
    _printf_lli                              0x00000000   Number         0  stubs.o ABSOLUTE
    _printf_llo                              0x00000000   Number         0  stubs.o ABSOLUTE
    _printf_llu                              0x00000000   Number         0  stubs.o ABSOLUTE
    _printf_llx                              0x00000000   Number         0  stubs.o ABSOLUTE
    _printf_longlong_dec                     0x00000000   Number         0  stubs.o ABSOLUTE
    _printf_longlong_hex                     0x00000000   Number         0  stubs.o ABSOLUTE
    _printf_longlong_oct                     0x00000000   Number         0  stubs.o ABSOLUTE
    _printf_ls                               0x00000000   Number         0  stubs.o ABSOLUTE
    _printf_mbtowc                           0x00000000   Number         0  stubs.o ABSOLUTE
    _printf_n                                0x00000000   Number         0  stubs.o ABSOLUTE
    _printf_o                                0x00000000   Number         0  stubs.o ABSOLUTE
    _printf_p                                0x00000000   Number         0  stubs.o ABSOLUTE
    _printf_percent                          0x00000000   Number         0  stubs.o ABSOLUTE
    _printf_pre_padding                      0x00000000   Number         0  stubs.o ABSOLUTE
    _printf_return_value                     0x00000000   Number         0  stubs.o ABSOLUTE
    _printf_s                                0x00000000   Number         0  stubs.o ABSOLUTE
    _printf_sizespec                         0x00000000   Number         0  stubs.o ABSOLUTE
    _printf_str                              0x00000000   Number         0  stubs.o ABSOLUTE
    _printf_truncate_signed                  0x00000000   Number         0  stubs.o ABSOLUTE
    _printf_truncate_unsigned                0x00000000   Number         0  stubs.o ABSOLUTE
    _printf_u                                0x00000000   Number         0  stubs.o ABSOLUTE
    _printf_wc                               0x00000000   Number         0  stubs.o ABSOLUTE
    _printf_wctomb                           0x00000000   Number         0  stubs.o ABSOLUTE
    _printf_widthprec                        0x00000000   Number         0  stubs.o ABSOLUTE
    _printf_x                                0x00000000   Number         0  stubs.o ABSOLUTE
    __cpp_initialize__aeabi_                  - Undefined Weak Reference
    __cxa_finalize                            - Undefined Weak Reference
    _clock_init                               - Undefined Weak Reference
    _microlib_exit                            - Undefined Weak Reference
    poll_ethernet                             - Undefined Weak Reference
    __main                                   0x000000cd   Thumb Code     0  entry.o(.ARM.Collect$$$$00000000)
    _main_stk                                0x000000cd   Thumb Code     0  entry2.o(.ARM.Collect$$$$00000001)
    _main_scatterload                        0x000000d1   Thumb Code     0  entry5.o(.ARM.Collect$$$$00000004)
    __main_after_scatterload                 0x000000d5   Thumb Code     0  entry5.o(.ARM.Collect$$$$00000004)
    _main_clock                              0x000000d5   Thumb Code     0  entry7b.o(.ARM.Collect$$$$00000008)
    _main_cpp_init                           0x000000d5   Thumb Code     0  entry8b.o(.ARM.Collect$$$$0000000A)
    _main_init                               0x000000d5   Thumb Code     0  entry9a.o(.ARM.Collect$$$$0000000B)
    __rt_final_cpp                           0x000000dd   Thumb Code     0  entry10a.o(.ARM.Collect$$$$0000000D)
    __rt_final_exit                          0x000000dd   Thumb Code     0  entry11a.o(.ARM.Collect$$$$0000000F)
    Reset_Handler                            0x000000e1   Thumb Code     8  startup_lpc17xx.o(.text)
    NMI_Handler                              0x000000e9   Thumb Code     2  startup_lpc17xx.o(.text)
    HardFault_Handler                        0x000000eb   Thumb Code     2  startup_lpc17xx.o(.text)
    MemManage_Handler                        0x000000ed   Thumb Code     2  startup_lpc17xx.o(.text)
    BusFault_Handler                         0x000000ef   Thumb Code     2  startup_lpc17xx.o(.text)
    UsageFault_Handler                       0x000000f1   Thumb Code     2  startup_lpc17xx.o(.text)
    SVC_Handler                              0x000000f3   Thumb Code     2  startup_lpc17xx.o(.text)
    DebugMon_Handler                         0x000000f5   Thumb Code     2  startup_lpc17xx.o(.text)
    PendSV_Handler                           0x000000f7   Thumb Code     2  startup_lpc17xx.o(.text)
    BOD_IRQHandler                           0x000000fb   Thumb Code     0  startup_lpc17xx.o(.text)
    CANActivity_IRQHandler                   0x000000fb   Thumb Code     0  startup_lpc17xx.o(.text)
    CAN_IRQHandler                           0x000000fb   Thumb Code     0  startup_lpc17xx.o(.text)
    DMA_IRQHandler                           0x000000fb   Thumb Code     0  startup_lpc17xx.o(.text)
    EINT1_IRQHandler                         0x000000fb   Thumb Code     0  startup_lpc17xx.o(.text)
    EINT2_IRQHandler                         0x000000fb   Thumb Code     0  startup_lpc17xx.o(.text)
    EINT3_IRQHandler                         0x000000fb   Thumb Code     0  startup_lpc17xx.o(.text)
    I2C0_IRQHandler                          0x000000fb   Thumb Code     0  startup_lpc17xx.o(.text)
    I2C1_IRQHandler                          0x000000fb   Thumb Code     0  startup_lpc17xx.o(.text)
    I2C2_IRQHandler                          0x000000fb   Thumb Code     0  startup_lpc17xx.o(.text)
    I2S_IRQHandler                           0x000000fb   Thumb Code     0  startup_lpc17xx.o(.text)
    MCPWM_IRQHandler                         0x000000fb   Thumb Code     0  startup_lpc17xx.o(.text)
    PLL0_IRQHandler                          0x000000fb   Thumb Code     0  startup_lpc17xx.o(.text)
    PLL1_IRQHandler                          0x000000fb   Thumb Code     0  startup_lpc17xx.o(.text)
    PWM1_IRQHandler                          0x000000fb   Thumb Code     0  startup_lpc17xx.o(.text)
    QEI_IRQHandler                           0x000000fb   Thumb Code     0  startup_lpc17xx.o(.text)
    SPI_IRQHandler                           0x000000fb   Thumb Code     0  startup_lpc17xx.o(.text)
    SSP0_IRQHandler                          0x000000fb   Thumb Code     0  startup_lpc17xx.o(.text)
    SSP1_IRQHandler                          0x000000fb   Thumb Code     0  startup_lpc17xx.o(.text)
    TIMER3_IRQHandler                        0x000000fb   Thumb Code     0  startup_lpc17xx.o(.text)
    UART0_IRQHandler                         0x000000fb   Thumb Code     0  startup_lpc17xx.o(.text)
    UART1_IRQHandler                         0x000000fb   Thumb Code     0  startup_lpc17xx.o(.text)
    UART2_IRQHandler                         0x000000fb   Thumb Code     0  startup_lpc17xx.o(.text)
    UART3_IRQHandler                         0x000000fb   Thumb Code     0  startup_lpc17xx.o(.text)
    USBActivity_IRQHandler                   0x000000fb   Thumb Code     0  startup_lpc17xx.o(.text)
    USB_IRQHandler                           0x000000fb   Thumb Code     0  startup_lpc17xx.o(.text)
    WDT_IRQHandler                           0x000000fb   Thumb Code     0  startup_lpc17xx.o(.text)
    __configuraPrograma__                    0x00000105   Thumb Code   182  configura.o(.text)
    main                                     0x000001e9   Thumb Code    24  main.o(.text)
    alimentaWDT                              0x00000201   Thumb Code    12  wdt.o(.text)
    __configuraWDT__                         0x0000020d   Thumb Code    24  wdt.o(.text)
    __configuraWEB__                         0x00000229   Thumb Code     8  http_source.o(.text)
    __mantenerTCP__                          0x00000231   Thumb Code     8  http_source.o(.text)
    sys_error                                0x00000239   Thumb Code    36  net_config.o(.text)
    init_system                              0x0000025d   Thumb Code    34  net_config.o(.text)
    run_system                               0x0000027f   Thumb Code    26  net_config.o(.text)
    igmp_is_member                           0x00000299   Thumb Code     4  net_config.o(.text)
    igmp_process                             0x0000029d   Thumb Code     2  net_config.o(.text)
    dhcp_disable                             0x0000029f   Thumb Code     2  net_config.o(.text)
    ppp_send_frame                           0x000002a1   Thumb Code     4  net_config.o(.text)
    slip_send_frame                          0x000002a5   Thumb Code     4  net_config.o(.text)
    sntp_get_time                            0x000002a9   Thumb Code     4  net_config.o(.text)
    __configuraUVA30A__                      0x000002ad   Thumb Code    36  uva30a.o(.text)
    GetASCIICode                             0x000002d9   Thumb Code    26  asciilib.o(.text)
    check_failed                             0x000002f9   Thumb Code     4  lpc17xx_libcfg_default.o(.text)
    SystemCoreClockUpdate                    0x00000301   Thumb Code   424  system_lpc17xx.o(.text)
    __RL_TCP_VER                             0x00000472   Number         0  at_system.o ABSOLUTE
    SystemInit                               0x000004a9   Thumb Code   290  system_lpc17xx.o(.text)
    __configuraPWM__                         0x00000619   Thumb Code   384  pwm.o(.text)
    modificaPulso                            0x00000799   Thumb Code   240  pwm.o(.text)
    __configuraRTC__                         0x000008b9   Thumb Code   164  rtc.o(.text)
    RTC_IRQHandler                           0x0000095d   Thumb Code    72  rtc.o(.text)
    __configuraSysTick__                     0x00000a15   Thumb Code    80  timers.o(.text)
    __configuraTimer0__                      0x00000a65   Thumb Code    80  timers.o(.text)
    SysTick_Handler                          0x00000ab5   Thumb Code     8  timers.o(.text)
    TIMER0_IRQHandler                        0x00000bb7   Thumb Code    82  timers.o(.text)
    TIMER1_IRQHandler                        0x00000c09   Thumb Code    42  timers.o(.text)
    TIMER2_IRQHandler                        0x00000c33   Thumb Code   166  timers.o(.text)
    cgi_process_var                          0x00000d31   Thumb Code     2  http_cgi.o(.text)
    cgi_process_data                         0x00000d33   Thumb Code     2  http_cgi.o(.text)
    cgi_func                                 0x00000d35   Thumb Code   482  http_cgi.o(.text)
    int_enable_eth                           0x00000f61   Thumb Code    24  emac_lpc17xx_lan8720.o(.text)
    int_disable_eth                          0x00000f79   Thumb Code    18  emac_lpc17xx_lan8720.o(.text)
    setMac                                   0x00000f8b   Thumb Code   182  emac_lpc17xx_lan8720.o(.text)
    init_ethernet                            0x00001151   Thumb Code   724  emac_lpc17xx_lan8720.o(.text)
    send_frame                               0x00001425   Thumb Code    70  emac_lpc17xx_lan8720.o(.text)
    ENET_IRQHandler                          0x0000146b   Thumb Code   156  emac_lpc17xx_lan8720.o(.text)
    zoneNewPressed                           0x00001531   Thumb Code    80  statechart.o(.text)
    squareButton                             0x00001581   Thumb Code   226  statechart.o(.text)
    __pintaAjustes__                         0x00001663   Thumb Code   284  statechart.o(.text)
    __pintaMedidas2__                        0x0000177f   Thumb Code   252  statechart.o(.text)
    __pintaMedidas1__                        0x0000187b   Thumb Code   708  statechart.o(.text)
    __pintaInicio__                          0x00001b3f   Thumb Code   264  statechart.o(.text)
    checkTouchPanel                          0x00001c47   Thumb Code    36  statechart.o(.text)
    __mainLoop__                             0x00001c6b   Thumb Code  1016  statechart.o(.text)
    __configuraLCD__                         0x00002063   Thumb Code    12  statechart.o(.text)
    TP_Init                                  0x000020b1   Thumb Code   176  touchpanel.o(.text)
    Read_X                                   0x000021e1   Thumb Code    42  touchpanel.o(.text)
    Read_Y                                   0x0000220b   Thumb Code    42  touchpanel.o(.text)
    TP_GetAdXY                               0x00002235   Thumb Code    34  touchpanel.o(.text)
    TP_DrawPoint                             0x00002257   Thumb Code    64  touchpanel.o(.text)
    DrawCross                                0x00002297   Thumb Code   356  touchpanel.o(.text)
    Read_Ads7846                             0x000023fb   Thumb Code   520  touchpanel.o(.text)
    setCalibrationMatrix                     0x00002603   Thumb Code   356  touchpanel.o(.text)
    getDisplayPoint                          0x00002767   Thumb Code   238  touchpanel.o(.text)
    TouchPanel_Calibrate                     0x00002855   Thumb Code   108  touchpanel.o(.text)
    __configuraAnemometro__                  0x000028f5   Thumb Code   148  anemometro.o(.text)
    mideAnemometro                           0x00002989   Thumb Code   192  anemometro.o(.text)
    __configuraOW__                          0x00002a79   Thumb Code   108  onewire.o(.text)
    mideTemperatura                          0x00002ae5   Thumb Code    18  onewire.o(.text)
    activaMedidaOW                           0x00002af7   Thumb Code    52  onewire.o(.text)
    RIT_IRQHandler                           0x00002b2b   Thumb Code    74  onewire.o(.text)
    __configuraLDR__                         0x00002b95   Thumb Code   124  ldr.o(.text)
    ADC_IRQHandler                           0x00002c11   Thumb Code   206  ldr.o(.text)
    __configuraUFONO__                       0x00002d15   Thumb Code    14  ufono.o(.text)
    lanzaUFONO                               0x00002d23   Thumb Code   102  ufono.o(.text)
    recuperaContexto                         0x00002d89   Thumb Code    46  ufono.o(.text)
    __configuraDAC__                         0x00002de9   Thumb Code   110  dac.o(.text)
    escribirEnDac                            0x00002e57   Thumb Code    52  dac.o(.text)
    activarDac                               0x00002e8b   Thumb Code    24  dac.o(.text)
    LCD_Initializtion                        0x00002f0f   Thumb Code 63088  glcd.o(.text)
    LCD_Clear                                0x0001257f   Thumb Code  2744  glcd.o(.text)
    LCD_GetPoint                             0x00013051   Thumb Code  2218  glcd.o(.text)
    LCD_SetPoint                             0x000138fb   Thumb Code  1304  glcd.o(.text)
    LCD_DrawLine                             0x00013e13   Thumb Code   250  glcd.o(.text)
    PutChar                                  0x00013f0d   Thumb Code   100  glcd.o(.text)
    GUI_Text                                 0x00013f71   Thumb Code    80  glcd.o(.text)
    SSP_Init                                 0x00014047   Thumb Code   100  lpc17xx_ssp.o(.text)
    SSP_DeInit                               0x000140ab   Thumb Code    60  lpc17xx_ssp.o(.text)
    SSP_GetDataSize                          0x000140e7   Thumb Code    34  lpc17xx_ssp.o(.text)
    SSP_ConfigStructInit                     0x00014109   Thumb Code    22  lpc17xx_ssp.o(.text)
    SSP_Cmd                                  0x0001411f   Thumb Code    68  lpc17xx_ssp.o(.text)
    SSP_LoopBackCmd                          0x00014163   Thumb Code    68  lpc17xx_ssp.o(.text)
    SSP_SlaveOutputCmd                       0x000141a7   Thumb Code    72  lpc17xx_ssp.o(.text)
    SSP_SendData                             0x000141ef   Thumb Code    36  lpc17xx_ssp.o(.text)
    SSP_ReceiveData                          0x00014213   Thumb Code    34  lpc17xx_ssp.o(.text)
    SSP_ReadWrite                            0x00014235   Thumb Code   604  lpc17xx_ssp.o(.text)
    SSP_GetStatus                            0x00014491   Thumb Code    80  lpc17xx_ssp.o(.text)
    SSP_IntConfig                            0x000144e1   Thumb Code    58  lpc17xx_ssp.o(.text)
    SSP_GetRawIntStatus                      0x0001451b   Thumb Code    76  lpc17xx_ssp.o(.text)
    SSP_GetRawIntStatusReg                   0x00014567   Thumb Code    34  lpc17xx_ssp.o(.text)
    SSP_GetIntStatus                         0x00014589   Thumb Code    76  lpc17xx_ssp.o(.text)
    SSP_ClearIntPending                      0x000145d5   Thumb Code    58  lpc17xx_ssp.o(.text)
    SSP_DMACmd                               0x0001460f   Thumb Code   100  lpc17xx_ssp.o(.text)
    PINSEL_ConfigTraceFunc                   0x00014723   Thumb Code    34  lpc17xx_pinsel.o(.text)
    PINSEL_SetI2C0Pins                       0x00014745   Thumb Code    16  lpc17xx_pinsel.o(.text)
    PINSEL_ConfigPin                         0x00014755   Thumb Code    36  lpc17xx_pinsel.o(.text)
    GPIO_SetDir                              0x00014819   Thumb Code    40  lpc17xx_gpio.o(.text)
    GPIO_SetValue                            0x00014841   Thumb Code    20  lpc17xx_gpio.o(.text)
    GPIO_ClearValue                          0x00014855   Thumb Code    20  lpc17xx_gpio.o(.text)
    GPIO_ReadValue                           0x00014869   Thumb Code    22  lpc17xx_gpio.o(.text)
    GPIO_IntCmd                              0x0001487f   Thumb Code    54  lpc17xx_gpio.o(.text)
    GPIO_GetIntStatus                        0x000148b5   Thumb Code    86  lpc17xx_gpio.o(.text)
    GPIO_ClearInt                            0x0001490b   Thumb Code    24  lpc17xx_gpio.o(.text)
    FIO_SetDir                               0x00014923   Thumb Code    20  lpc17xx_gpio.o(.text)
    FIO_SetValue                             0x00014937   Thumb Code    16  lpc17xx_gpio.o(.text)
    FIO_ClearValue                           0x00014947   Thumb Code    16  lpc17xx_gpio.o(.text)
    FIO_ReadValue                            0x00014957   Thumb Code    12  lpc17xx_gpio.o(.text)
    FIO_IntCmd                               0x00014963   Thumb Code    20  lpc17xx_gpio.o(.text)
    FIO_GetIntStatus                         0x00014977   Thumb Code    20  lpc17xx_gpio.o(.text)
    FIO_ClearInt                             0x0001498b   Thumb Code    16  lpc17xx_gpio.o(.text)
    FIO_SetMask                              0x0001499b   Thumb Code    40  lpc17xx_gpio.o(.text)
    FIO_HalfWordSetDir                       0x000149c3   Thumb Code    62  lpc17xx_gpio.o(.text)
    FIO_HalfWordSetMask                      0x00014a01   Thumb Code    62  lpc17xx_gpio.o(.text)
    FIO_HalfWordSetValue                     0x00014a3f   Thumb Code    32  lpc17xx_gpio.o(.text)
    FIO_HalfWordClearValue                   0x00014a5f   Thumb Code    32  lpc17xx_gpio.o(.text)
    FIO_HalfWordReadValue                    0x00014a7f   Thumb Code    30  lpc17xx_gpio.o(.text)
    FIO_ByteSetDir                           0x00014a9d   Thumb Code    50  lpc17xx_gpio.o(.text)
    FIO_ByteSetMask                          0x00014acf   Thumb Code    66  lpc17xx_gpio.o(.text)
    FIO_ByteSetValue                         0x00014b11   Thumb Code    34  lpc17xx_gpio.o(.text)
    FIO_ByteClearValue                       0x00014b33   Thumb Code    34  lpc17xx_gpio.o(.text)
    FIO_ByteReadValue                        0x00014b55   Thumb Code    76  lpc17xx_gpio.o(.text)
    CLKPWR_SetPCLKDiv                        0x00014ba1   Thumb Code   106  lpc17xx_clkpwr.o(.text)
    CLKPWR_GetPCLKSEL                        0x00014c0b   Thumb Code    32  lpc17xx_clkpwr.o(.text)
    CLKPWR_GetPCLK                           0x00014c2b   Thumb Code    58  lpc17xx_clkpwr.o(.text)
    CLKPWR_ConfigPPWR                        0x00014c65   Thumb Code    50  lpc17xx_clkpwr.o(.text)
    CLKPWR_Sleep                             0x00014c97   Thumb Code    10  lpc17xx_clkpwr.o(.text)
    CLKPWR_DeepSleep                         0x00014ca1   Thumb Code    16  lpc17xx_clkpwr.o(.text)
    CLKPWR_PowerDown                         0x00014cb1   Thumb Code    16  lpc17xx_clkpwr.o(.text)
    CLKPWR_DeepPowerDown                     0x00014cc1   Thumb Code    16  lpc17xx_clkpwr.o(.text)
    goto_LUT                                 0x00014cf1   Thumb Code   156  lut.o(.text)
    crearSeno                                0x00014d8d   Thumb Code   116  lut.o(.text)
    ON_DEBUG_SETUP                           0x00014e21   Thumb Code    72  debug.o(.text)
    ON_DEBUG                                 0x00014e69   Thumb Code     2  debug.o(.text)
    EINT0_IRQHandler                         0x00014e6b   Thumb Code    54  debug.o(.text)
    __aeabi_uldivmod                         0x00014eb1   Thumb Code    98  uldiv.o(.text)
    __aeabi_memcpy                           0x00014f13   Thumb Code    36  memcpya.o(.text)
    __aeabi_memcpy4                          0x00014f13   Thumb Code     0  memcpya.o(.text)
    __aeabi_memcpy8                          0x00014f13   Thumb Code     0  memcpya.o(.text)
    __aeabi_memset                           0x00014f37   Thumb Code    14  memseta.o(.text)
    __aeabi_memset4                          0x00014f37   Thumb Code     0  memseta.o(.text)
    __aeabi_memset8                          0x00014f37   Thumb Code     0  memseta.o(.text)
    __aeabi_memclr                           0x00014f45   Thumb Code     4  memseta.o(.text)
    __aeabi_memclr4                          0x00014f45   Thumb Code     0  memseta.o(.text)
    __aeabi_memclr8                          0x00014f45   Thumb Code     0  memseta.o(.text)
    _memset$wrapper                          0x00014f49   Thumb Code    18  memseta.o(.text)
    strlen                                   0x00014f5b   Thumb Code    14  strlen.o(.text)
    strcmp                                   0x00014f69   Thumb Code    28  strcmp.o(.text)
    atoi                                     0x00014f85   Thumb Code    26  atoi.o(.text)
    __aeabi_fadd                             0x00014f9f   Thumb Code   164  fadd.o(.text)
    __aeabi_fsub                             0x00015043   Thumb Code     6  fadd.o(.text)
    __aeabi_frsub                            0x00015049   Thumb Code     6  fadd.o(.text)
    __aeabi_fmul                             0x0001504f   Thumb Code   108  fmul.o(.text)
    __aeabi_fdiv                             0x000150bb   Thumb Code   128  fdiv.o(.text)
    __aeabi_dadd                             0x0001513b   Thumb Code   322  dadd.o(.text)
    __aeabi_dsub                             0x0001527d   Thumb Code     6  dadd.o(.text)
    __aeabi_drsub                            0x00015283   Thumb Code     6  dadd.o(.text)
    __aeabi_dmul                             0x00015289   Thumb Code   228  dmul.o(.text)
    __aeabi_ddiv                             0x0001536d   Thumb Code   222  ddiv.o(.text)
    __aeabi_i2f                              0x0001544b   Thumb Code    18  fflti.o(.text)
    __aeabi_ui2f                             0x0001545d   Thumb Code    10  ffltui.o(.text)
    __aeabi_i2d                              0x00015467   Thumb Code    34  dflti.o(.text)
    __aeabi_ui2d                             0x00015489   Thumb Code    26  dfltui.o(.text)
    __aeabi_f2uiz                            0x000154a3   Thumb Code    40  ffixui.o(.text)
    __aeabi_d2uiz                            0x000154cb   Thumb Code    50  dfixui.o(.text)
    __aeabi_f2d                              0x000154fd   Thumb Code    38  f2d.o(.text)
    __aeabi_cdcmpeq                          0x00015525   Thumb Code     0  cdcmple.o(.text)
    __aeabi_cdcmple                          0x00015525   Thumb Code    38  cdcmple.o(.text)
    __aeabi_d2f                              0x0001554d   Thumb Code    56  d2f.o(.text)
    __aeabi_cfcmpeq                          0x00015585   Thumb Code     0  cfcmple.o(.text)
    __aeabi_cfcmple                          0x00015585   Thumb Code    20  cfcmple.o(.text)
    __aeabi_uidiv                            0x00015599   Thumb Code     0  uidiv.o(.text)
    __aeabi_uidivmod                         0x00015599   Thumb Code    44  uidiv.o(.text)
    __aeabi_llsl                             0x000155c5   Thumb Code    30  llshl.o(.text)
    _ll_shift_l                              0x000155c5   Thumb Code     0  llshl.o(.text)
    __aeabi_llsr                             0x000155e3   Thumb Code    32  llushr.o(.text)
    _ll_ushift_r                             0x000155e3   Thumb Code     0  llushr.o(.text)
    __aeabi_lasr                             0x00015603   Thumb Code    36  llsshr.o(.text)
    _ll_sshift_r                             0x00015603   Thumb Code     0  llsshr.o(.text)
    strtol                                   0x00015627   Thumb Code   112  strtol.o(.text)
    __I$use$fp                               0x00015697   Thumb Code     0  iusefp.o(.text)
    _float_round                             0x00015697   Thumb Code    18  fepilogue.o(.text)
    _float_epilogue                          0x000156a9   Thumb Code    90  fepilogue.o(.text)
    _double_round                            0x00015703   Thumb Code    26  depilogue.o(.text)
    _double_epilogue                         0x0001571d   Thumb Code   164  depilogue.o(.text)
    __ARM_scalbn                             0x000157c1   Thumb Code    46  dscalb.o(.text)
    scalbn                                   0x000157c1   Thumb Code     0  dscalb.o(.text)
    __aeabi_d2ulz                            0x000157ef   Thumb Code    48  dfixul.o(.text)
    __aeabi_cdrcmple                         0x00015821   Thumb Code    38  cdrcmple.o(.text)
    __scatterload                            0x00015849   Thumb Code    28  init.o(.text)
    __scatterload_rt2                        0x00015849   Thumb Code     0  init.o(.text)
    __rt_ctype_table                         0x0001586d   Thumb Code     4  ctype_o.o(.text)
    _strtoul                                 0x00015875   Thumb Code   158  _strtoul.o(.text)
    __aeabi_d2iz                             0x00015913   Thumb Code    62  dfixi.o(.text)
    _chval                                   0x00015951   Thumb Code    28  _chval.o(.text)
    __decompress                             0x0001596d   Thumb Code     0  __dczerorl2.o(.text)
    __decompress1                            0x0001596d   Thumb Code    92  __dczerorl2.o(.text)
    __0sprintf                               0x000159c9   Thumb Code    34  printfa.o(i.__0sprintf)
    __1sprintf                               0x000159c9   Thumb Code     0  printfa.o(i.__0sprintf)
    __2sprintf                               0x000159c9   Thumb Code     0  printfa.o(i.__0sprintf)
    __c89sprintf                             0x000159c9   Thumb Code     0  printfa.o(i.__0sprintf)
    sprintf                                  0x000159c9   Thumb Code     0  printfa.o(i.__0sprintf)
    __ARM_fpclassify                         0x000159f1   Thumb Code    40  fpclassify.o(i.__ARM_fpclassify)
    __aeabi_errno_addr                       0x00015a19   Thumb Code     4  errno.o(i.__aeabi_errno_addr)
    __rt_errno_addr                          0x00015a19   Thumb Code     0  errno.o(i.__aeabi_errno_addr)
    __ieee754_rem_pio2                       0x00015a21   Thumb Code   832  rred.o(i.__ieee754_rem_pio2)
    __kernel_cos                             0x00015da9   Thumb Code   230  cos_i.o(i.__kernel_cos)
    __kernel_poly                            0x00015ea5   Thumb Code   170  poly.o(i.__kernel_poly)
    __kernel_sin                             0x00015f51   Thumb Code   224  sin_i.o(i.__kernel_sin)
    __mathlib_dbl_underflow                  0x0001603d   Thumb Code    10  dunder.o(i.__mathlib_dbl_underflow)
    __scatterload_copy                       0x0001604d   Thumb Code    14  handlers.o(i.__scatterload_copy)
    __scatterload_null                       0x0001605b   Thumb Code     2  handlers.o(i.__scatterload_null)
    __scatterload_zeroinit                   0x0001605d   Thumb Code    14  handlers.o(i.__scatterload_zeroinit)
    __set_errno                              0x0001606d   Thumb Code     6  errno.o(i.__set_errno)
    alloc_mem                                0x00016959   Thumb Code   174  at_mem.o(i.alloc_mem)
    arp_cache_add                            0x00016a11   Thumb Code   174  at_arp.o(i.arp_cache_add)
    arp_cache_early                          0x00016b51   Thumb Code   142  at_arp.o(i.arp_cache_early)
    arp_cache_find                           0x00016be9   Thumb Code   168  at_arp.o(i.arp_cache_find)
    arp_cache_update                         0x00016c9d   Thumb Code   228  at_arp.o(i.arp_cache_update)
    arp_init                                 0x00016d91   Thumb Code    34  at_arp.o(i.arp_init)
    arp_notify                               0x00016df1   Thumb Code    26  at_arp.o(i.arp_notify)
    arp_process                              0x00016ea1   Thumb Code   294  at_arp.o(i.arp_process)
    avail_mem                                0x00017131   Thumb Code    22  at_mem.o(i.avail_mem)
    b64_to_asc                               0x0001714d   Thumb Code   120  at_lib.o(i.b64_to_asc)
    calc_chksum16be                          0x000171c5   Thumb Code    18  at_lib.o(i.calc_chksum16be)
    cgx_content_type                         0x000171d7   Thumb Code     4  at_http.o(i.cgx_content_type)
    chksum16_buf                             0x000173a9   Thumb Code    40  at_lib.o(i.chksum16_buf)
    chksum16_val                             0x000173d1   Thumb Code    10  at_lib.o(i.chksum16_val)
    eth_chk_adr                              0x00017421   Thumb Code    10  at_ethernet.o(i.eth_chk_adr)
    eth_init_link                            0x00017431   Thumb Code    40  at_ethernet.o(i.eth_init_link)
    eth_run_link                             0x00017465   Thumb Code   194  at_ethernet.o(i.eth_run_link)
    eth_send_frame                           0x00017539   Thumb Code   150  at_ethernet.o(i.eth_send_frame)
    free_mem                                 0x000175e1   Thumb Code   124  at_mem.o(i.free_mem)
    get_rnd32                                0x00017751   Thumb Code    18  at_system.o(i.get_rnd32)
    http_accept_host                         0x0001776d   Thumb Code     4  at_http.o(i.http_accept_host)
    http_check_account                       0x00017a2d   Thumb Code     4  at_http.o(i.http_check_account)
    http_fclose                              0x00017bb9   Thumb Code     2  at_http_uif.o(i.http_fclose)
    http_fgets                               0x00017bbb   Thumb Code     4  at_http_uif.o(i.http_fgets)
    http_file_access                         0x00017bbf   Thumb Code     4  at_http.o(i.http_file_access)
    http_finfo                               0x00017bc3   Thumb Code     4  at_http_uif.o(i.http_finfo)
    http_fopen                               0x00017bc7   Thumb Code     4  at_http_uif.o(i.http_fopen)
    http_fread                               0x00017bcb   Thumb Code     4  at_http_uif.o(i.http_fread)
    http_init                                0x00017bd1   Thumb Code    72  at_http.o(i.http_init)
    http_run_server                          0x0001838d   Thumb Code   816  at_http.o(i.http_run_server)
    icmp_init                                0x00018791   Thumb Code    10  at_icmp.o(i.icmp_init)
    icmp_process                             0x000187a1   Thumb Code   198  at_icmp.o(i.icmp_process)
    icmp_run_engine                          0x0001886d   Thumb Code    58  at_icmp.o(i.icmp_run_engine)
    ifree_mem                                0x00018925   Thumb Code    48  at_mem.o(i.ifree_mem)
    init_TcpNet                              0x0001895d   Thumb Code    38  at_system.o(i.init_TcpNet)
    init_mem                                 0x0001898d   Thumb Code    86  at_mem.o(i.init_mem)
    ip_chk_frame                             0x000189ed   Thumb Code   190  at_ip.o(i.ip_chk_frame)
    ip_get_locadr                            0x00018ac1   Thumb Code   166  at_ip.o(i.ip_get_locadr)
    ip_init                                  0x00018b79   Thumb Code     8  at_ip.o(i.ip_init)
    ip_run_local                             0x00018b85   Thumb Code    82  at_ip.o(i.ip_run_local)
    ip_send_frame                            0x00018be1   Thumb Code   328  at_ip.o(i.ip_send_frame)
    is_subnet                                0x00018d31   Thumb Code    20  at_lib.o(i.is_subnet)
    main_TcpNet                              0x00018d45   Thumb Code    86  at_system.o(i.main_TcpNet)
    mem_comp                                 0x00018da9   Thumb Code    24  at_lib.o(i.mem_comp)
    mem_copy                                 0x00018dc1   Thumb Code    22  at_lib.o(i.mem_copy)
    mem_crc32                                0x00018dd7   Thumb Code    32  at_lib.o(i.mem_crc32)
    mem_set                                  0x00018df7   Thumb Code    10  at_lib.o(i.mem_set)
    mem_test                                 0x00018e01   Thumb Code    20  at_lib.o(i.mem_test)
    nrd_u32be                                0x00018e15   Thumb Code    22  at_lib.o(i.nrd_u32be)
    nwr_u32be                                0x00018e2b   Thumb Code    16  at_lib.o(i.nwr_u32be)
    put_in_queue                             0x00018e65   Thumb Code    36  at_ethernet.o(i.put_in_queue)
    resize_mem                               0x00018f2d   Thumb Code    68  at_mem.o(i.resize_mem)
    sin                                      0x00018fc1   Thumb Code   166  sin.o(i.sin)
    str_copy                                 0x00019071   Thumb Code    18  at_lib.o(i.str_copy)
    str_crc32                                0x00019083   Thumb Code    26  at_lib.o(i.str_crc32)
    str_pos                                  0x0001909d   Thumb Code    22  at_lib.o(i.str_pos)
    str_scomp                                0x000190b3   Thumb Code    26  at_lib.o(i.str_scomp)
    tcp_abort                                0x000190cd   Thumb Code    76  at_tcp.o(i.tcp_abort)
    tcp_close                                0x0001911d   Thumb Code   150  at_tcp.o(i.tcp_close)
    tcp_get_buf                              0x000191b9   Thumb Code    32  at_tcp.o(i.tcp_get_buf)
    tcp_get_socket                           0x000191d9   Thumb Code    70  at_tcp.o(i.tcp_get_socket)
    tcp_get_state                            0x00019225   Thumb Code    32  at_tcp.o(i.tcp_get_state)
    tcp_init                                 0x00019249   Thumb Code    18  at_tcp.o(i.tcp_init)
    tcp_listen                               0x00019261   Thumb Code   102  at_tcp.o(i.tcp_listen)
    tcp_max_dsize                            0x00019365   Thumb Code    30  at_tcp.o(i.tcp_max_dsize)
    tcp_poll_sockets                         0x000193e9   Thumb Code   630  at_tcp.o(i.tcp_poll_sockets)
    tcp_process                              0x00019789   Thumb Code  1164  at_tcp.o(i.tcp_process)
    tcp_send                                 0x00019ce9   Thumb Code   204  at_tcp.o(i.tcp_send)
    timer_tick                               0x0001a031   Thumb Code    14  at_system.o(i.timer_tick)
    udp_init                                 0x0001a045   Thumb Code    18  at_udp.o(i.udp_init)
    udp_process                              0x0001a05d   Thumb Code   178  at_udp.o(i.udp_process)
    nlocalm                                  0x0001a1f4   Data          60  net_config.o(.constdata)
    sys_config                               0x0001a230   Data          16  net_config.o(.constdata)
    arp_config                               0x0001a240   Data          12  net_config.o(.constdata)
    udp_config                               0x0001a24c   Data           8  net_config.o(.constdata)
    tcp_config                               0x0001a254   Data          24  net_config.o(.constdata)
    http_config                              0x0001a26c   Data          24  net_config.o(.constdata)
    FileMD                                   0x0001a284   Data           4  web.o(.constdata)
    FileTab                                  0x0001a978   Data          16  web.o(.constdata)
    IP_Broadcast                             0x0001af7e   Data           4  at_ip.o(.constdata)
    MAC_Broadcast                            0x0001b07a   Data           6  at_ethernet.o(.constdata)
    http_err_401                             0x0001b080   Data          86  http_err.o(.constdata)
    http_err_403                             0x0001b0d6   Data          81  http_err.o(.constdata)
    http_err_404                             0x0001b127   Data          78  http_err.o(.constdata)
    http_err_501                             0x0001b175   Data          75  http_err.o(.constdata)
    http_err_head                            0x0001b1c0   Data          47  http_err.o(.constdata)
    http_err_foot                            0x0001b1ef   Data         136  http_err.o(.constdata)
    __ctype_table                            0x0001b398   Data         129  ctype_o.o(.constdata)
    Region$$Table$$Base                      0x0001b43c   Number         0  anon$$obj.o(Region$$Table)
    Region$$Table$$Limit                     0x0001b47c   Number         0  anon$$obj.o(Region$$Table)
    SystemCoreClock                          0x10000000   Data           4  system_lpc17xx.o(.data)
    DATOS                                    0x10000004   Data           4  main.o(.data)
    ESTADO                                   0x10000008   Data           4  main.o(.data)
    COUNTERS                                 0x1000000c   Data           4  main.o(.data)
    ACTUALIZADOR                             0x10000010   Data           4  main.o(.data)
    objESTADO                                0x10000014   Data           1  main.o(.data)
    objACTUALIZADOR                          0x10000015   Data           1  main.o(.data)
    TIM0_ticks                               0x10000016   Data           1  timers.o(.data)
    Timer2_MODO                              0x10000017   Data           1  timers.o(.data)
    lhost_name                               0x10000018   Data          16  net_config.o(.data)
    own_hw_adr                               0x10000028   Data           6  net_config.o(.data)
    BUFFER_BRILLO                            0x10000044   Data           4  ldr.o(.data)
    BUFFER_UVA                               0x10000048   Data           4  ldr.o(.data)
    Brillo2ciclo_LDR                         0x1000004d   Data          14  lut.o(.data)
    Brillo_LDR                               0x1000005b   Data          22  lut.o(.data)
    objDATOS                                 0x10000084   Data          36  main.o(.bss)
    objCOUNTERS                              0x100000a8   Data          16  main.o(.bss)
    AUDIO                                    0x100000b8   Data       24000  main.o(.bss)
    ScreenSample                             0x10005e78   Data          12  touchpanel.o(.bss)
    __initial_sp                             0x10006118   Data           0  startup_lpc17xx.o(STACK)
    iap_entry                                0x2007c000   Data           4  emac_lpc17xx_lan8720.o(.data)
    __brilloAuto                             0x2007c014   Data           1  statechart.o(.data)
    zona_0                                   0x2007c016   Data          10  statechart.o(.data)
    zona_1                                   0x2007c020   Data          10  statechart.o(.data)
    zona_2                                   0x2007c02a   Data          10  statechart.o(.data)
    zona_3                                   0x2007c034   Data          10  statechart.o(.data)
    zona_4                                   0x2007c03e   Data          10  statechart.o(.data)
    zona_5                                   0x2007c048   Data          10  statechart.o(.data)
    zona_6                                   0x2007c052   Data          10  statechart.o(.data)
    zona_7                                   0x2007c05c   Data          10  statechart.o(.data)
    zona_8                                   0x2007c066   Data          10  statechart.o(.data)
    zona_9                                   0x2007c070   Data          10  statechart.o(.data)
    zona_10                                  0x2007c07a   Data          10  statechart.o(.data)
    zona_11                                  0x2007c084   Data          10  statechart.o(.data)
    zona_12                                  0x2007c08e   Data          10  statechart.o(.data)
    zona_13                                  0x2007c098   Data          10  statechart.o(.data)
    zona_14                                  0x2007c0a2   Data          10  statechart.o(.data)
    zona_15                                  0x2007c0ac   Data          10  statechart.o(.data)
    zona_16                                  0x2007c0b6   Data          10  statechart.o(.data)
    zona_17                                  0x2007c0c0   Data          10  statechart.o(.data)
    zona_18                                  0x2007c0ca   Data          10  statechart.o(.data)
    zona_19                                  0x2007c0d4   Data          10  statechart.o(.data)
    zona_20                                  0x2007c0de   Data          10  statechart.o(.data)
    zona_21                                  0x2007c0e8   Data          10  statechart.o(.data)
    zona_22                                  0x2007c0f2   Data          10  statechart.o(.data)
    zona_23                                  0x2007c0fc   Data          10  statechart.o(.data)
    zona_24                                  0x2007c106   Data          10  statechart.o(.data)
    zona_25                                  0x2007c110   Data          10  statechart.o(.data)
    zona_26                                  0x2007c11a   Data          10  statechart.o(.data)
    zona_27                                  0x2007c124   Data          10  statechart.o(.data)
    zona_28                                  0x2007c12e   Data          10  statechart.o(.data)
    zona_29                                  0x2007c138   Data          10  statechart.o(.data)
    zona_30                                  0x2007c142   Data          10  statechart.o(.data)
    zona_31                                  0x2007c14c   Data          10  statechart.o(.data)
    zona_27m                                 0x2007c156   Data          10  statechart.o(.data)
    zona_28m                                 0x2007c160   Data          10  statechart.o(.data)
    zona_29m                                 0x2007c16a   Data          10  statechart.o(.data)
    zona_30m                                 0x2007c174   Data          10  statechart.o(.data)
    zona_27M                                 0x2007c17e   Data          10  statechart.o(.data)
    zona_28M                                 0x2007c188   Data          10  statechart.o(.data)
    zona_29M                                 0x2007c192   Data          10  statechart.o(.data)
    zona_30M                                 0x2007c19c   Data          10  statechart.o(.data)
    zona_32                                  0x2007c1a6   Data          10  statechart.o(.data)
    zona_33                                  0x2007c1b0   Data          10  statechart.o(.data)
    zona_34                                  0x2007c1ba   Data          10  statechart.o(.data)
    zona_35                                  0x2007c1c4   Data          10  statechart.o(.data)
    pressedTouchPanel                        0x2007c1ce   Data           1  statechart.o(.data)
    Aux8                                     0x2007c1cf   Data           1  statechart.o(.data)
    matrix                                   0x2007c1d0   Data          56  touchpanel.o(.data)
    DisplaySample                            0x2007c208   Data          12  touchpanel.o(.data)
    display                                  0x2007c218   Data           4  touchpanel.o(.data)
    CAPcont                                  0x2007c21c   Data           1  anemometro.o(.data)
    SLAYERcont                               0x2007c21d   Data           1  anemometro.o(.data)
    CLKbuff                                  0x2007c220   Data           8  anemometro.o(.data)
    aux_viento                               0x2007c228   Data           4  anemometro.o(.data)
    YaPuedesMedir                            0x2007c22c   Data           1  ufono.o(.data)
    ADC_ConfigBuffer                         0x2007c230   Data           4  ufono.o(.data)
    ADC_IntenBuffer                          0x2007c234   Data           4  ufono.o(.data)
    Clock                                    0x2007c250   Data          23  rtc.o(.bss)
    localm                                   0x200820cc   Data          60  at_system.o(.bss)
    sys_control                              0x20082108   Data          16  at_system.o(.bss)



==============================================================================

Memory Map of the image

  Image Entry point : 0x000000cd

  Load Region LR_IROM1 (Base: 0x00000000, Size: 0x0001b750, Max: 0x00080000, ABSOLUTE, COMPRESSED[0x0001b5dc])

    Execution Region ER_IROM1 (Base: 0x00000000, Size: 0x0001b47c, Max: 0x00080000, ABSOLUTE)

    Base Addr    Size         Type   Attr      Idx    E Section Name        Object

    0x00000000   0x000000cc   Data   RO            3    RESET               startup_lpc17xx.o
    0x000000cc   0x00000000   Code   RO         1219  * .ARM.Collect$$$$00000000  mc_w.l(entry.o)
    0x000000cc   0x00000004   Code   RO         1543    .ARM.Collect$$$$00000001  mc_w.l(entry2.o)
    0x000000d0   0x00000004   Code   RO         1546    .ARM.Collect$$$$00000004  mc_w.l(entry5.o)
    0x000000d4   0x00000000   Code   RO         1548    .ARM.Collect$$$$00000008  mc_w.l(entry7b.o)
    0x000000d4   0x00000000   Code   RO         1550    .ARM.Collect$$$$0000000A  mc_w.l(entry8b.o)
    0x000000d4   0x00000008   Code   RO         1551    .ARM.Collect$$$$0000000B  mc_w.l(entry9a.o)
    0x000000dc   0x00000000   Code   RO         1553    .ARM.Collect$$$$0000000D  mc_w.l(entry10a.o)
    0x000000dc   0x00000000   Code   RO         1555    .ARM.Collect$$$$0000000F  mc_w.l(entry11a.o)
    0x000000dc   0x00000004   Code   RO         1544    .ARM.Collect$$$$00002712  mc_w.l(entry2.o)
    0x000000e0   0x00000024   Code   RO            5    .text               startup_lpc17xx.o
    0x00000104   0x000000e4   Code   RO           59    .text               configura.o
    0x000001e8   0x00000018   Code   RO          171    .text               main.o
    0x00000200   0x00000028   Code   RO          277    .text               wdt.o
    0x00000228   0x00000010   Code   RO          296    .text               http_source.o
    0x00000238   0x00000074   Code   RO          321    .text               net_config.o
    0x000002ac   0x0000002c   Code   RO          578    .text               uva30a.o
    0x000002d8   0x00000020   Code   RO          625    .text               asciilib.o
    0x000002f8   0x00000004   Code   RO          737    .text               lpc17xx_libcfg_default.o
    0x000002fc   0x00000004   Code   RO            4    .ARM.__at_0x02FC    startup_lpc17xx.o
    0x00000300   0x00000318   Code   RO           24    .text               system_lpc17xx.o
    0x00000618   0x000002a0   Code   RO          200    .text               pwm.o
    0x000008b8   0x0000013c   Code   RO          217    .text               rtc.o
    0x000009f4   0x0000033c   Code   RO          247    .text               timers.o
    0x00000d30   0x00000230   Code   RO          343    .text               http_cgi.o
    0x00000f60   0x000005d0   Code   RO          366    .text               emac_lpc17xx_lan8720.o
    0x00001530   0x00000b80   Code   RO          403    .text               statechart.o
    0x000020b0   0x00000844   Code   RO          449    .text               touchpanel.o
    0x000028f4   0x00000184   Code   RO          472    .text               anemometro.o
    0x00002a78   0x0000011c   Code   RO          502    .text               onewire.o
    0x00002b94   0x00000180   Code   RO          526    .text               ldr.o
    0x00002d14   0x000000d4   Code   RO          552    .text               ufono.o
    0x00002de8   0x000000dc   Code   RO          597    .text               dac.o
    0x00002ec4   0x00011100   Code   RO          643    .text               glcd.o
    0x00013fc4   0x000006b8   Code   RO          661    .text               lpc17xx_ssp.o
    0x0001467c   0x00000100   Code   RO          683    .text               lpc17xx_pinsel.o
    0x0001477c   0x00000424   Code   RO          706    .text               lpc17xx_gpio.o
    0x00014ba0   0x00000150   Code   RO          722    .text               lpc17xx_clkpwr.o
    0x00014cf0   0x00000130   Code   RO          832    .text               lut.o
    0x00014e20   0x00000090   Code   RO          858    .text               debug.o
    0x00014eb0   0x00000062   Code   RO         1222    .text               mc_w.l(uldiv.o)
    0x00014f12   0x00000024   Code   RO         1224    .text               mc_w.l(memcpya.o)
    0x00014f36   0x00000024   Code   RO         1226    .text               mc_w.l(memseta.o)
    0x00014f5a   0x0000000e   Code   RO         1228    .text               mc_w.l(strlen.o)
    0x00014f68   0x0000001c   Code   RO         1230    .text               mc_w.l(strcmp.o)
    0x00014f84   0x0000001a   Code   RO         1495    .text               mc_w.l(atoi.o)
    0x00014f9e   0x000000b0   Code   RO         1497    .text               mf_w.l(fadd.o)
    0x0001504e   0x0000006c   Code   RO         1499    .text               mf_w.l(fmul.o)
    0x000150ba   0x00000080   Code   RO         1501    .text               mf_w.l(fdiv.o)
    0x0001513a   0x0000014e   Code   RO         1503    .text               mf_w.l(dadd.o)
    0x00015288   0x000000e4   Code   RO         1505    .text               mf_w.l(dmul.o)
    0x0001536c   0x000000de   Code   RO         1507    .text               mf_w.l(ddiv.o)
    0x0001544a   0x00000012   Code   RO         1509    .text               mf_w.l(fflti.o)
    0x0001545c   0x0000000a   Code   RO         1511    .text               mf_w.l(ffltui.o)
    0x00015466   0x00000022   Code   RO         1513    .text               mf_w.l(dflti.o)
    0x00015488   0x0000001a   Code   RO         1515    .text               mf_w.l(dfltui.o)
    0x000154a2   0x00000028   Code   RO         1517    .text               mf_w.l(ffixui.o)
    0x000154ca   0x00000032   Code   RO         1519    .text               mf_w.l(dfixui.o)
    0x000154fc   0x00000026   Code   RO         1521    .text               mf_w.l(f2d.o)
    0x00015522   0x00000002   PAD
    0x00015524   0x00000028   Code   RO         1523    .text               mf_w.l(cdcmple.o)
    0x0001554c   0x00000038   Code   RO         1525    .text               mf_w.l(d2f.o)
    0x00015584   0x00000014   Code   RO         1527    .text               mf_w.l(cfcmple.o)
    0x00015598   0x0000002c   Code   RO         1560    .text               mc_w.l(uidiv.o)
    0x000155c4   0x0000001e   Code   RO         1562    .text               mc_w.l(llshl.o)
    0x000155e2   0x00000020   Code   RO         1564    .text               mc_w.l(llushr.o)
    0x00015602   0x00000024   Code   RO         1566    .text               mc_w.l(llsshr.o)
    0x00015626   0x00000070   Code   RO         1575    .text               mc_w.l(strtol.o)
    0x00015696   0x00000000   Code   RO         1577    .text               mc_w.l(iusefp.o)
    0x00015696   0x0000006c   Code   RO         1578    .text               mf_w.l(fepilogue.o)
    0x00015702   0x000000be   Code   RO         1580    .text               mf_w.l(depilogue.o)
    0x000157c0   0x0000002e   Code   RO         1582    .text               mf_w.l(dscalb.o)
    0x000157ee   0x00000030   Code   RO         1584    .text               mf_w.l(dfixul.o)
    0x0001581e   0x00000002   PAD
    0x00015820   0x00000028   Code   RO         1586    .text               mf_w.l(cdrcmple.o)
    0x00015848   0x00000024   Code   RO         1594    .text               mc_w.l(init.o)
    0x0001586c   0x00000008   Code   RO         1597    .text               mc_w.l(ctype_o.o)
    0x00015874   0x0000009e   Code   RO         1625    .text               mc_w.l(_strtoul.o)
    0x00015912   0x0000003e   Code   RO         1628    .text               mf_w.l(dfixi.o)
    0x00015950   0x0000001c   Code   RO         1630    .text               mc_w.l(_chval.o)
    0x0001596c   0x0000005c   Code   RO         1640    .text               mc_w.l(__dczerorl2.o)
    0x000159c8   0x00000028   Code   RO         1469    i.__0sprintf        mc_w.l(printfa.o)
    0x000159f0   0x00000028   Code   RO         1590    i.__ARM_fpclassify  m_ws.l(fpclassify.o)
    0x00015a18   0x00000008   Code   RO         1568    i.__aeabi_errno_addr  mc_w.l(errno.o)
    0x00015a20   0x00000388   Code   RO         1532    i.__ieee754_rem_pio2  m_ws.l(rred.o)
    0x00015da8   0x000000fc   Code   RO         1529    i.__kernel_cos      m_ws.l(cos_i.o)
    0x00015ea4   0x000000aa   Code   RO         1592    i.__kernel_poly     m_ws.l(poly.o)
    0x00015f4e   0x00000002   PAD
    0x00015f50   0x000000ec   Code   RO         1537    i.__kernel_sin      m_ws.l(sin_i.o)
    0x0001603c   0x00000010   Code   RO         1588    i.__mathlib_dbl_underflow  m_ws.l(dunder.o)
    0x0001604c   0x0000000e   Code   RO         1634    i.__scatterload_copy  mc_w.l(handlers.o)
    0x0001605a   0x00000002   Code   RO         1635    i.__scatterload_null  mc_w.l(handlers.o)
    0x0001605c   0x0000000e   Code   RO         1636    i.__scatterload_zeroinit  mc_w.l(handlers.o)
    0x0001606a   0x00000002   PAD
    0x0001606c   0x0000000c   Code   RO         1570    i.__set_errno       mc_w.l(errno.o)
    0x00016078   0x0000015c   Code   RO         1474    i._fp_digits        mc_w.l(printfa.o)
    0x000161d4   0x000006f0   Code   RO         1475    i._printf_core      mc_w.l(printfa.o)
    0x000168c4   0x00000026   Code   RO         1476    i._printf_post_padding  mc_w.l(printfa.o)
    0x000168ea   0x00000030   Code   RO         1477    i._printf_pre_padding  mc_w.l(printfa.o)
    0x0001691a   0x0000000a   Code   RO         1479    i._sputc            mc_w.l(printfa.o)
    0x00016924   0x00000034   Code   RO         1036    i.add_server_id     TCP_CM3.lib(at_http.o)
    0x00016958   0x000000b8   Code   RO         1122    i.alloc_mem         TCP_CM3.lib(at_mem.o)
    0x00016a10   0x000000b8   Code   RO          883    i.arp_cache_add     TCP_CM3.lib(at_arp.o)
    0x00016ac8   0x00000088   Code   RO          884    i.arp_cache_alloc   TCP_CM3.lib(at_arp.o)
    0x00016b50   0x00000098   Code   RO          885    i.arp_cache_early   TCP_CM3.lib(at_arp.o)
    0x00016be8   0x000000b4   Code   RO          886    i.arp_cache_find    TCP_CM3.lib(at_arp.o)
    0x00016c9c   0x000000f4   Code   RO          889    i.arp_cache_update  TCP_CM3.lib(at_arp.o)
    0x00016d90   0x0000002c   Code   RO          892    i.arp_init          TCP_CM3.lib(at_arp.o)
    0x00016dbc   0x00000034   Code   RO          893    i.arp_is_cacheable  TCP_CM3.lib(at_arp.o)
    0x00016df0   0x00000028   Code   RO          894    i.arp_notify        TCP_CM3.lib(at_arp.o)
    0x00016e18   0x00000088   Code   RO          896    i.arp_proc_response  TCP_CM3.lib(at_arp.o)
    0x00016ea0   0x00000138   Code   RO          897    i.arp_process       TCP_CM3.lib(at_arp.o)
    0x00016fd8   0x000000a0   Code   RO          898    i.arp_send_reply    TCP_CM3.lib(at_arp.o)
    0x00017078   0x000000b8   Code   RO          899    i.arp_send_request  TCP_CM3.lib(at_arp.o)
    0x00017130   0x0000001c   Code   RO         1123    i.avail_mem         TCP_CM3.lib(at_mem.o)
    0x0001714c   0x00000078   Code   RO         1152    i.b64_to_asc        TCP_CM3.lib(at_lib.o)
    0x000171c4   0x00000012   Code   RO         1154    i.calc_chksum16be   TCP_CM3.lib(at_lib.o)
    0x000171d6   0x00000004   Code   RO         1037    i.cgx_content_type  TCP_CM3.lib(at_http.o)
    0x000171da   0x00000002   PAD
    0x000171dc   0x000001cc   Code   RO         1038    i.chk_post_req      TCP_CM3.lib(at_http.o)
    0x000173a8   0x00000028   Code   RO         1155    i.chksum16_buf      TCP_CM3.lib(at_lib.o)
    0x000173d0   0x0000000a   Code   RO         1156    i.chksum16_val      TCP_CM3.lib(at_lib.o)
    0x000173da   0x0000001e   Code   RO         1039    i.cmp_fname_ext     TCP_CM3.lib(at_http.o)
    0x000173f8   0x00000028   Code   RO         1040    i.cmp_header        TCP_CM3.lib(at_http.o)
    0x00017420   0x00000010   Code   RO         1108    i.eth_chk_adr       TCP_CM3.lib(at_ethernet.o)
    0x00017430   0x00000034   Code   RO         1110    i.eth_init_link     TCP_CM3.lib(at_ethernet.o)
    0x00017464   0x000000d4   Code   RO         1111    i.eth_run_link      TCP_CM3.lib(at_ethernet.o)
    0x00017538   0x000000a8   Code   RO         1112    i.eth_send_frame    TCP_CM3.lib(at_ethernet.o)
    0x000175e0   0x00000084   Code   RO         1124    i.free_mem          TCP_CM3.lib(at_mem.o)
    0x00017664   0x00000028   Code   RO         1158    i.get_crc32         TCP_CM3.lib(at_lib.o)
    0x0001768c   0x00000068   Code   RO         1041    i.get_file_type     TCP_CM3.lib(at_http.o)
    0x000176f4   0x00000028   Code   RO         1042    i.get_next_field    TCP_CM3.lib(at_http.o)
    0x0001771c   0x00000032   Code   RO         1043    i.get_next_par      TCP_CM3.lib(at_http.o)
    0x0001774e   0x00000002   PAD
    0x00017750   0x0000001c   Code   RO         1136    i.get_rnd32         TCP_CM3.lib(at_system.o)
    0x0001776c   0x00000004   Code   RO         1045    i.http_accept_host  TCP_CM3.lib(at_http.o)
    0x00017770   0x000002bc   Code   RO         1046    i.http_add_header   TCP_CM3.lib(at_http.o)
    0x00017a2c   0x00000004   Code   RO         1047    i.http_check_account  TCP_CM3.lib(at_http.o)
    0x00017a30   0x00000188   Code   RO         1049    i.http_error_msg    TCP_CM3.lib(at_http.o)
    0x00017bb8   0x00000002   Code   RO         1201    i.http_fclose       TCP_CM3.lib(at_http_uif.o)
    0x00017bba   0x00000004   Code   RO         1202    i.http_fgets        TCP_CM3.lib(at_http_uif.o)
    0x00017bbe   0x00000004   Code   RO         1050    i.http_file_access  TCP_CM3.lib(at_http.o)
    0x00017bc2   0x00000004   Code   RO         1203    i.http_finfo        TCP_CM3.lib(at_http_uif.o)
    0x00017bc6   0x00000004   Code   RO         1204    i.http_fopen        TCP_CM3.lib(at_http_uif.o)
    0x00017bca   0x00000004   Code   RO         1205    i.http_fread        TCP_CM3.lib(at_http_uif.o)
    0x00017bce   0x00000002   PAD
    0x00017bd0   0x00000050   Code   RO         1057    i.http_init         TCP_CM3.lib(at_http.o)
    0x00017c20   0x0000005e   Code   RO         1058    i.http_kill_session  TCP_CM3.lib(at_http.o)
    0x00017c7e   0x00000002   PAD
    0x00017c80   0x00000224   Code   RO         1059    i.http_listener     TCP_CM3.lib(at_http.o)
    0x00017ea4   0x00000120   Code   RO         1060    i.http_open_file    TCP_CM3.lib(at_http.o)
    0x00017fc4   0x00000154   Code   RO         1061    i.http_proc_header  TCP_CM3.lib(at_http.o)
    0x00018118   0x0000017c   Code   RO         1062    i.http_proc_multipart  TCP_CM3.lib(at_http.o)
    0x00018294   0x000000f8   Code   RO         1063    i.http_proc_post    TCP_CM3.lib(at_http.o)
    0x0001838c   0x0000033c   Code   RO         1064    i.http_run_server   TCP_CM3.lib(at_http.o)
    0x000186c8   0x0000001e   Code   RO         1065    i.http_strcpy       TCP_CM3.lib(at_http.o)
    0x000186e6   0x00000002   PAD
    0x000186e8   0x000000a8   Code   RO         1066    i.http_to_utc       TCP_CM3.lib(at_http.o)
    0x00018790   0x00000010   Code   RO          933    i.icmp_init         TCP_CM3.lib(at_icmp.o)
    0x000187a0   0x000000cc   Code   RO          935    i.icmp_process      TCP_CM3.lib(at_icmp.o)
    0x0001886c   0x00000048   Code   RO          936    i.icmp_run_engine   TCP_CM3.lib(at_icmp.o)
    0x000188b4   0x00000070   Code   RO          937    i.icmp_send_message  TCP_CM3.lib(at_icmp.o)
    0x00018924   0x00000038   Code   RO         1125    i.ifree_mem         TCP_CM3.lib(at_mem.o)
    0x0001895c   0x00000030   Code   RO         1137    i.init_TcpNet       TCP_CM3.lib(at_system.o)
    0x0001898c   0x00000060   Code   RO         1126    i.init_mem          TCP_CM3.lib(at_mem.o)
    0x000189ec   0x000000c8   Code   RO          919    i.ip_chk_frame      TCP_CM3.lib(at_ip.o)
    0x00018ab4   0x0000000a   Code   RO          920    i.ip_get_chksum     TCP_CM3.lib(at_ip.o)
    0x00018abe   0x00000002   PAD
    0x00018ac0   0x000000b8   Code   RO          921    i.ip_get_locadr     TCP_CM3.lib(at_ip.o)
    0x00018b78   0x0000000c   Code   RO          922    i.ip_init           TCP_CM3.lib(at_ip.o)
    0x00018b84   0x0000005c   Code   RO          923    i.ip_run_local      TCP_CM3.lib(at_ip.o)
    0x00018be0   0x00000150   Code   RO          924    i.ip_send_frame     TCP_CM3.lib(at_ip.o)
    0x00018d30   0x00000014   Code   RO         1159    i.is_subnet         TCP_CM3.lib(at_lib.o)
    0x00018d44   0x00000064   Code   RO         1138    i.main_TcpNet       TCP_CM3.lib(at_system.o)
    0x00018da8   0x00000018   Code   RO         1160    i.mem_comp          TCP_CM3.lib(at_lib.o)
    0x00018dc0   0x00000016   Code   RO         1161    i.mem_copy          TCP_CM3.lib(at_lib.o)
    0x00018dd6   0x00000020   Code   RO         1162    i.mem_crc32         TCP_CM3.lib(at_lib.o)
    0x00018df6   0x0000000a   Code   RO         1164    i.mem_set           TCP_CM3.lib(at_lib.o)
    0x00018e00   0x00000014   Code   RO         1165    i.mem_test          TCP_CM3.lib(at_lib.o)
    0x00018e14   0x00000016   Code   RO         1167    i.nrd_u32be         TCP_CM3.lib(at_lib.o)
    0x00018e2a   0x00000010   Code   RO         1169    i.nwr_u32be         TCP_CM3.lib(at_lib.o)
    0x00018e3a   0x00000002   PAD
    0x00018e3c   0x00000028   Code   RO         1067    i.proc_req_line     TCP_CM3.lib(at_http.o)
    0x00018e64   0x00000028   Code   RO         1113    i.put_in_queue      TCP_CM3.lib(at_ethernet.o)
    0x00018e8c   0x000000a0   Code   RO         1068    i.read_script_line  TCP_CM3.lib(at_http.o)
    0x00018f2c   0x00000048   Code   RO         1127    i.resize_mem        TCP_CM3.lib(at_mem.o)
    0x00018f74   0x0000004c   Code   RO         1069    i.search_delim      TCP_CM3.lib(at_http.o)
    0x00018fc0   0x000000b0   Code   RO         1212    i.sin               m_ws.l(sin.o)
    0x00019070   0x00000012   Code   RO         1170    i.str_copy          TCP_CM3.lib(at_lib.o)
    0x00019082   0x0000001a   Code   RO         1171    i.str_crc32         TCP_CM3.lib(at_lib.o)
    0x0001909c   0x00000016   Code   RO         1172    i.str_pos           TCP_CM3.lib(at_lib.o)
    0x000190b2   0x0000001a   Code   RO         1173    i.str_scomp         TCP_CM3.lib(at_lib.o)
    0x000190cc   0x00000050   Code   RO          944    i.tcp_abort         TCP_CM3.lib(at_tcp.o)
    0x0001911c   0x0000009c   Code   RO          946    i.tcp_close         TCP_CM3.lib(at_tcp.o)
    0x000191b8   0x00000020   Code   RO          949    i.tcp_get_buf       TCP_CM3.lib(at_tcp.o)
    0x000191d8   0x0000004c   Code   RO          951    i.tcp_get_socket    TCP_CM3.lib(at_tcp.o)
    0x00019224   0x00000024   Code   RO          952    i.tcp_get_state     TCP_CM3.lib(at_tcp.o)
    0x00019248   0x00000018   Code   RO          953    i.tcp_init          TCP_CM3.lib(at_tcp.o)
    0x00019260   0x0000006c   Code   RO          955    i.tcp_listen        TCP_CM3.lib(at_tcp.o)
    0x000192cc   0x00000098   Code   RO          956    i.tcp_map_socket    TCP_CM3.lib(at_tcp.o)
    0x00019364   0x00000024   Code   RO          957    i.tcp_max_dsize     TCP_CM3.lib(at_tcp.o)
    0x00019388   0x0000005e   Code   RO          959    i.tcp_parse_opt     TCP_CM3.lib(at_tcp.o)
    0x000193e6   0x00000002   PAD
    0x000193e8   0x00000284   Code   RO          960    i.tcp_poll_sockets  TCP_CM3.lib(at_tcp.o)
    0x0001966c   0x000000c8   Code   RO          961    i.tcp_proc_acknr    TCP_CM3.lib(at_tcp.o)
    0x00019734   0x00000052   Code   RO          962    i.tcp_proc_dupack   TCP_CM3.lib(at_tcp.o)
    0x00019786   0x00000002   PAD
    0x00019788   0x00000498   Code   RO          963    i.tcp_process       TCP_CM3.lib(at_tcp.o)
    0x00019c20   0x0000001a   Code   RO          964    i.tcp_que_free      TCP_CM3.lib(at_tcp.o)
    0x00019c3a   0x0000001a   Code   RO          965    i.tcp_que_init      TCP_CM3.lib(at_tcp.o)
    0x00019c54   0x00000094   Code   RO          966    i.tcp_que_resend    TCP_CM3.lib(at_tcp.o)
    0x00019ce8   0x000000d4   Code   RO          970    i.tcp_send          TCP_CM3.lib(at_tcp.o)
    0x00019dbc   0x0000006a   Code   RO          971    i.tcp_send_ctrl     TCP_CM3.lib(at_tcp.o)
    0x00019e26   0x00000050   Code   RO          972    i.tcp_send_data     TCP_CM3.lib(at_tcp.o)
    0x00019e76   0x00000068   Code   RO          973    i.tcp_send_reset    TCP_CM3.lib(at_tcp.o)
    0x00019ede   0x00000026   Code   RO          974    i.tcp_set_cwnd      TCP_CM3.lib(at_tcp.o)
    0x00019f04   0x00000068   Code   RO          975    i.tcp_transit       TCP_CM3.lib(at_tcp.o)
    0x00019f6c   0x000000c4   Code   RO          976    i.tcp_write         TCP_CM3.lib(at_tcp.o)
    0x0001a030   0x00000014   Code   RO         1139    i.timer_tick        TCP_CM3.lib(at_system.o)
    0x0001a044   0x00000018   Code   RO         1015    i.udp_init          TCP_CM3.lib(at_udp.o)
    0x0001a05c   0x000000b8   Code   RO         1020    i.udp_process       TCP_CM3.lib(at_udp.o)
    0x0001a114   0x000000e0   Code   RO         1070    i.utc_to_http       TCP_CM3.lib(at_http.o)
    0x0001a1f4   0x00000090   Data   RO          323    .constdata          net_config.o
    0x0001a284   0x00000704   Data   RO          393    .constdata          web.o
    0x0001a988   0x000005f0   Data   RO          626    .constdata          asciilib.o
    0x0001af78   0x00000006   Data   RO          900    .constdata          TCP_CM3.lib(at_arp.o)
    0x0001af7e   0x00000008   Data   RO          925    .constdata          TCP_CM3.lib(at_ip.o)
    0x0001af86   0x000000f4   Data   RO         1071    .constdata          TCP_CM3.lib(at_http.o)
    0x0001b07a   0x00000006   Data   RO         1115    .constdata          TCP_CM3.lib(at_ethernet.o)
    0x0001b080   0x00000056   Data   RO         1145    .constdata          TCP_CM3.lib(http_err.o)
    0x0001b0d6   0x00000051   Data   RO         1146    .constdata          TCP_CM3.lib(http_err.o)
    0x0001b127   0x0000004e   Data   RO         1147    .constdata          TCP_CM3.lib(http_err.o)
    0x0001b175   0x0000004b   Data   RO         1148    .constdata          TCP_CM3.lib(http_err.o)
    0x0001b1c0   0x0000002f   Data   RO         1149    .constdata          TCP_CM3.lib(http_err.o)
    0x0001b1ef   0x00000088   Data   RO         1150    .constdata          TCP_CM3.lib(http_err.o)
    0x0001b277   0x00000001   PAD
    0x0001b278   0x00000030   Data   RO         1530    .constdata          m_ws.l(cos_i.o)
    0x0001b2a8   0x000000c8   Data   RO         1534    .constdata          m_ws.l(rred.o)
    0x0001b370   0x00000028   Data   RO         1538    .constdata          m_ws.l(sin_i.o)
    0x0001b398   0x00000081   Data   RO         1598    .constdata          mc_w.l(ctype_o.o)
    0x0001b419   0x00000003   PAD
    0x0001b41c   0x00000004   Data   RO         1599    .constdata          mc_w.l(ctype_o.o)
    0x0001b420   0x00000019   Data   RO          324    .conststring        net_config.o
    0x0001b439   0x00000003   PAD
    0x0001b43c   0x00000040   Data   RO         1632    Region$$Table       anon$$obj.o


    Execution Region RW_IRAM1 (Base: 0x10000000, Size: 0x00006118, Max: 0x00008000, ABSOLUTE)

    Base Addr    Size         Type   Attr      Idx    E Section Name        Object

    0x10000000   0x00000004   Data   RW           25    .data               system_lpc17xx.o
    0x10000004   0x00000012   Data   RW          173    .data               main.o
    0x10000016   0x00000002   Data   RW          248    .data               timers.o
    0x10000018   0x0000002a   Data   RW          325    .data               net_config.o
    0x10000042   0x00000002   PAD
    0x10000044   0x00000008   Data   RW          527    .data               ldr.o
    0x1000004c   0x00000001   Data   RW          644    .data               glcd.o
    0x1000004d   0x00000024   Data   RW          833    .data               lut.o
    0x10000071   0x00000003   PAD
    0x10000074   0x0000000c   Data   RW          926    .data               TCP_CM3.lib(at_ip.o)
    0x10000080   0x00000004   Data   RW          977    .data               TCP_CM3.lib(at_tcp.o)
    0x10000084   0x00005df4   Zero   RW          172    .bss                main.o
    0x10005e78   0x0000000c   Zero   RW          450    .bss                touchpanel.o
    0x10005e84   0x00000010   Zero   RW          938    .bss                TCP_CM3.lib(at_icmp.o)
    0x10005e94   0x00000084   Zero   RW         1114    .bss                TCP_CM3.lib(at_ethernet.o)
    0x10005f18   0x00000200   Zero   RW            1    STACK               startup_lpc17xx.o


    Execution Region RW_IRAM2 (Base: 0x2007c000, Size: 0x00006118, Max: 0x00008000, ABSOLUTE, COMPRESSED[0x000000dc])

    Base Addr    Size         Type   Attr      Idx    E Section Name        Object

    0x2007c000   0x00000014   Data   RW          368    .data               emac_lpc17xx_lan8720.o
    0x2007c014   0x000001bc   Data   RW          404    .data               statechart.o
    0x2007c1d0   0x0000004c   Data   RW          451    .data               touchpanel.o
    0x2007c21c   0x00000010   Data   RW          473    .data               anemometro.o
    0x2007c22c   0x0000000c   Data   RW          553    .data               ufono.o
    0x2007c238   0x00000008   Data   RW          901    .data               TCP_CM3.lib(at_arp.o)
    0x2007c240   0x0000000c   Data   RW         1072    .data               TCP_CM3.lib(at_http.o)
    0x2007c24c   0x00000004   Data   RW         1571    .data               mc_w.l(errno.o)
    0x2007c250   0x00000017   Zero   RW          218    .bss                rtc.o
    0x2007c267   0x00000001   PAD
    0x2007c268   0x000033ec   Zero   RW          322    .bss                net_config.o
    0x2007f654   0x00000004   PAD
    0x2007f658   0x00002a64   Zero   RW          367    .bss                emac_lpc17xx_lan8720.o
    0x200820bc   0x00000010   Zero   RW         1128    .bss                TCP_CM3.lib(at_mem.o)
    0x200820cc   0x0000004c   Zero   RW         1140    .bss                TCP_CM3.lib(at_system.o)


==============================================================================

Image component sizes


      Code (inc. data)   RO Data    RW Data    ZI Data      Debug   Object Name

       388         48          0         16          0      17889   anemometro.o
        32          6       1520          0          0       1119   asciilib.o
       228         46          0          0          0      20028   configura.o
         0          0          0          0          0       4212   core_cm3.o
       220         34          0          0          0        948   dac.o
       144         16          0          0          0      34206   debug.o
      1488        130          0         20      10852      26089   emac_lpc17xx_lan8720.o
     69888        342          0          1          0     187038   glcd.o
       560         74          0          0          0       1712   http_cgi.o
        16          0          0          0          0       6939   http_source.o
       384         54          0          8          0       1001   ldr.o
       336         32          0          0          0       1823   lpc17xx_clkpwr.o
      1060         62          0          0          0       8371   lpc17xx_gpio.o
         4          0          0          0          0        895   lpc17xx_libcfg_default.o
       256          4          0          0          0       2265   lpc17xx_pinsel.o
      1720         62          0          0          0       6184   lpc17xx_ssp.o
       304         32          0         36          0       1623   lut.o
        24          0          0         18      24052       1349   main.o
       116          8        169         42      13292       3309   net_config.o
       284         32          0          0          0        964   onewire.o
       672         54          0          0          0       1097   pwm.o
       316         80          0          0         23      20076   rtc.o
        40         12        204          0        512        936   startup_lpc17xx.o
      2944        710          0        444          0      16399   statechart.o
       792         78          0          4          0      18261   system_lpc17xx.o
       828         88          0          2          0      25481   timers.o
      2116         68          0         76         12       5673   touchpanel.o
       212         26          0         12          0       1242   ufono.o
        44          8          0          0          0        450   uva30a.o
        40          4          0          0          0        559   wdt.o
         0          0       1796          0          0        597   web.o

    ----------------------------------------------------------------------
     85456       2110       3756        684      48748     418735   Object Totals
         0          0         64          0          0          0   (incl. Generated)
         0          0          3          5          5          0   (incl. Padding)

    ----------------------------------------------------------------------

      Code (inc. data)   RO Data    RW Data    ZI Data      Debug   Library Member Name

      1824        138          6          8          0       1040   at_arp.o
       488         58          6          0        132        404   at_ethernet.o
      5388       1172        244         12          0       2116   at_http.o
        18          0          0          0          0        340   at_http_uif.o
       404         30          0          0         16        308   at_icmp.o
       834         56          8         12          0        520   at_ip.o
       486          6          0          0          0       1224   at_lib.o
       568         46          0          0         16        520   at_mem.o
       196         40          0          0         76        292   at_system.o
      3936        158          0          4          0       2008   at_tcp.o
       208         12          0          0          0        156   at_udp.o
         0          0        503          0          0          0   http_err.o
       252         22         48          0          0        124   cos_i.o
        16          6          0          0          0         68   dunder.o
        40          0          0          0          0         68   fpclassify.o
       170          0          0          0          0         96   poly.o
       904         72        200          0          0        140   rred.o
       176         10          0          0          0        116   sin.o
       236         12         40          0          0        128   sin_i.o
        92          0          0          0          0          0   __dczerorl2.o
        28          0          0          0          0         68   _chval.o
       158          0          0          0          0         92   _strtoul.o
        26          0          0          0          0         80   atoi.o
         8          4        133          0          0         68   ctype_o.o
         0          0          0          0          0          0   entry.o
         0          0          0          0          0          0   entry10a.o
         0          0          0          0          0          0   entry11a.o
         8          4          0          0          0          0   entry2.o
         4          0          0          0          0          0   entry5.o
         0          0          0          0          0          0   entry7b.o
         0          0          0          0          0          0   entry8b.o
         8          4          0          0          0          0   entry9a.o
        20         10          0          4          0        136   errno.o
        30          0          0          0          0          0   handlers.o
        36          8          0          0          0         68   init.o
         0          0          0          0          0          0   iusefp.o
        30          0          0          0          0         68   llshl.o
        36          0          0          0          0         68   llsshr.o
        32          0          0          0          0         68   llushr.o
        36          0          0          0          0         68   memcpya.o
        36          0          0          0          0        108   memseta.o
      2260         86          0          0          0        512   printfa.o
        28          0          0          0          0         76   strcmp.o
        14          0          0          0          0         68   strlen.o
       112          0          0          0          0         88   strtol.o
        44          0          0          0          0         80   uidiv.o
        98          0          0          0          0         92   uldiv.o
        40          2          0          0          0         68   cdcmple.o
        40          2          0          0          0         68   cdrcmple.o
        20          0          0          0          0         68   cfcmple.o
        56          0          0          0          0         88   d2f.o
       334          0          0          0          0        148   dadd.o
       222          0          0          0          0        100   ddiv.o
       190          0          0          0          0        176   depilogue.o
        62          0          0          0          0         80   dfixi.o
        50          0          0          0          0         76   dfixui.o
        48          0          0          0          0         68   dfixul.o
        34          0          0          0          0         76   dflti.o
        26          0          0          0          0         76   dfltui.o
       228          0          0          0          0         96   dmul.o
        46          0          0          0          0         80   dscalb.o
        38          0          0          0          0         68   f2d.o
       176          0          0          0          0        140   fadd.o
       128          0          0          0          0         88   fdiv.o
       108          0          0          0          0        168   fepilogue.o
        40          0          0          0          0         68   ffixui.o
        18          0          0          0          0         68   fflti.o
        10          0          0          0          0         68   ffltui.o
       108          0          0          0          0         76   fmul.o

    ----------------------------------------------------------------------
     21336       1958       1192         40        240      13488   Library Totals
        26          0          4          0          0          0   (incl. Padding)

    ----------------------------------------------------------------------

      Code (inc. data)   RO Data    RW Data    ZI Data      Debug   Library Name

     14350       1716        767         36        240       8928   TCP_CM3.lib
      1794        122        288          0          0        740   m_ws.l
      3144        116        133          4          0       1808   mc_w.l
      2022          4          0          0          0       2012   mf_w.l

    ----------------------------------------------------------------------
     21336       1958       1192         40        240      13488   Library Totals

    ----------------------------------------------------------------------

==============================================================================


      Code (inc. data)   RO Data    RW Data    ZI Data      Debug   

    106792       4068       4948        724      48988     421875   Grand Totals
    106792       4068       4948        352      48988     421875   ELF Image Totals (compressed)
    106792       4068       4948        352          0          0   ROM Totals

==============================================================================

    Total RO  Size (Code + RO Data)               111740 ( 109.12kB)
    Total RW  Size (RW Data + ZI Data)             49712 (  48.55kB)
    Total ROM Size (Code + RO Data + RW Data)     112092 ( 109.46kB)

==============================================================================

