ARM Linker, 5.03 [Build 76] [MDK-ARM Professional]

==============================================================================

Section Cross References

    anemometro.o(.text) refers to ffltui.o(.text) for __aeabi_ui2f
    anemometro.o(.text) refers to fmul.o(.text) for __aeabi_fmul
    anemometro.o(.text) refers to fdiv.o(.text) for __aeabi_fdiv
    anemometro.o(.text) refers to anemometro.o(.data) for CAPcont
    anemometro.o(.text) refers to main.o(.data) for DATOS
    pwm.o(.text) refers to fdiv.o(.text) for __aeabi_fdiv
    pwm.o(.text) refers to ffixui.o(.text) for __aeabi_f2uiz
    pwm.o(.text) refers to f2d.o(.text) for __aeabi_f2d
    pwm.o(.text) refers to dmul.o(.text) for __aeabi_dmul
    pwm.o(.text) refers to d2f.o(.text) for __aeabi_d2f
    pwm.o(.text) refers to ffltui.o(.text) for __aeabi_ui2f
    pwm.o(.text) refers to fmul.o(.text) for __aeabi_fmul
    pwm.o(.text) refers to fadd.o(.text) for __aeabi_fsub
    pwm.o(.text) refers to main.o(.data) for COUNTERS
    rtc.o(.text) refers to printfa.o(i.__0sprintf) for __2sprintf
    rtc.o(.text) refers to main.o(.data) for COUNTERS
    rtc.o(.text) refers to rtc.o(.bss) for Clock
    http_source.o(.text) refers to at_system.o(i.init_TcpNet) for init_TcpNet
    http_source.o(.text) refers to at_system.o(i.main_TcpNet) for main_TcpNet
    net_config.o(.text) refers to at_ethernet.o(i.eth_init_link) for eth_init_link
    net_config.o(.text) refers to at_ip.o(i.ip_init) for ip_init
    net_config.o(.text) refers to at_icmp.o(i.icmp_init) for icmp_init
    net_config.o(.text) refers to at_udp.o(i.udp_init) for udp_init
    net_config.o(.text) refers to at_tcp.o(i.tcp_init) for tcp_init
    net_config.o(.text) refers to at_http.o(i.http_init) for http_init
    net_config.o(.text) refers to at_arp.o(i.arp_notify) for arp_notify
    net_config.o(.text) refers to at_ethernet.o(i.eth_run_link) for eth_run_link
    net_config.o(.text) refers to at_ip.o(i.ip_run_local) for ip_run_local
    net_config.o(.text) refers to at_icmp.o(i.icmp_run_engine) for icmp_run_engine
    net_config.o(.text) refers to at_tcp.o(i.tcp_poll_sockets) for tcp_poll_sockets
    net_config.o(.text) refers to at_http.o(i.http_run_server) for http_run_server
    net_config.o(.constdata) refers to net_config.o(.bss) for mem_pool
    net_config.o(.constdata) refers to net_config.o(.data) for lhost_name
    net_config.o(.constdata) refers to net_config.o(.conststring) for .conststring
    http_cgi.o(.text) refers to f2d.o(.text) for __aeabi_f2d
    http_cgi.o(.text) refers to printfa.o(i.__0sprintf) for __2sprintf
    http_cgi.o(.text) refers to main.o(.data) for DATOS
    emac_lpc17xx_lan8720.o(.text) refers to net_config.o(.data) for own_hw_adr
    emac_lpc17xx_lan8720.o(.text) refers to emac_lpc17xx_lan8720.o(.bss) for tx_buf
    emac_lpc17xx_lan8720.o(.text) refers to emac_lpc17xx_lan8720.o(.data) for tout
    emac_lpc17xx_lan8720.o(.text) refers to at_mem.o(i.alloc_mem) for alloc_mem
    emac_lpc17xx_lan8720.o(.text) refers to at_ethernet.o(i.put_in_queue) for put_in_queue
    statechart.o(.text) refers to pwm.o(.text) for modificaPulso
    statechart.o(.text) refers to glcd.o(.text) for LCD_DrawLine
    statechart.o(.text) refers to strlen.o(.text) for strlen
    statechart.o(.text) refers to printfa.o(i.__0sprintf) for __2sprintf
    statechart.o(.text) refers to f2d.o(.text) for __aeabi_f2d
    statechart.o(.text) refers to statechart.o(.data) for pressedTouchPanel
    statechart.o(.text) refers to touchpanel.o(.data) for display
    statechart.o(.text) refers to timers.o(.data) for contadorLUZ
    statechart.o(.text) refers to rtc.o(.bss) for Clock
    statechart.o(.text) refers to main.o(.data) for DATOS
    statechart.o(.text) refers to touchpanel.o(.text) for Read_Ads7846
    statechart.o(.text) refers to wdt.o(.text) for alimentaWDT
    statechart.o(.text) refers to lut.o(.text) for goto_LUT
    statechart.o(.text) refers to dac.o(.text) for activarDac
    statechart.o(.text) refers to ufono.o(.text) for lanzaUFONO
    touchpanel.o(.text) refers to lpc17xx_pinsel.o(.text) for PINSEL_ConfigPin
    touchpanel.o(.text) refers to lpc17xx_gpio.o(.text) for GPIO_SetDir
    touchpanel.o(.text) refers to lpc17xx_ssp.o(.text) for SSP_ConfigStructInit
    touchpanel.o(.text) refers to wdt.o(.text) for alimentaWDT
    touchpanel.o(.text) refers to glcd.o(.text) for LCD_SetPoint
    touchpanel.o(.text) refers to memseta.o(.text) for __aeabi_memclr4
    touchpanel.o(.text) refers to touchpanel.o(.data) for screen
    touchpanel.o(.text) refers to dflti.o(.text) for __aeabi_i2d
    touchpanel.o(.text) refers to cdcmple.o(.text) for __aeabi_cdcmpeq
    touchpanel.o(.text) refers to dfltui.o(.text) for __aeabi_ui2d
    touchpanel.o(.text) refers to dmul.o(.text) for __aeabi_dmul
    touchpanel.o(.text) refers to dadd.o(.text) for __aeabi_dadd
    touchpanel.o(.text) refers to ddiv.o(.text) for __aeabi_ddiv
    touchpanel.o(.text) refers to dfixui.o(.text) for __aeabi_d2uiz
[...]
    .data                                    0x2007c258   Section       12  ldr.o(.data)
    .data                                    0x2007c264   Section        1  glcd.o(.data)
    LCD_Code                                 0x2007c264   Data           1  glcd.o(.data)
    .data                                    0x2007c268   Section        8  uart3.o(.data)
    _prx                                     0x2007c268   Data           4  uart3.o(.data)
    _ptx                                     0x2007c26c   Data           4  uart3.o(.data)
    .data                                    0x2007c270   Section       12  at_ip.o(.data)
    ip_id                                    0x2007c270   Data           2  at_ip.o(.data)
    ip_control                               0x2007c274   Data           8  at_ip.o(.data)
    .data                                    0x2007c27c   Section        4  at_tcp.o(.data)
    socket                                   0x2007c27c   Data           1  at_tcp.o(.data)
    no_ack                                   0x2007c27d   Data           1  at_tcp.o(.data)
    port                                     0x2007c27e   Data           2  at_tcp.o(.data)
    .bss                                     0x2007c280   Section    13292  net_config.o(.bss)
    mem_pool                                 0x2007c280   Data       12000  net_config.o(.bss)
    arp_table                                0x2007f160   Data         140  net_config.o(.bss)
    udp_scb                                  0x2007f1ec   Data          24  net_config.o(.bss)
    tcp_scb                                  0x2007f204   Data         816  net_config.o(.bss)
    http_scb                                 0x2007f534   Data         312  net_config.o(.bss)
    .bss                                     0x2007f670   Section    10852  emac_lpc17xx_lan8720.o(.bss)
    Rx_Desc                                  0x2007f670   Data          32  emac_lpc17xx_lan8720.o(.bss)
    Rx_Stat                                  0x2007f690   Data          32  emac_lpc17xx_lan8720.o(.bss)
    Tx_Desc                                  0x2007f6b0   Data          24  emac_lpc17xx_lan8720.o(.bss)
    Tx_Stat                                  0x2007f6c8   Data          12  emac_lpc17xx_lan8720.o(.bss)
    rx_buf                                   0x2007f6d4   Data        6144  emac_lpc17xx_lan8720.o(.bss)
    tx_buf                                   0x20080ed4   Data        4608  emac_lpc17xx_lan8720.o(.bss)
    .bss                                     0x200820d4   Section       12  touchpanel.o(.bss)
    .bss                                     0x200820e0   Section       52  main.o(.bss)
    .bss                                     0x20082114   Section       16  dma.o(.bss)
    .bss                                     0x20082124   Section      242  uart3.o(.bss)
    .bss                                     0x20082216   Section       22  i2c.o(.bss)
    .bss                                     0x2008222c   Section       16  at_icmp.o(.bss)
    icmp_control                             0x2008222c   Data          16  at_icmp.o(.bss)

    Global Symbols

    Symbol Name                              Value     Ov Type        Size  Object(Section)

    BuildAttributes$$THM_ISAv4$P$D$K$B$S$PE$A:L22UL41UL21$X:L11$S22US41US21$IEEE1$IW$USESV6$~STKCKD$USESV7$~SHL$OTIME$ROPI$IEEEX$EBA8$MICROLIB$REQ8$PRES8$EABIv2 0x00000000   Number         0  anon$$obj.o ABSOLUTE
    __ARM_use_no_argv                        0x00000000   Number         0  main.o ABSOLUTE
    __Vectors                                0x00000000   Data           4  startup_lpc17xx.o(RESET)
    _printf_a                                0x00000000   Number         0  stubs.o ABSOLUTE
    _printf_c                                0x00000000   Number         0  stubs.o ABSOLUTE
    _printf_charcount                        0x00000000   Number         0  stubs.o ABSOLUTE
    _printf_d                                0x00000000   Number         0  stubs.o ABSOLUTE
    _printf_e                                0x00000000   Number         0  stubs.o ABSOLUTE
    _printf_f                                0x00000000   Number         0  stubs.o ABSOLUTE
    _printf_flags                            0x00000000   Number         0  stubs.o ABSOLUTE
    _printf_fp_dec                           0x00000000   Number         0  stubs.o ABSOLUTE
    _printf_fp_hex                           0x00000000   Number         0  stubs.o ABSOLUTE
    _printf_g                                0x00000000   Number         0  stubs.o ABSOLUTE
    _printf_i                                0x00000000   Number         0  stubs.o ABSOLUTE
    _printf_int_dec                          0x00000000   Number         0  stubs.o ABSOLUTE
    _printf_l                                0x00000000   Number         0  stubs.o ABSOLUTE
    _printf_lc                               0x00000000   Number         0  stubs.o ABSOLUTE
    _printf_ll                               0x00000000   Number         0  stubs.o ABSOLUTE
    _printf_lld                              0x00000000   Number         0  stubs.o ABSOLUTE
    _printf_lli                              0x00000000   Number         0  stubs.o ABSOLUTE
    _printf_llo                              0x00000000   Number         0  stubs.o ABSOLUTE
    _printf_llu                              0x00000000   Number         0  stubs.o ABSOLUTE
    _printf_llx                              0x00000000   Number         0  stubs.o ABSOLUTE
    _printf_longlong_dec                     0x00000000   Number         0  stubs.o ABSOLUTE
    _printf_longlong_hex                     0x00000000   Number         0  stubs.o ABSOLUTE
    _printf_longlong_oct                     0x00000000   Number         0  stubs.o ABSOLUTE
    _printf_ls                               0x00000000   Number         0  stubs.o ABSOLUTE
    _printf_mbtowc                           0x00000000   Number         0  stubs.o ABSOLUTE
    _printf_n                                0x00000000   Number         0  stubs.o ABSOLUTE
    _printf_o                                0x00000000   Number         0  stubs.o ABSOLUTE
    _printf_p                                0x00000000   Number         0  stubs.o ABSOLUTE
    _printf_percent                          0x00000000   Number         0  stubs.o ABSOLUTE
    _printf_pre_padding                      0x00000000   Number         0  stubs.o ABSOLUTE
    _printf_return_value                     0x00000000   Number         0  stubs.o ABSOLUTE
    _printf_s                                0x00000000   Number         0  stubs.o ABSOLUTE
    _printf_sizespec                         0x00000000   Number         0  stubs.o ABSOLUTE
    _printf_str                              0x00000000   Number         0  stubs.o ABSOLUTE
    _printf_truncate_signed                  0x00000000   Number         0  stubs.o ABSOLUTE
    _printf_truncate_unsigned                0x00000000   Number         0  stubs.o ABSOLUTE
    _printf_u                                0x00000000   Number         0  stubs.o ABSOLUTE
    _printf_wc                               0x00000000   Number         0  stubs.o ABSOLUTE
    _printf_wctomb                           0x00000000   Number         0  stubs.o ABSOLUTE
    _printf_widthprec                        0x00000000   Number         0  stubs.o ABSOLUTE
    _printf_x                                0x00000000   Number         0  stubs.o ABSOLUTE
    __cpp_initialize__aeabi_                  - Undefined Weak Reference
    __cxa_finalize                            - Undefined Weak Reference
    _clock_init                               - Undefined Weak Reference
    _microlib_exit                            - Undefined Weak Reference
    _scanf_int                                - Undefined Weak Reference
    _scanf_longlong                           - Undefined Weak Reference
    _scanf_real                               - Undefined Weak Reference
    poll_ethernet                             - Undefined Weak Reference
    __main                                   0x000000cd   Thumb Code     0  entry.o(.ARM.Collect$$$$00000000)
    _main_stk                                0x000000cd   Thumb Code     0  entry2.o(.ARM.Collect$$$$00000001)
    _main_scatterload                        0x000000d1   Thumb Code     0  entry5.o(.ARM.Collect$$$$00000004)
    __main_after_scatterload                 0x000000d5   Thumb Code     0  entry5.o(.ARM.Collect$$$$00000004)
    _main_clock                              0x000000d5   Thumb Code     0  entry7b.o(.ARM.Collect$$$$00000008)
    _main_cpp_init                           0x000000d5   Thumb Code     0  entry8b.o(.ARM.Collect$$$$0000000A)
    _main_init                               0x000000d5   Thumb Code     0  entry9a.o(.ARM.Collect$$$$0000000B)
    __rt_final_cpp                           0x000000dd   Thumb Code     0  entry10a.o(.ARM.Collect$$$$0000000D)
    __rt_final_exit                          0x000000dd   Thumb Code     0  entry11a.o(.ARM.Collect$$$$0000000F)
    alimentaWDT                              0x000000e1   Thumb Code    12  wdt.o(.text)
    __configuraWDT__                         0x000000ed   Thumb Code    22  wdt.o(.text)
    __configuraAnemometro__                  0x00000109   Thumb Code   148  anemometro.o(.text)
    mideAnemometro                           0x0000019d   Thumb Code   192  anemometro.o(.text)
    __configuraWEB__                         0x0000028d   Thumb Code     8  http_source.o(.text)
    __mantenerTCP__                          0x00000295   Thumb Code     8  http_source.o(.text)
    main                                     0x0000029d   Thumb Code    16  main.o(.text)
    Reset_Handler                            0x000002ad   Thumb Code     8  startup_lpc17xx.o(.text)
    NMI_Handler                              0x000002b5   Thumb Code     2  startup_lpc17xx.o(.text)
    HardFault_Handler                        0x000002b7   Thumb Code     2  startup_lpc17xx.o(.text)
    MemManage_Handler                        0x000002b9   Thumb Code     2  startup_lpc17xx.o(.text)
    BusFault_Handler                         0x000002bb   Thumb Code     2  startup_lpc17xx.o(.text)
    UsageFault_Handler                       0x000002bd   Thumb Code     2  startup_lpc17xx.o(.text)
    SVC_Handler                              0x000002bf   Thumb Code     2  startup_lpc17xx.o(.text)
    DebugMon_Handler                         0x000002c1   Thumb Code     2  startup_lpc17xx.o(.text)
    PendSV_Handler                           0x000002c3   Thumb Code     2  startup_lpc17xx.o(.text)
    BOD_IRQHandler                           0x000002c7   Thumb Code     0  startup_lpc17xx.o(.text)
    CANActivity_IRQHandler                   0x000002c7   Thumb Code     0  startup_lpc17xx.o(.text)
    CAN_IRQHandler                           0x000002c7   Thumb Code     0  startup_lpc17xx.o(.text)
    DMA_IRQHandler                           0x000002c7   Thumb Code     0  startup_lpc17xx.o(.text)
    EINT0_IRQHandler                         0x000002c7   Thumb Code     0  startup_lpc17xx.o(.text)
    EINT1_IRQHandler                         0x000002c7   Thumb Code     0  startup_lpc17xx.o(.text)
    EINT2_IRQHandler                         0x000002c7   Thumb Code     0  startup_lpc17xx.o(.text)
    EINT3_IRQHandler                         0x000002c7   Thumb Code     0  startup_lpc17xx.o(.text)
    I2C0_IRQHandler                          0x000002c7   Thumb Code     0  startup_lpc17xx.o(.text)
    I2C1_IRQHandler                          0x000002c7   Thumb Code     0  startup_lpc17xx.o(.text)
    I2C2_IRQHandler                          0x000002c7   Thumb Code     0  startup_lpc17xx.o(.text)
    I2S_IRQHandler                           0x000002c7   Thumb Code     0  startup_lpc17xx.o(.text)
    MCPWM_IRQHandler                         0x000002c7   Thumb Code     0  startup_lpc17xx.o(.text)
    PLL0_IRQHandler                          0x000002c7   Thumb Code     0  startup_lpc17xx.o(.text)
    PLL1_IRQHandler                          0x000002c7   Thumb Code     0  startup_lpc17xx.o(.text)
    PWM1_IRQHandler                          0x000002c7   Thumb Code     0  startup_lpc17xx.o(.text)
    QEI_IRQHandler                           0x000002c7   Thumb Code     0  startup_lpc17xx.o(.text)
    RIT_IRQHandler                           0x000002c7   Thumb Code     0  startup_lpc17xx.o(.text)
    SPI_IRQHandler                           0x000002c7   Thumb Code     0  startup_lpc17xx.o(.text)
    SSP0_IRQHandler                          0x000002c7   Thumb Code     0  startup_lpc17xx.o(.text)
    SSP1_IRQHandler                          0x000002c7   Thumb Code     0  startup_lpc17xx.o(.text)
    UART1_IRQHandler                         0x000002c7   Thumb Code     0  startup_lpc17xx.o(.text)
    UART2_IRQHandler                         0x000002c7   Thumb Code     0  startup_lpc17xx.o(.text)
    USBActivity_IRQHandler                   0x000002c7   Thumb Code     0  startup_lpc17xx.o(.text)
    USB_IRQHandler                           0x000002c7   Thumb Code     0  startup_lpc17xx.o(.text)
    WDT_IRQHandler                           0x000002c7   Thumb Code     0  startup_lpc17xx.o(.text)
    __configuraUVA30A__                      0x000002d1   Thumb Code    36  uva30a.o(.text)
    __configuraPWM__                         0x00000301   Thumb Code   384  pwm.o(.text)
    __RL_TCP_VER                             0x00000472   Number         0  at_system.o ABSOLUTE
    modificaPulso                            0x00000481   Thumb Code   240  pwm.o(.text)
    __configuraRTC__                         0x000005a1   Thumb Code   164  rtc.o(.text)
    RTC_IRQHandler                           0x00000645   Thumb Code    72  rtc.o(.text)
    sys_error                                0x000006dd   Thumb Code    36  net_config.o(.text)
    init_system                              0x00000701   Thumb Code    34  net_config.o(.text)
    run_system                               0x00000723   Thumb Code    26  net_config.o(.text)
    igmp_is_member                           0x0000073d   Thumb Code     4  net_config.o(.text)
    igmp_process                             0x00000741   Thumb Code     2  net_config.o(.text)
    dhcp_disable                             0x00000743   Thumb Code     2  net_config.o(.text)
    ppp_send_frame                           0x00000745   Thumb Code     4  net_config.o(.text)
    slip_send_frame                          0x00000749   Thumb Code     4  net_config.o(.text)
    sntp_get_time                            0x0000074d   Thumb Code     4  net_config.o(.text)
    cgi_process_var                          0x00000751   Thumb Code     2  http_cgi.o(.text)
    cgi_process_data                         0x00000753   Thumb Code     2  http_cgi.o(.text)
    cgi_func                                 0x00000755   Thumb Code   482  http_cgi.o(.text)
    int_enable_eth                           0x00000981   Thumb Code    24  emac_lpc17xx_lan8720.o(.text)
    int_disable_eth                          0x00000999   Thumb Code    18  emac_lpc17xx_lan8720.o(.text)
    setMac                                   0x000009ab   Thumb Code   182  emac_lpc17xx_lan8720.o(.text)
    init_ethernet                            0x00000b71   Thumb Code   724  emac_lpc17xx_lan8720.o(.text)
    send_frame                               0x00000e45   Thumb Code    70  emac_lpc17xx_lan8720.o(.text)
    ENET_IRQHandler                          0x00000e8b   Thumb Code   156  emac_lpc17xx_lan8720.o(.text)
    zoneNewPressed                           0x00000f51   Thumb Code   114  statechart.o(.text)
    squareButton                             0x00000fc3   Thumb Code   226  statechart.o(.text)
    __pintaAjustes__                         0x000010a5   Thumb Code   284  statechart.o(.text)
    __pintaMedidas2__                        0x000011c1   Thumb Code   252  statechart.o(.text)
    __pintaMedidas1__                        0x000012bd   Thumb Code   690  statechart.o(.text)
    __pintaInicio__                          0x0000156f   Thumb Code   264  statechart.o(.text)
    checkTouchPanel                          0x00001677   Thumb Code    36  statechart.o(.text)
    __mainLoop__                             0x0000169b   Thumb Code  1036  statechart.o(.text)
    __configuraLCD__                         0x00001aa7   Thumb Code    12  statechart.o(.text)
    TP_Init                                  0x00001af5   Thumb Code   176  touchpanel.o(.text)
    Read_X                                   0x00001c25   Thumb Code    42  touchpanel.o(.text)
    Read_Y                                   0x00001c4f   Thumb Code    42  touchpanel.o(.text)
    TP_GetAdXY                               0x00001c79   Thumb Code    34  touchpanel.o(.text)
    TP_DrawPoint                             0x00001c9b   Thumb Code    64  touchpanel.o(.text)
    DrawCross                                0x00001cdb   Thumb Code   356  touchpanel.o(.text)
    Read_Ads7846                             0x00001e3f   Thumb Code   520  touchpanel.o(.text)
    setCalibrationMatrix                     0x00002047   Thumb Code   356  touchpanel.o(.text)
    getDisplayPoint                          0x000021ab   Thumb Code   238  touchpanel.o(.text)
    TouchPanel_Calibrate                     0x00002299   Thumb Code   108  touchpanel.o(.text)
    SystemCoreClockUpdate                    0x00002339   Thumb Code   424  system_lpc17xx.o(.text)
    SystemInit                               0x000024e1   Thumb Code   290  system_lpc17xx.o(.text)
    __iniciaVariables__                      0x00002651   Thumb Code    72  configura.o(.text)
    __configuraPrograma__                    0x00002699   Thumb Code   120  configura.o(.text)
    __configuraSysTick__                     0x00002755   Thumb Code    80  timers.o(.text)
    __configuraTimer0__                      0x000027a5   Thumb Code    94  timers.o(.text)
    SysTick_Handler                          0x00002803   Thumb Code    62  timers.o(.text)
    TIMER0_IRQHandler                        0x00002945   Thumb Code    82  timers.o(.text)
    TIMER1_IRQHandler                        0x00002997   Thumb Code    38  timers.o(.text)
    TIMER2_IRQHandler                        0x000029bd   Thumb Code     2  timers.o(.text)
    TIMER3_IRQHandler                        0x000029bf   Thumb Code     2  timers.o(.text)
    reiniciaCuenta                           0x00002a0d   Thumb Code    16  onewirev2.o(.text)
    inicializaT3                             0x00002a1d   Thumb Code    30  onewirev2.o(.text)
    __configuraOW__                          0x00002a3b   Thumb Code    12  onewirev2.o(.text)
    leerByte                                 0x00002a47   Thumb Code   124  onewirev2.o(.text)
    compruebaRespuesta                       0x00002ac3   Thumb Code   134  onewirev2.o(.text)
    _delayUS                                 0x00002b49   Thumb Code    20  onewirev2.o(.text)
    mideTemperatura                          0x00002b5d   Thumb Code   190  onewirev2.o(.text)
    __configuraLDR__                         0x00002c31   Thumb Code   124  ldr.o(.text)
    ADC_IRQHandler                           0x00002cad   Thumb Code   292  ldr.o(.text)
    __configuraUFONO__                       0x00002e19   Thumb Code    56  ufono.o(.text)
    lanzaUFONO                               0x00002e51   Thumb Code   122  ufono.o(.text)
    recuperaContexto                         0x00002ecb   Thumb Code    56  ufono.o(.text)
    __configuraDAC__                         0x00002f21   Thumb Code    44  dac.o(.text)
    escribirEnDac                            0x00002f4d   Thumb Code    52  dac.o(.text)
    activarDac                               0x00002f81   Thumb Code    40  dac.o(.text)
    desactivarDAC                            0x00002fa9   Thumb Code    56  dac.o(.text)
    goto_LUT                                 0x00002ffd   Thumb Code   220  lut.o(.text)
    crearSeno                                0x000030d9   Thumb Code   116  lut.o(.text)
    __configuraDMA__                         0x0000317d   Thumb Code    94  dma.o(.text)
    SSP_Init                                 0x00003287   Thumb Code   100  lpc17xx_ssp.o(.text)
    SSP_DeInit                               0x000032eb   Thumb Code    60  lpc17xx_ssp.o(.text)
    SSP_GetDataSize                          0x00003327   Thumb Code    34  lpc17xx_ssp.o(.text)
    SSP_ConfigStructInit                     0x00003349   Thumb Code    22  lpc17xx_ssp.o(.text)
    SSP_Cmd                                  0x0000335f   Thumb Code    68  lpc17xx_ssp.o(.text)
    SSP_LoopBackCmd                          0x000033a3   Thumb Code    68  lpc17xx_ssp.o(.text)
    SSP_SlaveOutputCmd                       0x000033e7   Thumb Code    72  lpc17xx_ssp.o(.text)
    SSP_SendData                             0x0000342f   Thumb Code    36  lpc17xx_ssp.o(.text)
    SSP_ReceiveData                          0x00003453   Thumb Code    34  lpc17xx_ssp.o(.text)
    SSP_ReadWrite                            0x00003475   Thumb Code   604  lpc17xx_ssp.o(.text)
    SSP_GetStatus                            0x000036d1   Thumb Code    80  lpc17xx_ssp.o(.text)
    SSP_IntConfig                            0x00003721   Thumb Code    58  lpc17xx_ssp.o(.text)
    SSP_GetRawIntStatus                      0x0000375b   Thumb Code    76  lpc17xx_ssp.o(.text)
    SSP_GetRawIntStatusReg                   0x000037a7   Thumb Code    34  lpc17xx_ssp.o(.text)
    SSP_GetIntStatus                         0x000037c9   Thumb Code    76  lpc17xx_ssp.o(.text)
    SSP_ClearIntPending                      0x00003815   Thumb Code    58  lpc17xx_ssp.o(.text)
    SSP_DMACmd                               0x0000384f   Thumb Code   100  lpc17xx_ssp.o(.text)
    PINSEL_ConfigTraceFunc                   0x00003963   Thumb Code    34  lpc17xx_pinsel.o(.text)
    PINSEL_SetI2C0Pins                       0x00003985   Thumb Code    16  lpc17xx_pinsel.o(.text)
    PINSEL_ConfigPin                         0x00003995   Thumb Code    36  lpc17xx_pinsel.o(.text)
    GPIO_SetDir                              0x00003a59   Thumb Code    40  lpc17xx_gpio.o(.text)
    GPIO_SetValue                            0x00003a81   Thumb Code    20  lpc17xx_gpio.o(.text)
    GPIO_ClearValue                          0x00003a95   Thumb Code    20  lpc17xx_gpio.o(.text)
    GPIO_ReadValue                           0x00003aa9   Thumb Code    22  lpc17xx_gpio.o(.text)
    GPIO_IntCmd                              0x00003abf   Thumb Code    54  lpc17xx_gpio.o(.text)
    GPIO_GetIntStatus                        0x00003af5   Thumb Code    86  lpc17xx_gpio.o(.text)
    GPIO_ClearInt                            0x00003b4b   Thumb Code    24  lpc17xx_gpio.o(.text)
    FIO_SetDir                               0x00003b63   Thumb Code    20  lpc17xx_gpio.o(.text)
    FIO_SetValue                             0x00003b77   Thumb Code    16  lpc17xx_gpio.o(.text)
    FIO_ClearValue                           0x00003b87   Thumb Code    16  lpc17xx_gpio.o(.text)
    FIO_ReadValue                            0x00003b97   Thumb Code    12  lpc17xx_gpio.o(.text)
    FIO_IntCmd                               0x00003ba3   Thumb Code    20  lpc17xx_gpio.o(.text)
    FIO_GetIntStatus                         0x00003bb7   Thumb Code    20  lpc17xx_gpio.o(.text)
    FIO_ClearInt                             0x00003bcb   Thumb Code    16  lpc17xx_gpio.o(.text)
    FIO_SetMask                              0x00003bdb   Thumb Code    40  lpc17xx_gpio.o(.text)
    FIO_HalfWordSetDir                       0x00003c03   Thumb Code    62  lpc17xx_gpio.o(.text)
    FIO_HalfWordSetMask                      0x00003c41   Thumb Code    62  lpc17xx_gpio.o(.text)
    FIO_HalfWordSetValue                     0x00003c7f   Thumb Code    32  lpc17xx_gpio.o(.text)
    FIO_HalfWordClearValue                   0x00003c9f   Thumb Code    32  lpc17xx_gpio.o(.text)
    FIO_HalfWordReadValue                    0x00003cbf   Thumb Code    30  lpc17xx_gpio.o(.text)
    FIO_ByteSetDir                           0x00003cdd   Thumb Code    50  lpc17xx_gpio.o(.text)
    FIO_ByteSetMask                          0x00003d0f   Thumb Code    66  lpc17xx_gpio.o(.text)
    FIO_ByteSetValue                         0x00003d51   Thumb Code    34  lpc17xx_gpio.o(.text)
    FIO_ByteClearValue                       0x00003d73   Thumb Code    34  lpc17xx_gpio.o(.text)
    FIO_ByteReadValue                        0x00003d95   Thumb Code    76  lpc17xx_gpio.o(.text)
    CLKPWR_SetPCLKDiv                        0x00003de1   Thumb Code   106  lpc17xx_clkpwr.o(.text)
    CLKPWR_GetPCLKSEL                        0x00003e4b   Thumb Code    32  lpc17xx_clkpwr.o(.text)
    CLKPWR_GetPCLK                           0x00003e6b   Thumb Code    58  lpc17xx_clkpwr.o(.text)
    CLKPWR_ConfigPPWR                        0x00003ea5   Thumb Code    50  lpc17xx_clkpwr.o(.text)
    CLKPWR_Sleep                             0x00003ed7   Thumb Code    10  lpc17xx_clkpwr.o(.text)
    CLKPWR_DeepSleep                         0x00003ee1   Thumb Code    16  lpc17xx_clkpwr.o(.text)
    CLKPWR_PowerDown                         0x00003ef1   Thumb Code    16  lpc17xx_clkpwr.o(.text)
    CLKPWR_DeepPowerDown                     0x00003f01   Thumb Code    16  lpc17xx_clkpwr.o(.text)
    check_failed                             0x00003f31   Thumb Code     4  lpc17xx_libcfg_default.o(.text)
    GetASCIICode                             0x00003f35   Thumb Code    26  asciilib.o(.text)
    LCD_Initializtion                        0x00003f9f   Thumb Code 63088  glcd.o(.text)
    LCD_Clear                                0x0001360f   Thumb Code  2744  glcd.o(.text)
    LCD_GetPoint                             0x000140e1   Thumb Code  2218  glcd.o(.text)
    LCD_SetPoint                             0x0001498b   Thumb Code  1304  glcd.o(.text)
    LCD_DrawLine                             0x00014ea3   Thumb Code   250  glcd.o(.text)
    PutChar                                  0x00014f9d   Thumb Code   100  glcd.o(.text)
    GUI_Text                                 0x00015001   Thumb Code    80  glcd.o(.text)
    UART0_MandaBufferTx                      0x00015055   Thumb Code    42  uart0.o(.text)
    __configuraUART0__                       0x0001507f   Thumb Code   118  uart0.o(.text)
    procesarComando                          0x000150f7   Thumb Code   350  uart0.o(.text)
    UART0_IRQHandler                         0x000152c3   Thumb Code    44  uart0.o(.text)
    __configuraUART3__                       0x000154a1   Thumb Code   114  uart3.o(.text)
    UART3_MandaBufferTx                      0x0001557d   Thumb Code    42  uart3.o(.text)
    UART3_IRQHandler                         0x000155a7   Thumb Code    44  uart3.o(.text)
    __calibraBMP                             0x000155f5   Thumb Code   630  i2c.o(.text)
    __configuraI2C__                         0x0001586b   Thumb Code     8  i2c.o(.text)
    procesarDato                             0x00015873   Thumb Code    86  i2c.o(.text)
    pedirDato                                0x000158c9   Thumb Code    52  i2c.o(.text)
    irRegistro                               0x000158fd   Thumb Code    20  i2c.o(.text)
    pedirDatoReg                             0x00015911   Thumb Code    22  i2c.o(.text)
    obtenerDato                              0x00015927   Thumb Code    50  i2c.o(.text)
    mandaDato                                0x00015959   Thumb Code    32  i2c.o(.text)
    medirBMP                                 0x00015979   Thumb Code   402  i2c.o(.text)
    I2Cdelay                                 0x00015b21   Thumb Code    14  i2clib.o(.text)
    pulso_SCL                                0x00015b2f   Thumb Code    24  i2clib.o(.text)
    I2CSendByte                              0x00015b47   Thumb Code    74  i2clib.o(.text)
    I2CSendAddr                              0x00015b91   Thumb Code    80  i2clib.o(.text)
    I2CGetByte                               0x00015be1   Thumb Code   100  i2clib.o(.text)
    I2CSendStop                              0x00015c45   Thumb Code    34  i2clib.o(.text)
    __aeabi_uldivmod                         0x00015c6d   Thumb Code    98  uldiv.o(.text)
    __aeabi_memcpy                           0x00015ccf   Thumb Code    36  memcpya.o(.text)
    __aeabi_memcpy4                          0x00015ccf   Thumb Code     0  memcpya.o(.text)
    __aeabi_memcpy8                          0x00015ccf   Thumb Code     0  memcpya.o(.text)
    __aeabi_memset                           0x00015cf3   Thumb Code    14  memseta.o(.text)
    __aeabi_memset4                          0x00015cf3   Thumb Code     0  memseta.o(.text)
    __aeabi_memset8                          0x00015cf3   Thumb Code     0  memseta.o(.text)
    __aeabi_memclr                           0x00015d01   Thumb Code     4  memseta.o(.text)
    __aeabi_memclr4                          0x00015d01   Thumb Code     0  memseta.o(.text)
    __aeabi_memclr8                          0x00015d01   Thumb Code     0  memseta.o(.text)
    _memset$wrapper                          0x00015d05   Thumb Code    18  memseta.o(.text)
    strlen                                   0x00015d17   Thumb Code    14  strlen.o(.text)
    strcmp                                   0x00015d25   Thumb Code    28  strcmp.o(.text)
    strcpy                                   0x00015d41   Thumb Code    18  strcpy.o(.text)
    __0sscanf                                0x00015d55   Thumb Code    48  __0sscanf.o(.text)
    _scanf_string                            0x00015d8d   Thumb Code   218  _scanf_str.o(.text)
    atoi                                     0x00015e67   Thumb Code    26  atoi.o(.text)
    __aeabi_fadd                             0x00015e81   Thumb Code   164  fadd.o(.text)
    __aeabi_fsub                             0x00015f25   Thumb Code     6  fadd.o(.text)
    __aeabi_frsub                            0x00015f2b   Thumb Code     6  fadd.o(.text)
    __aeabi_fmul                             0x00015f31   Thumb Code   108  fmul.o(.text)
    __aeabi_fdiv                             0x00015f9d   Thumb Code   128  fdiv.o(.text)
    __aeabi_dadd                             0x0001601d   Thumb Code   322  dadd.o(.text)
    __aeabi_dsub                             0x0001615f   Thumb Code     6  dadd.o(.text)
    __aeabi_drsub                            0x00016165   Thumb Code     6  dadd.o(.text)
    __aeabi_dmul                             0x0001616b   Thumb Code   228  dmul.o(.text)
    __aeabi_ddiv                             0x0001624f   Thumb Code   222  ddiv.o(.text)
    __aeabi_i2f                              0x0001632d   Thumb Code    18  fflti.o(.text)
    __aeabi_ui2f                             0x0001633f   Thumb Code    10  ffltui.o(.text)
    __aeabi_ul2f                             0x00016349   Thumb Code    28  ffltul.o(.text)
    __aeabi_i2d                              0x00016365   Thumb Code    34  dflti.o(.text)
    __aeabi_ui2d                             0x00016387   Thumb Code    26  dfltui.o(.text)
    __aeabi_f2uiz                            0x000163a1   Thumb Code    40  ffixui.o(.text)
    __aeabi_d2uiz                            0x000163c9   Thumb Code    50  dfixui.o(.text)
    __aeabi_f2d                              0x000163fb   Thumb Code    38  f2d.o(.text)
    __aeabi_cdcmpeq                          0x00016421   Thumb Code     0  cdcmple.o(.text)
    __aeabi_cdcmple                          0x00016421   Thumb Code    38  cdcmple.o(.text)
    __aeabi_d2f                              0x00016449   Thumb Code    56  d2f.o(.text)
    __aeabi_cfcmpeq                          0x00016481   Thumb Code     0  cfcmple.o(.text)
    __aeabi_cfcmple                          0x00016481   Thumb Code    20  cfcmple.o(.text)
    __aeabi_uidiv                            0x00016495   Thumb Code     0  uidiv.o(.text)
    __aeabi_uidivmod                         0x00016495   Thumb Code    44  uidiv.o(.text)
    __aeabi_llsl                             0x000164c1   Thumb Code    30  llshl.o(.text)
    _ll_shift_l                              0x000164c1   Thumb Code     0  llshl.o(.text)
    __aeabi_llsr                             0x000164df   Thumb Code    32  llushr.o(.text)
    _ll_ushift_r                             0x000164df   Thumb Code     0  llushr.o(.text)
    __aeabi_lasr                             0x000164ff   Thumb Code    36  llsshr.o(.text)
    _ll_sshift_r                             0x000164ff   Thumb Code     0  llsshr.o(.text)
    __vfscanf_char                           0x00016531   Thumb Code    20  scanf_char.o(.text)
    _sgetc                                   0x0001654d   Thumb Code    30  _sgetc.o(.text)
    _sbackspace                              0x0001656b   Thumb Code    34  _sgetc.o(.text)
    strtol                                   0x0001658d   Thumb Code   112  strtol.o(.text)
    __I$use$fp                               0x000165fd   Thumb Code     0  iusefp.o(.text)
    _float_round                             0x000165fd   Thumb Code    18  fepilogue.o(.text)
    _float_epilogue                          0x0001660f   Thumb Code    90  fepilogue.o(.text)
    _double_round                            0x00016669   Thumb Code    26  depilogue.o(.text)
    _double_epilogue                         0x00016683   Thumb Code   164  depilogue.o(.text)
    __ARM_scalbn                             0x00016727   Thumb Code    46  dscalb.o(.text)
    scalbn                                   0x00016727   Thumb Code     0  dscalb.o(.text)
    __aeabi_d2ulz                            0x00016755   Thumb Code    48  dfixul.o(.text)
    __aeabi_cdrcmple                         0x00016785   Thumb Code    38  cdrcmple.o(.text)
    __scatterload                            0x000167ad   Thumb Code    28  init.o(.text)
    __scatterload_rt2                        0x000167ad   Thumb Code     0  init.o(.text)
    __rt_ctype_table                         0x000167d1   Thumb Code     4  ctype_o.o(.text)
    isspace                                  0x000167d9   Thumb Code    18  isspace_o.o(.text)
    __vfscanf                                0x000167ed   Thumb Code   806  _scanf.o(.text)
    _strtoul                                 0x00016b19   Thumb Code   158  _strtoul.o(.text)
    _dsqrt                                   0x00016bb7   Thumb Code   162  dsqrt.o(.text)
    __aeabi_d2iz                             0x00016c59   Thumb Code    62  dfixi.o(.text)
    _chval                                   0x00016c97   Thumb Code    28  _chval.o(.text)
    __decompress                             0x00016cb3   Thumb Code     0  __dczerorl2.o(.text)
    __decompress1                            0x00016cb3   Thumb Code    92  __dczerorl2.o(.text)
    __0sprintf                               0x00016d11   Thumb Code    34  printfa.o(i.__0sprintf)
    __1sprintf                               0x00016d11   Thumb Code     0  printfa.o(i.__0sprintf)
    __2sprintf                               0x00016d11   Thumb Code     0  printfa.o(i.__0sprintf)
    __c89sprintf                             0x00016d11   Thumb Code     0  printfa.o(i.__0sprintf)
    sprintf                                  0x00016d11   Thumb Code     0  printfa.o(i.__0sprintf)
    __ARM_fpclassify                         0x00016d39   Thumb Code    40  fpclassify.o(i.__ARM_fpclassify)
    __aeabi_errno_addr                       0x00016d61   Thumb Code     4  errno.o(i.__aeabi_errno_addr)
    __rt_errno_addr                          0x00016d61   Thumb Code     0  errno.o(i.__aeabi_errno_addr)
    __ieee754_rem_pio2                       0x00016d69   Thumb Code   832  rred.o(i.__ieee754_rem_pio2)
    __kernel_cos                             0x000170f1   Thumb Code   230  cos_i.o(i.__kernel_cos)
    __kernel_poly                            0x000171ed   Thumb Code   170  poly.o(i.__kernel_poly)
    __kernel_sin                             0x00017299   Thumb Code   224  sin_i.o(i.__kernel_sin)
    __mathlib_dbl_underflow                  0x00017385   Thumb Code    10  dunder.o(i.__mathlib_dbl_underflow)
    __scatterload_copy                       0x00017395   Thumb Code    14  handlers.o(i.__scatterload_copy)
    __scatterload_null                       0x000173a3   Thumb Code     2  handlers.o(i.__scatterload_null)
    __scatterload_zeroinit                   0x000173a5   Thumb Code    14  handlers.o(i.__scatterload_zeroinit)
    __set_errno                              0x000173b5   Thumb Code     6  errno.o(i.__set_errno)
    alloc_mem                                0x00017ca1   Thumb Code   174  at_mem.o(i.alloc_mem)
    arp_cache_add                            0x00017d59   Thumb Code   174  at_arp.o(i.arp_cache_add)
    arp_cache_early                          0x00017e99   Thumb Code   142  at_arp.o(i.arp_cache_early)
    arp_cache_find                           0x00017f31   Thumb Code   168  at_arp.o(i.arp_cache_find)
    arp_cache_update                         0x00017fe5   Thumb Code   228  at_arp.o(i.arp_cache_update)
    arp_init                                 0x000180d9   Thumb Code    34  at_arp.o(i.arp_init)
    arp_notify                               0x00018139   Thumb Code    26  at_arp.o(i.arp_notify)
    arp_process                              0x000181e9   Thumb Code   294  at_arp.o(i.arp_process)
    avail_mem                                0x00018479   Thumb Code    22  at_mem.o(i.avail_mem)
    b64_to_asc                               0x00018495   Thumb Code   120  at_lib.o(i.b64_to_asc)
    calc_chksum16be                          0x0001850d   Thumb Code    18  at_lib.o(i.calc_chksum16be)
    cgx_content_type                         0x0001851f   Thumb Code     4  at_http.o(i.cgx_content_type)
    chksum16_buf                             0x000186f1   Thumb Code    40  at_lib.o(i.chksum16_buf)
    chksum16_val                             0x00018719   Thumb Code    10  at_lib.o(i.chksum16_val)
    eth_chk_adr                              0x00018769   Thumb Code    10  at_ethernet.o(i.eth_chk_adr)
    eth_init_link                            0x00018779   Thumb Code    40  at_ethernet.o(i.eth_init_link)
    eth_run_link                             0x000187ad   Thumb Code   194  at_ethernet.o(i.eth_run_link)
    eth_send_frame                           0x00018881   Thumb Code   150  at_ethernet.o(i.eth_send_frame)
    free_mem                                 0x00018929   Thumb Code   124  at_mem.o(i.free_mem)
    get_rnd32                                0x00018a99   Thumb Code    18  at_system.o(i.get_rnd32)
    http_accept_host                         0x00018ab5   Thumb Code     4  at_http.o(i.http_accept_host)
    http_check_account                       0x00018d75   Thumb Code     4  at_http.o(i.http_check_account)
    http_fclose                              0x00018f01   Thumb Code     2  at_http_uif.o(i.http_fclose)
    http_fgets                               0x00018f03   Thumb Code     4  at_http_uif.o(i.http_fgets)
    http_file_access                         0x00018f07   Thumb Code     4  at_http.o(i.http_file_access)
    http_finfo                               0x00018f0b   Thumb Code     4  at_http_uif.o(i.http_finfo)
    http_fopen                               0x00018f0f   Thumb Code     4  at_http_uif.o(i.http_fopen)
    http_fread                               0x00018f13   Thumb Code     4  at_http_uif.o(i.http_fread)
    http_init                                0x00018f19   Thumb Code    72  at_http.o(i.http_init)
    http_run_server                          0x000196d5   Thumb Code   816  at_http.o(i.http_run_server)
    icmp_init                                0x00019ad9   Thumb Code    10  at_icmp.o(i.icmp_init)
    icmp_process                             0x00019ae9   Thumb Code   198  at_icmp.o(i.icmp_process)
    icmp_run_engine                          0x00019bb5   Thumb Code    58  at_icmp.o(i.icmp_run_engine)
    ifree_mem                                0x00019c6d   Thumb Code    48  at_mem.o(i.ifree_mem)
    init_TcpNet                              0x00019ca5   Thumb Code    38  at_system.o(i.init_TcpNet)
    init_mem                                 0x00019cd5   Thumb Code    86  at_mem.o(i.init_mem)
    ip_chk_frame                             0x00019d35   Thumb Code   190  at_ip.o(i.ip_chk_frame)
    ip_get_locadr                            0x00019e09   Thumb Code   166  at_ip.o(i.ip_get_locadr)
    ip_init                                  0x00019ec1   Thumb Code     8  at_ip.o(i.ip_init)
    ip_run_local                             0x00019ecd   Thumb Code    82  at_ip.o(i.ip_run_local)
    ip_send_frame                            0x00019f29   Thumb Code   328  at_ip.o(i.ip_send_frame)
    is_subnet                                0x0001a079   Thumb Code    20  at_lib.o(i.is_subnet)
    main_TcpNet                              0x0001a08d   Thumb Code    86  at_system.o(i.main_TcpNet)
    mem_comp                                 0x0001a0f1   Thumb Code    24  at_lib.o(i.mem_comp)
    mem_copy                                 0x0001a109   Thumb Code    22  at_lib.o(i.mem_copy)
    mem_crc32                                0x0001a11f   Thumb Code    32  at_lib.o(i.mem_crc32)
    mem_set                                  0x0001a13f   Thumb Code    10  at_lib.o(i.mem_set)
    mem_test                                 0x0001a149   Thumb Code    20  at_lib.o(i.mem_test)
    nrd_u32be                                0x0001a15d   Thumb Code    22  at_lib.o(i.nrd_u32be)
    nwr_u32be                                0x0001a173   Thumb Code    16  at_lib.o(i.nwr_u32be)
    pow                                      0x0001a185   Thumb Code  2510  pow.o(i.pow)
    put_in_queue                             0x0001ab8d   Thumb Code    36  at_ethernet.o(i.put_in_queue)
    resize_mem                               0x0001ac55   Thumb Code    68  at_mem.o(i.resize_mem)
    sin                                      0x0001ace9   Thumb Code   166  sin.o(i.sin)
    sqrt                                     0x0001ad99   Thumb Code    76  sqrt.o(i.sqrt)
    str_copy                                 0x0001ade5   Thumb Code    18  at_lib.o(i.str_copy)
    str_crc32                                0x0001adf7   Thumb Code    26  at_lib.o(i.str_crc32)
    str_pos                                  0x0001ae11   Thumb Code    22  at_lib.o(i.str_pos)
    str_scomp                                0x0001ae27   Thumb Code    26  at_lib.o(i.str_scomp)
    tcp_abort                                0x0001ae41   Thumb Code    76  at_tcp.o(i.tcp_abort)
    tcp_close                                0x0001ae91   Thumb Code   150  at_tcp.o(i.tcp_close)
    tcp_get_buf                              0x0001af2d   Thumb Code    32  at_tcp.o(i.tcp_get_buf)
    tcp_get_socket                           0x0001af4d   Thumb Code    70  at_tcp.o(i.tcp_get_socket)
    tcp_get_state                            0x0001af99   Thumb Code    32  at_tcp.o(i.tcp_get_state)
    tcp_init                                 0x0001afbd   Thumb Code    18  at_tcp.o(i.tcp_init)
    tcp_listen                               0x0001afd5   Thumb Code   102  at_tcp.o(i.tcp_listen)
    tcp_max_dsize                            0x0001b0d9   Thumb Code    30  at_tcp.o(i.tcp_max_dsize)
    tcp_poll_sockets                         0x0001b15d   Thumb Code   630  at_tcp.o(i.tcp_poll_sockets)
    tcp_process                              0x0001b4fd   Thumb Code  1164  at_tcp.o(i.tcp_process)
    tcp_send                                 0x0001ba5d   Thumb Code   204  at_tcp.o(i.tcp_send)
    timer_tick                               0x0001bda5   Thumb Code    14  at_system.o(i.timer_tick)
    udp_init                                 0x0001bdb9   Thumb Code    18  at_udp.o(i.udp_init)
    udp_process                              0x0001bdd1   Thumb Code   178  at_udp.o(i.udp_process)
    nlocalm                                  0x0001bf68   Data          60  net_config.o(.constdata)
    sys_config                               0x0001bfa4   Data          16  net_config.o(.constdata)
    arp_config                               0x0001bfb4   Data          12  net_config.o(.constdata)
    udp_config                               0x0001bfc0   Data           8  net_config.o(.constdata)
    tcp_config                               0x0001bfc8   Data          24  net_config.o(.constdata)
    http_config                              0x0001bfe0   Data          24  net_config.o(.constdata)
    FileMD                                   0x0001bff8   Data           4  web.o(.constdata)
    FileTab                                  0x0001c6ec   Data          16  web.o(.constdata)
    IP_Broadcast                             0x0001ce58   Data           4  at_ip.o(.constdata)
    MAC_Broadcast                            0x0001cf54   Data           6  at_ethernet.o(.constdata)
    http_err_401                             0x0001cf5a   Data          86  http_err.o(.constdata)
    http_err_403                             0x0001cfb0   Data          81  http_err.o(.constdata)
    http_err_404                             0x0001d001   Data          78  http_err.o(.constdata)
    http_err_501                             0x0001d04f   Data          75  http_err.o(.constdata)
    http_err_head                            0x0001d09a   Data          47  http_err.o(.constdata)
    http_err_foot                            0x0001d0c9   Data         136  http_err.o(.constdata)
    __mathlib_zero                           0x0001d210   Data           8  qnan.o(.constdata)
    __ctype_table                            0x0001d308   Data         129  ctype_o.o(.constdata)
    Region$$Table$$Base                      0x0001d3ac   Number         0  anon$$obj.o(Region$$Table)
    Region$$Table$$Limit                     0x0001d3ec   Number         0  anon$$obj.o(Region$$Table)
    CAPcont                                  0x10000000   Data           1  anemometro.o(.data)
    SLAYERcont                               0x10000001   Data           1  anemometro.o(.data)
    CLKbuff                                  0x10000004   Data           8  anemometro.o(.data)
    aux_viento                               0x1000000c   Data           4  anemometro.o(.data)
    iap_entry                                0x10000010   Data           4  emac_lpc17xx_lan8720.o(.data)
    YaPuedesMedir                            0x10000024   Data           1  ufono.o(.data)
    ADC_ConfigBuffer                         0x10000028   Data           4  ufono.o(.data)
    ADC_IntenBuffer                          0x1000002c   Data           4  ufono.o(.data)
    Brillo2ciclo_LDR                         0x10000030   Data          14  lut.o(.data)
    Brillo_LDR                               0x1000003e   Data          22  lut.o(.data)
    LMD                                      0x10000054   Data           4  dma.o(.data)
    TemperaturaConBmp                        0x10000060   Data           1  i2c.o(.data)
    LecturaBMP0                              0x10000061   Data           1  i2c.o(.data)
    LecturaBMP1                              0x10000062   Data           1  i2c.o(.data)
    LecturaBMP                               0x10000064   Data           2  i2c.o(.data)
    temperatura                              0x10000068   Data           4  i2c.o(.data)
    presion                                  0x1000006c   Data           4  i2c.o(.data)
    Clock                                    0x10000088   Data          23  rtc.o(.bss)
    AUDIO                                    0x1000009f   Data       24000  ldr.o(.bss)
    UART0_BUFFER_RX                          0x10005e5f   Data         121  uart0.o(.bss)
    UART0_BUFFER_TX                          0x10005ed8   Data         121  uart0.o(.bss)
    localm                                   0x10005fe8   Data          60  at_system.o(.bss)
    sys_control                              0x10006024   Data          16  at_system.o(.bss)
    __initial_sp                             0x10006238   Data           0  startup_lpc17xx.o(STACK)
    lhost_name                               0x2007c000   Data          16  net_config.o(.data)
    own_hw_adr                               0x2007c010   Data           6  net_config.o(.data)
    __brilloAuto                             0x2007c02a   Data           1  statechart.o(.data)
    zona_0                                   0x2007c02c   Data          10  statechart.o(.data)
    zona_1                                   0x2007c036   Data          10  statechart.o(.data)
    zona_2                                   0x2007c040   Data          10  statechart.o(.data)
    zona_3                                   0x2007c04a   Data          10  statechart.o(.data)
    zona_4                                   0x2007c054   Data          10  statechart.o(.data)
    zona_5                                   0x2007c05e   Data          10  statechart.o(.data)
    zona_6                                   0x2007c068   Data          10  statechart.o(.data)
    zona_7                                   0x2007c072   Data          10  statechart.o(.data)
    zona_8                                   0x2007c07c   Data          10  statechart.o(.data)
    zona_9                                   0x2007c086   Data          10  statechart.o(.data)
    zona_10                                  0x2007c090   Data          10  statechart.o(.data)
    zona_11                                  0x2007c09a   Data          10  statechart.o(.data)
    zona_12                                  0x2007c0a4   Data          10  statechart.o(.data)
    zona_13                                  0x2007c0ae   Data          10  statechart.o(.data)
    zona_14                                  0x2007c0b8   Data          10  statechart.o(.data)
    zona_15                                  0x2007c0c2   Data          10  statechart.o(.data)
    zona_16                                  0x2007c0cc   Data          10  statechart.o(.data)
    zona_17                                  0x2007c0d6   Data          10  statechart.o(.data)
    zona_18                                  0x2007c0e0   Data          10  statechart.o(.data)
    zona_19                                  0x2007c0ea   Data          10  statechart.o(.data)
    zona_20                                  0x2007c0f4   Data          10  statechart.o(.data)
    zona_21                                  0x2007c0fe   Data          10  statechart.o(.data)
    zona_22                                  0x2007c108   Data          10  statechart.o(.data)
    zona_23                                  0x2007c112   Data          10  statechart.o(.data)
    zona_24                                  0x2007c11c   Data          10  statechart.o(.data)
    zona_25                                  0x2007c126   Data          10  statechart.o(.data)
    zona_26                                  0x2007c130   Data          10  statechart.o(.data)
    zona_27                                  0x2007c13a   Data          10  statechart.o(.data)
    zona_28                                  0x2007c144   Data          10  statechart.o(.data)
    zona_29                                  0x2007c14e   Data          10  statechart.o(.data)
    zona_30                                  0x2007c158   Data          10  statechart.o(.data)
    zona_31                                  0x2007c162   Data          10  statechart.o(.data)
    zona_27m                                 0x2007c16c   Data          10  statechart.o(.data)
    zona_28m                                 0x2007c176   Data          10  statechart.o(.data)
    zona_29m                                 0x2007c180   Data          10  statechart.o(.data)
    zona_30m                                 0x2007c18a   Data          10  statechart.o(.data)
    zona_27M                                 0x2007c194   Data          10  statechart.o(.data)
    zona_28M                                 0x2007c19e   Data          10  statechart.o(.data)
    zona_29M                                 0x2007c1a8   Data          10  statechart.o(.data)
    zona_30M                                 0x2007c1b2   Data          10  statechart.o(.data)
    zona_32                                  0x2007c1bc   Data          10  statechart.o(.data)
    zona_33                                  0x2007c1c6   Data          10  statechart.o(.data)
    zona_34                                  0x2007c1d0   Data          10  statechart.o(.data)
    zona_35                                  0x2007c1da   Data          10  statechart.o(.data)
    pressedTouchPanel                        0x2007c1e4   Data           1  statechart.o(.data)
    Aux8                                     0x2007c1e5   Data           1  statechart.o(.data)
    matrix                                   0x2007c1e8   Data          56  touchpanel.o(.data)
    DisplaySample                            0x2007c220   Data          12  touchpanel.o(.data)
    display                                  0x2007c230   Data           4  touchpanel.o(.data)
    DATOS                                    0x2007c234   Data           4  main.o(.data)
    ESTADO                                   0x2007c238   Data           4  main.o(.data)
    COUNTERS                                 0x2007c23c   Data           4  main.o(.data)
    ACTUALIZADOR                             0x2007c240   Data           4  main.o(.data)
    objESTADO                                0x2007c244   Data           1  main.o(.data)
    objACTUALIZADOR                          0x2007c245   Data           2  main.o(.data)
    SystemCoreClock                          0x2007c248   Data           4  system_lpc17xx.o(.data)
    TIM0_ticks                               0x2007c24c   Data           1  timers.o(.data)
    Timer2_MODO                              0x2007c24d   Data           1  timers.o(.data)
    CAP11_BUFF                               0x2007c250   Data           4  timers.o(.data)
    contadorLUZ                              0x2007c254   Data           2  timers.o(.data)
    BUFFER_BRILLO                            0x2007c258   Data           4  ldr.o(.data)
    BUFFER_UVA                               0x2007c25c   Data           4  ldr.o(.data)
    contador                                 0x2007c260   Data           4  ldr.o(.data)
    ScreenSample                             0x200820d4   Data          12  touchpanel.o(.bss)
    objDATOS                                 0x200820e0   Data          36  main.o(.bss)
    objCOUNTERS                              0x20082104   Data          16  main.o(.bss)
    LMDobj                                   0x20082114   Data          16  dma.o(.bss)
    UART3_BUFFER_RX                          0x20082124   Data         121  uart3.o(.bss)
    UART3_BUFFER_TX                          0x2008219d   Data         121  uart3.o(.bss)
    COEF                                     0x20082216   Data          22  i2c.o(.bss)



==============================================================================

Memory Map of the image

  Image Entry point : 0x000000cd

  Load Region LR_IROM1 (Base: 0x00000000, Size: 0x0001d6f4, Max: 0x00080000, ABSOLUTE, COMPRESSED[0x0001d57c])

    Execution Region ER_IROM1 (Base: 0x00000000, Size: 0x0001d3ec, Max: 0x00080000, ABSOLUTE)

    Base Addr    Size         Type   Attr      Idx    E Section Name        Object

    0x00000000   0x000000cc   Data   RO          452    RESET               startup_lpc17xx.o
    0x000000cc   0x00000000   Code   RO         1389  * .ARM.Collect$$$$00000000  mc_w.l(entry.o)
    0x000000cc   0x00000004   Code   RO         1736    .ARM.Collect$$$$00000001  mc_w.l(entry2.o)
    0x000000d0   0x00000004   Code   RO         1739    .ARM.Collect$$$$00000004  mc_w.l(entry5.o)
    0x000000d4   0x00000000   Code   RO         1741    .ARM.Collect$$$$00000008  mc_w.l(entry7b.o)
    0x000000d4   0x00000000   Code   RO         1743    .ARM.Collect$$$$0000000A  mc_w.l(entry8b.o)
    0x000000d4   0x00000008   Code   RO         1744    .ARM.Collect$$$$0000000B  mc_w.l(entry9a.o)
    0x000000dc   0x00000000   Code   RO         1746    .ARM.Collect$$$$0000000D  mc_w.l(entry10a.o)
    0x000000dc   0x00000000   Code   RO         1748    .ARM.Collect$$$$0000000F  mc_w.l(entry11a.o)
    0x000000dc   0x00000004   Code   RO         1737    .ARM.Collect$$$$00002712  mc_w.l(entry2.o)
    0x000000e0   0x00000028   Code   RO            2    .text               wdt.o
    0x00000108   0x00000184   Code   RO           47    .text               anemometro.o
    0x0000028c   0x00000010   Code   RO          162    .text               http_source.o
    0x0000029c   0x00000010   Code   RO          394    .text               main.o
    0x000002ac   0x00000024   Code   RO          454    .text               startup_lpc17xx.o
    0x000002d0   0x0000002c   Code   RO          625    .text               uva30a.o
    0x000002fc   0x00000004   Code   RO          453    .ARM.__at_0x02FC    startup_lpc17xx.o
    0x00000300   0x000002a0   Code   RO          108    .text               pwm.o
    0x000005a0   0x0000013c   Code   RO          128    .text               rtc.o
    0x000006dc   0x00000074   Code   RO          207    .text               net_config.o
    0x00000750   0x00000230   Code   RO          232    .text               http_cgi.o
    0x00000980   0x000005d0   Code   RO          261    .text               emac_lpc17xx_lan8720.o
    0x00000f50   0x00000ba4   Code   RO          301    .text               statechart.o
    0x00001af4   0x00000844   Code   RO          371    .text               touchpanel.o
    0x00002338   0x00000318   Code   RO          467    .text               system_lpc17xx.o
    0x00002650   0x000000e4   Code   RO          493    .text               configura.o
    0x00002734   0x000002d8   Code   RO          513    .text               timers.o
    0x00002a0c   0x00000224   Code   RO          543    .text               onewirev2.o
    0x00002c30   0x000001e8   Code   RO          563    .text               ldr.o
    0x00002e18   0x00000108   Code   RO          596    .text               ufono.o
    0x00002f20   0x000000dc   Code   RO          644    .text               dac.o
    0x00002ffc   0x00000180   Code   RO          676    .text               lut.o
    0x0000317c   0x00000088   Code   RO          699    .text               dma.o
    0x00003204   0x000006b8   Code   RO          827    .text               lpc17xx_ssp.o
    0x000038bc   0x00000100   Code   RO          849    .text               lpc17xx_pinsel.o
    0x000039bc   0x00000424   Code   RO          865    .text               lpc17xx_gpio.o
    0x00003de0   0x00000150   Code   RO          881    .text               lpc17xx_clkpwr.o
    0x00003f30   0x00000004   Code   RO          896    .text               lpc17xx_libcfg_default.o
    0x00003f34   0x00000020   Code   RO          908    .text               asciilib.o
    0x00003f54   0x00011100   Code   RO          926    .text               glcd.o
    0x00015054   0x0000044c   Code   RO          954    .text               uart0.o
    0x000154a0   0x00000154   Code   RO          981    .text               uart3.o
    0x000155f4   0x0000052c   Code   RO         1004    .text               i2c.o
    0x00015b20   0x0000014c   Code   RO         1028    .text               i2clib.o
    0x00015c6c   0x00000062   Code   RO         1392    .text               mc_w.l(uldiv.o)
    0x00015cce   0x00000024   Code   RO         1394    .text               mc_w.l(memcpya.o)
    0x00015cf2   0x00000024   Code   RO         1396    .text               mc_w.l(memseta.o)
    0x00015d16   0x0000000e   Code   RO         1398    .text               mc_w.l(strlen.o)
    0x00015d24   0x0000001c   Code   RO         1400    .text               mc_w.l(strcmp.o)
    0x00015d40   0x00000012   Code   RO         1402    .text               mc_w.l(strcpy.o)
    0x00015d52   0x00000002   PAD
    0x00015d54   0x00000038   Code   RO         1667    .text               mc_w.l(__0sscanf.o)
    0x00015d8c   0x000000da   Code   RO         1669    .text               mc_w.l(_scanf_str.o)
    0x00015e66   0x0000001a   Code   RO         1671    .text               mc_w.l(atoi.o)
    0x00015e80   0x000000b0   Code   RO         1673    .text               mf_w.l(fadd.o)
    0x00015f30   0x0000006c   Code   RO         1675    .text               mf_w.l(fmul.o)
    0x00015f9c   0x00000080   Code   RO         1677    .text               mf_w.l(fdiv.o)
    0x0001601c   0x0000014e   Code   RO         1679    .text               mf_w.l(dadd.o)
    0x0001616a   0x000000e4   Code   RO         1681    .text               mf_w.l(dmul.o)
    0x0001624e   0x000000de   Code   RO         1683    .text               mf_w.l(ddiv.o)
    0x0001632c   0x00000012   Code   RO         1685    .text               mf_w.l(fflti.o)
    0x0001633e   0x0000000a   Code   RO         1687    .text               mf_w.l(ffltui.o)
    0x00016348   0x0000001c   Code   RO         1689    .text               mf_w.l(ffltul.o)
    0x00016364   0x00000022   Code   RO         1691    .text               mf_w.l(dflti.o)
    0x00016386   0x0000001a   Code   RO         1693    .text               mf_w.l(dfltui.o)
    0x000163a0   0x00000028   Code   RO         1695    .text               mf_w.l(ffixui.o)
    0x000163c8   0x00000032   Code   RO         1697    .text               mf_w.l(dfixui.o)
    0x000163fa   0x00000026   Code   RO         1699    .text               mf_w.l(f2d.o)
    0x00016420   0x00000028   Code   RO         1701    .text               mf_w.l(cdcmple.o)
    0x00016448   0x00000038   Code   RO         1703    .text               mf_w.l(d2f.o)
    0x00016480   0x00000014   Code   RO         1705    .text               mf_w.l(cfcmple.o)
    0x00016494   0x0000002c   Code   RO         1753    .text               mc_w.l(uidiv.o)
    0x000164c0   0x0000001e   Code   RO         1755    .text               mc_w.l(llshl.o)
    0x000164de   0x00000020   Code   RO         1757    .text               mc_w.l(llushr.o)
    0x000164fe   0x00000024   Code   RO         1759    .text               mc_w.l(llsshr.o)
    0x00016522   0x00000002   PAD
    0x00016524   0x00000028   Code   RO         1768    .text               mc_w.l(scanf_char.o)
    0x0001654c   0x00000040   Code   RO         1770    .text               mc_w.l(_sgetc.o)
    0x0001658c   0x00000070   Code   RO         1772    .text               mc_w.l(strtol.o)
    0x000165fc   0x00000000   Code   RO         1774    .text               mc_w.l(iusefp.o)
    0x000165fc   0x0000006c   Code   RO         1775    .text               mf_w.l(fepilogue.o)
    0x00016668   0x000000be   Code   RO         1777    .text               mf_w.l(depilogue.o)
    0x00016726   0x0000002e   Code   RO         1779    .text               mf_w.l(dscalb.o)
    0x00016754   0x00000030   Code   RO         1781    .text               mf_w.l(dfixul.o)
    0x00016784   0x00000028   Code   RO         1783    .text               mf_w.l(cdrcmple.o)
    0x000167ac   0x00000024   Code   RO         1785    .text               mc_w.l(init.o)
    0x000167d0   0x00000008   Code   RO         1790    .text               mc_w.l(ctype_o.o)
    0x000167d8   0x00000012   Code   RO         1812    .text               mc_w.l(isspace_o.o)
    0x000167ea   0x00000002   PAD
    0x000167ec   0x0000032c   Code   RO         1818    .text               mc_w.l(_scanf.o)
    0x00016b18   0x0000009e   Code   RO         1820    .text               mc_w.l(_strtoul.o)
    0x00016bb6   0x000000a2   Code   RO         1823    .text               mf_w.l(dsqrt.o)
    0x00016c58   0x0000003e   Code   RO         1825    .text               mf_w.l(dfixi.o)
    0x00016c96   0x0000001c   Code   RO         1830    .text               mc_w.l(_chval.o)
    0x00016cb2   0x0000005c   Code   RO         1840    .text               mc_w.l(__dczerorl2.o)
    0x00016d0e   0x00000002   PAD
    0x00016d10   0x00000028   Code   RO         1641    i.__0sprintf        mc_w.l(printfa.o)
    0x00016d38   0x00000028   Code   RO         1712    i.__ARM_fpclassify  m_ws.l(fpclassify.o)
    0x00016d60   0x00000008   Code   RO         1761    i.__aeabi_errno_addr  mc_w.l(errno.o)
    0x00016d68   0x00000388   Code   RO         1717    i.__ieee754_rem_pio2  m_ws.l(rred.o)
    0x000170f0   0x000000fc   Code   RO         1707    i.__kernel_cos      m_ws.l(cos_i.o)
    0x000171ec   0x000000aa   Code   RO         1714    i.__kernel_poly     m_ws.l(poly.o)
    0x00017296   0x00000002   PAD
    0x00017298   0x000000ec   Code   RO         1722    i.__kernel_sin      m_ws.l(sin_i.o)
    0x00017384   0x00000010   Code   RO         1710    i.__mathlib_dbl_underflow  m_ws.l(dunder.o)
    0x00017394   0x0000000e   Code   RO         1834    i.__scatterload_copy  mc_w.l(handlers.o)
    0x000173a2   0x00000002   Code   RO         1835    i.__scatterload_null  mc_w.l(handlers.o)
    0x000173a4   0x0000000e   Code   RO         1836    i.__scatterload_zeroinit  mc_w.l(handlers.o)
    0x000173b2   0x00000002   PAD
    0x000173b4   0x0000000c   Code   RO         1763    i.__set_errno       mc_w.l(errno.o)
    0x000173c0   0x0000015c   Code   RO         1646    i._fp_digits        mc_w.l(printfa.o)
    0x0001751c   0x000006f0   Code   RO         1647    i._printf_core      mc_w.l(printfa.o)
    0x00017c0c   0x00000026   Code   RO         1648    i._printf_post_padding  mc_w.l(printfa.o)
    0x00017c32   0x00000030   Code   RO         1649    i._printf_pre_padding  mc_w.l(printfa.o)
    0x00017c62   0x0000000a   Code   RO         1651    i._sputc            mc_w.l(printfa.o)
    0x00017c6c   0x00000034   Code   RO         1196    i.add_server_id     TCP_CM3.lib(at_http.o)
    0x00017ca0   0x000000b8   Code   RO         1282    i.alloc_mem         TCP_CM3.lib(at_mem.o)
    0x00017d58   0x000000b8   Code   RO         1043    i.arp_cache_add     TCP_CM3.lib(at_arp.o)
    0x00017e10   0x00000088   Code   RO         1044    i.arp_cache_alloc   TCP_CM3.lib(at_arp.o)
    0x00017e98   0x00000098   Code   RO         1045    i.arp_cache_early   TCP_CM3.lib(at_arp.o)
    0x00017f30   0x000000b4   Code   RO         1046    i.arp_cache_find    TCP_CM3.lib(at_arp.o)
    0x00017fe4   0x000000f4   Code   RO         1049    i.arp_cache_update  TCP_CM3.lib(at_arp.o)
    0x000180d8   0x0000002c   Code   RO         1052    i.arp_init          TCP_CM3.lib(at_arp.o)
    0x00018104   0x00000034   Code   RO         1053    i.arp_is_cacheable  TCP_CM3.lib(at_arp.o)
    0x00018138   0x00000028   Code   RO         1054    i.arp_notify        TCP_CM3.lib(at_arp.o)
    0x00018160   0x00000088   Code   RO         1056    i.arp_proc_response  TCP_CM3.lib(at_arp.o)
    0x000181e8   0x00000138   Code   RO         1057    i.arp_process       TCP_CM3.lib(at_arp.o)
    0x00018320   0x000000a0   Code   RO         1058    i.arp_send_reply    TCP_CM3.lib(at_arp.o)
    0x000183c0   0x000000b8   Code   RO         1059    i.arp_send_request  TCP_CM3.lib(at_arp.o)
    0x00018478   0x0000001c   Code   RO         1283    i.avail_mem         TCP_CM3.lib(at_mem.o)
    0x00018494   0x00000078   Code   RO         1312    i.b64_to_asc        TCP_CM3.lib(at_lib.o)
    0x0001850c   0x00000012   Code   RO         1314    i.calc_chksum16be   TCP_CM3.lib(at_lib.o)
    0x0001851e   0x00000004   Code   RO         1197    i.cgx_content_type  TCP_CM3.lib(at_http.o)
    0x00018522   0x00000002   PAD
    0x00018524   0x000001cc   Code   RO         1198    i.chk_post_req      TCP_CM3.lib(at_http.o)
    0x000186f0   0x00000028   Code   RO         1315    i.chksum16_buf      TCP_CM3.lib(at_lib.o)
    0x00018718   0x0000000a   Code   RO         1316    i.chksum16_val      TCP_CM3.lib(at_lib.o)
    0x00018722   0x0000001e   Code   RO         1199    i.cmp_fname_ext     TCP_CM3.lib(at_http.o)
    0x00018740   0x00000028   Code   RO         1200    i.cmp_header        TCP_CM3.lib(at_http.o)
    0x00018768   0x00000010   Code   RO         1268    i.eth_chk_adr       TCP_CM3.lib(at_ethernet.o)
    0x00018778   0x00000034   Code   RO         1270    i.eth_init_link     TCP_CM3.lib(at_ethernet.o)
    0x000187ac   0x000000d4   Code   RO         1271    i.eth_run_link      TCP_CM3.lib(at_ethernet.o)
    0x00018880   0x000000a8   Code   RO         1272    i.eth_send_frame    TCP_CM3.lib(at_ethernet.o)
    0x00018928   0x00000084   Code   RO         1284    i.free_mem          TCP_CM3.lib(at_mem.o)
    0x000189ac   0x00000028   Code   RO         1318    i.get_crc32         TCP_CM3.lib(at_lib.o)
    0x000189d4   0x00000068   Code   RO         1201    i.get_file_type     TCP_CM3.lib(at_http.o)
    0x00018a3c   0x00000028   Code   RO         1202    i.get_next_field    TCP_CM3.lib(at_http.o)
    0x00018a64   0x00000032   Code   RO         1203    i.get_next_par      TCP_CM3.lib(at_http.o)
    0x00018a96   0x00000002   PAD
    0x00018a98   0x0000001c   Code   RO         1296    i.get_rnd32         TCP_CM3.lib(at_system.o)
    0x00018ab4   0x00000004   Code   RO         1205    i.http_accept_host  TCP_CM3.lib(at_http.o)
    0x00018ab8   0x000002bc   Code   RO         1206    i.http_add_header   TCP_CM3.lib(at_http.o)
    0x00018d74   0x00000004   Code   RO         1207    i.http_check_account  TCP_CM3.lib(at_http.o)
    0x00018d78   0x00000188   Code   RO         1209    i.http_error_msg    TCP_CM3.lib(at_http.o)
    0x00018f00   0x00000002   Code   RO         1361    i.http_fclose       TCP_CM3.lib(at_http_uif.o)
    0x00018f02   0x00000004   Code   RO         1362    i.http_fgets        TCP_CM3.lib(at_http_uif.o)
    0x00018f06   0x00000004   Code   RO         1210    i.http_file_access  TCP_CM3.lib(at_http.o)
    0x00018f0a   0x00000004   Code   RO         1363    i.http_finfo        TCP_CM3.lib(at_http_uif.o)
    0x00018f0e   0x00000004   Code   RO         1364    i.http_fopen        TCP_CM3.lib(at_http_uif.o)
    0x00018f12   0x00000004   Code   RO         1365    i.http_fread        TCP_CM3.lib(at_http_uif.o)
    0x00018f16   0x00000002   PAD
    0x00018f18   0x00000050   Code   RO         1217    i.http_init         TCP_CM3.lib(at_http.o)
    0x00018f68   0x0000005e   Code   RO         1218    i.http_kill_session  TCP_CM3.lib(at_http.o)
    0x00018fc6   0x00000002   PAD
    0x00018fc8   0x00000224   Code   RO         1219    i.http_listener     TCP_CM3.lib(at_http.o)
    0x000191ec   0x00000120   Code   RO         1220    i.http_open_file    TCP_CM3.lib(at_http.o)
    0x0001930c   0x00000154   Code   RO         1221    i.http_proc_header  TCP_CM3.lib(at_http.o)
    0x00019460   0x0000017c   Code   RO         1222    i.http_proc_multipart  TCP_CM3.lib(at_http.o)
    0x000195dc   0x000000f8   Code   RO         1223    i.http_proc_post    TCP_CM3.lib(at_http.o)
    0x000196d4   0x0000033c   Code   RO         1224    i.http_run_server   TCP_CM3.lib(at_http.o)
    0x00019a10   0x0000001e   Code   RO         1225    i.http_strcpy       TCP_CM3.lib(at_http.o)
    0x00019a2e   0x00000002   PAD
    0x00019a30   0x000000a8   Code   RO         1226    i.http_to_utc       TCP_CM3.lib(at_http.o)
    0x00019ad8   0x00000010   Code   RO         1093    i.icmp_init         TCP_CM3.lib(at_icmp.o)
    0x00019ae8   0x000000cc   Code   RO         1095    i.icmp_process      TCP_CM3.lib(at_icmp.o)
    0x00019bb4   0x00000048   Code   RO         1096    i.icmp_run_engine   TCP_CM3.lib(at_icmp.o)
    0x00019bfc   0x00000070   Code   RO         1097    i.icmp_send_message  TCP_CM3.lib(at_icmp.o)
    0x00019c6c   0x00000038   Code   RO         1285    i.ifree_mem         TCP_CM3.lib(at_mem.o)
    0x00019ca4   0x00000030   Code   RO         1297    i.init_TcpNet       TCP_CM3.lib(at_system.o)
    0x00019cd4   0x00000060   Code   RO         1286    i.init_mem          TCP_CM3.lib(at_mem.o)
    0x00019d34   0x000000c8   Code   RO         1079    i.ip_chk_frame      TCP_CM3.lib(at_ip.o)
    0x00019dfc   0x0000000a   Code   RO         1080    i.ip_get_chksum     TCP_CM3.lib(at_ip.o)
    0x00019e06   0x00000002   PAD
    0x00019e08   0x000000b8   Code   RO         1081    i.ip_get_locadr     TCP_CM3.lib(at_ip.o)
    0x00019ec0   0x0000000c   Code   RO         1082    i.ip_init           TCP_CM3.lib(at_ip.o)
    0x00019ecc   0x0000005c   Code   RO         1083    i.ip_run_local      TCP_CM3.lib(at_ip.o)
    0x00019f28   0x00000150   Code   RO         1084    i.ip_send_frame     TCP_CM3.lib(at_ip.o)
    0x0001a078   0x00000014   Code   RO         1319    i.is_subnet         TCP_CM3.lib(at_lib.o)
    0x0001a08c   0x00000064   Code   RO         1298    i.main_TcpNet       TCP_CM3.lib(at_system.o)
    0x0001a0f0   0x00000018   Code   RO         1320    i.mem_comp          TCP_CM3.lib(at_lib.o)
    0x0001a108   0x00000016   Code   RO         1321    i.mem_copy          TCP_CM3.lib(at_lib.o)
    0x0001a11e   0x00000020   Code   RO         1322    i.mem_crc32         TCP_CM3.lib(at_lib.o)
    0x0001a13e   0x0000000a   Code   RO         1324    i.mem_set           TCP_CM3.lib(at_lib.o)
    0x0001a148   0x00000014   Code   RO         1325    i.mem_test          TCP_CM3.lib(at_lib.o)
    0x0001a15c   0x00000016   Code   RO         1327    i.nrd_u32be         TCP_CM3.lib(at_lib.o)
    0x0001a172   0x00000010   Code   RO         1329    i.nwr_u32be         TCP_CM3.lib(at_lib.o)
    0x0001a182   0x00000002   PAD
    0x0001a184   0x000009e0   Code   RO         1372    i.pow               m_ws.l(pow.o)
    0x0001ab64   0x00000028   Code   RO         1227    i.proc_req_line     TCP_CM3.lib(at_http.o)
    0x0001ab8c   0x00000028   Code   RO         1273    i.put_in_queue      TCP_CM3.lib(at_ethernet.o)
    0x0001abb4   0x000000a0   Code   RO         1228    i.read_script_line  TCP_CM3.lib(at_http.o)
    0x0001ac54   0x00000048   Code   RO         1287    i.resize_mem        TCP_CM3.lib(at_mem.o)
    0x0001ac9c   0x0000004c   Code   RO         1229    i.search_delim      TCP_CM3.lib(at_http.o)
    0x0001ace8   0x000000b0   Code   RO         1382    i.sin               m_ws.l(sin.o)
    0x0001ad98   0x0000004c   Code   RO         1729    i.sqrt              m_ws.l(sqrt.o)
    0x0001ade4   0x00000012   Code   RO         1330    i.str_copy          TCP_CM3.lib(at_lib.o)
    0x0001adf6   0x0000001a   Code   RO         1331    i.str_crc32         TCP_CM3.lib(at_lib.o)
    0x0001ae10   0x00000016   Code   RO         1332    i.str_pos           TCP_CM3.lib(at_lib.o)
    0x0001ae26   0x0000001a   Code   RO         1333    i.str_scomp         TCP_CM3.lib(at_lib.o)
    0x0001ae40   0x00000050   Code   RO         1104    i.tcp_abort         TCP_CM3.lib(at_tcp.o)
    0x0001ae90   0x0000009c   Code   RO         1106    i.tcp_close         TCP_CM3.lib(at_tcp.o)
    0x0001af2c   0x00000020   Code   RO         1109    i.tcp_get_buf       TCP_CM3.lib(at_tcp.o)
    0x0001af4c   0x0000004c   Code   RO         1111    i.tcp_get_socket    TCP_CM3.lib(at_tcp.o)
    0x0001af98   0x00000024   Code   RO         1112    i.tcp_get_state     TCP_CM3.lib(at_tcp.o)
    0x0001afbc   0x00000018   Code   RO         1113    i.tcp_init          TCP_CM3.lib(at_tcp.o)
    0x0001afd4   0x0000006c   Code   RO         1115    i.tcp_listen        TCP_CM3.lib(at_tcp.o)
    0x0001b040   0x00000098   Code   RO         1116    i.tcp_map_socket    TCP_CM3.lib(at_tcp.o)
    0x0001b0d8   0x00000024   Code   RO         1117    i.tcp_max_dsize     TCP_CM3.lib(at_tcp.o)
    0x0001b0fc   0x0000005e   Code   RO         1119    i.tcp_parse_opt     TCP_CM3.lib(at_tcp.o)
    0x0001b15a   0x00000002   PAD
    0x0001b15c   0x00000284   Code   RO         1120    i.tcp_poll_sockets  TCP_CM3.lib(at_tcp.o)
    0x0001b3e0   0x000000c8   Code   RO         1121    i.tcp_proc_acknr    TCP_CM3.lib(at_tcp.o)
    0x0001b4a8   0x00000052   Code   RO         1122    i.tcp_proc_dupack   TCP_CM3.lib(at_tcp.o)
    0x0001b4fa   0x00000002   PAD
    0x0001b4fc   0x00000498   Code   RO         1123    i.tcp_process       TCP_CM3.lib(at_tcp.o)
    0x0001b994   0x0000001a   Code   RO         1124    i.tcp_que_free      TCP_CM3.lib(at_tcp.o)
    0x0001b9ae   0x0000001a   Code   RO         1125    i.tcp_que_init      TCP_CM3.lib(at_tcp.o)
    0x0001b9c8   0x00000094   Code   RO         1126    i.tcp_que_resend    TCP_CM3.lib(at_tcp.o)
    0x0001ba5c   0x000000d4   Code   RO         1130    i.tcp_send          TCP_CM3.lib(at_tcp.o)
    0x0001bb30   0x0000006a   Code   RO         1131    i.tcp_send_ctrl     TCP_CM3.lib(at_tcp.o)
    0x0001bb9a   0x00000050   Code   RO         1132    i.tcp_send_data     TCP_CM3.lib(at_tcp.o)
    0x0001bbea   0x00000068   Code   RO         1133    i.tcp_send_reset    TCP_CM3.lib(at_tcp.o)
    0x0001bc52   0x00000026   Code   RO         1134    i.tcp_set_cwnd      TCP_CM3.lib(at_tcp.o)
    0x0001bc78   0x00000068   Code   RO         1135    i.tcp_transit       TCP_CM3.lib(at_tcp.o)
    0x0001bce0   0x000000c4   Code   RO         1136    i.tcp_write         TCP_CM3.lib(at_tcp.o)
    0x0001bda4   0x00000014   Code   RO         1299    i.timer_tick        TCP_CM3.lib(at_system.o)
    0x0001bdb8   0x00000018   Code   RO         1175    i.udp_init          TCP_CM3.lib(at_udp.o)
    0x0001bdd0   0x000000b8   Code   RO         1180    i.udp_process       TCP_CM3.lib(at_udp.o)
    0x0001be88   0x000000e0   Code   RO         1230    i.utc_to_http       TCP_CM3.lib(at_http.o)
    0x0001bf68   0x00000090   Data   RO          209    .constdata          net_config.o
    0x0001bff8   0x00000704   Data   RO          291    .constdata          web.o
    0x0001c6fc   0x000005f0   Data   RO          909    .constdata          asciilib.o
    0x0001ccec   0x00000166   Data   RO          956    .constdata          uart0.o
    0x0001ce52   0x00000006   Data   RO         1060    .constdata          TCP_CM3.lib(at_arp.o)
    0x0001ce58   0x00000008   Data   RO         1085    .constdata          TCP_CM3.lib(at_ip.o)
    0x0001ce60   0x000000f4   Data   RO         1231    .constdata          TCP_CM3.lib(at_http.o)
    0x0001cf54   0x00000006   Data   RO         1275    .constdata          TCP_CM3.lib(at_ethernet.o)
    0x0001cf5a   0x00000056   Data   RO         1305    .constdata          TCP_CM3.lib(http_err.o)
    0x0001cfb0   0x00000051   Data   RO         1306    .constdata          TCP_CM3.lib(http_err.o)
    0x0001d001   0x0000004e   Data   RO         1307    .constdata          TCP_CM3.lib(http_err.o)
    0x0001d04f   0x0000004b   Data   RO         1308    .constdata          TCP_CM3.lib(http_err.o)
    0x0001d09a   0x0000002f   Data   RO         1309    .constdata          TCP_CM3.lib(http_err.o)
    0x0001d0c9   0x00000088   Data   RO         1310    .constdata          TCP_CM3.lib(http_err.o)
    0x0001d151   0x00000007   PAD
    0x0001d158   0x00000088   Data   RO         1373    .constdata          m_ws.l(pow.o)
    0x0001d1e0   0x00000030   Data   RO         1708    .constdata          m_ws.l(cos_i.o)
    0x0001d210   0x00000008   Data   RO         1716    .constdata          m_ws.l(qnan.o)
    0x0001d218   0x000000c8   Data   RO         1719    .constdata          m_ws.l(rred.o)
    0x0001d2e0   0x00000028   Data   RO         1723    .constdata          m_ws.l(sin_i.o)
    0x0001d308   0x00000081   Data   RO         1791    .constdata          mc_w.l(ctype_o.o)
    0x0001d389   0x00000003   PAD
    0x0001d38c   0x00000004   Data   RO         1792    .constdata          mc_w.l(ctype_o.o)
    0x0001d390   0x00000019   Data   RO          210    .conststring        net_config.o
    0x0001d3a9   0x00000003   PAD
    0x0001d3ac   0x00000040   Data   RO         1832    Region$$Table       anon$$obj.o


    Execution Region RW_IRAM1 (Base: 0x10000000, Size: 0x00006238, Max: 0x00008000, ABSOLUTE)

    Base Addr    Size         Type   Attr      Idx    E Section Name        Object

    0x10000000   0x00000010   Data   RW           48    .data               anemometro.o
    0x10000010   0x00000014   Data   RW          263    .data               emac_lpc17xx_lan8720.o
    0x10000024   0x0000000c   Data   RW          597    .data               ufono.o
    0x10000030   0x00000024   Data   RW          677    .data               lut.o
    0x10000054   0x00000004   Data   RW          701    .data               dma.o
    0x10000058   0x00000008   Data   RW          957    .data               uart0.o
    0x10000060   0x00000010   Data   RW         1006    .data               i2c.o
    0x10000070   0x00000008   Data   RW         1061    .data               TCP_CM3.lib(at_arp.o)
    0x10000078   0x0000000c   Data   RW         1232    .data               TCP_CM3.lib(at_http.o)
    0x10000084   0x00000004   Data   RW         1764    .data               mc_w.l(errno.o)
    0x10000088   0x00000017   Zero   RW          129    .bss                rtc.o
    0x1000009f   0x00005dc0   Zero   RW          564    .bss                ldr.o
    0x10005e5f   0x000000f2   Zero   RW          955    .bss                uart0.o
    0x10005f51   0x00000003   PAD
    0x10005f54   0x00000084   Zero   RW         1274    .bss                TCP_CM3.lib(at_ethernet.o)
    0x10005fd8   0x00000010   Zero   RW         1288    .bss                TCP_CM3.lib(at_mem.o)
    0x10005fe8   0x0000004c   Zero   RW         1300    .bss                TCP_CM3.lib(at_system.o)
    0x10006034   0x00000004   PAD
    0x10006038   0x00000200   Zero   RW          450    STACK               startup_lpc17xx.o


    Execution Region RW_IRAM2 (Base: 0x2007c000, Size: 0x0000623c, Max: 0x00008000, ABSOLUTE, COMPRESSED[0x00000108])

    Base Addr    Size         Type   Attr      Idx    E Section Name        Object

    0x2007c000   0x0000002a   Data   RW          211    .data               net_config.o
    0x2007c02a   0x000001bc   Data   RW          302    .data               statechart.o
    0x2007c1e6   0x00000002   PAD
    0x2007c1e8   0x0000004c   Data   RW          373    .data               touchpanel.o
    0x2007c234   0x00000013   Data   RW          396    .data               main.o
    0x2007c247   0x00000001   PAD
    0x2007c248   0x00000004   Data   RW          468    .data               system_lpc17xx.o
    0x2007c24c   0x0000000a   Data   RW          514    .data               timers.o
    0x2007c256   0x00000002   PAD
    0x2007c258   0x0000000c   Data   RW          565    .data               ldr.o
    0x2007c264   0x00000001   Data   RW          927    .data               glcd.o
    0x2007c265   0x00000003   PAD
    0x2007c268   0x00000008   Data   RW          983    .data               uart3.o
    0x2007c270   0x0000000c   Data   RW         1086    .data               TCP_CM3.lib(at_ip.o)
    0x2007c27c   0x00000004   Data   RW         1137    .data               TCP_CM3.lib(at_tcp.o)
    0x2007c280   0x000033ec   Zero   RW          208    .bss                net_config.o
    0x2007f66c   0x00000004   PAD
    0x2007f670   0x00002a64   Zero   RW          262    .bss                emac_lpc17xx_lan8720.o
    0x200820d4   0x0000000c   Zero   RW          372    .bss                touchpanel.o
    0x200820e0   0x00000034   Zero   RW          395    .bss                main.o
    0x20082114   0x00000010   Zero   RW          700    .bss                dma.o
    0x20082124   0x000000f2   Zero   RW          982    .bss                uart3.o
    0x20082216   0x00000016   Zero   RW         1005    .bss                i2c.o
    0x2008222c   0x00000010   Zero   RW         1098    .bss                TCP_CM3.lib(at_icmp.o)


==============================================================================

Image component sizes


      Code (inc. data)   RO Data    RW Data    ZI Data      Debug   Object Name

       388         48          0         16          0      20161   anemometro.o
        32          6       1520          0          0        975   asciilib.o
       228         36          0          0          0        716   configura.o
       220         28          0          0          0        866   dac.o
         0          0          0          0          0       8024   diskio.o
       136         42          0          4         16        984   dma.o
      1488        130          0         20      10852      42929   emac_lpc17xx_lan8720.o
     69888        342          0          1          0     186894   glcd.o
       560         74          0          0          0      10392   http_cgi.o
        16          0          0          0          0      13891   http_source.o
      1324         70          0         16         22       3866   i2c.o
       332          6          0          0          0       1432   i2clib.o
       488         72          0         12      24000       3831   ldr.o
       336         32          0          0          0       1779   lpc17xx_clkpwr.o
      1060         62          0          0          0       8279   lpc17xx_gpio.o
         4          0          0          0          0        799   lpc17xx_libcfg_default.o
       256          4          0          0          0       2169   lpc17xx_pinsel.o
      1720         62          0          0          0       6088   lpc17xx_ssp.o
       384         48          0         36          0       1555   lut.o
        16          0          0         19         52       1207   main.o
       116          8        169         42      13292       3169   net_config.o
       548         22          0          0          0       2039   onewirev2.o
       672         54          0          0          0       1065   pwm.o
       316         80          0          0         23      17588   rtc.o
         0          0          0          0          0       1232   spi_msd_driver.o
        40         12        204          0        512        904   startup_lpc17xx.o
      2980        712          0        444          0      13634   statechart.o
       792         78          0          4          0       1037   system_lpc17xx.o
       728         76          0         10          0      18482   timers.o
      2116         68          0         76         12       5545   touchpanel.o
      1100        434        358          8        242       2240   uart0.o
       340         34          0          8        242       1736   uart3.o
       264         30          0         12          0       1154   ufono.o
        44          8          0          0          0        418   uva30a.o
        40          6          0          0          0      24303   wdt.o
         0          0       1796          0          0        533   web.o

    ----------------------------------------------------------------------
     88972       2684       4114        736      49272     411916   Object Totals
         0          0         64          0          0          0   (incl. Generated)
         0          0          3          8          7          0   (incl. Padding)

    ----------------------------------------------------------------------

      Code (inc. data)   RO Data    RW Data    ZI Data      Debug   Library Member Name

      1824        138          6          8          0       1040   at_arp.o
       488         58          6          0        132        404   at_ethernet.o
      5388       1172        244         12          0       2116   at_http.o
        18          0          0          0          0        340   at_http_uif.o
       404         30          0          0         16        308   at_icmp.o
       834         56          8         12          0        520   at_ip.o
       486          6          0          0          0       1224   at_lib.o
       568         46          0          0         16        520   at_mem.o
       196         40          0          0         76        292   at_system.o
      3936        158          0          4          0       2008   at_tcp.o
       208         12          0          0          0        156   at_udp.o
         0          0        503          0          0          0   http_err.o
       252         22         48          0          0        124   cos_i.o
        16          6          0          0          0         68   dunder.o
        40          0          0          0          0         68   fpclassify.o
       170          0          0          0          0         96   poly.o
      2528        190        136          0          0        332   pow.o
         0          0          8          0          0          0   qnan.o
       904         72        200          0          0        140   rred.o
       176         10          0          0          0        116   sin.o
       236         12         40          0          0        128   sin_i.o
        76          0          0          0          0         84   sqrt.o
        56          8          0          0          0         84   __0sscanf.o
        92          0          0          0          0          0   __dczerorl2.o
        28          0          0          0          0         68   _chval.o
       812          6          0          0          0        112   _scanf.o
       218          0          0          0          0         96   _scanf_str.o
        64          0          0          0          0         84   _sgetc.o
       158          0          0          0          0         92   _strtoul.o
        26          0          0          0          0         80   atoi.o
         8          4        133          0          0         68   ctype_o.o
         0          0          0          0          0          0   entry.o
         0          0          0          0          0          0   entry10a.o
         0          0          0          0          0          0   entry11a.o
         8          4          0          0          0          0   entry2.o
         4          0          0          0          0          0   entry5.o
         0          0          0          0          0          0   entry7b.o
         0          0          0          0          0          0   entry8b.o
         8          4          0          0          0          0   entry9a.o
        20         10          0          4          0        136   errno.o
        30          0          0          0          0          0   handlers.o
        36          8          0          0          0         68   init.o
        18          0          0          0          0         76   isspace_o.o
         0          0          0          0          0          0   iusefp.o
        30          0          0          0          0         68   llshl.o
        36          0          0          0          0         68   llsshr.o
        32          0          0          0          0         68   llushr.o
        36          0          0          0          0         68   memcpya.o
        36          0          0          0          0        108   memseta.o
      2260         86          0          0          0        512   printfa.o
        40          8          0          0          0         84   scanf_char.o
        28          0          0          0          0         76   strcmp.o
        18          0          0          0          0         68   strcpy.o
        14          0          0          0          0         68   strlen.o
       112          0          0          0          0         88   strtol.o
        44          0          0          0          0         80   uidiv.o
        98          0          0          0          0         92   uldiv.o
        40          2          0          0          0         68   cdcmple.o
        40          2          0          0          0         68   cdrcmple.o
        20          0          0          0          0         68   cfcmple.o
        56          0          0          0          0         88   d2f.o
       334          0          0          0          0        148   dadd.o
       222          0          0          0          0        100   ddiv.o
       190          0          0          0          0        176   depilogue.o
        62          0          0          0          0         80   dfixi.o
        50          0          0          0          0         76   dfixui.o
        48          0          0          0          0         68   dfixul.o
        34          0          0          0          0         76   dflti.o
        26          0          0          0          0         76   dfltui.o
       228          0          0          0          0         96   dmul.o
        46          0          0          0          0         80   dscalb.o
       162          0          0          0          0        100   dsqrt.o
        38          0          0          0          0         68   f2d.o
       176          0          0          0          0        140   fadd.o
       128          0          0          0          0         88   fdiv.o
       108          0          0          0          0        168   fepilogue.o
        40          0          0          0          0         68   ffixui.o
        18          0          0          0          0         68   fflti.o
        10          0          0          0          0         68   ffltui.o
        28          0          0          0          0         84   ffltul.o
       108          0          0          0          0         76   fmul.o

    ----------------------------------------------------------------------
     25360       2170       1342         40        244      14692   Library Totals
        30          0         10          0          4          0   (incl. Padding)

    ----------------------------------------------------------------------

      Code (inc. data)   RO Data    RW Data    ZI Data      Debug   Library Name

     14350       1716        767         36        240       8928   TCP_CM3.lib
      4398        312        432          0          0       1156   m_ws.l
      4370        138        133          4          0       2412   mc_w.l
      2212          4          0          0          0       2196   mf_w.l

    ----------------------------------------------------------------------
     25360       2170       1342         40        244      14692   Library Totals

    ----------------------------------------------------------------------

==============================================================================


      Code (inc. data)   RO Data    RW Data    ZI Data      Debug   

    114332       4854       5456        776      49516     415220   Grand Totals
    114332       4854       5456        400      49516     415220   ELF Image Totals (compressed)
    114332       4854       5456        400          0          0   ROM Totals

==============================================================================

    Total RO  Size (Code + RO Data)               119788 ( 116.98kB)
    Total RW  Size (RW Data + ZI Data)             50292 (  49.11kB)
    Total ROM Size (Code + RO Data + RW Data)     120188 ( 117.37kB)

==============================================================================

