ARM Linker, 5.03 [Build 76] [MDK-ARM Professional]

==============================================================================

Section Cross References

    anemometro.o(.text) refers to ffltui.o(.text) for __aeabi_ui2f
    anemometro.o(.text) refers to fmul.o(.text) for __aeabi_fmul
    anemometro.o(.text) refers to fdiv.o(.text) for __aeabi_fdiv
    anemometro.o(.text) refers to anemometro.o(.data) for CAPcont
    anemometro.o(.text) refers to main.o(.data) for DATOS
    pwm.o(.text) refers to fdiv.o(.text) for __aeabi_fdiv
    pwm.o(.text) refers to ffixui.o(.text) for __aeabi_f2uiz
    pwm.o(.text) refers to f2d.o(.text) for __aeabi_f2d
    pwm.o(.text) refers to dmul.o(.text) for __aeabi_dmul
    pwm.o(.text) refers to d2f.o(.text) for __aeabi_d2f
    pwm.o(.text) refers to ffltui.o(.text) for __aeabi_ui2f
    pwm.o(.text) refers to fmul.o(.text) for __aeabi_fmul
    pwm.o(.text) refers to fadd.o(.text) for __aeabi_fsub
    pwm.o(.text) refers to main.o(.data) for COUNTERS
    rtc.o(.text) refers to printfa.o(i.__0sprintf) for __2sprintf
    rtc.o(.text) refers to main.o(.data) for COUNTERS
    rtc.o(.text) refers to rtc.o(.bss) for Clock
    http_source.o(.text) refers to at_system.o(i.init_TcpNet) for init_TcpNet
    http_source.o(.text) refers to at_system.o(i.main_TcpNet) for main_TcpNet
    net_config.o(.text) refers to at_ethernet.o(i.eth_init_link) for eth_init_link
    net_config.o(.text) refers to at_ip.o(i.ip_init) for ip_init
    net_config.o(.text) refers to at_icmp.o(i.icmp_init) for icmp_init
    net_config.o(.text) refers to at_udp.o(i.udp_init) for udp_init
    net_config.o(.text) refers to at_tcp.o(i.tcp_init) for tcp_init
    net_config.o(.text) refers to at_http.o(i.http_init) for http_init
    net_config.o(.text) refers to at_arp.o(i.arp_notify) for arp_notify
    net_config.o(.text) refers to at_ethernet.o(i.eth_run_link) for eth_run_link
    net_config.o(.text) refers to at_ip.o(i.ip_run_local) for ip_run_local
    net_config.o(.text) refers to at_icmp.o(i.icmp_run_engine) for icmp_run_engine
    net_config.o(.text) refers to at_tcp.o(i.tcp_poll_sockets) for tcp_poll_sockets
    net_config.o(.text) refers to at_http.o(i.http_run_server) for http_run_server
    net_config.o(.constdata) refers to net_config.o(.bss) for mem_pool
    net_config.o(.constdata) refers to net_config.o(.data) for lhost_name
    net_config.o(.constdata) refers to net_config.o(.conststring) for .conststring
    http_cgi.o(.text) refers to scanf_fp.o(.text) for _scanf_real
    http_cgi.o(.text) refers to _scanf_int.o(.text) for _scanf_int
    http_cgi.o(.text) refers to at_mem.o(i.alloc_mem) for alloc_mem
    http_cgi.o(.text) refers to at_http.o(i.http_get_var) for http_get_var
    http_cgi.o(.text) refers to at_lib.o(i.str_scomp) for str_scomp
    http_cgi.o(.text) refers to __0sscanf.o(.text) for __0sscanf
    http_cgi.o(.text) refers to at_mem.o(i.free_mem) for free_mem
    http_cgi.o(.text) refers to f2d.o(.text) for __aeabi_f2d
    http_cgi.o(.text) refers to printfa.o(i.__0sprintf) for __2sprintf
    http_cgi.o(.text) refers to statechart.o(.bss) for MODIFICABLES
    http_cgi.o(.text) refers to main.o(.data) for DATOS
    emac_lpc17xx_lan8720.o(.text) refers to net_config.o(.data) for own_hw_adr
    emac_lpc17xx_lan8720.o(.text) refers to emac_lpc17xx_lan8720.o(.bss) for tx_buf
    emac_lpc17xx_lan8720.o(.text) refers to emac_lpc17xx_lan8720.o(.data) for tout
    emac_lpc17xx_lan8720.o(.text) refers to at_mem.o(i.alloc_mem) for alloc_mem
    emac_lpc17xx_lan8720.o(.text) refers to at_ethernet.o(i.put_in_queue) for put_in_queue
    statechart.o(.text) refers to pwm.o(.text) for modificaPulso
    statechart.o(.text) refers to glcd.o(.text) for LCD_DrawLine
    statechart.o(.text) refers to strlen.o(.text) for strlen
    statechart.o(.text) refers to ffixi.o(.text) for __aeabi_f2iz
    statechart.o(.text) refers to printfa.o(i.__0sprintf) for __2sprintf
    statechart.o(.text) refers to statechart.o(.data) for pressedTouchPanel
    statechart.o(.text) refers to touchpanel.o(.data) for display
    statechart.o(.text) refers to statechart.o(.bss) for MODIFICABLES
    statechart.o(.text) refers to timers.o(.data) for contadorLUZ
    statechart.o(.text) refers to rtc.o(.bss) for Clock
    statechart.o(.text) refers to f2d.o(.text) for __aeabi_f2d
    statechart.o(.text) refers to fadd.o(.text) for __aeabi_fsub
    statechart.o(.text) refers to fmul.o(.text) for __aeabi_fmul
    statechart.o(.text) refers to fdiv.o(.text) for __aeabi_fdiv
    statechart.o(.text) refers to main.o(.data) for ACTUALIZADOR
    statechart.o(.text) refers to cfrcmple.o(.text) for __aeabi_cfrcmple
    statechart.o(.text) refers to cfcmple.o(.text) for __aeabi_cfcmple
    statechart.o(.text) refers to touchpanel.o(.text) for Read_Ads7846
    statechart.o(.text) refers to wdt.o(.text) for alimentaWDT
    statechart.o(.text) refers to lut.o(.text) for goto_LUT
    statechart.o(.text) refers to dac.o(.text) for activarDac
[...]
    _printf_u                                0x00000000   Number         0  stubs.o ABSOLUTE
    _printf_wc                               0x00000000   Number         0  stubs.o ABSOLUTE
    _printf_wctomb                           0x00000000   Number         0  stubs.o ABSOLUTE
    _printf_widthprec                        0x00000000   Number         0  stubs.o ABSOLUTE
    _printf_x                                0x00000000   Number         0  stubs.o ABSOLUTE
    __cpp_initialize__aeabi_                  - Undefined Weak Reference
    __cxa_finalize                            - Undefined Weak Reference
    _clock_init                               - Undefined Weak Reference
    _microlib_exit                            - Undefined Weak Reference
    _scanf_longlong                           - Undefined Weak Reference
    poll_ethernet                             - Undefined Weak Reference
    __main                                   0x000000cd   Thumb Code     0  entry.o(.ARM.Collect$$$$00000000)
    _main_stk                                0x000000cd   Thumb Code     0  entry2.o(.ARM.Collect$$$$00000001)
    _main_scatterload                        0x000000d1   Thumb Code     0  entry5.o(.ARM.Collect$$$$00000004)
    __main_after_scatterload                 0x000000d5   Thumb Code     0  entry5.o(.ARM.Collect$$$$00000004)
    _main_clock                              0x000000d5   Thumb Code     0  entry7b.o(.ARM.Collect$$$$00000008)
    _main_cpp_init                           0x000000d5   Thumb Code     0  entry8b.o(.ARM.Collect$$$$0000000A)
    _main_init                               0x000000d5   Thumb Code     0  entry9a.o(.ARM.Collect$$$$0000000B)
    __rt_final_cpp                           0x000000dd   Thumb Code     0  entry10a.o(.ARM.Collect$$$$0000000D)
    __rt_final_exit                          0x000000dd   Thumb Code     0  entry11a.o(.ARM.Collect$$$$0000000F)
    alimentaWDT                              0x000000e1   Thumb Code    12  wdt.o(.text)
    __configuraWDT__                         0x000000ed   Thumb Code    22  wdt.o(.text)
    __configuraAnemometro__                  0x00000109   Thumb Code   148  anemometro.o(.text)
    mideAnemometro                           0x0000019d   Thumb Code   192  anemometro.o(.text)
    __configuraWEB__                         0x0000028d   Thumb Code     8  http_source.o(.text)
    __mantenerTCP__                          0x00000295   Thumb Code     8  http_source.o(.text)
    main                                     0x0000029d   Thumb Code    16  main.o(.text)
    Reset_Handler                            0x000002ad   Thumb Code     8  startup_lpc17xx.o(.text)
    NMI_Handler                              0x000002b5   Thumb Code     2  startup_lpc17xx.o(.text)
    HardFault_Handler                        0x000002b7   Thumb Code     2  startup_lpc17xx.o(.text)
    MemManage_Handler                        0x000002b9   Thumb Code     2  startup_lpc17xx.o(.text)
    BusFault_Handler                         0x000002bb   Thumb Code     2  startup_lpc17xx.o(.text)
    UsageFault_Handler                       0x000002bd   Thumb Code     2  startup_lpc17xx.o(.text)
    SVC_Handler                              0x000002bf   Thumb Code     2  startup_lpc17xx.o(.text)
    DebugMon_Handler                         0x000002c1   Thumb Code     2  startup_lpc17xx.o(.text)
    PendSV_Handler                           0x000002c3   Thumb Code     2  startup_lpc17xx.o(.text)
    BOD_IRQHandler                           0x000002c7   Thumb Code     0  startup_lpc17xx.o(.text)
    CANActivity_IRQHandler                   0x000002c7   Thumb Code     0  startup_lpc17xx.o(.text)
    CAN_IRQHandler                           0x000002c7   Thumb Code     0  startup_lpc17xx.o(.text)
    DMA_IRQHandler                           0x000002c7   Thumb Code     0  startup_lpc17xx.o(.text)
    EINT0_IRQHandler                         0x000002c7   Thumb Code     0  startup_lpc17xx.o(.text)
    EINT1_IRQHandler                         0x000002c7   Thumb Code     0  startup_lpc17xx.o(.text)
    EINT2_IRQHandler                         0x000002c7   Thumb Code     0  startup_lpc17xx.o(.text)
    EINT3_IRQHandler                         0x000002c7   Thumb Code     0  startup_lpc17xx.o(.text)
    I2C0_IRQHandler                          0x000002c7   Thumb Code     0  startup_lpc17xx.o(.text)
    I2C1_IRQHandler                          0x000002c7   Thumb Code     0  startup_lpc17xx.o(.text)
    I2C2_IRQHandler                          0x000002c7   Thumb Code     0  startup_lpc17xx.o(.text)
    I2S_IRQHandler                           0x000002c7   Thumb Code     0  startup_lpc17xx.o(.text)
    MCPWM_IRQHandler                         0x000002c7   Thumb Code     0  startup_lpc17xx.o(.text)
    PLL0_IRQHandler                          0x000002c7   Thumb Code     0  startup_lpc17xx.o(.text)
    PLL1_IRQHandler                          0x000002c7   Thumb Code     0  startup_lpc17xx.o(.text)
    PWM1_IRQHandler                          0x000002c7   Thumb Code     0  startup_lpc17xx.o(.text)
    QEI_IRQHandler                           0x000002c7   Thumb Code     0  startup_lpc17xx.o(.text)
    RIT_IRQHandler                           0x000002c7   Thumb Code     0  startup_lpc17xx.o(.text)
    SPI_IRQHandler                           0x000002c7   Thumb Code     0  startup_lpc17xx.o(.text)
    SSP0_IRQHandler                          0x000002c7   Thumb Code     0  startup_lpc17xx.o(.text)
    SSP1_IRQHandler                          0x000002c7   Thumb Code     0  startup_lpc17xx.o(.text)
    UART1_IRQHandler                         0x000002c7   Thumb Code     0  startup_lpc17xx.o(.text)
    UART2_IRQHandler                         0x000002c7   Thumb Code     0  startup_lpc17xx.o(.text)
    UART3_IRQHandler                         0x000002c7   Thumb Code     0  startup_lpc17xx.o(.text)
    USBActivity_IRQHandler                   0x000002c7   Thumb Code     0  startup_lpc17xx.o(.text)
    USB_IRQHandler                           0x000002c7   Thumb Code     0  startup_lpc17xx.o(.text)
    WDT_IRQHandler                           0x000002c7   Thumb Code     0  startup_lpc17xx.o(.text)
    __configuraUVA30A__                      0x000002d1   Thumb Code    36  uva30a.o(.text)
    __configuraPWM__                         0x00000301   Thumb Code   384  pwm.o(.text)
    __RL_TCP_VER                             0x00000472   Number         0  at_system.o ABSOLUTE
    modificaPulso                            0x00000481   Thumb Code   240  pwm.o(.text)
    __configuraRTC__                         0x000005a1   Thumb Code   152  rtc.o(.text)
    RTC_IRQHandler                           0x00000639   Thumb Code    72  rtc.o(.text)
    sys_error                                0x000006d1   Thumb Code    36  net_config.o(.text)
    init_system                              0x000006f5   Thumb Code    34  net_config.o(.text)
    run_system                               0x00000717   Thumb Code    26  net_config.o(.text)
    igmp_is_member                           0x00000731   Thumb Code     4  net_config.o(.text)
    igmp_process                             0x00000735   Thumb Code     2  net_config.o(.text)
    dhcp_disable                             0x00000737   Thumb Code     2  net_config.o(.text)
    ppp_send_frame                           0x00000739   Thumb Code     4  net_config.o(.text)
    slip_send_frame                          0x0000073d   Thumb Code     4  net_config.o(.text)
    sntp_get_time                            0x00000741   Thumb Code     4  net_config.o(.text)
    cgi_process_var                          0x00000745   Thumb Code   188  http_cgi.o(.text)
    cgi_process_data                         0x00000801   Thumb Code     2  http_cgi.o(.text)
    cgi_func                                 0x00000803   Thumb Code   482  http_cgi.o(.text)
    int_enable_eth                           0x00000a71   Thumb Code    24  emac_lpc17xx_lan8720.o(.text)
    int_disable_eth                          0x00000a89   Thumb Code    18  emac_lpc17xx_lan8720.o(.text)
    setMac                                   0x00000a9b   Thumb Code   182  emac_lpc17xx_lan8720.o(.text)
    init_ethernet                            0x00000c61   Thumb Code   724  emac_lpc17xx_lan8720.o(.text)
    send_frame                               0x00000f35   Thumb Code    70  emac_lpc17xx_lan8720.o(.text)
    ENET_IRQHandler                          0x00000f7b   Thumb Code   156  emac_lpc17xx_lan8720.o(.text)
    zoneNewPressed                           0x00001041   Thumb Code   164  statechart.o(.text)
    squareButton                             0x000010e5   Thumb Code   258  statechart.o(.text)
    __pintaValores__                         0x000011e7   Thumb Code   342  statechart.o(.text)
    __pintaAjustes__                         0x0000133d   Thumb Code   532  statechart.o(.text)
    squareBox                                0x00001551   Thumb Code    62  statechart.o(.text)
    __pintaMedidas2__                        0x0000158f   Thumb Code  3024  statechart.o(.text)
    __pintaMedidas1__                        0x0000215f   Thumb Code   590  statechart.o(.text)
    __pintaInicio__                          0x000023ad   Thumb Code   716  statechart.o(.text)
    checkTouchPanel                          0x00002679   Thumb Code    36  statechart.o(.text)
    __mainLoop__                             0x0000269d   Thumb Code  1582  statechart.o(.text)
    __configuraLCD__                         0x00002ccb   Thumb Code    12  statechart.o(.text)
    __pintaCargandoInicio__                  0x00002cd7   Thumb Code    32  statechart.o(.text)
    __pintaCargandoSeno__                    0x00002cf7   Thumb Code    42  statechart.o(.text)
    __pintaCargandoConexion__                0x00002d21   Thumb Code    52  statechart.o(.text)
    __pintaCargandoIniciando__               0x00002d55   Thumb Code    62  statechart.o(.text)
    __pintaCargandoDone__                    0x00002d93   Thumb Code    72  statechart.o(.text)
    TP_Init                                  0x00002e89   Thumb Code   176  touchpanel.o(.text)
    Read_X                                   0x00002fb9   Thumb Code    42  touchpanel.o(.text)
    Read_Y                                   0x00002fe3   Thumb Code    42  touchpanel.o(.text)
    TP_GetAdXY                               0x0000300d   Thumb Code    34  touchpanel.o(.text)
    TP_DrawPoint                             0x0000302f   Thumb Code    64  touchpanel.o(.text)
    DrawCross                                0x0000306f   Thumb Code   356  touchpanel.o(.text)
    Read_Ads7846                             0x000031d3   Thumb Code   520  touchpanel.o(.text)
    setCalibrationMatrix                     0x000033db   Thumb Code   356  touchpanel.o(.text)
    getDisplayPoint                          0x0000353f   Thumb Code   238  touchpanel.o(.text)
    TouchPanel_Calibrate                     0x0000362d   Thumb Code   108  touchpanel.o(.text)
    SystemCoreClockUpdate                    0x000036cd   Thumb Code   424  system_lpc17xx.o(.text)
    SystemInit                               0x00003875   Thumb Code   290  system_lpc17xx.o(.text)
    __iniciaVariables__                      0x000039e5   Thumb Code    92  configura.o(.text)
    __configuraPrograma__                    0x00003a41   Thumb Code   180  configura.o(.text)
    __configuraSysTick__                     0x00003b39   Thumb Code    80  timers.o(.text)
    __configuraTimer0__                      0x00003b89   Thumb Code    94  timers.o(.text)
    SysTick_Handler                          0x00003be7   Thumb Code    70  timers.o(.text)
    __subServo                               0x00003d43   Thumb Code   362  timers.o(.text)
    TIMER0_IRQHandler                        0x00003ead   Thumb Code    26  timers.o(.text)
    TIMER1_IRQHandler                        0x00003ec7   Thumb Code    38  timers.o(.text)
    TIMER2_IRQHandler                        0x00003eed   Thumb Code     2  timers.o(.text)
    TIMER3_IRQHandler                        0x00003eef   Thumb Code     2  timers.o(.text)
    reiniciaCuenta                           0x00003f3d   Thumb Code    16  onewirev2.o(.text)
    inicializaT3                             0x00003f4d   Thumb Code    30  onewirev2.o(.text)
    __configuraOW__                          0x00003f6b   Thumb Code    12  onewirev2.o(.text)
    leerByte                                 0x00003f77   Thumb Code   164  onewirev2.o(.text)
    compruebaRespuesta                       0x0000401b   Thumb Code   188  onewirev2.o(.text)
    _delayUS                                 0x000040d7   Thumb Code    20  onewirev2.o(.text)
    mideTemperatura                          0x000040eb   Thumb Code   228  onewirev2.o(.text)
    __configuraLDR__                         0x000041f5   Thumb Code   124  ldr.o(.text)
    ADC_IRQHandler                           0x00004271   Thumb Code   292  ldr.o(.text)
    ponAudioDMA                              0x00004395   Thumb Code    14  ldr.o(.text)
    __configuraUFONO__                       0x000043f5   Thumb Code    56  ufono.o(.text)
    lanzaUFONO                               0x0000442d   Thumb Code   122  ufono.o(.text)
    recuperaContexto                         0x000044a7   Thumb Code    56  ufono.o(.text)
    __configuraDAC__                         0x000044fd   Thumb Code    44  dac.o(.text)
    escribirEnDac                            0x00004529   Thumb Code    52  dac.o(.text)
    activarDac                               0x0000455d   Thumb Code    20  dac.o(.text)
    desactivarDAC                            0x00004571   Thumb Code    62  dac.o(.text)
    goto_LUT                                 0x000045cd   Thumb Code   220  lut.o(.text)
    crearSeno                                0x000046a9   Thumb Code   104  lut.o(.text)
    ponTonoDMA                               0x00004711   Thumb Code    14  lut.o(.text)
    __configuraDMA__                         0x0000475d   Thumb Code    96  dma.o(.text)
    SSP_Init                                 0x0000485b   Thumb Code   100  lpc17xx_ssp.o(.text)
    SSP_DeInit                               0x000048bf   Thumb Code    60  lpc17xx_ssp.o(.text)
    SSP_GetDataSize                          0x000048fb   Thumb Code    34  lpc17xx_ssp.o(.text)
    SSP_ConfigStructInit                     0x0000491d   Thumb Code    22  lpc17xx_ssp.o(.text)
    SSP_Cmd                                  0x00004933   Thumb Code    68  lpc17xx_ssp.o(.text)
    SSP_LoopBackCmd                          0x00004977   Thumb Code    68  lpc17xx_ssp.o(.text)
    SSP_SlaveOutputCmd                       0x000049bb   Thumb Code    72  lpc17xx_ssp.o(.text)
    SSP_SendData                             0x00004a03   Thumb Code    36  lpc17xx_ssp.o(.text)
    SSP_ReceiveData                          0x00004a27   Thumb Code    34  lpc17xx_ssp.o(.text)
    SSP_ReadWrite                            0x00004a49   Thumb Code   604  lpc17xx_ssp.o(.text)
    SSP_GetStatus                            0x00004ca5   Thumb Code    80  lpc17xx_ssp.o(.text)
    SSP_IntConfig                            0x00004cf5   Thumb Code    58  lpc17xx_ssp.o(.text)
    SSP_GetRawIntStatus                      0x00004d2f   Thumb Code    76  lpc17xx_ssp.o(.text)
    SSP_GetRawIntStatusReg                   0x00004d7b   Thumb Code    34  lpc17xx_ssp.o(.text)
    SSP_GetIntStatus                         0x00004d9d   Thumb Code    76  lpc17xx_ssp.o(.text)
    SSP_ClearIntPending                      0x00004de9   Thumb Code    58  lpc17xx_ssp.o(.text)
    SSP_DMACmd                               0x00004e23   Thumb Code   100  lpc17xx_ssp.o(.text)
    PINSEL_ConfigTraceFunc                   0x00004f37   Thumb Code    34  lpc17xx_pinsel.o(.text)
    PINSEL_SetI2C0Pins                       0x00004f59   Thumb Code    16  lpc17xx_pinsel.o(.text)
    PINSEL_ConfigPin                         0x00004f69   Thumb Code    36  lpc17xx_pinsel.o(.text)
    GPIO_SetDir                              0x0000502d   Thumb Code    40  lpc17xx_gpio.o(.text)
    GPIO_SetValue                            0x00005055   Thumb Code    20  lpc17xx_gpio.o(.text)
    GPIO_ClearValue                          0x00005069   Thumb Code    20  lpc17xx_gpio.o(.text)
    GPIO_ReadValue                           0x0000507d   Thumb Code    22  lpc17xx_gpio.o(.text)
    GPIO_IntCmd                              0x00005093   Thumb Code    54  lpc17xx_gpio.o(.text)
    GPIO_GetIntStatus                        0x000050c9   Thumb Code    86  lpc17xx_gpio.o(.text)
    GPIO_ClearInt                            0x0000511f   Thumb Code    24  lpc17xx_gpio.o(.text)
    FIO_SetDir                               0x00005137   Thumb Code    20  lpc17xx_gpio.o(.text)
    FIO_SetValue                             0x0000514b   Thumb Code    16  lpc17xx_gpio.o(.text)
    FIO_ClearValue                           0x0000515b   Thumb Code    16  lpc17xx_gpio.o(.text)
    FIO_ReadValue                            0x0000516b   Thumb Code    12  lpc17xx_gpio.o(.text)
    FIO_IntCmd                               0x00005177   Thumb Code    20  lpc17xx_gpio.o(.text)
    FIO_GetIntStatus                         0x0000518b   Thumb Code    20  lpc17xx_gpio.o(.text)
    FIO_ClearInt                             0x0000519f   Thumb Code    16  lpc17xx_gpio.o(.text)
    FIO_SetMask                              0x000051af   Thumb Code    40  lpc17xx_gpio.o(.text)
    FIO_HalfWordSetDir                       0x000051d7   Thumb Code    62  lpc17xx_gpio.o(.text)
    FIO_HalfWordSetMask                      0x00005215   Thumb Code    62  lpc17xx_gpio.o(.text)
    FIO_HalfWordSetValue                     0x00005253   Thumb Code    32  lpc17xx_gpio.o(.text)
    FIO_HalfWordClearValue                   0x00005273   Thumb Code    32  lpc17xx_gpio.o(.text)
    FIO_HalfWordReadValue                    0x00005293   Thumb Code    30  lpc17xx_gpio.o(.text)
    FIO_ByteSetDir                           0x000052b1   Thumb Code    50  lpc17xx_gpio.o(.text)
    FIO_ByteSetMask                          0x000052e3   Thumb Code    66  lpc17xx_gpio.o(.text)
    FIO_ByteSetValue                         0x00005325   Thumb Code    34  lpc17xx_gpio.o(.text)
    FIO_ByteClearValue                       0x00005347   Thumb Code    34  lpc17xx_gpio.o(.text)
    FIO_ByteReadValue                        0x00005369   Thumb Code    76  lpc17xx_gpio.o(.text)
    CLKPWR_SetPCLKDiv                        0x000053b5   Thumb Code   106  lpc17xx_clkpwr.o(.text)
    CLKPWR_GetPCLKSEL                        0x0000541f   Thumb Code    32  lpc17xx_clkpwr.o(.text)
    CLKPWR_GetPCLK                           0x0000543f   Thumb Code    58  lpc17xx_clkpwr.o(.text)
    CLKPWR_ConfigPPWR                        0x00005479   Thumb Code    50  lpc17xx_clkpwr.o(.text)
    CLKPWR_Sleep                             0x000054ab   Thumb Code    10  lpc17xx_clkpwr.o(.text)
    CLKPWR_DeepSleep                         0x000054b5   Thumb Code    16  lpc17xx_clkpwr.o(.text)
    CLKPWR_PowerDown                         0x000054c5   Thumb Code    16  lpc17xx_clkpwr.o(.text)
    CLKPWR_DeepPowerDown                     0x000054d5   Thumb Code    16  lpc17xx_clkpwr.o(.text)
    check_failed                             0x00005505   Thumb Code     4  lpc17xx_libcfg_default.o(.text)
    GetASCIICode                             0x00005509   Thumb Code    26  asciilib.o(.text)
    LCD_Initializtion                        0x00005573   Thumb Code 63088  glcd.o(.text)
    LCD_Clear                                0x00014be3   Thumb Code  2744  glcd.o(.text)
    LCD_GetPoint                             0x000156b5   Thumb Code  2218  glcd.o(.text)
    LCD_SetPoint                             0x00015f5f   Thumb Code  1304  glcd.o(.text)
    LCD_DrawLine                             0x00016477   Thumb Code   250  glcd.o(.text)
    PutChar                                  0x00016571   Thumb Code   100  glcd.o(.text)
    GUI_Text                                 0x000165d5   Thumb Code    80  glcd.o(.text)
    __configuraUART0__                       0x00016629   Thumb Code    18  uart0.o(.text)
    procesarComando                          0x0001663b   Thumb Code   352  uart0.o(.text)
    UART0_MandaBufferTx                      0x00016807   Thumb Code    42  uart0.o(.text)
    UART0_IRQHandler                         0x000169bd   Thumb Code   118  uart.o(.text)
    tx_cadena_UART0                          0x00016a33   Thumb Code    32  uart.o(.text)
    uart0_init                               0x00016b4d   Thumb Code    76  uart.o(.text)
    __calibraBMP                             0x00016bbd   Thumb Code   630  i2c.o(.text)
    __configuraI2C__                         0x00016e33   Thumb Code     8  i2c.o(.text)
    procesarDato                             0x00016e3b   Thumb Code   106  i2c.o(.text)
    pedirDato                                0x00016ea5   Thumb Code    52  i2c.o(.text)
    irRegistro                               0x00016ed9   Thumb Code    20  i2c.o(.text)
    pedirDatoReg                             0x00016eed   Thumb Code    22  i2c.o(.text)
    obtenerDato                              0x00016f03   Thumb Code    50  i2c.o(.text)
    mandaDato                                0x00016f35   Thumb Code    32  i2c.o(.text)
    medirBMP                                 0x00016f55   Thumb Code   410  i2c.o(.text)
    I2Cdelay                                 0x00017105   Thumb Code    14  i2clib.o(.text)
    pulso_SCL                                0x00017113   Thumb Code    24  i2clib.o(.text)
    I2CSendByte                              0x0001712b   Thumb Code    74  i2clib.o(.text)
    I2CSendAddr                              0x00017175   Thumb Code    80  i2clib.o(.text)
    I2CGetByte                               0x000171c5   Thumb Code   100  i2clib.o(.text)
    I2CSendStop                              0x00017229   Thumb Code    34  i2clib.o(.text)
    __aeabi_uldivmod                         0x00017251   Thumb Code    98  uldiv.o(.text)
    __aeabi_memcpy                           0x000172b3   Thumb Code    36  memcpya.o(.text)
    __aeabi_memcpy4                          0x000172b3   Thumb Code     0  memcpya.o(.text)
    __aeabi_memcpy8                          0x000172b3   Thumb Code     0  memcpya.o(.text)
    __aeabi_memset                           0x000172d7   Thumb Code    14  memseta.o(.text)
    __aeabi_memset4                          0x000172d7   Thumb Code     0  memseta.o(.text)
    __aeabi_memset8                          0x000172d7   Thumb Code     0  memseta.o(.text)
    __aeabi_memclr                           0x000172e5   Thumb Code     4  memseta.o(.text)
    __aeabi_memclr4                          0x000172e5   Thumb Code     0  memseta.o(.text)
    __aeabi_memclr8                          0x000172e5   Thumb Code     0  memseta.o(.text)
    _memset$wrapper                          0x000172e9   Thumb Code    18  memseta.o(.text)
    strlen                                   0x000172fb   Thumb Code    14  strlen.o(.text)
    strcmp                                   0x00017309   Thumb Code    28  strcmp.o(.text)
    strcpy                                   0x00017325   Thumb Code    18  strcpy.o(.text)
    __0sscanf                                0x00017339   Thumb Code    48  __0sscanf.o(.text)
    _scanf_int                               0x00017371   Thumb Code   336  _scanf_int.o(.text)
    _scanf_string                            0x000174c1   Thumb Code   218  _scanf_str.o(.text)
    _scanf_real                              0x0001769d   Thumb Code     0  scanf_fp.o(.text)
    _scanf_really_real                       0x0001769d   Thumb Code   560  scanf_fp.o(.text)
    atoi                                     0x000178d9   Thumb Code    26  atoi.o(.text)
    __aeabi_fadd                             0x000178f3   Thumb Code   164  fadd.o(.text)
    __aeabi_fsub                             0x00017997   Thumb Code     6  fadd.o(.text)
    __aeabi_frsub                            0x0001799d   Thumb Code     6  fadd.o(.text)
    __aeabi_fmul                             0x000179a3   Thumb Code   108  fmul.o(.text)
    __aeabi_fdiv                             0x00017a0f   Thumb Code   128  fdiv.o(.text)
    __aeabi_dadd                             0x00017a8f   Thumb Code   322  dadd.o(.text)
    __aeabi_dsub                             0x00017bd1   Thumb Code     6  dadd.o(.text)
    __aeabi_drsub                            0x00017bd7   Thumb Code     6  dadd.o(.text)
    __aeabi_dmul                             0x00017bdd   Thumb Code   228  dmul.o(.text)
    __aeabi_ddiv                             0x00017cc1   Thumb Code   222  ddiv.o(.text)
    __aeabi_i2f                              0x00017d9f   Thumb Code    18  fflti.o(.text)
    __aeabi_ui2f                             0x00017db1   Thumb Code    10  ffltui.o(.text)
    __aeabi_i2d                              0x00017dbb   Thumb Code    34  dflti.o(.text)
    __aeabi_ui2d                             0x00017ddd   Thumb Code    26  dfltui.o(.text)
    __aeabi_f2iz                             0x00017df7   Thumb Code    50  ffixi.o(.text)
    __aeabi_f2uiz                            0x00017e29   Thumb Code    40  ffixui.o(.text)
    __aeabi_d2uiz                            0x00017e51   Thumb Code    50  dfixui.o(.text)
    __aeabi_f2d                              0x00017e83   Thumb Code    38  f2d.o(.text)
    __aeabi_cdcmpeq                          0x00017ea9   Thumb Code     0  cdcmple.o(.text)
    __aeabi_cdcmple                          0x00017ea9   Thumb Code    38  cdcmple.o(.text)
    __aeabi_d2f                              0x00017ed1   Thumb Code    56  d2f.o(.text)
    __aeabi_cfcmpeq                          0x00017f09   Thumb Code     0  cfcmple.o(.text)
    __aeabi_cfcmple                          0x00017f09   Thumb Code    20  cfcmple.o(.text)
    __aeabi_cfrcmple                         0x00017f1d   Thumb Code    20  cfrcmple.o(.text)
    __aeabi_uidiv                            0x00017f31   Thumb Code     0  uidiv.o(.text)
    __aeabi_uidivmod                         0x00017f31   Thumb Code    44  uidiv.o(.text)
    __aeabi_llsl                             0x00017f5d   Thumb Code    30  llshl.o(.text)
    _ll_shift_l                              0x00017f5d   Thumb Code     0  llshl.o(.text)
    __aeabi_llsr                             0x00017f7b   Thumb Code    32  llushr.o(.text)
    _ll_ushift_r                             0x00017f7b   Thumb Code     0  llushr.o(.text)
    __aeabi_lasr                             0x00017f9b   Thumb Code    36  llsshr.o(.text)
    _ll_sshift_r                             0x00017f9b   Thumb Code     0  llsshr.o(.text)
    _chval                                   0x00017fbf   Thumb Code    28  _chval.o(.text)
    __vfscanf_char                           0x00017fe9   Thumb Code    20  scanf_char.o(.text)
    _sgetc                                   0x00018005   Thumb Code    30  _sgetc.o(.text)
    _sbackspace                              0x00018023   Thumb Code    34  _sgetc.o(.text)
    strtol                                   0x00018045   Thumb Code   112  strtol.o(.text)
    __I$use$fp                               0x000180b5   Thumb Code     0  iusefp.o(.text)
    _float_round                             0x000180b5   Thumb Code    18  fepilogue.o(.text)
    _float_epilogue                          0x000180c7   Thumb Code    90  fepilogue.o(.text)
    _double_round                            0x00018121   Thumb Code    26  depilogue.o(.text)
    _double_epilogue                         0x0001813b   Thumb Code   164  depilogue.o(.text)
    __ARM_scalbn                             0x000181df   Thumb Code    46  dscalb.o(.text)
    scalbn                                   0x000181df   Thumb Code     0  dscalb.o(.text)
    __aeabi_ul2d                             0x0001820d   Thumb Code    24  dfltul.o(.text)
    __aeabi_d2ulz                            0x00018225   Thumb Code    48  dfixul.o(.text)
    __aeabi_cdrcmple                         0x00018255   Thumb Code    38  cdrcmple.o(.text)
    __scatterload                            0x0001827d   Thumb Code    28  init.o(.text)
    __scatterload_rt2                        0x0001827d   Thumb Code     0  init.o(.text)
    __rt_ctype_table                         0x000182a1   Thumb Code     4  ctype_o.o(.text)
    isspace                                  0x000182a9   Thumb Code    18  isspace_o.o(.text)
    __vfscanf                                0x000182bd   Thumb Code   806  _scanf.o(.text)
    _strtoul                                 0x000185e9   Thumb Code   158  _strtoul.o(.text)
    _dsqrt                                   0x00018687   Thumb Code   162  dsqrt.o(.text)
    __aeabi_d2iz                             0x00018729   Thumb Code    62  dfixi.o(.text)
    __decompress                             0x00018767   Thumb Code     0  __dczerorl2.o(.text)
    __decompress1                            0x00018767   Thumb Code    92  __dczerorl2.o(.text)
    __0sprintf                               0x000187c5   Thumb Code    34  printfa.o(i.__0sprintf)
    __1sprintf                               0x000187c5   Thumb Code     0  printfa.o(i.__0sprintf)
    __2sprintf                               0x000187c5   Thumb Code     0  printfa.o(i.__0sprintf)
    __c89sprintf                             0x000187c5   Thumb Code     0  printfa.o(i.__0sprintf)
    sprintf                                  0x000187c5   Thumb Code     0  printfa.o(i.__0sprintf)
    __ARM_fpclassify                         0x000187ed   Thumb Code    40  fpclassify.o(i.__ARM_fpclassify)
    __aeabi_errno_addr                       0x00018815   Thumb Code     4  errno.o(i.__aeabi_errno_addr)
    __rt_errno_addr                          0x00018815   Thumb Code     0  errno.o(i.__aeabi_errno_addr)
    __ieee754_rem_pio2                       0x0001881d   Thumb Code   832  rred.o(i.__ieee754_rem_pio2)
    __kernel_cos                             0x00018ba5   Thumb Code   230  cos_i.o(i.__kernel_cos)
    __kernel_poly                            0x00018ca1   Thumb Code   170  poly.o(i.__kernel_poly)
    __kernel_sin                             0x00018d4d   Thumb Code   224  sin_i.o(i.__kernel_sin)
    __mathlib_dbl_underflow                  0x00018e39   Thumb Code    10  dunder.o(i.__mathlib_dbl_underflow)
    __scatterload_copy                       0x00018e49   Thumb Code    14  handlers.o(i.__scatterload_copy)
    __scatterload_null                       0x00018e57   Thumb Code     2  handlers.o(i.__scatterload_null)
    __scatterload_zeroinit                   0x00018e59   Thumb Code    14  handlers.o(i.__scatterload_zeroinit)
    __set_errno                              0x00018e69   Thumb Code     6  errno.o(i.__set_errno)
    _is_digit                                0x00018fd1   Thumb Code    14  scanf_fp.o(i._is_digit)
    alloc_mem                                0x00019765   Thumb Code   174  at_mem.o(i.alloc_mem)
    arp_cache_add                            0x0001981d   Thumb Code   174  at_arp.o(i.arp_cache_add)
    arp_cache_early                          0x0001995d   Thumb Code   142  at_arp.o(i.arp_cache_early)
    arp_cache_find                           0x000199f5   Thumb Code   168  at_arp.o(i.arp_cache_find)
    arp_cache_update                         0x00019aa9   Thumb Code   228  at_arp.o(i.arp_cache_update)
    arp_init                                 0x00019b9d   Thumb Code    34  at_arp.o(i.arp_init)
    arp_notify                               0x00019bfd   Thumb Code    26  at_arp.o(i.arp_notify)
    arp_process                              0x00019cad   Thumb Code   294  at_arp.o(i.arp_process)
    avail_mem                                0x00019f3d   Thumb Code    22  at_mem.o(i.avail_mem)
    b64_to_asc                               0x00019f59   Thumb Code   120  at_lib.o(i.b64_to_asc)
    calc_chksum16be                          0x00019fd1   Thumb Code    18  at_lib.o(i.calc_chksum16be)
    cgx_content_type                         0x00019fe3   Thumb Code     4  at_http.o(i.cgx_content_type)
    chksum16_buf                             0x0001a1b5   Thumb Code    40  at_lib.o(i.chksum16_buf)
    chksum16_val                             0x0001a1dd   Thumb Code    10  at_lib.o(i.chksum16_val)
    cos                                      0x0001a22d   Thumb Code   164  cos.o(i.cos)
    eth_chk_adr                              0x0001a2d9   Thumb Code    10  at_ethernet.o(i.eth_chk_adr)
    eth_init_link                            0x0001a2e9   Thumb Code    40  at_ethernet.o(i.eth_init_link)
    eth_run_link                             0x0001a31d   Thumb Code   194  at_ethernet.o(i.eth_run_link)
    eth_send_frame                           0x0001a3f1   Thumb Code   150  at_ethernet.o(i.eth_send_frame)
    free_mem                                 0x0001a499   Thumb Code   124  at_mem.o(i.free_mem)
    get_rnd32                                0x0001a609   Thumb Code    18  at_system.o(i.get_rnd32)
    http_accept_host                         0x0001a637   Thumb Code     4  at_http.o(i.http_accept_host)
    http_check_account                       0x0001a8f9   Thumb Code     4  at_http.o(i.http_check_account)
    http_fclose                              0x0001aa85   Thumb Code     2  at_http_uif.o(i.http_fclose)
    http_fgets                               0x0001aa87   Thumb Code     4  at_http_uif.o(i.http_fgets)
    http_file_access                         0x0001aa8b   Thumb Code     4  at_http.o(i.http_file_access)
    http_finfo                               0x0001aa8f   Thumb Code     4  at_http_uif.o(i.http_finfo)
    http_fopen                               0x0001aa93   Thumb Code     4  at_http_uif.o(i.http_fopen)
    http_fread                               0x0001aa97   Thumb Code     4  at_http_uif.o(i.http_fread)
    http_get_var                             0x0001aa9d   Thumb Code   104  at_http.o(i.http_get_var)
    http_init                                0x0001ab09   Thumb Code    72  at_http.o(i.http_init)
    http_run_server                          0x0001b2c5   Thumb Code   816  at_http.o(i.http_run_server)
    icmp_init                                0x0001b6c9   Thumb Code    10  at_icmp.o(i.icmp_init)
    icmp_process                             0x0001b6d9   Thumb Code   198  at_icmp.o(i.icmp_process)
    icmp_run_engine                          0x0001b7a5   Thumb Code    58  at_icmp.o(i.icmp_run_engine)
    ifree_mem                                0x0001b85d   Thumb Code    48  at_mem.o(i.ifree_mem)
    init_TcpNet                              0x0001b895   Thumb Code    38  at_system.o(i.init_TcpNet)
    init_mem                                 0x0001b8c5   Thumb Code    86  at_mem.o(i.init_mem)
    ip_chk_frame                             0x0001b925   Thumb Code   190  at_ip.o(i.ip_chk_frame)
    ip_get_locadr                            0x0001b9f9   Thumb Code   166  at_ip.o(i.ip_get_locadr)
    ip_init                                  0x0001bab1   Thumb Code     8  at_ip.o(i.ip_init)
    ip_run_local                             0x0001babd   Thumb Code    82  at_ip.o(i.ip_run_local)
    ip_send_frame                            0x0001bb19   Thumb Code   328  at_ip.o(i.ip_send_frame)
    is_subnet                                0x0001bc69   Thumb Code    20  at_lib.o(i.is_subnet)
    main_TcpNet                              0x0001bc7d   Thumb Code    86  at_system.o(i.main_TcpNet)
    mem_comp                                 0x0001bce1   Thumb Code    24  at_lib.o(i.mem_comp)
    mem_copy                                 0x0001bcf9   Thumb Code    22  at_lib.o(i.mem_copy)
    mem_crc32                                0x0001bd0f   Thumb Code    32  at_lib.o(i.mem_crc32)
    mem_set                                  0x0001bd2f   Thumb Code    10  at_lib.o(i.mem_set)
    mem_test                                 0x0001bd39   Thumb Code    20  at_lib.o(i.mem_test)
    nrd_u32be                                0x0001bd4d   Thumb Code    22  at_lib.o(i.nrd_u32be)
    nwr_u32be                                0x0001bd63   Thumb Code    16  at_lib.o(i.nwr_u32be)
    pow                                      0x0001bd75   Thumb Code  2510  pow.o(i.pow)
    put_in_queue                             0x0001c77d   Thumb Code    36  at_ethernet.o(i.put_in_queue)
    resize_mem                               0x0001c845   Thumb Code    68  at_mem.o(i.resize_mem)
    sqrt                                     0x0001c8d9   Thumb Code    76  sqrt.o(i.sqrt)
    str_copy                                 0x0001c925   Thumb Code    18  at_lib.o(i.str_copy)
    str_crc32                                0x0001c937   Thumb Code    26  at_lib.o(i.str_crc32)
    str_pos                                  0x0001c951   Thumb Code    22  at_lib.o(i.str_pos)
    str_scomp                                0x0001c967   Thumb Code    26  at_lib.o(i.str_scomp)
    tcp_abort                                0x0001c981   Thumb Code    76  at_tcp.o(i.tcp_abort)
    tcp_close                                0x0001c9d1   Thumb Code   150  at_tcp.o(i.tcp_close)
    tcp_get_buf                              0x0001ca6d   Thumb Code    32  at_tcp.o(i.tcp_get_buf)
    tcp_get_socket                           0x0001ca8d   Thumb Code    70  at_tcp.o(i.tcp_get_socket)
    tcp_get_state                            0x0001cad9   Thumb Code    32  at_tcp.o(i.tcp_get_state)
    tcp_init                                 0x0001cafd   Thumb Code    18  at_tcp.o(i.tcp_init)
    tcp_listen                               0x0001cb15   Thumb Code   102  at_tcp.o(i.tcp_listen)
    tcp_max_dsize                            0x0001cc19   Thumb Code    30  at_tcp.o(i.tcp_max_dsize)
    tcp_poll_sockets                         0x0001cc9d   Thumb Code   630  at_tcp.o(i.tcp_poll_sockets)
    tcp_process                              0x0001d03d   Thumb Code  1164  at_tcp.o(i.tcp_process)
    tcp_send                                 0x0001d59d   Thumb Code   204  at_tcp.o(i.tcp_send)
    timer_tick                               0x0001d8e5   Thumb Code    14  at_system.o(i.timer_tick)
    udp_init                                 0x0001d8f9   Thumb Code    18  at_udp.o(i.udp_init)
    udp_process                              0x0001d911   Thumb Code   178  at_udp.o(i.udp_process)
    nlocalm                                  0x0001daa8   Data          60  net_config.o(.constdata)
    sys_config                               0x0001dae4   Data          16  net_config.o(.constdata)
    arp_config                               0x0001daf4   Data          12  net_config.o(.constdata)
    udp_config                               0x0001db00   Data           8  net_config.o(.constdata)
    tcp_config                               0x0001db08   Data          24  net_config.o(.constdata)
    http_config                              0x0001db20   Data          24  net_config.o(.constdata)
    FileMD                                   0x0001db38   Data           4  web.o(.constdata)
    FileTab                                  0x0001e3ec   Data          16  web.o(.constdata)
    IP_Broadcast                             0x0001eb58   Data           4  at_ip.o(.constdata)
    MAC_Broadcast                            0x0001ec54   Data           6  at_ethernet.o(.constdata)
    http_err_401                             0x0001ec5a   Data          86  http_err.o(.constdata)
    http_err_403                             0x0001ecb0   Data          81  http_err.o(.constdata)
    http_err_404                             0x0001ed01   Data          78  http_err.o(.constdata)
    http_err_501                             0x0001ed4f   Data          75  http_err.o(.constdata)
    http_err_head                            0x0001ed9a   Data          47  http_err.o(.constdata)
    http_err_foot                            0x0001edc9   Data         136  http_err.o(.constdata)
    __mathlib_zero                           0x0001ef10   Data           8  qnan.o(.constdata)
    __ctype_table                            0x0001f008   Data         129  ctype_o.o(.constdata)
    Region$$Table$$Base                      0x0001f0ac   Number         0  anon$$obj.o(Region$$Table)
    Region$$Table$$Limit                     0x0001f0dc   Number         0  anon$$obj.o(Region$$Table)
    CAPcont                                  0x10000000   Data           1  anemometro.o(.data)
    SLAYERcont                               0x10000001   Data           1  anemometro.o(.data)
    CLKbuff                                  0x10000004   Data           8  anemometro.o(.data)
    aux_viento                               0x1000000c   Data           4  anemometro.o(.data)
    lhost_name                               0x10000010   Data          16  net_config.o(.data)
    own_hw_adr                               0x10000020   Data           6  net_config.o(.data)
    iap_entry                                0x1000003c   Data           4  emac_lpc17xx_lan8720.o(.data)
    Modo_energetico                          0x10000050   Data           1  statechart.o(.data)
    Modo_brillo                              0x10000051   Data           1  statechart.o(.data)
    __brilloFade                             0x10000052   Data           1  statechart.o(.data)
    __brilloAuto                             0x10000053   Data           1  statechart.o(.data)
    zona_0                                   0x10000054   Data          10  statechart.o(.data)
    zona_1                                   0x1000005e   Data          10  statechart.o(.data)
    zona_2                                   0x10000068   Data          10  statechart.o(.data)
    zona_3                                   0x10000072   Data          10  statechart.o(.data)
    zona_4                                   0x1000007c   Data          10  statechart.o(.data)
    zona_5                                   0x10000086   Data          10  statechart.o(.data)
    zona_6                                   0x10000090   Data          10  statechart.o(.data)
    zona_7                                   0x1000009a   Data          10  statechart.o(.data)
    zona_8                                   0x100000a4   Data          10  statechart.o(.data)
    zona_9                                   0x100000ae   Data          10  statechart.o(.data)
    zona_10                                  0x100000b8   Data          10  statechart.o(.data)
    zona_11                                  0x100000c2   Data          10  statechart.o(.data)
    zona_12                                  0x100000cc   Data          10  statechart.o(.data)
    zona_13                                  0x100000d6   Data          10  statechart.o(.data)
    zona_14                                  0x100000e0   Data          10  statechart.o(.data)
    zona_15                                  0x100000ea   Data          10  statechart.o(.data)
    zona_16                                  0x100000f4   Data          10  statechart.o(.data)
    zona_17                                  0x100000fe   Data          10  statechart.o(.data)
    zona_18                                  0x10000108   Data          10  statechart.o(.data)
    zona_19                                  0x10000112   Data          10  statechart.o(.data)
    zona_20                                  0x1000011c   Data          10  statechart.o(.data)
    zona_21                                  0x10000126   Data          10  statechart.o(.data)
    zona_22                                  0x10000130   Data          10  statechart.o(.data)
    zona_23                                  0x1000013a   Data          10  statechart.o(.data)
    zona_24                                  0x10000144   Data          10  statechart.o(.data)
    zona_25                                  0x1000014e   Data          10  statechart.o(.data)
    zona_26                                  0x10000158   Data          10  statechart.o(.data)
    zona_27                                  0x10000162   Data          10  statechart.o(.data)
    zona_28                                  0x1000016c   Data          10  statechart.o(.data)
    zona_29                                  0x10000176   Data          10  statechart.o(.data)
    zona_30                                  0x10000180   Data          10  statechart.o(.data)
    zona_31                                  0x1000018a   Data          10  statechart.o(.data)
    zona_27m                                 0x10000194   Data          10  statechart.o(.data)
    zona_28m                                 0x1000019e   Data          10  statechart.o(.data)
    zona_29m                                 0x100001a8   Data          10  statechart.o(.data)
    zona_30m                                 0x100001b2   Data          10  statechart.o(.data)
    zona_27M                                 0x100001bc   Data          10  statechart.o(.data)
    zona_28M                                 0x100001c6   Data          10  statechart.o(.data)
    zona_29M                                 0x100001d0   Data          10  statechart.o(.data)
    zona_30M                                 0x100001da   Data          10  statechart.o(.data)
    zona_32                                  0x100001e4   Data          10  statechart.o(.data)
    zona_32n                                 0x100001ee   Data          10  statechart.o(.data)
    zona_33                                  0x100001f8   Data          10  statechart.o(.data)
    zona_34                                  0x10000202   Data          10  statechart.o(.data)
    zona_34n                                 0x1000020c   Data          10  statechart.o(.data)
    zona_35                                  0x10000216   Data          10  statechart.o(.data)
    zona_350                                 0x10000220   Data          10  statechart.o(.data)
    zona_351                                 0x1000022a   Data          10  statechart.o(.data)
    zona_352                                 0x10000234   Data          10  statechart.o(.data)
    zona_353                                 0x1000023e   Data          10  statechart.o(.data)
    zona_354                                 0x10000248   Data          10  statechart.o(.data)
    zona_355                                 0x10000252   Data          10  statechart.o(.data)
    zona_356                                 0x1000025c   Data          10  statechart.o(.data)
    zona_357                                 0x10000266   Data          10  statechart.o(.data)
    zona_358                                 0x10000270   Data          10  statechart.o(.data)
    zona_359                                 0x1000027a   Data          10  statechart.o(.data)
    zona_330                                 0x10000284   Data          10  statechart.o(.data)
    zona_331                                 0x1000028e   Data          10  statechart.o(.data)
    zona_332                                 0x10000298   Data          10  statechart.o(.data)
    zona_333                                 0x100002a2   Data          10  statechart.o(.data)
    zona_334                                 0x100002ac   Data          10  statechart.o(.data)
    zona_335                                 0x100002b6   Data          10  statechart.o(.data)
    zona_336                                 0x100002c0   Data          10  statechart.o(.data)
    zona_337                                 0x100002ca   Data          10  statechart.o(.data)
    zona_338                                 0x100002d4   Data          10  statechart.o(.data)
    zona_339                                 0x100002de   Data          10  statechart.o(.data)
    zona_lo0                                 0x100002e8   Data          10  statechart.o(.data)
    zona_lo1                                 0x100002f2   Data          10  statechart.o(.data)
    zona_lo20                                0x100002fc   Data          10  statechart.o(.data)
    zona_lo21                                0x10000306   Data          10  statechart.o(.data)
    zona_lo22                                0x10000310   Data          10  statechart.o(.data)
    zona_lo23                                0x1000031a   Data          10  statechart.o(.data)
    pressedTouchPanel                        0x10000324   Data           1  statechart.o(.data)
    Aux8                                     0x10000325   Data           1  statechart.o(.data)
    matrix                                   0x10000328   Data          56  touchpanel.o(.data)
    DisplaySample                            0x10000360   Data          12  touchpanel.o(.data)
    display                                  0x10000370   Data           4  touchpanel.o(.data)
    DATOS                                    0x10000374   Data           4  main.o(.data)
    ESTADO                                   0x10000378   Data           4  main.o(.data)
    COUNTERS                                 0x1000037c   Data           4  main.o(.data)
    ACTUALIZADOR                             0x10000380   Data           4  main.o(.data)
    objESTADO                                0x10000384   Data           1  main.o(.data)
    objACTUALIZADOR                          0x10000385   Data           2  main.o(.data)
    SystemCoreClock                          0x10000388   Data           4  system_lpc17xx.o(.data)
    TIM0_ticks                               0x1000038c   Data           1  timers.o(.data)
    Timer2_MODO                              0x1000038d   Data           1  timers.o(.data)
    CAP11_BUFF                               0x10000390   Data           4  timers.o(.data)
    contadorLUZ                              0x10000394   Data           2  timers.o(.data)
    p                                        0x10000398   Data           4  onewirev2.o(.data)
    Checksum                                 0x1000039c   Data           1  onewirev2.o(.data)
    BUFFER_BRILLO                            0x100003a0   Data           4  ldr.o(.data)
    BUFFER_UVA                               0x100003a4   Data           4  ldr.o(.data)
    contador                                 0x100003a8   Data           4  ldr.o(.data)
    YaPuedesMedir                            0x100003ac   Data           1  ufono.o(.data)
    ADC_ConfigBuffer                         0x100003b0   Data           4  ufono.o(.data)
    ADC_IntenBuffer                          0x100003b4   Data           4  ufono.o(.data)
    Brillo2ciclo_LDR                         0x100003b8   Data          14  lut.o(.data)
    Brillo_LDR                               0x100003c6   Data          22  lut.o(.data)
    LMD                                      0x100003dc   Data           4  dma.o(.data)
    _pprx                                    0x100003e8   Data           1  uart0.o(.data)
    ptr_rx                                   0x100003f0   Data           4  uart.o(.data)
    rx_completa                              0x100003f4   Data           1  uart.o(.data)
    ptr_tx                                   0x100003f8   Data           4  uart.o(.data)
    tx_completa                              0x100003fc   Data           1  uart.o(.data)
    TemperaturaConBmp                        0x10000400   Data           1  i2c.o(.data)
    LecturaBMP0                              0x10000401   Data           1  i2c.o(.data)
    LecturaBMP1                              0x10000402   Data           1  i2c.o(.data)
    LecturaBMP                               0x10000404   Data           2  i2c.o(.data)
    temperatura                              0x10000408   Data           4  i2c.o(.data)
    presion                                  0x1000040c   Data           4  i2c.o(.data)
    Clock                                    0x10000438   Data          23  rtc.o(.bss)
    MODIFICABLES                             0x10000450   Data          24  statechart.o(.bss)
    buffer                                   0x10000468   Data          23  statechart.o(.bss)
    ScreenSample                             0x10000480   Data          12  touchpanel.o(.bss)
    objDATOS                                 0x1000048c   Data          36  main.o(.bss)
    objCOUNTERS                              0x100004b0   Data          16  main.o(.bss)
    TRAZA                                    0x100004c0   Data         400  onewirev2.o(.bss)
    HOLD                                     0x10000650   Data         400  onewirev2.o(.bss)
    AUDIO                                    0x100007e0   Data       16000  ldr.o(.bss)
    PREGRABADA                               0x10004660   Data          32  lut.o(.bss)
    LMDobj                                   0x10004680   Data          16  dma.o(.bss)
    UART0_BUFFER_RX                          0x10004690   Data         121  uart0.o(.bss)
    UART0_BUFFER_TX                          0x10004709   Data         121  uart0.o(.bss)
    bufferx                                  0x10004782   Data          30  uart.o(.bss)
    COEF                                     0x100047a0   Data          22  i2c.o(.bss)
    localm                                   0x1000485c   Data          60  at_system.o(.bss)
    sys_control                              0x10004898   Data          16  at_system.o(.bss)
    __initial_sp                             0x10004aa8   Data           0  startup_lpc17xx.o(STACK)



==============================================================================

Memory Map of the image

  Image Entry point : 0x000000cd

  Load Region LR_IROM1 (Base: 0x00000000, Size: 0x0001f514, Max: 0x00080000, ABSOLUTE, COMPRESSED[0x0001f26c])

    Execution Region ER_IROM1 (Base: 0x00000000, Size: 0x0001f0dc, Max: 0x00080000, ABSOLUTE)

    Base Addr    Size         Type   Attr      Idx    E Section Name        Object

    0x00000000   0x000000cc   Data   RO          450    RESET               startup_lpc17xx.o
    0x000000cc   0x00000000   Code   RO         1402  * .ARM.Collect$$$$00000000  mc_w.l(entry.o)
    0x000000cc   0x00000004   Code   RO         1757    .ARM.Collect$$$$00000001  mc_w.l(entry2.o)
    0x000000d0   0x00000004   Code   RO         1760    .ARM.Collect$$$$00000004  mc_w.l(entry5.o)
    0x000000d4   0x00000000   Code   RO         1762    .ARM.Collect$$$$00000008  mc_w.l(entry7b.o)
    0x000000d4   0x00000000   Code   RO         1764    .ARM.Collect$$$$0000000A  mc_w.l(entry8b.o)
    0x000000d4   0x00000008   Code   RO         1765    .ARM.Collect$$$$0000000B  mc_w.l(entry9a.o)
    0x000000dc   0x00000000   Code   RO         1767    .ARM.Collect$$$$0000000D  mc_w.l(entry10a.o)
    0x000000dc   0x00000000   Code   RO         1769    .ARM.Collect$$$$0000000F  mc_w.l(entry11a.o)
    0x000000dc   0x00000004   Code   RO         1758    .ARM.Collect$$$$00002712  mc_w.l(entry2.o)
    0x000000e0   0x00000028   Code   RO            2    .text               wdt.o
    0x00000108   0x00000184   Code   RO           47    .text               anemometro.o
    0x0000028c   0x00000010   Code   RO          162    .text               http_source.o
    0x0000029c   0x00000010   Code   RO          392    .text               main.o
    0x000002ac   0x00000024   Code   RO          452    .text               startup_lpc17xx.o
    0x000002d0   0x0000002c   Code   RO          627    .text               uva30a.o
    0x000002fc   0x00000004   Code   RO          451    .ARM.__at_0x02FC    startup_lpc17xx.o
    0x00000300   0x000002a0   Code   RO          108    .text               pwm.o
    0x000005a0   0x00000130   Code   RO          128    .text               rtc.o
    0x000006d0   0x00000074   Code   RO          207    .text               net_config.o
    0x00000744   0x0000032c   Code   RO          235    .text               http_cgi.o
    0x00000a70   0x000005d0   Code   RO          261    .text               emac_lpc17xx_lan8720.o
    0x00001040   0x00001e48   Code   RO          301    .text               statechart.o
    0x00002e88   0x00000844   Code   RO          369    .text               touchpanel.o
    0x000036cc   0x00000318   Code   RO          465    .text               system_lpc17xx.o
    0x000039e4   0x00000134   Code   RO          491    .text               configura.o
    0x00003b18   0x00000424   Code   RO          511    .text               timers.o
    0x00003f3c   0x000002b8   Code   RO          541    .text               onewirev2.o
    0x000041f4   0x00000200   Code   RO          565    .text               ldr.o
    0x000043f4   0x00000108   Code   RO          598    .text               ufono.o
    0x000044fc   0x000000d0   Code   RO          646    .text               dac.o
    0x000045cc   0x00000190   Code   RO          678    .text               lut.o
    0x0000475c   0x0000007c   Code   RO          702    .text               dma.o
    0x000047d8   0x000006b8   Code   RO          832    .text               lpc17xx_ssp.o
    0x00004e90   0x00000100   Code   RO          854    .text               lpc17xx_pinsel.o
    0x00004f90   0x00000424   Code   RO          870    .text               lpc17xx_gpio.o
    0x000053b4   0x00000150   Code   RO          886    .text               lpc17xx_clkpwr.o
    0x00005504   0x00000004   Code   RO          901    .text               lpc17xx_libcfg_default.o
    0x00005508   0x00000020   Code   RO          913    .text               asciilib.o
    0x00005528   0x00011100   Code   RO          931    .text               glcd.o
    0x00016628   0x00000394   Code   RO          959    .text               uart0.o
    0x000169bc   0x00000200   Code   RO          990    .text               uart.o
    0x00016bbc   0x00000548   Code   RO         1017    .text               i2c.o
    0x00017104   0x0000014c   Code   RO         1041    .text               i2clib.o
    0x00017250   0x00000062   Code   RO         1405    .text               mc_w.l(uldiv.o)
    0x000172b2   0x00000024   Code   RO         1407    .text               mc_w.l(memcpya.o)
    0x000172d6   0x00000024   Code   RO         1409    .text               mc_w.l(memseta.o)
    0x000172fa   0x0000000e   Code   RO         1411    .text               mc_w.l(strlen.o)
    0x00017308   0x0000001c   Code   RO         1413    .text               mc_w.l(strcmp.o)
    0x00017324   0x00000012   Code   RO         1415    .text               mc_w.l(strcpy.o)
    0x00017336   0x00000002   PAD
    0x00017338   0x00000038   Code   RO         1680    .text               mc_w.l(__0sscanf.o)
    0x00017370   0x00000150   Code   RO         1682    .text               mc_w.l(_scanf_int.o)
    0x000174c0   0x000000da   Code   RO         1684    .text               mc_w.l(_scanf_str.o)
    0x0001759a   0x00000002   PAD
    0x0001759c   0x0000033c   Code   RO         1686    .text               mc_w.l(scanf_fp.o)
    0x000178d8   0x0000001a   Code   RO         1690    .text               mc_w.l(atoi.o)
    0x000178f2   0x000000b0   Code   RO         1692    .text               mf_w.l(fadd.o)
    0x000179a2   0x0000006c   Code   RO         1694    .text               mf_w.l(fmul.o)
    0x00017a0e   0x00000080   Code   RO         1696    .text               mf_w.l(fdiv.o)
    0x00017a8e   0x0000014e   Code   RO         1698    .text               mf_w.l(dadd.o)
    0x00017bdc   0x000000e4   Code   RO         1700    .text               mf_w.l(dmul.o)
    0x00017cc0   0x000000de   Code   RO         1702    .text               mf_w.l(ddiv.o)
    0x00017d9e   0x00000012   Code   RO         1704    .text               mf_w.l(fflti.o)
    0x00017db0   0x0000000a   Code   RO         1706    .text               mf_w.l(ffltui.o)
    0x00017dba   0x00000022   Code   RO         1708    .text               mf_w.l(dflti.o)
    0x00017ddc   0x0000001a   Code   RO         1710    .text               mf_w.l(dfltui.o)
    0x00017df6   0x00000032   Code   RO         1712    .text               mf_w.l(ffixi.o)
    0x00017e28   0x00000028   Code   RO         1714    .text               mf_w.l(ffixui.o)
    0x00017e50   0x00000032   Code   RO         1716    .text               mf_w.l(dfixui.o)
    0x00017e82   0x00000026   Code   RO         1718    .text               mf_w.l(f2d.o)
    0x00017ea8   0x00000028   Code   RO         1720    .text               mf_w.l(cdcmple.o)
    0x00017ed0   0x00000038   Code   RO         1722    .text               mf_w.l(d2f.o)
    0x00017f08   0x00000014   Code   RO         1724    .text               mf_w.l(cfcmple.o)
    0x00017f1c   0x00000014   Code   RO         1726    .text               mf_w.l(cfrcmple.o)
    0x00017f30   0x0000002c   Code   RO         1774    .text               mc_w.l(uidiv.o)
    0x00017f5c   0x0000001e   Code   RO         1776    .text               mc_w.l(llshl.o)
    0x00017f7a   0x00000020   Code   RO         1778    .text               mc_w.l(llushr.o)
    0x00017f9a   0x00000024   Code   RO         1780    .text               mc_w.l(llsshr.o)
    0x00017fbe   0x0000001c   Code   RO         1789    .text               mc_w.l(_chval.o)
    0x00017fda   0x00000002   PAD
    0x00017fdc   0x00000028   Code   RO         1791    .text               mc_w.l(scanf_char.o)
    0x00018004   0x00000040   Code   RO         1793    .text               mc_w.l(_sgetc.o)
    0x00018044   0x00000070   Code   RO         1795    .text               mc_w.l(strtol.o)
    0x000180b4   0x00000000   Code   RO         1797    .text               mc_w.l(iusefp.o)
    0x000180b4   0x0000006c   Code   RO         1798    .text               mf_w.l(fepilogue.o)
    0x00018120   0x000000be   Code   RO         1800    .text               mf_w.l(depilogue.o)
    0x000181de   0x0000002e   Code   RO         1802    .text               mf_w.l(dscalb.o)
    0x0001820c   0x00000018   Code   RO         1804    .text               mf_w.l(dfltul.o)
    0x00018224   0x00000030   Code   RO         1806    .text               mf_w.l(dfixul.o)
    0x00018254   0x00000028   Code   RO         1808    .text               mf_w.l(cdrcmple.o)
    0x0001827c   0x00000024   Code   RO         1810    .text               mc_w.l(init.o)
    0x000182a0   0x00000008   Code   RO         1815    .text               mc_w.l(ctype_o.o)
    0x000182a8   0x00000012   Code   RO         1837    .text               mc_w.l(isspace_o.o)
    0x000182ba   0x00000002   PAD
    0x000182bc   0x0000032c   Code   RO         1843    .text               mc_w.l(_scanf.o)
    0x000185e8   0x0000009e   Code   RO         1845    .text               mc_w.l(_strtoul.o)
    0x00018686   0x000000a2   Code   RO         1848    .text               mf_w.l(dsqrt.o)
    0x00018728   0x0000003e   Code   RO         1850    .text               mf_w.l(dfixi.o)
    0x00018766   0x0000005c   Code   RO         1863    .text               mc_w.l(__dczerorl2.o)
    0x000187c2   0x00000002   PAD
    0x000187c4   0x00000028   Code   RO         1654    i.__0sprintf        mc_w.l(printfa.o)
    0x000187ec   0x00000028   Code   RO         1733    i.__ARM_fpclassify  m_ws.l(fpclassify.o)
    0x00018814   0x00000008   Code   RO         1782    i.__aeabi_errno_addr  mc_w.l(errno.o)
    0x0001881c   0x00000388   Code   RO         1738    i.__ieee754_rem_pio2  m_ws.l(rred.o)
    0x00018ba4   0x000000fc   Code   RO         1728    i.__kernel_cos      m_ws.l(cos_i.o)
    0x00018ca0   0x000000aa   Code   RO         1735    i.__kernel_poly     m_ws.l(poly.o)
    0x00018d4a   0x00000002   PAD
    0x00018d4c   0x000000ec   Code   RO         1743    i.__kernel_sin      m_ws.l(sin_i.o)
    0x00018e38   0x00000010   Code   RO         1731    i.__mathlib_dbl_underflow  m_ws.l(dunder.o)
    0x00018e48   0x0000000e   Code   RO         1857    i.__scatterload_copy  mc_w.l(handlers.o)
    0x00018e56   0x00000002   Code   RO         1858    i.__scatterload_null  mc_w.l(handlers.o)
    0x00018e58   0x0000000e   Code   RO         1859    i.__scatterload_zeroinit  mc_w.l(handlers.o)
    0x00018e66   0x00000002   PAD
    0x00018e68   0x0000000c   Code   RO         1784    i.__set_errno       mc_w.l(errno.o)
    0x00018e74   0x0000015c   Code   RO         1659    i._fp_digits        mc_w.l(printfa.o)
    0x00018fd0   0x0000000e   Code   RO         1688    i._is_digit         mc_w.l(scanf_fp.o)
    0x00018fde   0x00000002   PAD
    0x00018fe0   0x000006f0   Code   RO         1660    i._printf_core      mc_w.l(printfa.o)
    0x000196d0   0x00000026   Code   RO         1661    i._printf_post_padding  mc_w.l(printfa.o)
    0x000196f6   0x00000030   Code   RO         1662    i._printf_pre_padding  mc_w.l(printfa.o)
    0x00019726   0x0000000a   Code   RO         1664    i._sputc            mc_w.l(printfa.o)
    0x00019730   0x00000034   Code   RO         1209    i.add_server_id     TCP_CM3.lib(at_http.o)
    0x00019764   0x000000b8   Code   RO         1345    i.alloc_mem         TCP_CM3.lib(at_mem.o)
    0x0001981c   0x000000b8   Code   RO         1056    i.arp_cache_add     TCP_CM3.lib(at_arp.o)
    0x000198d4   0x00000088   Code   RO         1057    i.arp_cache_alloc   TCP_CM3.lib(at_arp.o)
    0x0001995c   0x00000098   Code   RO         1058    i.arp_cache_early   TCP_CM3.lib(at_arp.o)
    0x000199f4   0x000000b4   Code   RO         1059    i.arp_cache_find    TCP_CM3.lib(at_arp.o)
    0x00019aa8   0x000000f4   Code   RO         1062    i.arp_cache_update  TCP_CM3.lib(at_arp.o)
    0x00019b9c   0x0000002c   Code   RO         1065    i.arp_init          TCP_CM3.lib(at_arp.o)
    0x00019bc8   0x00000034   Code   RO         1066    i.arp_is_cacheable  TCP_CM3.lib(at_arp.o)
    0x00019bfc   0x00000028   Code   RO         1067    i.arp_notify        TCP_CM3.lib(at_arp.o)
    0x00019c24   0x00000088   Code   RO         1069    i.arp_proc_response  TCP_CM3.lib(at_arp.o)
    0x00019cac   0x00000138   Code   RO         1070    i.arp_process       TCP_CM3.lib(at_arp.o)
    0x00019de4   0x000000a0   Code   RO         1071    i.arp_send_reply    TCP_CM3.lib(at_arp.o)
    0x00019e84   0x000000b8   Code   RO         1072    i.arp_send_request  TCP_CM3.lib(at_arp.o)
    0x00019f3c   0x0000001c   Code   RO         1346    i.avail_mem         TCP_CM3.lib(at_mem.o)
    0x00019f58   0x00000078   Code   RO         1296    i.b64_to_asc        TCP_CM3.lib(at_lib.o)
    0x00019fd0   0x00000012   Code   RO         1298    i.calc_chksum16be   TCP_CM3.lib(at_lib.o)
    0x00019fe2   0x00000004   Code   RO         1210    i.cgx_content_type  TCP_CM3.lib(at_http.o)
    0x00019fe6   0x00000002   PAD
    0x00019fe8   0x000001cc   Code   RO         1211    i.chk_post_req      TCP_CM3.lib(at_http.o)
    0x0001a1b4   0x00000028   Code   RO         1299    i.chksum16_buf      TCP_CM3.lib(at_lib.o)
    0x0001a1dc   0x0000000a   Code   RO         1300    i.chksum16_val      TCP_CM3.lib(at_lib.o)
    0x0001a1e6   0x0000001e   Code   RO         1212    i.cmp_fname_ext     TCP_CM3.lib(at_http.o)
    0x0001a204   0x00000028   Code   RO         1213    i.cmp_header        TCP_CM3.lib(at_http.o)
    0x0001a22c   0x000000ac   Code   RO         1385    i.cos               m_ws.l(cos.o)
    0x0001a2d8   0x00000010   Code   RO         1281    i.eth_chk_adr       TCP_CM3.lib(at_ethernet.o)
    0x0001a2e8   0x00000034   Code   RO         1283    i.eth_init_link     TCP_CM3.lib(at_ethernet.o)
    0x0001a31c   0x000000d4   Code   RO         1284    i.eth_run_link      TCP_CM3.lib(at_ethernet.o)
    0x0001a3f0   0x000000a8   Code   RO         1285    i.eth_send_frame    TCP_CM3.lib(at_ethernet.o)
    0x0001a498   0x00000084   Code   RO         1347    i.free_mem          TCP_CM3.lib(at_mem.o)
    0x0001a51c   0x00000028   Code   RO         1302    i.get_crc32         TCP_CM3.lib(at_lib.o)
    0x0001a544   0x00000068   Code   RO         1214    i.get_file_type     TCP_CM3.lib(at_http.o)
    0x0001a5ac   0x00000028   Code   RO         1215    i.get_next_field    TCP_CM3.lib(at_http.o)
    0x0001a5d4   0x00000032   Code   RO         1216    i.get_next_par      TCP_CM3.lib(at_http.o)
    0x0001a606   0x00000002   PAD
    0x0001a608   0x0000001c   Code   RO         1359    i.get_rnd32         TCP_CM3.lib(at_system.o)
    0x0001a624   0x00000012   Code   RO         1217    i.hex2byte          TCP_CM3.lib(at_http.o)
    0x0001a636   0x00000004   Code   RO         1218    i.http_accept_host  TCP_CM3.lib(at_http.o)
    0x0001a63a   0x00000002   PAD
    0x0001a63c   0x000002bc   Code   RO         1219    i.http_add_header   TCP_CM3.lib(at_http.o)
    0x0001a8f8   0x00000004   Code   RO         1220    i.http_check_account  TCP_CM3.lib(at_http.o)
    0x0001a8fc   0x00000188   Code   RO         1222    i.http_error_msg    TCP_CM3.lib(at_http.o)
    0x0001aa84   0x00000002   Code   RO         1374    i.http_fclose       TCP_CM3.lib(at_http_uif.o)
    0x0001aa86   0x00000004   Code   RO         1375    i.http_fgets        TCP_CM3.lib(at_http_uif.o)
    0x0001aa8a   0x00000004   Code   RO         1223    i.http_file_access  TCP_CM3.lib(at_http.o)
    0x0001aa8e   0x00000004   Code   RO         1376    i.http_finfo        TCP_CM3.lib(at_http_uif.o)
    0x0001aa92   0x00000004   Code   RO         1377    i.http_fopen        TCP_CM3.lib(at_http_uif.o)
    0x0001aa96   0x00000004   Code   RO         1378    i.http_fread        TCP_CM3.lib(at_http_uif.o)
    0x0001aa9a   0x00000002   PAD
    0x0001aa9c   0x0000006c   Code   RO         1229    i.http_get_var      TCP_CM3.lib(at_http.o)
    0x0001ab08   0x00000050   Code   RO         1230    i.http_init         TCP_CM3.lib(at_http.o)
    0x0001ab58   0x0000005e   Code   RO         1231    i.http_kill_session  TCP_CM3.lib(at_http.o)
    0x0001abb6   0x00000002   PAD
    0x0001abb8   0x00000224   Code   RO         1232    i.http_listener     TCP_CM3.lib(at_http.o)
    0x0001addc   0x00000120   Code   RO         1233    i.http_open_file    TCP_CM3.lib(at_http.o)
    0x0001aefc   0x00000154   Code   RO         1234    i.http_proc_header  TCP_CM3.lib(at_http.o)
    0x0001b050   0x0000017c   Code   RO         1235    i.http_proc_multipart  TCP_CM3.lib(at_http.o)
    0x0001b1cc   0x000000f8   Code   RO         1236    i.http_proc_post    TCP_CM3.lib(at_http.o)
    0x0001b2c4   0x0000033c   Code   RO         1237    i.http_run_server   TCP_CM3.lib(at_http.o)
    0x0001b600   0x0000001e   Code   RO         1238    i.http_strcpy       TCP_CM3.lib(at_http.o)
    0x0001b61e   0x00000002   PAD
    0x0001b620   0x000000a8   Code   RO         1239    i.http_to_utc       TCP_CM3.lib(at_http.o)
    0x0001b6c8   0x00000010   Code   RO         1106    i.icmp_init         TCP_CM3.lib(at_icmp.o)
    0x0001b6d8   0x000000cc   Code   RO         1108    i.icmp_process      TCP_CM3.lib(at_icmp.o)
    0x0001b7a4   0x00000048   Code   RO         1109    i.icmp_run_engine   TCP_CM3.lib(at_icmp.o)
    0x0001b7ec   0x00000070   Code   RO         1110    i.icmp_send_message  TCP_CM3.lib(at_icmp.o)
    0x0001b85c   0x00000038   Code   RO         1348    i.ifree_mem         TCP_CM3.lib(at_mem.o)
    0x0001b894   0x00000030   Code   RO         1360    i.init_TcpNet       TCP_CM3.lib(at_system.o)
    0x0001b8c4   0x00000060   Code   RO         1349    i.init_mem          TCP_CM3.lib(at_mem.o)
    0x0001b924   0x000000c8   Code   RO         1092    i.ip_chk_frame      TCP_CM3.lib(at_ip.o)
    0x0001b9ec   0x0000000a   Code   RO         1093    i.ip_get_chksum     TCP_CM3.lib(at_ip.o)
    0x0001b9f6   0x00000002   PAD
    0x0001b9f8   0x000000b8   Code   RO         1094    i.ip_get_locadr     TCP_CM3.lib(at_ip.o)
    0x0001bab0   0x0000000c   Code   RO         1095    i.ip_init           TCP_CM3.lib(at_ip.o)
    0x0001babc   0x0000005c   Code   RO         1096    i.ip_run_local      TCP_CM3.lib(at_ip.o)
    0x0001bb18   0x00000150   Code   RO         1097    i.ip_send_frame     TCP_CM3.lib(at_ip.o)
    0x0001bc68   0x00000014   Code   RO         1303    i.is_subnet         TCP_CM3.lib(at_lib.o)
    0x0001bc7c   0x00000064   Code   RO         1361    i.main_TcpNet       TCP_CM3.lib(at_system.o)
    0x0001bce0   0x00000018   Code   RO         1304    i.mem_comp          TCP_CM3.lib(at_lib.o)
    0x0001bcf8   0x00000016   Code   RO         1305    i.mem_copy          TCP_CM3.lib(at_lib.o)
    0x0001bd0e   0x00000020   Code   RO         1306    i.mem_crc32         TCP_CM3.lib(at_lib.o)
    0x0001bd2e   0x0000000a   Code   RO         1308    i.mem_set           TCP_CM3.lib(at_lib.o)
    0x0001bd38   0x00000014   Code   RO         1309    i.mem_test          TCP_CM3.lib(at_lib.o)
    0x0001bd4c   0x00000016   Code   RO         1311    i.nrd_u32be         TCP_CM3.lib(at_lib.o)
    0x0001bd62   0x00000010   Code   RO         1313    i.nwr_u32be         TCP_CM3.lib(at_lib.o)
    0x0001bd72   0x00000002   PAD
    0x0001bd74   0x000009e0   Code   RO         1393    i.pow               m_ws.l(pow.o)
    0x0001c754   0x00000028   Code   RO         1240    i.proc_req_line     TCP_CM3.lib(at_http.o)
    0x0001c77c   0x00000028   Code   RO         1286    i.put_in_queue      TCP_CM3.lib(at_ethernet.o)
    0x0001c7a4   0x000000a0   Code   RO         1241    i.read_script_line  TCP_CM3.lib(at_http.o)
    0x0001c844   0x00000048   Code   RO         1350    i.resize_mem        TCP_CM3.lib(at_mem.o)
    0x0001c88c   0x0000004c   Code   RO         1242    i.search_delim      TCP_CM3.lib(at_http.o)
    0x0001c8d8   0x0000004c   Code   RO         1750    i.sqrt              m_ws.l(sqrt.o)
    0x0001c924   0x00000012   Code   RO         1314    i.str_copy          TCP_CM3.lib(at_lib.o)
    0x0001c936   0x0000001a   Code   RO         1315    i.str_crc32         TCP_CM3.lib(at_lib.o)
    0x0001c950   0x00000016   Code   RO         1316    i.str_pos           TCP_CM3.lib(at_lib.o)
    0x0001c966   0x0000001a   Code   RO         1317    i.str_scomp         TCP_CM3.lib(at_lib.o)
    0x0001c980   0x00000050   Code   RO         1117    i.tcp_abort         TCP_CM3.lib(at_tcp.o)
    0x0001c9d0   0x0000009c   Code   RO         1119    i.tcp_close         TCP_CM3.lib(at_tcp.o)
    0x0001ca6c   0x00000020   Code   RO         1122    i.tcp_get_buf       TCP_CM3.lib(at_tcp.o)
    0x0001ca8c   0x0000004c   Code   RO         1124    i.tcp_get_socket    TCP_CM3.lib(at_tcp.o)
    0x0001cad8   0x00000024   Code   RO         1125    i.tcp_get_state     TCP_CM3.lib(at_tcp.o)
    0x0001cafc   0x00000018   Code   RO         1126    i.tcp_init          TCP_CM3.lib(at_tcp.o)
    0x0001cb14   0x0000006c   Code   RO         1128    i.tcp_listen        TCP_CM3.lib(at_tcp.o)
    0x0001cb80   0x00000098   Code   RO         1129    i.tcp_map_socket    TCP_CM3.lib(at_tcp.o)
    0x0001cc18   0x00000024   Code   RO         1130    i.tcp_max_dsize     TCP_CM3.lib(at_tcp.o)
    0x0001cc3c   0x0000005e   Code   RO         1132    i.tcp_parse_opt     TCP_CM3.lib(at_tcp.o)
    0x0001cc9a   0x00000002   PAD
    0x0001cc9c   0x00000284   Code   RO         1133    i.tcp_poll_sockets  TCP_CM3.lib(at_tcp.o)
    0x0001cf20   0x000000c8   Code   RO         1134    i.tcp_proc_acknr    TCP_CM3.lib(at_tcp.o)
    0x0001cfe8   0x00000052   Code   RO         1135    i.tcp_proc_dupack   TCP_CM3.lib(at_tcp.o)
    0x0001d03a   0x00000002   PAD
    0x0001d03c   0x00000498   Code   RO         1136    i.tcp_process       TCP_CM3.lib(at_tcp.o)
    0x0001d4d4   0x0000001a   Code   RO         1137    i.tcp_que_free      TCP_CM3.lib(at_tcp.o)
    0x0001d4ee   0x0000001a   Code   RO         1138    i.tcp_que_init      TCP_CM3.lib(at_tcp.o)
    0x0001d508   0x00000094   Code   RO         1139    i.tcp_que_resend    TCP_CM3.lib(at_tcp.o)
    0x0001d59c   0x000000d4   Code   RO         1143    i.tcp_send          TCP_CM3.lib(at_tcp.o)
    0x0001d670   0x0000006a   Code   RO         1144    i.tcp_send_ctrl     TCP_CM3.lib(at_tcp.o)
    0x0001d6da   0x00000050   Code   RO         1145    i.tcp_send_data     TCP_CM3.lib(at_tcp.o)
    0x0001d72a   0x00000068   Code   RO         1146    i.tcp_send_reset    TCP_CM3.lib(at_tcp.o)
    0x0001d792   0x00000026   Code   RO         1147    i.tcp_set_cwnd      TCP_CM3.lib(at_tcp.o)
    0x0001d7b8   0x00000068   Code   RO         1148    i.tcp_transit       TCP_CM3.lib(at_tcp.o)
    0x0001d820   0x000000c4   Code   RO         1149    i.tcp_write         TCP_CM3.lib(at_tcp.o)
    0x0001d8e4   0x00000014   Code   RO         1362    i.timer_tick        TCP_CM3.lib(at_system.o)
    0x0001d8f8   0x00000018   Code   RO         1188    i.udp_init          TCP_CM3.lib(at_udp.o)
    0x0001d910   0x000000b8   Code   RO         1193    i.udp_process       TCP_CM3.lib(at_udp.o)
    0x0001d9c8   0x000000e0   Code   RO         1243    i.utc_to_http       TCP_CM3.lib(at_http.o)
    0x0001daa8   0x00000090   Data   RO          209    .constdata          net_config.o
    0x0001db38   0x000008c4   Data   RO          291    .constdata          web.o
    0x0001e3fc   0x000005f0   Data   RO          914    .constdata          asciilib.o
    0x0001e9ec   0x00000166   Data   RO          961    .constdata          uart0.o
    0x0001eb52   0x00000006   Data   RO         1073    .constdata          TCP_CM3.lib(at_arp.o)
    0x0001eb58   0x00000008   Data   RO         1098    .constdata          TCP_CM3.lib(at_ip.o)
    0x0001eb60   0x000000f4   Data   RO         1244    .constdata          TCP_CM3.lib(at_http.o)
    0x0001ec54   0x00000006   Data   RO         1288    .constdata          TCP_CM3.lib(at_ethernet.o)
    0x0001ec5a   0x00000056   Data   RO         1368    .constdata          TCP_CM3.lib(http_err.o)
    0x0001ecb0   0x00000051   Data   RO         1369    .constdata          TCP_CM3.lib(http_err.o)
    0x0001ed01   0x0000004e   Data   RO         1370    .constdata          TCP_CM3.lib(http_err.o)
    0x0001ed4f   0x0000004b   Data   RO         1371    .constdata          TCP_CM3.lib(http_err.o)
    0x0001ed9a   0x0000002f   Data   RO         1372    .constdata          TCP_CM3.lib(http_err.o)
    0x0001edc9   0x00000088   Data   RO         1373    .constdata          TCP_CM3.lib(http_err.o)
    0x0001ee51   0x00000007   PAD
    0x0001ee58   0x00000088   Data   RO         1394    .constdata          m_ws.l(pow.o)
    0x0001eee0   0x00000030   Data   RO         1729    .constdata          m_ws.l(cos_i.o)
    0x0001ef10   0x00000008   Data   RO         1737    .constdata          m_ws.l(qnan.o)
    0x0001ef18   0x000000c8   Data   RO         1740    .constdata          m_ws.l(rred.o)
    0x0001efe0   0x00000028   Data   RO         1744    .constdata          m_ws.l(sin_i.o)
    0x0001f008   0x00000081   Data   RO         1816    .constdata          mc_w.l(ctype_o.o)
    0x0001f089   0x00000003   PAD
    0x0001f08c   0x00000004   Data   RO         1817    .constdata          mc_w.l(ctype_o.o)
    0x0001f090   0x00000019   Data   RO          210    .conststring        net_config.o
    0x0001f0a9   0x00000003   PAD
    0x0001f0ac   0x00000030   Data   RO         1855    Region$$Table       anon$$obj.o


    Execution Region RW_IRAM1 (Base: 0x10000000, Size: 0x00004aa8, Max: 0x00008000, ABSOLUTE, COMPRESSED[0x00000190])

    Base Addr    Size         Type   Attr      Idx    E Section Name        Object

    0x10000000   0x00000010   Data   RW           48    .data               anemometro.o
    0x10000010   0x0000002a   Data   RW          211    .data               net_config.o
    0x1000003a   0x00000002   PAD
    0x1000003c   0x00000014   Data   RW          263    .data               emac_lpc17xx_lan8720.o
    0x10000050   0x000002d6   Data   RW          303    .data               statechart.o
    0x10000326   0x00000002   PAD
    0x10000328   0x0000004c   Data   RW          371    .data               touchpanel.o
    0x10000374   0x00000013   Data   RW          394    .data               main.o
    0x10000387   0x00000001   PAD
    0x10000388   0x00000004   Data   RW          466    .data               system_lpc17xx.o
    0x1000038c   0x0000000a   Data   RW          512    .data               timers.o
    0x10000396   0x00000002   PAD
    0x10000398   0x00000005   Data   RW          543    .data               onewirev2.o
    0x1000039d   0x00000003   PAD
    0x100003a0   0x0000000c   Data   RW          567    .data               ldr.o
    0x100003ac   0x0000000c   Data   RW          599    .data               ufono.o
    0x100003b8   0x00000024   Data   RW          680    .data               lut.o
    0x100003dc   0x00000004   Data   RW          704    .data               dma.o
    0x100003e0   0x00000001   Data   RW          932    .data               glcd.o
    0x100003e1   0x00000003   PAD
    0x100003e4   0x0000000c   Data   RW          962    .data               uart0.o
    0x100003f0   0x0000000d   Data   RW          992    .data               uart.o
    0x100003fd   0x00000003   PAD
    0x10000400   0x00000010   Data   RW         1019    .data               i2c.o
    0x10000410   0x00000008   Data   RW         1074    .data               TCP_CM3.lib(at_arp.o)
    0x10000418   0x0000000c   Data   RW         1099    .data               TCP_CM3.lib(at_ip.o)
    0x10000424   0x00000004   Data   RW         1150    .data               TCP_CM3.lib(at_tcp.o)
    0x10000428   0x0000000c   Data   RW         1245    .data               TCP_CM3.lib(at_http.o)
    0x10000434   0x00000004   Data   RW         1785    .data               mc_w.l(errno.o)
    0x10000438   0x00000017   Zero   RW          129    .bss                rtc.o
    0x1000044f   0x00000001   PAD
    0x10000450   0x0000002f   Zero   RW          302    .bss                statechart.o
    0x1000047f   0x00000001   PAD
    0x10000480   0x0000000c   Zero   RW          370    .bss                touchpanel.o
    0x1000048c   0x00000034   Zero   RW          393    .bss                main.o
    0x100004c0   0x00000320   Zero   RW          542    .bss                onewirev2.o
    0x100007e0   0x00003e80   Zero   RW          566    .bss                ldr.o
    0x10004660   0x00000020   Zero   RW          679    .bss                lut.o
    0x10004680   0x00000010   Zero   RW          703    .bss                dma.o
    0x10004690   0x000000f2   Zero   RW          960    .bss                uart0.o
    0x10004782   0x0000001e   Zero   RW          991    .bss                uart.o
    0x100047a0   0x00000016   Zero   RW         1018    .bss                i2c.o
    0x100047b6   0x00000002   PAD
    0x100047b8   0x00000010   Zero   RW         1111    .bss                TCP_CM3.lib(at_icmp.o)
    0x100047c8   0x00000084   Zero   RW         1287    .bss                TCP_CM3.lib(at_ethernet.o)
    0x1000484c   0x00000010   Zero   RW         1351    .bss                TCP_CM3.lib(at_mem.o)
    0x1000485c   0x0000004c   Zero   RW         1363    .bss                TCP_CM3.lib(at_system.o)
    0x100048a8   0x00000200   Zero   RW          448    STACK               startup_lpc17xx.o


    Execution Region RW_IRAM2 (Base: 0x2007c000, Size: 0x00005e54, Max: 0x00008000, ABSOLUTE)

    Base Addr    Size         Type   Attr      Idx    E Section Name        Object

    0x2007c000   0x000033ec   Zero   RW          208    .bss                net_config.o
    0x2007f3ec   0x00000004   PAD
    0x2007f3f0   0x00002a64   Zero   RW          262    .bss                emac_lpc17xx_lan8720.o


==============================================================================

Image component sizes


      Code (inc. data)   RO Data    RW Data    ZI Data      Debug   Object Name

       388         48          0         16          0      20441   anemometro.o
        32          6       1520          0          0       1023   asciilib.o
       308         36          0          0          0        780   configura.o
       208         30          0          0          0        886   dac.o
         0          0          0          0          0       8072   diskio.o
       124         28          0          4         16        976   dma.o
      1488        130          0         20      10852      43025   emac_lpc17xx_lan8720.o
     69888        342          0          1          0     186942   glcd.o
       812        140          0          0          0       4513   http_cgi.o
        16          0          0          0          0      13919   http_source.o
      1352         78          0         16         22       3858   i2c.o
       332          6          0          0          0       1428   i2clib.o
       512         82          0         12      16000       4291   ldr.o
       336         32          0          0          0       1791   lpc17xx_clkpwr.o
      1060         62          0          0          0       8307   lpc17xx_gpio.o
         4          0          0          0          0        831   lpc17xx_libcfg_default.o
       256          4          0          0          0       2201   lpc17xx_pinsel.o
      1720         62          0          0          0       6120   lpc17xx_ssp.o
       400         62          0         36         32       1765   lut.o
        16          0          0         19         52       1195   main.o
       116          8        169         42      13292       9521   net_config.o
       696         38          0          5        800       3015   onewirev2.o
       672         54          0          0          0       1061   pwm.o
       304         80          0          0         23      17576   rtc.o
         0          0          0          0          0       1248   spi_msd_driver.o
        40         12        204          0        512        936   startup_lpc17xx.o
      7752       1280          0        726         47      17551   statechart.o
       792         78          0          4          0       1069   system_lpc17xx.o
      1060         76          0         10          0      18677   timers.o
      2116         68          0         76         12       5533   touchpanel.o
       512         36          0         13         30      35541   uart.o
       916        396        358         12        242       2015   uart0.o
       264         30          0         12          0       1150   ufono.o
        44          8          0          0          0        414   uva30a.o
        40          6          0          0          0      24599   wdt.o
         0          0       2244          0          0        525   web.o

    ----------------------------------------------------------------------
     94576       3318       4546       1040      41940     452795   Object Totals
         0          0         48          0          0          0   (incl. Generated)
         0          0          3         16          8          0   (incl. Padding)

    ----------------------------------------------------------------------

      Code (inc. data)   RO Data    RW Data    ZI Data      Debug   Library Member Name

      1824        138          6          8          0       1040   at_arp.o
       488         58          6          0        132        404   at_ethernet.o
      5514       1176        244         12          0       2268   at_http.o
        18          0          0          0          0        340   at_http_uif.o
       404         30          0          0         16        308   at_icmp.o
       834         56          8         12          0        520   at_ip.o
       486          6          0          0          0       1224   at_lib.o
       568         46          0          0         16        520   at_mem.o
       196         40          0          0         76        292   at_system.o
      3936        158          0          4          0       2008   at_tcp.o
       208         12          0          0          0        156   at_udp.o
         0          0        503          0          0          0   http_err.o
       172          8          0          0          0        112   cos.o
       252         22         48          0          0        124   cos_i.o
        16          6          0          0          0         68   dunder.o
        40          0          0          0          0         68   fpclassify.o
       170          0          0          0          0         96   poly.o
      2528        190        136          0          0        332   pow.o
         0          0          8          0          0          0   qnan.o
       904         72        200          0          0        140   rred.o
       236         12         40          0          0        128   sin_i.o
        76          0          0          0          0         84   sqrt.o
        56          8          0          0          0         84   __0sscanf.o
        92          0          0          0          0          0   __dczerorl2.o
        28          0          0          0          0         68   _chval.o
       812          6          0          0          0        112   _scanf.o
       336          0          0          0          0         96   _scanf_int.o
       218          0          0          0          0         96   _scanf_str.o
        64          0          0          0          0         84   _sgetc.o
       158          0          0          0          0         92   _strtoul.o
        26          0          0          0          0         80   atoi.o
         8          4        133          0          0         68   ctype_o.o
         0          0          0          0          0          0   entry.o
         0          0          0          0          0          0   entry10a.o
         0          0          0          0          0          0   entry11a.o
         8          4          0          0          0          0   entry2.o
         4          0          0          0          0          0   entry5.o
         0          0          0          0          0          0   entry7b.o
         0          0          0          0          0          0   entry8b.o
         8          4          0          0          0          0   entry9a.o
        20         10          0          4          0        136   errno.o
        30          0          0          0          0          0   handlers.o
        36          8          0          0          0         68   init.o
        18          0          0          0          0         76   isspace_o.o
         0          0          0          0          0          0   iusefp.o
        30          0          0          0          0         68   llshl.o
        36          0          0          0          0         68   llsshr.o
        32          0          0          0          0         68   llushr.o
        36          0          0          0          0         68   memcpya.o
        36          0          0          0          0        108   memseta.o
      2260         86          0          0          0        512   printfa.o
        40          8          0          0          0         84   scanf_char.o
       842         12          0          0          0        216   scanf_fp.o
        28          0          0          0          0         76   strcmp.o
        18          0          0          0          0         68   strcpy.o
        14          0          0          0          0         68   strlen.o
       112          0          0          0          0         88   strtol.o
        44          0          0          0          0         80   uidiv.o
        98          0          0          0          0         92   uldiv.o
        40          2          0          0          0         68   cdcmple.o
        40          2          0          0          0         68   cdrcmple.o
        20          0          0          0          0         68   cfcmple.o
        20          0          0          0          0         68   cfrcmple.o
        56          0          0          0          0         88   d2f.o
       334          0          0          0          0        148   dadd.o
       222          0          0          0          0        100   ddiv.o
       190          0          0          0          0        176   depilogue.o
        62          0          0          0          0         80   dfixi.o
        50          0          0          0          0         76   dfixui.o
        48          0          0          0          0         68   dfixul.o
        34          0          0          0          0         76   dflti.o
        26          0          0          0          0         76   dfltui.o
        24          0          0          0          0         76   dfltul.o
       228          0          0          0          0         96   dmul.o
        46          0          0          0          0         80   dscalb.o
       162          0          0          0          0        100   dsqrt.o
        38          0          0          0          0         68   f2d.o
       176          0          0          0          0        140   fadd.o
       128          0          0          0          0         88   fdiv.o
       108          0          0          0          0        168   fepilogue.o
        50          0          0          0          0         68   ffixi.o
        40          0          0          0          0         68   ffixui.o
        18          0          0          0          0         68   fflti.o
        10          0          0          0          0         68   ffltui.o
       108          0          0          0          0         76   fmul.o

    ----------------------------------------------------------------------
     26732       2184       1342         40        240      15280   Library Totals
        36          0         10          0          0          0   (incl. Padding)

    ----------------------------------------------------------------------

      Code (inc. data)   RO Data    RW Data    ZI Data      Debug   Library Name

     14476       1720        767         36        240       9080   TCP_CM3.lib
      4394        310        432          0          0       1152   m_ws.l
      5548        150        133          4          0       2724   mc_w.l
      2278          4          0          0          0       2324   mf_w.l

    ----------------------------------------------------------------------
     26732       2184       1342         40        240      15280   Library Totals

    ----------------------------------------------------------------------

==============================================================================


      Code (inc. data)   RO Data    RW Data    ZI Data      Debug   

    121308       5502       5888       1080      42180     456219   Grand Totals
    121308       5502       5888        400      42180     456219   ELF Image Totals (compressed)
    121308       5502       5888        400          0          0   ROM Totals

==============================================================================

    Total RO  Size (Code + RO Data)               127196 ( 124.21kB)
    Total RW  Size (RW Data + ZI Data)             43260 (  42.25kB)
    Total ROM Size (Code + RO Data + RW Data)     127596 ( 124.61kB)

==============================================================================

