ARM Linker, 5.03 [Build 76] [MDK-ARM Professional]

==============================================================================

Section Cross References

    anemometro.o(.text) refers to ffltui.o(.text) for __aeabi_ui2f
    anemometro.o(.text) refers to fmul.o(.text) for __aeabi_fmul
    anemometro.o(.text) refers to fdiv.o(.text) for __aeabi_fdiv
    anemometro.o(.text) refers to anemometro.o(.data) for CAPcont
    anemometro.o(.text) refers to main.o(.data) for DATOS
    pwm.o(.text) refers to fdiv.o(.text) for __aeabi_fdiv
    pwm.o(.text) refers to ffixui.o(.text) for __aeabi_f2uiz
    pwm.o(.text) refers to f2d.o(.text) for __aeabi_f2d
    pwm.o(.text) refers to dmul.o(.text) for __aeabi_dmul
    pwm.o(.text) refers to d2f.o(.text) for __aeabi_d2f
    pwm.o(.text) refers to ffltui.o(.text) for __aeabi_ui2f
    pwm.o(.text) refers to fmul.o(.text) for __aeabi_fmul
    pwm.o(.text) refers to fadd.o(.text) for __aeabi_fsub
    pwm.o(.text) refers to main.o(.data) for COUNTERS
    rtc.o(.text) refers to printfa.o(i.__0sprintf) for __2sprintf
    rtc.o(.text) refers to main.o(.data) for COUNTERS
    rtc.o(.text) refers to rtc.o(.bss) for Clock
    http_source.o(.text) refers to at_system.o(i.init_TcpNet) for init_TcpNet
    http_source.o(.text) refers to at_system.o(i.main_TcpNet) for main_TcpNet
    net_config.o(.text) refers to at_ethernet.o(i.eth_init_link) for eth_init_link
    net_config.o(.text) refers to at_ip.o(i.ip_init) for ip_init
    net_config.o(.text) refers to at_icmp.o(i.icmp_init) for icmp_init
    net_config.o(.text) refers to at_udp.o(i.udp_init) for udp_init
    net_config.o(.text) refers to at_tcp.o(i.tcp_init) for tcp_init
    net_config.o(.text) refers to at_http.o(i.http_init) for http_init
    net_config.o(.text) refers to at_arp.o(i.arp_notify) for arp_notify
    net_config.o(.text) refers to at_ethernet.o(i.eth_run_link) for eth_run_link
    net_config.o(.text) refers to at_ip.o(i.ip_run_local) for ip_run_local
    net_config.o(.text) refers to at_icmp.o(i.icmp_run_engine) for icmp_run_engine
    net_config.o(.text) refers to at_tcp.o(i.tcp_poll_sockets) for tcp_poll_sockets
    net_config.o(.text) refers to at_http.o(i.http_run_server) for http_run_server
    net_config.o(.constdata) refers to net_config.o(.bss) for mem_pool
    net_config.o(.constdata) refers to net_config.o(.data) for lhost_name
    net_config.o(.constdata) refers to net_config.o(.conststring) for .conststring
    http_cgi.o(.text) refers to f2d.o(.text) for __aeabi_f2d
    http_cgi.o(.text) refers to printfa.o(i.__0sprintf) for __2sprintf
    http_cgi.o(.text) refers to main.o(.data) for DATOS
    emac_lpc17xx_lan8720.o(.text) refers to net_config.o(.data) for own_hw_adr
    emac_lpc17xx_lan8720.o(.text) refers to emac_lpc17xx_lan8720.o(.bss) for tx_buf
    emac_lpc17xx_lan8720.o(.text) refers to emac_lpc17xx_lan8720.o(.data) for tout
    emac_lpc17xx_lan8720.o(.text) refers to at_mem.o(i.alloc_mem) for alloc_mem
    emac_lpc17xx_lan8720.o(.text) refers to at_ethernet.o(i.put_in_queue) for put_in_queue
    statechart.o(.text) refers to glcd.o(.text) for LCD_DrawLine
    statechart.o(.text) refers to strlen.o(.text) for strlen
    statechart.o(.text) refers to printfa.o(i.__0sprintf) for __2sprintf
    statechart.o(.text) refers to f2d.o(.text) for __aeabi_f2d
    statechart.o(.text) refers to statechart.o(.data) for pressedTouchPanel
    statechart.o(.text) refers to touchpanel.o(.data) for display
    statechart.o(.text) refers to rtc.o(.bss) for Clock
    statechart.o(.text) refers to main.o(.data) for DATOS
    statechart.o(.text) refers to touchpanel.o(.text) for Read_Ads7846
    statechart.o(.text) refers to wdt.o(.text) for alimentaWDT
    statechart.o(.text) refers to lut.o(.text) for goto_LUT
    statechart.o(.text) refers to pwm.o(.text) for modificaPulso
    statechart.o(.text) refers to dac.o(.text) for activarDac
    statechart.o(.text) refers to ufono.o(.text) for lanzaUFONO
    touchpanel.o(.text) refers to lpc17xx_pinsel.o(.text) for PINSEL_ConfigPin
    touchpanel.o(.text) refers to lpc17xx_gpio.o(.text) for GPIO_SetDir
    touchpanel.o(.text) refers to lpc17xx_ssp.o(.text) for SSP_ConfigStructInit
    touchpanel.o(.text) refers to wdt.o(.text) for alimentaWDT
    touchpanel.o(.text) refers to glcd.o(.text) for LCD_SetPoint
    touchpanel.o(.text) refers to memseta.o(.text) for __aeabi_memclr4
    touchpanel.o(.text) refers to touchpanel.o(.data) for screen
    touchpanel.o(.text) refers to dflti.o(.text) for __aeabi_i2d
    touchpanel.o(.text) refers to cdcmple.o(.text) for __aeabi_cdcmpeq
    touchpanel.o(.text) refers to dfltui.o(.text) for __aeabi_ui2d
    touchpanel.o(.text) refers to dmul.o(.text) for __aeabi_dmul
    touchpanel.o(.text) refers to dadd.o(.text) for __aeabi_dadd
    touchpanel.o(.text) refers to ddiv.o(.text) for __aeabi_ddiv
    touchpanel.o(.text) refers to dfixui.o(.text) for __aeabi_d2uiz
    touchpanel.o(.text) refers to touchpanel.o(.bss) for ScreenSample
[...]
    i.tcp_set_cwnd                           0x0001a0e2   Section        0  at_tcp.o(i.tcp_set_cwnd)
    tcp_set_cwnd                             0x0001a0e3   Thumb Code    38  at_tcp.o(i.tcp_set_cwnd)
    i.tcp_transit                            0x0001a108   Section        0  at_tcp.o(i.tcp_transit)
    tcp_transit                              0x0001a109   Thumb Code   100  at_tcp.o(i.tcp_transit)
    i.tcp_write                              0x0001a170   Section        0  at_tcp.o(i.tcp_write)
    tcp_write                                0x0001a171   Thumb Code   190  at_tcp.o(i.tcp_write)
    i.timer_tick                             0x0001a234   Section        0  at_system.o(i.timer_tick)
    i.udp_init                               0x0001a248   Section        0  at_udp.o(i.udp_init)
    i.udp_process                            0x0001a260   Section        0  at_udp.o(i.udp_process)
    i.utc_to_http                            0x0001a318   Section        0  at_http.o(i.utc_to_http)
    utc_to_http                              0x0001a319   Thumb Code   180  at_http.o(i.utc_to_http)
    .constdata                               0x0001a3f8   Section      144  net_config.o(.constdata)
    .constdata                               0x0001a488   Section     1796  web.o(.constdata)
    Web                                      0x0001a48c   Data        1773  web.o(.constdata)
    .constdata                               0x0001ab8c   Section     1520  asciilib.o(.constdata)
    AsciiLib                                 0x0001ab8c   Data        1520  asciilib.o(.constdata)
    .constdata                               0x0001b17c   Section        6  at_arp.o(.constdata)
    NullAdr                                  0x0001b17c   Data           6  at_arp.o(.constdata)
    .constdata                               0x0001b182   Section        8  at_ip.o(.constdata)
    IP_Localhost                             0x0001b186   Data           4  at_ip.o(.constdata)
    .constdata                               0x0001b18a   Section      244  at_http.o(.constdata)
    DYear                                    0x0001b18a   Data           6  at_http.o(.constdata)
    Month                                    0x0001b190   Data          48  at_http.o(.constdata)
    WkDay                                    0x0001b1c0   Data          28  at_http.o(.constdata)
    DMonth                                   0x0001b1dc   Data          24  at_http.o(.constdata)
    ftype                                    0x0001b1f4   Data         138  at_http.o(.constdata)
    .constdata                               0x0001b27e   Section        6  at_ethernet.o(.constdata)
    .constdata                               0x0001b284   Section       86  http_err.o(.constdata)
    .constdata                               0x0001b2da   Section       81  http_err.o(.constdata)
    .constdata                               0x0001b32b   Section       78  http_err.o(.constdata)
    .constdata                               0x0001b379   Section       75  http_err.o(.constdata)
    .constdata                               0x0001b3c4   Section       47  http_err.o(.constdata)
    .constdata                               0x0001b3f3   Section      136  http_err.o(.constdata)
    .constdata                               0x0001b480   Section       48  cos_i.o(.constdata)
    C                                        0x0001b480   Data          48  cos_i.o(.constdata)
    .constdata                               0x0001b4b0   Section      200  rred.o(.constdata)
    pio2s                                    0x0001b4b0   Data          48  rred.o(.constdata)
    twooverpi                                0x0001b4e0   Data         152  rred.o(.constdata)
    .constdata                               0x0001b578   Section       40  sin_i.o(.constdata)
    S                                        0x0001b578   Data          40  sin_i.o(.constdata)
    .constdata                               0x0001b5a0   Section      129  ctype_o.o(.constdata)
    .constdata                               0x0001b624   Section        4  ctype_o.o(.constdata)
    table                                    0x0001b624   Data           4  ctype_o.o(.constdata)
    .conststring                             0x0001b628   Section       25  net_config.o(.conststring)
    .data                                    0x10000000   Section       16  anemometro.o(.data)
    .data                                    0x10000010   Section       20  emac_lpc17xx_lan8720.o(.data)
    regv                                     0x10000014   Data           4  emac_lpc17xx_lan8720.o(.data)
    tout                                     0x10000018   Data           4  emac_lpc17xx_lan8720.o(.data)
    id1                                      0x1000001c   Data           4  emac_lpc17xx_lan8720.o(.data)
    id2                                      0x10000020   Data           4  emac_lpc17xx_lan8720.o(.data)
    .data                                    0x10000024   Section        4  system_lpc17xx.o(.data)
    .data                                    0x10000028   Section       12  ufono.o(.data)
    .data                                    0x10000034   Section       36  lut.o(.data)
    .data                                    0x10000058   Section        4  dma.o(.data)
    .data                                    0x1000005c   Section       12  at_http.o(.data)
    session                                  0x1000005c   Data           1  at_http.o(.data)
    cgi                                      0x10000060   Data           8  at_http.o(.data)
    .data                                    0x10000068   Section        4  errno.o(.data)
    _errno                                   0x10000068   Data           4  errno.o(.data)
    .bss                                     0x1000006c   Section       23  rtc.o(.bss)
    .bss                                     0x10000084   Section       12  touchpanel.o(.bss)
    .bss                                     0x10000090   Section    24000  ldr.o(.bss)
    .bss                                     0x10005e50   Section       16  at_icmp.o(.bss)
    icmp_control                             0x10005e50   Data          16  at_icmp.o(.bss)
    .bss                                     0x10005e60   Section      132  at_ethernet.o(.bss)
    eth_control                              0x10005e60   Data         132  at_ethernet.o(.bss)
    .bss                                     0x10005ee4   Section       76  at_system.o(.bss)
    STACK                                    0x10005f30   Section      512  startup_lpc17xx.o(STACK)
    .data                                    0x2007c000   Section       42  net_config.o(.data)
    http_passw                               0x2007c016   Data          20  net_config.o(.data)
    .data                                    0x2007c02a   Section      444  statechart.o(.data)
    .data                                    0x2007c1e8   Section       76  touchpanel.o(.data)
    screen                                   0x2007c22c   Data           4  touchpanel.o(.data)
    .data                                    0x2007c234   Section       19  main.o(.data)
    .data                                    0x2007c248   Section        8  timers.o(.data)
    .data                                    0x2007c250   Section       23  onewire.o(.data)
    .data                                    0x2007c268   Section       12  ldr.o(.data)
    .data                                    0x2007c274   Section        1  glcd.o(.data)
    LCD_Code                                 0x2007c274   Data           1  glcd.o(.data)
    .data                                    0x2007c278   Section        8  at_arp.o(.data)
    entry                                    0x2007c278   Data           1  at_arp.o(.data)
    probe_ip                                 0x2007c27c   Data           4  at_arp.o(.data)
    .data                                    0x2007c280   Section       12  at_ip.o(.data)
    ip_id                                    0x2007c280   Data           2  at_ip.o(.data)
    ip_control                               0x2007c284   Data           8  at_ip.o(.data)
    .data                                    0x2007c28c   Section        4  at_tcp.o(.data)
    socket                                   0x2007c28c   Data           1  at_tcp.o(.data)
    no_ack                                   0x2007c28d   Data           1  at_tcp.o(.data)
    port                                     0x2007c28e   Data           2  at_tcp.o(.data)
    .bss                                     0x2007c290   Section    13292  net_config.o(.bss)
    mem_pool                                 0x2007c290   Data       12000  net_config.o(.bss)
    arp_table                                0x2007f170   Data         140  net_config.o(.bss)
    udp_scb                                  0x2007f1fc   Data          24  net_config.o(.bss)
    tcp_scb                                  0x2007f214   Data         816  net_config.o(.bss)
    http_scb                                 0x2007f544   Data         312  net_config.o(.bss)
    .bss                                     0x2007f680   Section    10852  emac_lpc17xx_lan8720.o(.bss)
    Rx_Desc                                  0x2007f680   Data          32  emac_lpc17xx_lan8720.o(.bss)
    Rx_Stat                                  0x2007f6a0   Data          32  emac_lpc17xx_lan8720.o(.bss)
    Tx_Desc                                  0x2007f6c0   Data          24  emac_lpc17xx_lan8720.o(.bss)
    Tx_Stat                                  0x2007f6d8   Data          12  emac_lpc17xx_lan8720.o(.bss)
    rx_buf                                   0x2007f6e4   Data        6144  emac_lpc17xx_lan8720.o(.bss)
    tx_buf                                   0x20080ee4   Data        4608  emac_lpc17xx_lan8720.o(.bss)
    .bss                                     0x200820e4   Section       52  main.o(.bss)
    .bss                                     0x20082118   Section       16  dma.o(.bss)
    .bss                                     0x20082128   Section       16  at_mem.o(.bss)
    mem_control                              0x20082128   Data          16  at_mem.o(.bss)

    Global Symbols

    Symbol Name                              Value     Ov Type        Size  Object(Section)

    BuildAttributes$$THM_ISAv4$P$D$K$B$S$PE$A:L22UL41UL21$X:L11$S22US41US21$IEEE1$IW$USESV6$~STKCKD$USESV7$~SHL$OTIME$ROPI$IEEEX$EBA8$MICROLIB$REQ8$PRES8$EABIv2 0x00000000   Number         0  anon$$obj.o ABSOLUTE
    __ARM_use_no_argv                        0x00000000   Number         0  main.o ABSOLUTE
    __Vectors                                0x00000000   Data           4  startup_lpc17xx.o(RESET)
    _printf_a                                0x00000000   Number         0  stubs.o ABSOLUTE
    _printf_c                                0x00000000   Number         0  stubs.o ABSOLUTE
    _printf_charcount                        0x00000000   Number         0  stubs.o ABSOLUTE
    _printf_d                                0x00000000   Number         0  stubs.o ABSOLUTE
    _printf_e                                0x00000000   Number         0  stubs.o ABSOLUTE
    _printf_f                                0x00000000   Number         0  stubs.o ABSOLUTE
    _printf_flags                            0x00000000   Number         0  stubs.o ABSOLUTE
    _printf_fp_dec                           0x00000000   Number         0  stubs.o ABSOLUTE
    _printf_fp_hex                           0x00000000   Number         0  stubs.o ABSOLUTE
    _printf_g                                0x00000000   Number         0  stubs.o ABSOLUTE
    _printf_i                                0x00000000   Number         0  stubs.o ABSOLUTE
    _printf_int_dec                          0x00000000   Number         0  stubs.o ABSOLUTE
    _printf_l                                0x00000000   Number         0  stubs.o ABSOLUTE
    _printf_lc                               0x00000000   Number         0  stubs.o ABSOLUTE
    _printf_ll                               0x00000000   Number         0  stubs.o ABSOLUTE
    _printf_lld                              0x00000000   Number         0  stubs.o ABSOLUTE
    _printf_lli                              0x00000000   Number         0  stubs.o ABSOLUTE
    _printf_llo                              0x00000000   Number         0  stubs.o ABSOLUTE
    _printf_llu                              0x00000000   Number         0  stubs.o ABSOLUTE
    _printf_llx                              0x00000000   Number         0  stubs.o ABSOLUTE
    _printf_longlong_dec                     0x00000000   Number         0  stubs.o ABSOLUTE
    _printf_longlong_hex                     0x00000000   Number         0  stubs.o ABSOLUTE
    _printf_longlong_oct                     0x00000000   Number         0  stubs.o ABSOLUTE
    _printf_ls                               0x00000000   Number         0  stubs.o ABSOLUTE
    _printf_mbtowc                           0x00000000   Number         0  stubs.o ABSOLUTE
    _printf_n                                0x00000000   Number         0  stubs.o ABSOLUTE
    _printf_o                                0x00000000   Number         0  stubs.o ABSOLUTE
    _printf_p                                0x00000000   Number         0  stubs.o ABSOLUTE
    _printf_percent                          0x00000000   Number         0  stubs.o ABSOLUTE
    _printf_pre_padding                      0x00000000   Number         0  stubs.o ABSOLUTE
    _printf_return_value                     0x00000000   Number         0  stubs.o ABSOLUTE
    _printf_s                                0x00000000   Number         0  stubs.o ABSOLUTE
    _printf_sizespec                         0x00000000   Number         0  stubs.o ABSOLUTE
    _printf_str                              0x00000000   Number         0  stubs.o ABSOLUTE
    _printf_truncate_signed                  0x00000000   Number         0  stubs.o ABSOLUTE
    _printf_truncate_unsigned                0x00000000   Number         0  stubs.o ABSOLUTE
    _printf_u                                0x00000000   Number         0  stubs.o ABSOLUTE
    _printf_wc                               0x00000000   Number         0  stubs.o ABSOLUTE
    _printf_wctomb                           0x00000000   Number         0  stubs.o ABSOLUTE
    _printf_widthprec                        0x00000000   Number         0  stubs.o ABSOLUTE
    _printf_x                                0x00000000   Number         0  stubs.o ABSOLUTE
    __cpp_initialize__aeabi_                  - Undefined Weak Reference
    __cxa_finalize                            - Undefined Weak Reference
    _clock_init                               - Undefined Weak Reference
    _microlib_exit                            - Undefined Weak Reference
    poll_ethernet                             - Undefined Weak Reference
    __main                                   0x000000cd   Thumb Code     0  entry.o(.ARM.Collect$$$$00000000)
    _main_stk                                0x000000cd   Thumb Code     0  entry2.o(.ARM.Collect$$$$00000001)
    _main_scatterload                        0x000000d1   Thumb Code     0  entry5.o(.ARM.Collect$$$$00000004)
    __main_after_scatterload                 0x000000d5   Thumb Code     0  entry5.o(.ARM.Collect$$$$00000004)
    _main_clock                              0x000000d5   Thumb Code     0  entry7b.o(.ARM.Collect$$$$00000008)
    _main_cpp_init                           0x000000d5   Thumb Code     0  entry8b.o(.ARM.Collect$$$$0000000A)
    _main_init                               0x000000d5   Thumb Code     0  entry9a.o(.ARM.Collect$$$$0000000B)
    __rt_final_cpp                           0x000000dd   Thumb Code     0  entry10a.o(.ARM.Collect$$$$0000000D)
    __rt_final_exit                          0x000000dd   Thumb Code     0  entry11a.o(.ARM.Collect$$$$0000000F)
    alimentaWDT                              0x000000e1   Thumb Code    12  wdt.o(.text)
    __configuraWDT__                         0x000000ed   Thumb Code    22  wdt.o(.text)
    __configuraAnemometro__                  0x00000109   Thumb Code   148  anemometro.o(.text)
    mideAnemometro                           0x0000019d   Thumb Code   192  anemometro.o(.text)
    __configuraWEB__                         0x0000028d   Thumb Code     8  http_source.o(.text)
    __mantenerTCP__                          0x00000295   Thumb Code     8  http_source.o(.text)
    main                                     0x0000029d   Thumb Code    16  main.o(.text)
    Reset_Handler                            0x000002ad   Thumb Code     8  startup_lpc17xx.o(.text)
    NMI_Handler                              0x000002b5   Thumb Code     2  startup_lpc17xx.o(.text)
    HardFault_Handler                        0x000002b7   Thumb Code     2  startup_lpc17xx.o(.text)
    MemManage_Handler                        0x000002b9   Thumb Code     2  startup_lpc17xx.o(.text)
    BusFault_Handler                         0x000002bb   Thumb Code     2  startup_lpc17xx.o(.text)
    UsageFault_Handler                       0x000002bd   Thumb Code     2  startup_lpc17xx.o(.text)
    SVC_Handler                              0x000002bf   Thumb Code     2  startup_lpc17xx.o(.text)
    DebugMon_Handler                         0x000002c1   Thumb Code     2  startup_lpc17xx.o(.text)
    PendSV_Handler                           0x000002c3   Thumb Code     2  startup_lpc17xx.o(.text)
    BOD_IRQHandler                           0x000002c7   Thumb Code     0  startup_lpc17xx.o(.text)
    CANActivity_IRQHandler                   0x000002c7   Thumb Code     0  startup_lpc17xx.o(.text)
    CAN_IRQHandler                           0x000002c7   Thumb Code     0  startup_lpc17xx.o(.text)
    DMA_IRQHandler                           0x000002c7   Thumb Code     0  startup_lpc17xx.o(.text)
    EINT0_IRQHandler                         0x000002c7   Thumb Code     0  startup_lpc17xx.o(.text)
    EINT1_IRQHandler                         0x000002c7   Thumb Code     0  startup_lpc17xx.o(.text)
    EINT2_IRQHandler                         0x000002c7   Thumb Code     0  startup_lpc17xx.o(.text)
    EINT3_IRQHandler                         0x000002c7   Thumb Code     0  startup_lpc17xx.o(.text)
    I2C0_IRQHandler                          0x000002c7   Thumb Code     0  startup_lpc17xx.o(.text)
    I2C1_IRQHandler                          0x000002c7   Thumb Code     0  startup_lpc17xx.o(.text)
    I2C2_IRQHandler                          0x000002c7   Thumb Code     0  startup_lpc17xx.o(.text)
    I2S_IRQHandler                           0x000002c7   Thumb Code     0  startup_lpc17xx.o(.text)
    MCPWM_IRQHandler                         0x000002c7   Thumb Code     0  startup_lpc17xx.o(.text)
    PLL0_IRQHandler                          0x000002c7   Thumb Code     0  startup_lpc17xx.o(.text)
    PLL1_IRQHandler                          0x000002c7   Thumb Code     0  startup_lpc17xx.o(.text)
    PWM1_IRQHandler                          0x000002c7   Thumb Code     0  startup_lpc17xx.o(.text)
    QEI_IRQHandler                           0x000002c7   Thumb Code     0  startup_lpc17xx.o(.text)
    RIT_IRQHandler                           0x000002c7   Thumb Code     0  startup_lpc17xx.o(.text)
    SPI_IRQHandler                           0x000002c7   Thumb Code     0  startup_lpc17xx.o(.text)
    SSP0_IRQHandler                          0x000002c7   Thumb Code     0  startup_lpc17xx.o(.text)
    SSP1_IRQHandler                          0x000002c7   Thumb Code     0  startup_lpc17xx.o(.text)
    TIMER3_IRQHandler                        0x000002c7   Thumb Code     0  startup_lpc17xx.o(.text)
    UART0_IRQHandler                         0x000002c7   Thumb Code     0  startup_lpc17xx.o(.text)
    UART1_IRQHandler                         0x000002c7   Thumb Code     0  startup_lpc17xx.o(.text)
    UART2_IRQHandler                         0x000002c7   Thumb Code     0  startup_lpc17xx.o(.text)
    UART3_IRQHandler                         0x000002c7   Thumb Code     0  startup_lpc17xx.o(.text)
    USBActivity_IRQHandler                   0x000002c7   Thumb Code     0  startup_lpc17xx.o(.text)
    USB_IRQHandler                           0x000002c7   Thumb Code     0  startup_lpc17xx.o(.text)
    WDT_IRQHandler                           0x000002c7   Thumb Code     0  startup_lpc17xx.o(.text)
    __configuraUVA30A__                      0x000002d1   Thumb Code    36  uva30a.o(.text)
    __configuraPWM__                         0x00000301   Thumb Code   384  pwm.o(.text)
    __RL_TCP_VER                             0x00000472   Number         0  at_system.o ABSOLUTE
    modificaPulso                            0x00000481   Thumb Code   240  pwm.o(.text)
    __configuraRTC__                         0x000005a1   Thumb Code   164  rtc.o(.text)
    RTC_IRQHandler                           0x00000645   Thumb Code    72  rtc.o(.text)
    sys_error                                0x000006dd   Thumb Code    36  net_config.o(.text)
    init_system                              0x00000701   Thumb Code    34  net_config.o(.text)
    run_system                               0x00000723   Thumb Code    26  net_config.o(.text)
    igmp_is_member                           0x0000073d   Thumb Code     4  net_config.o(.text)
    igmp_process                             0x00000741   Thumb Code     2  net_config.o(.text)
    dhcp_disable                             0x00000743   Thumb Code     2  net_config.o(.text)
    ppp_send_frame                           0x00000745   Thumb Code     4  net_config.o(.text)
    slip_send_frame                          0x00000749   Thumb Code     4  net_config.o(.text)
    sntp_get_time                            0x0000074d   Thumb Code     4  net_config.o(.text)
    cgi_process_var                          0x00000751   Thumb Code     2  http_cgi.o(.text)
    cgi_process_data                         0x00000753   Thumb Code     2  http_cgi.o(.text)
    cgi_func                                 0x00000755   Thumb Code   482  http_cgi.o(.text)
    int_enable_eth                           0x00000981   Thumb Code    24  emac_lpc17xx_lan8720.o(.text)
    int_disable_eth                          0x00000999   Thumb Code    18  emac_lpc17xx_lan8720.o(.text)
    setMac                                   0x000009ab   Thumb Code   182  emac_lpc17xx_lan8720.o(.text)
    init_ethernet                            0x00000b71   Thumb Code   724  emac_lpc17xx_lan8720.o(.text)
    send_frame                               0x00000e45   Thumb Code    70  emac_lpc17xx_lan8720.o(.text)
    ENET_IRQHandler                          0x00000e8b   Thumb Code   156  emac_lpc17xx_lan8720.o(.text)
    zoneNewPressed                           0x00000f51   Thumb Code    80  statechart.o(.text)
    squareButton                             0x00000fa1   Thumb Code   226  statechart.o(.text)
    __pintaAjustes__                         0x00001083   Thumb Code   284  statechart.o(.text)
    __pintaMedidas2__                        0x0000119f   Thumb Code   252  statechart.o(.text)
    __pintaMedidas1__                        0x0000129b   Thumb Code   708  statechart.o(.text)
    __pintaInicio__                          0x0000155f   Thumb Code   264  statechart.o(.text)
    checkTouchPanel                          0x00001667   Thumb Code    36  statechart.o(.text)
    __mainLoop__                             0x0000168b   Thumb Code  1016  statechart.o(.text)
    __configuraLCD__                         0x00001a83   Thumb Code    12  statechart.o(.text)
    TP_Init                                  0x00001ad1   Thumb Code   176  touchpanel.o(.text)
    Read_X                                   0x00001c01   Thumb Code    42  touchpanel.o(.text)
    Read_Y                                   0x00001c2b   Thumb Code    42  touchpanel.o(.text)
    TP_GetAdXY                               0x00001c55   Thumb Code    34  touchpanel.o(.text)
    TP_DrawPoint                             0x00001c77   Thumb Code    64  touchpanel.o(.text)
    DrawCross                                0x00001cb7   Thumb Code   356  touchpanel.o(.text)
    Read_Ads7846                             0x00001e1b   Thumb Code   520  touchpanel.o(.text)
    setCalibrationMatrix                     0x00002023   Thumb Code   356  touchpanel.o(.text)
    getDisplayPoint                          0x00002187   Thumb Code   238  touchpanel.o(.text)
    TouchPanel_Calibrate                     0x00002275   Thumb Code   108  touchpanel.o(.text)
    SystemCoreClockUpdate                    0x00002315   Thumb Code   424  system_lpc17xx.o(.text)
    SystemInit                               0x000024bd   Thumb Code   290  system_lpc17xx.o(.text)
    __configuraPrograma__                    0x0000262d   Thumb Code   178  configura.o(.text)
    __configuraSysTick__                     0x0000272d   Thumb Code    80  timers.o(.text)
    __configuraTimer0__                      0x0000277d   Thumb Code    94  timers.o(.text)
    SysTick_Handler                          0x000027db   Thumb Code     8  timers.o(.text)
    TIMER0_IRQHandler                        0x000028e3   Thumb Code    82  timers.o(.text)
    TIMER1_IRQHandler                        0x00002935   Thumb Code    84  timers.o(.text)
    TIMER2_IRQHandler                        0x00002989   Thumb Code     2  timers.o(.text)
    ErrorRx                                  0x000029d5   Thumb Code     2  onewire.o(.text)
    InvalidChecksum                          0x000029d7   Thumb Code    32  onewire.o(.text)
    OWConfiguraEntrada                       0x000029f7   Thumb Code    24  onewire.o(.text)
    OWSetPin                                 0x00002a0f   Thumb Code    32  onewire.o(.text)
    OWConfiguraSalida                        0x00002a2f   Thumb Code    26  onewire.o(.text)
    StateChartOneWire                        0x00002a49   Thumb Code   494  onewire.o(.text)
    mideTemperatura                          0x00002c37   Thumb Code     2  onewire.o(.text)
    __configuraOW__                          0x00002c39   Thumb Code    16  onewire.o(.text)
    __configuraLDR__                         0x00002c91   Thumb Code   124  ldr.o(.text)
    ADC_IRQHandler                           0x00002d0d   Thumb Code   292  ldr.o(.text)
    __configuraUFONO__                       0x00002e79   Thumb Code    56  ufono.o(.text)
    lanzaUFONO                               0x00002eb1   Thumb Code   122  ufono.o(.text)
    recuperaContexto                         0x00002f2b   Thumb Code    56  ufono.o(.text)
    __configuraDAC__                         0x00002f81   Thumb Code    44  dac.o(.text)
    escribirEnDac                            0x00002fad   Thumb Code    52  dac.o(.text)
    activarDac                               0x00002fe1   Thumb Code    40  dac.o(.text)
    desactivarDAC                            0x00003009   Thumb Code    56  dac.o(.text)
    goto_LUT                                 0x0000305d   Thumb Code   220  lut.o(.text)
    crearSeno                                0x00003139   Thumb Code   116  lut.o(.text)
    __configuraDMA__                         0x000031dd   Thumb Code    94  dma.o(.text)
    SSP_Init                                 0x000032e7   Thumb Code   100  lpc17xx_ssp.o(.text)
    SSP_DeInit                               0x0000334b   Thumb Code    60  lpc17xx_ssp.o(.text)
    SSP_GetDataSize                          0x00003387   Thumb Code    34  lpc17xx_ssp.o(.text)
    SSP_ConfigStructInit                     0x000033a9   Thumb Code    22  lpc17xx_ssp.o(.text)
    SSP_Cmd                                  0x000033bf   Thumb Code    68  lpc17xx_ssp.o(.text)
    SSP_LoopBackCmd                          0x00003403   Thumb Code    68  lpc17xx_ssp.o(.text)
    SSP_SlaveOutputCmd                       0x00003447   Thumb Code    72  lpc17xx_ssp.o(.text)
    SSP_SendData                             0x0000348f   Thumb Code    36  lpc17xx_ssp.o(.text)
    SSP_ReceiveData                          0x000034b3   Thumb Code    34  lpc17xx_ssp.o(.text)
    SSP_ReadWrite                            0x000034d5   Thumb Code   604  lpc17xx_ssp.o(.text)
    SSP_GetStatus                            0x00003731   Thumb Code    80  lpc17xx_ssp.o(.text)
    SSP_IntConfig                            0x00003781   Thumb Code    58  lpc17xx_ssp.o(.text)
    SSP_GetRawIntStatus                      0x000037bb   Thumb Code    76  lpc17xx_ssp.o(.text)
    SSP_GetRawIntStatusReg                   0x00003807   Thumb Code    34  lpc17xx_ssp.o(.text)
    SSP_GetIntStatus                         0x00003829   Thumb Code    76  lpc17xx_ssp.o(.text)
    SSP_ClearIntPending                      0x00003875   Thumb Code    58  lpc17xx_ssp.o(.text)
    SSP_DMACmd                               0x000038af   Thumb Code   100  lpc17xx_ssp.o(.text)
    PINSEL_ConfigTraceFunc                   0x000039c3   Thumb Code    34  lpc17xx_pinsel.o(.text)
    PINSEL_SetI2C0Pins                       0x000039e5   Thumb Code    16  lpc17xx_pinsel.o(.text)
    PINSEL_ConfigPin                         0x000039f5   Thumb Code    36  lpc17xx_pinsel.o(.text)
    GPIO_SetDir                              0x00003ab9   Thumb Code    40  lpc17xx_gpio.o(.text)
    GPIO_SetValue                            0x00003ae1   Thumb Code    20  lpc17xx_gpio.o(.text)
    GPIO_ClearValue                          0x00003af5   Thumb Code    20  lpc17xx_gpio.o(.text)
    GPIO_ReadValue                           0x00003b09   Thumb Code    22  lpc17xx_gpio.o(.text)
    GPIO_IntCmd                              0x00003b1f   Thumb Code    54  lpc17xx_gpio.o(.text)
    GPIO_GetIntStatus                        0x00003b55   Thumb Code    86  lpc17xx_gpio.o(.text)
    GPIO_ClearInt                            0x00003bab   Thumb Code    24  lpc17xx_gpio.o(.text)
    FIO_SetDir                               0x00003bc3   Thumb Code    20  lpc17xx_gpio.o(.text)
    FIO_SetValue                             0x00003bd7   Thumb Code    16  lpc17xx_gpio.o(.text)
    FIO_ClearValue                           0x00003be7   Thumb Code    16  lpc17xx_gpio.o(.text)
    FIO_ReadValue                            0x00003bf7   Thumb Code    12  lpc17xx_gpio.o(.text)
    FIO_IntCmd                               0x00003c03   Thumb Code    20  lpc17xx_gpio.o(.text)
    FIO_GetIntStatus                         0x00003c17   Thumb Code    20  lpc17xx_gpio.o(.text)
    FIO_ClearInt                             0x00003c2b   Thumb Code    16  lpc17xx_gpio.o(.text)
    FIO_SetMask                              0x00003c3b   Thumb Code    40  lpc17xx_gpio.o(.text)
    FIO_HalfWordSetDir                       0x00003c63   Thumb Code    62  lpc17xx_gpio.o(.text)
    FIO_HalfWordSetMask                      0x00003ca1   Thumb Code    62  lpc17xx_gpio.o(.text)
    FIO_HalfWordSetValue                     0x00003cdf   Thumb Code    32  lpc17xx_gpio.o(.text)
    FIO_HalfWordClearValue                   0x00003cff   Thumb Code    32  lpc17xx_gpio.o(.text)
    FIO_HalfWordReadValue                    0x00003d1f   Thumb Code    30  lpc17xx_gpio.o(.text)
    FIO_ByteSetDir                           0x00003d3d   Thumb Code    50  lpc17xx_gpio.o(.text)
    FIO_ByteSetMask                          0x00003d6f   Thumb Code    66  lpc17xx_gpio.o(.text)
    FIO_ByteSetValue                         0x00003db1   Thumb Code    34  lpc17xx_gpio.o(.text)
    FIO_ByteClearValue                       0x00003dd3   Thumb Code    34  lpc17xx_gpio.o(.text)
    FIO_ByteReadValue                        0x00003df5   Thumb Code    76  lpc17xx_gpio.o(.text)
    CLKPWR_SetPCLKDiv                        0x00003e41   Thumb Code   106  lpc17xx_clkpwr.o(.text)
    CLKPWR_GetPCLKSEL                        0x00003eab   Thumb Code    32  lpc17xx_clkpwr.o(.text)
    CLKPWR_GetPCLK                           0x00003ecb   Thumb Code    58  lpc17xx_clkpwr.o(.text)
    CLKPWR_ConfigPPWR                        0x00003f05   Thumb Code    50  lpc17xx_clkpwr.o(.text)
    CLKPWR_Sleep                             0x00003f37   Thumb Code    10  lpc17xx_clkpwr.o(.text)
    CLKPWR_DeepSleep                         0x00003f41   Thumb Code    16  lpc17xx_clkpwr.o(.text)
    CLKPWR_PowerDown                         0x00003f51   Thumb Code    16  lpc17xx_clkpwr.o(.text)
    CLKPWR_DeepPowerDown                     0x00003f61   Thumb Code    16  lpc17xx_clkpwr.o(.text)
    check_failed                             0x00003f91   Thumb Code     4  lpc17xx_libcfg_default.o(.text)
    GetASCIICode                             0x00003f95   Thumb Code    26  asciilib.o(.text)
    LCD_Initializtion                        0x00003fff   Thumb Code 63088  glcd.o(.text)
    LCD_Clear                                0x0001366f   Thumb Code  2744  glcd.o(.text)
    LCD_GetPoint                             0x00014141   Thumb Code  2218  glcd.o(.text)
    LCD_SetPoint                             0x000149eb   Thumb Code  1304  glcd.o(.text)
    LCD_DrawLine                             0x00014f03   Thumb Code   250  glcd.o(.text)
    PutChar                                  0x00014ffd   Thumb Code   100  glcd.o(.text)
    GUI_Text                                 0x00015061   Thumb Code    80  glcd.o(.text)
    __aeabi_uldivmod                         0x000150b5   Thumb Code    98  uldiv.o(.text)
    __aeabi_memcpy                           0x00015117   Thumb Code    36  memcpya.o(.text)
    __aeabi_memcpy4                          0x00015117   Thumb Code     0  memcpya.o(.text)
    __aeabi_memcpy8                          0x00015117   Thumb Code     0  memcpya.o(.text)
    __aeabi_memset                           0x0001513b   Thumb Code    14  memseta.o(.text)
    __aeabi_memset4                          0x0001513b   Thumb Code     0  memseta.o(.text)
    __aeabi_memset8                          0x0001513b   Thumb Code     0  memseta.o(.text)
    __aeabi_memclr                           0x00015149   Thumb Code     4  memseta.o(.text)
    __aeabi_memclr4                          0x00015149   Thumb Code     0  memseta.o(.text)
    __aeabi_memclr8                          0x00015149   Thumb Code     0  memseta.o(.text)
    _memset$wrapper                          0x0001514d   Thumb Code    18  memseta.o(.text)
    strlen                                   0x0001515f   Thumb Code    14  strlen.o(.text)
    strcmp                                   0x0001516d   Thumb Code    28  strcmp.o(.text)
    atoi                                     0x00015189   Thumb Code    26  atoi.o(.text)
    __aeabi_fadd                             0x000151a3   Thumb Code   164  fadd.o(.text)
    __aeabi_fsub                             0x00015247   Thumb Code     6  fadd.o(.text)
    __aeabi_frsub                            0x0001524d   Thumb Code     6  fadd.o(.text)
    __aeabi_fmul                             0x00015253   Thumb Code   108  fmul.o(.text)
    __aeabi_fdiv                             0x000152bf   Thumb Code   128  fdiv.o(.text)
    __aeabi_dadd                             0x0001533f   Thumb Code   322  dadd.o(.text)
    __aeabi_dsub                             0x00015481   Thumb Code     6  dadd.o(.text)
    __aeabi_drsub                            0x00015487   Thumb Code     6  dadd.o(.text)
    __aeabi_dmul                             0x0001548d   Thumb Code   228  dmul.o(.text)
    __aeabi_ddiv                             0x00015571   Thumb Code   222  ddiv.o(.text)
    __aeabi_i2f                              0x0001564f   Thumb Code    18  fflti.o(.text)
    __aeabi_ui2f                             0x00015661   Thumb Code    10  ffltui.o(.text)
    __aeabi_i2d                              0x0001566b   Thumb Code    34  dflti.o(.text)
    __aeabi_ui2d                             0x0001568d   Thumb Code    26  dfltui.o(.text)
    __aeabi_f2uiz                            0x000156a7   Thumb Code    40  ffixui.o(.text)
    __aeabi_d2uiz                            0x000156cf   Thumb Code    50  dfixui.o(.text)
    __aeabi_f2d                              0x00015701   Thumb Code    38  f2d.o(.text)
    __aeabi_cdcmpeq                          0x00015729   Thumb Code     0  cdcmple.o(.text)
    __aeabi_cdcmple                          0x00015729   Thumb Code    38  cdcmple.o(.text)
    __aeabi_cdrcmple                         0x00015751   Thumb Code    38  cdrcmple.o(.text)
    __aeabi_d2f                              0x00015779   Thumb Code    56  d2f.o(.text)
    __aeabi_cfcmpeq                          0x000157b1   Thumb Code     0  cfcmple.o(.text)
    __aeabi_cfcmple                          0x000157b1   Thumb Code    20  cfcmple.o(.text)
    __aeabi_uidiv                            0x000157c5   Thumb Code     0  uidiv.o(.text)
    __aeabi_uidivmod                         0x000157c5   Thumb Code    44  uidiv.o(.text)
    __aeabi_llsl                             0x000157f1   Thumb Code    30  llshl.o(.text)
    _ll_shift_l                              0x000157f1   Thumb Code     0  llshl.o(.text)
    __aeabi_llsr                             0x0001580f   Thumb Code    32  llushr.o(.text)
    _ll_ushift_r                             0x0001580f   Thumb Code     0  llushr.o(.text)
    __aeabi_lasr                             0x0001582f   Thumb Code    36  llsshr.o(.text)
    _ll_sshift_r                             0x0001582f   Thumb Code     0  llsshr.o(.text)
    strtol                                   0x00015853   Thumb Code   112  strtol.o(.text)
    __I$use$fp                               0x000158c3   Thumb Code     0  iusefp.o(.text)
    _float_round                             0x000158c3   Thumb Code    18  fepilogue.o(.text)
    _float_epilogue                          0x000158d5   Thumb Code    90  fepilogue.o(.text)
    _double_round                            0x0001592f   Thumb Code    26  depilogue.o(.text)
    _double_epilogue                         0x00015949   Thumb Code   164  depilogue.o(.text)
    __ARM_scalbn                             0x000159ed   Thumb Code    46  dscalb.o(.text)
    scalbn                                   0x000159ed   Thumb Code     0  dscalb.o(.text)
    __aeabi_d2ulz                            0x00015a1b   Thumb Code    48  dfixul.o(.text)
    __scatterload                            0x00015a4d   Thumb Code    28  init.o(.text)
    __scatterload_rt2                        0x00015a4d   Thumb Code     0  init.o(.text)
    __rt_ctype_table                         0x00015a71   Thumb Code     4  ctype_o.o(.text)
    _strtoul                                 0x00015a79   Thumb Code   158  _strtoul.o(.text)
    __aeabi_d2iz                             0x00015b17   Thumb Code    62  dfixi.o(.text)
    _chval                                   0x00015b55   Thumb Code    28  _chval.o(.text)
    __decompress                             0x00015b71   Thumb Code     0  __dczerorl2.o(.text)
    __decompress1                            0x00015b71   Thumb Code    92  __dczerorl2.o(.text)
    __0sprintf                               0x00015bcd   Thumb Code    34  printfa.o(i.__0sprintf)
    __1sprintf                               0x00015bcd   Thumb Code     0  printfa.o(i.__0sprintf)
    __2sprintf                               0x00015bcd   Thumb Code     0  printfa.o(i.__0sprintf)
    __c89sprintf                             0x00015bcd   Thumb Code     0  printfa.o(i.__0sprintf)
    sprintf                                  0x00015bcd   Thumb Code     0  printfa.o(i.__0sprintf)
    __ARM_fpclassify                         0x00015bf5   Thumb Code    40  fpclassify.o(i.__ARM_fpclassify)
    __aeabi_errno_addr                       0x00015c1d   Thumb Code     4  errno.o(i.__aeabi_errno_addr)
    __rt_errno_addr                          0x00015c1d   Thumb Code     0  errno.o(i.__aeabi_errno_addr)
    __ieee754_rem_pio2                       0x00015c25   Thumb Code   832  rred.o(i.__ieee754_rem_pio2)
    __kernel_cos                             0x00015fad   Thumb Code   230  cos_i.o(i.__kernel_cos)
    __kernel_poly                            0x000160a9   Thumb Code   170  poly.o(i.__kernel_poly)
    __kernel_sin                             0x00016155   Thumb Code   224  sin_i.o(i.__kernel_sin)
    __mathlib_dbl_underflow                  0x00016241   Thumb Code    10  dunder.o(i.__mathlib_dbl_underflow)
    __scatterload_copy                       0x00016251   Thumb Code    14  handlers.o(i.__scatterload_copy)
    __scatterload_null                       0x0001625f   Thumb Code     2  handlers.o(i.__scatterload_null)
    __scatterload_zeroinit                   0x00016261   Thumb Code    14  handlers.o(i.__scatterload_zeroinit)
    __set_errno                              0x00016271   Thumb Code     6  errno.o(i.__set_errno)
    alloc_mem                                0x00016b5d   Thumb Code   174  at_mem.o(i.alloc_mem)
    arp_cache_add                            0x00016c15   Thumb Code   174  at_arp.o(i.arp_cache_add)
    arp_cache_early                          0x00016d55   Thumb Code   142  at_arp.o(i.arp_cache_early)
    arp_cache_find                           0x00016ded   Thumb Code   168  at_arp.o(i.arp_cache_find)
    arp_cache_update                         0x00016ea1   Thumb Code   228  at_arp.o(i.arp_cache_update)
    arp_init                                 0x00016f95   Thumb Code    34  at_arp.o(i.arp_init)
    arp_notify                               0x00016ff5   Thumb Code    26  at_arp.o(i.arp_notify)
    arp_process                              0x000170a5   Thumb Code   294  at_arp.o(i.arp_process)
    avail_mem                                0x00017335   Thumb Code    22  at_mem.o(i.avail_mem)
    b64_to_asc                               0x00017351   Thumb Code   120  at_lib.o(i.b64_to_asc)
    calc_chksum16be                          0x000173c9   Thumb Code    18  at_lib.o(i.calc_chksum16be)
    cgx_content_type                         0x000173db   Thumb Code     4  at_http.o(i.cgx_content_type)
    chksum16_buf                             0x000175ad   Thumb Code    40  at_lib.o(i.chksum16_buf)
    chksum16_val                             0x000175d5   Thumb Code    10  at_lib.o(i.chksum16_val)
    eth_chk_adr                              0x00017625   Thumb Code    10  at_ethernet.o(i.eth_chk_adr)
    eth_init_link                            0x00017635   Thumb Code    40  at_ethernet.o(i.eth_init_link)
    eth_run_link                             0x00017669   Thumb Code   194  at_ethernet.o(i.eth_run_link)
    eth_send_frame                           0x0001773d   Thumb Code   150  at_ethernet.o(i.eth_send_frame)
    free_mem                                 0x000177e5   Thumb Code   124  at_mem.o(i.free_mem)
    get_rnd32                                0x00017955   Thumb Code    18  at_system.o(i.get_rnd32)
    http_accept_host                         0x00017971   Thumb Code     4  at_http.o(i.http_accept_host)
    http_check_account                       0x00017c31   Thumb Code     4  at_http.o(i.http_check_account)
    http_fclose                              0x00017dbd   Thumb Code     2  at_http_uif.o(i.http_fclose)
    http_fgets                               0x00017dbf   Thumb Code     4  at_http_uif.o(i.http_fgets)
    http_file_access                         0x00017dc3   Thumb Code     4  at_http.o(i.http_file_access)
    http_finfo                               0x00017dc7   Thumb Code     4  at_http_uif.o(i.http_finfo)
    http_fopen                               0x00017dcb   Thumb Code     4  at_http_uif.o(i.http_fopen)
    http_fread                               0x00017dcf   Thumb Code     4  at_http_uif.o(i.http_fread)
    http_init                                0x00017dd5   Thumb Code    72  at_http.o(i.http_init)
    http_run_server                          0x00018591   Thumb Code   816  at_http.o(i.http_run_server)
    icmp_init                                0x00018995   Thumb Code    10  at_icmp.o(i.icmp_init)
    icmp_process                             0x000189a5   Thumb Code   198  at_icmp.o(i.icmp_process)
    icmp_run_engine                          0x00018a71   Thumb Code    58  at_icmp.o(i.icmp_run_engine)
    ifree_mem                                0x00018b29   Thumb Code    48  at_mem.o(i.ifree_mem)
    init_TcpNet                              0x00018b61   Thumb Code    38  at_system.o(i.init_TcpNet)
    init_mem                                 0x00018b91   Thumb Code    86  at_mem.o(i.init_mem)
    ip_chk_frame                             0x00018bf1   Thumb Code   190  at_ip.o(i.ip_chk_frame)
    ip_get_locadr                            0x00018cc5   Thumb Code   166  at_ip.o(i.ip_get_locadr)
    ip_init                                  0x00018d7d   Thumb Code     8  at_ip.o(i.ip_init)
    ip_run_local                             0x00018d89   Thumb Code    82  at_ip.o(i.ip_run_local)
    ip_send_frame                            0x00018de5   Thumb Code   328  at_ip.o(i.ip_send_frame)
    is_subnet                                0x00018f35   Thumb Code    20  at_lib.o(i.is_subnet)
    main_TcpNet                              0x00018f49   Thumb Code    86  at_system.o(i.main_TcpNet)
    mem_comp                                 0x00018fad   Thumb Code    24  at_lib.o(i.mem_comp)
    mem_copy                                 0x00018fc5   Thumb Code    22  at_lib.o(i.mem_copy)
    mem_crc32                                0x00018fdb   Thumb Code    32  at_lib.o(i.mem_crc32)
    mem_set                                  0x00018ffb   Thumb Code    10  at_lib.o(i.mem_set)
    mem_test                                 0x00019005   Thumb Code    20  at_lib.o(i.mem_test)
    nrd_u32be                                0x00019019   Thumb Code    22  at_lib.o(i.nrd_u32be)
    nwr_u32be                                0x0001902f   Thumb Code    16  at_lib.o(i.nwr_u32be)
    put_in_queue                             0x00019069   Thumb Code    36  at_ethernet.o(i.put_in_queue)
    resize_mem                               0x00019131   Thumb Code    68  at_mem.o(i.resize_mem)
    sin                                      0x000191c5   Thumb Code   166  sin.o(i.sin)
    str_copy                                 0x00019275   Thumb Code    18  at_lib.o(i.str_copy)
    str_crc32                                0x00019287   Thumb Code    26  at_lib.o(i.str_crc32)
    str_pos                                  0x000192a1   Thumb Code    22  at_lib.o(i.str_pos)
    str_scomp                                0x000192b7   Thumb Code    26  at_lib.o(i.str_scomp)
    tcp_abort                                0x000192d1   Thumb Code    76  at_tcp.o(i.tcp_abort)
    tcp_close                                0x00019321   Thumb Code   150  at_tcp.o(i.tcp_close)
    tcp_get_buf                              0x000193bd   Thumb Code    32  at_tcp.o(i.tcp_get_buf)
    tcp_get_socket                           0x000193dd   Thumb Code    70  at_tcp.o(i.tcp_get_socket)
    tcp_get_state                            0x00019429   Thumb Code    32  at_tcp.o(i.tcp_get_state)
    tcp_init                                 0x0001944d   Thumb Code    18  at_tcp.o(i.tcp_init)
    tcp_listen                               0x00019465   Thumb Code   102  at_tcp.o(i.tcp_listen)
    tcp_max_dsize                            0x00019569   Thumb Code    30  at_tcp.o(i.tcp_max_dsize)
    tcp_poll_sockets                         0x000195ed   Thumb Code   630  at_tcp.o(i.tcp_poll_sockets)
    tcp_process                              0x0001998d   Thumb Code  1164  at_tcp.o(i.tcp_process)
    tcp_send                                 0x00019eed   Thumb Code   204  at_tcp.o(i.tcp_send)
    timer_tick                               0x0001a235   Thumb Code    14  at_system.o(i.timer_tick)
    udp_init                                 0x0001a249   Thumb Code    18  at_udp.o(i.udp_init)
    udp_process                              0x0001a261   Thumb Code   178  at_udp.o(i.udp_process)
    nlocalm                                  0x0001a3f8   Data          60  net_config.o(.constdata)
    sys_config                               0x0001a434   Data          16  net_config.o(.constdata)
    arp_config                               0x0001a444   Data          12  net_config.o(.constdata)
    udp_config                               0x0001a450   Data           8  net_config.o(.constdata)
    tcp_config                               0x0001a458   Data          24  net_config.o(.constdata)
    http_config                              0x0001a470   Data          24  net_config.o(.constdata)
    FileMD                                   0x0001a488   Data           4  web.o(.constdata)
    FileTab                                  0x0001ab7c   Data          16  web.o(.constdata)
    IP_Broadcast                             0x0001b182   Data           4  at_ip.o(.constdata)
    MAC_Broadcast                            0x0001b27e   Data           6  at_ethernet.o(.constdata)
    http_err_401                             0x0001b284   Data          86  http_err.o(.constdata)
    http_err_403                             0x0001b2da   Data          81  http_err.o(.constdata)
    http_err_404                             0x0001b32b   Data          78  http_err.o(.constdata)
    http_err_501                             0x0001b379   Data          75  http_err.o(.constdata)
    http_err_head                            0x0001b3c4   Data          47  http_err.o(.constdata)
    http_err_foot                            0x0001b3f3   Data         136  http_err.o(.constdata)
    __ctype_table                            0x0001b5a0   Data         129  ctype_o.o(.constdata)
    Region$$Table$$Base                      0x0001b644   Number         0  anon$$obj.o(Region$$Table)
    Region$$Table$$Limit                     0x0001b684   Number         0  anon$$obj.o(Region$$Table)
    CAPcont                                  0x10000000   Data           1  anemometro.o(.data)
    SLAYERcont                               0x10000001   Data           1  anemometro.o(.data)
    CLKbuff                                  0x10000004   Data           8  anemometro.o(.data)
    aux_viento                               0x1000000c   Data           4  anemometro.o(.data)
    iap_entry                                0x10000010   Data           4  emac_lpc17xx_lan8720.o(.data)
    SystemCoreClock                          0x10000024   Data           4  system_lpc17xx.o(.data)
    YaPuedesMedir                            0x10000028   Data           1  ufono.o(.data)
    ADC_ConfigBuffer                         0x1000002c   Data           4  ufono.o(.data)
    ADC_IntenBuffer                          0x10000030   Data           4  ufono.o(.data)
    Brillo2ciclo_LDR                         0x10000034   Data          14  lut.o(.data)
    Brillo_LDR                               0x10000042   Data          22  lut.o(.data)
    LMD                                      0x10000058   Data           4  dma.o(.data)
    Clock                                    0x1000006c   Data          23  rtc.o(.bss)
    ScreenSample                             0x10000084   Data          12  touchpanel.o(.bss)
    AUDIO                                    0x10000090   Data       24000  ldr.o(.bss)
    localm                                   0x10005ee4   Data          60  at_system.o(.bss)
    sys_control                              0x10005f20   Data          16  at_system.o(.bss)
    __initial_sp                             0x10006130   Data           0  startup_lpc17xx.o(STACK)
    lhost_name                               0x2007c000   Data          16  net_config.o(.data)
    own_hw_adr                               0x2007c010   Data           6  net_config.o(.data)
    __brilloAuto                             0x2007c02a   Data           1  statechart.o(.data)
    zona_0                                   0x2007c02c   Data          10  statechart.o(.data)
    zona_1                                   0x2007c036   Data          10  statechart.o(.data)
    zona_2                                   0x2007c040   Data          10  statechart.o(.data)
    zona_3                                   0x2007c04a   Data          10  statechart.o(.data)
    zona_4                                   0x2007c054   Data          10  statechart.o(.data)
    zona_5                                   0x2007c05e   Data          10  statechart.o(.data)
    zona_6                                   0x2007c068   Data          10  statechart.o(.data)
    zona_7                                   0x2007c072   Data          10  statechart.o(.data)
    zona_8                                   0x2007c07c   Data          10  statechart.o(.data)
    zona_9                                   0x2007c086   Data          10  statechart.o(.data)
    zona_10                                  0x2007c090   Data          10  statechart.o(.data)
    zona_11                                  0x2007c09a   Data          10  statechart.o(.data)
    zona_12                                  0x2007c0a4   Data          10  statechart.o(.data)
    zona_13                                  0x2007c0ae   Data          10  statechart.o(.data)
    zona_14                                  0x2007c0b8   Data          10  statechart.o(.data)
    zona_15                                  0x2007c0c2   Data          10  statechart.o(.data)
    zona_16                                  0x2007c0cc   Data          10  statechart.o(.data)
    zona_17                                  0x2007c0d6   Data          10  statechart.o(.data)
    zona_18                                  0x2007c0e0   Data          10  statechart.o(.data)
    zona_19                                  0x2007c0ea   Data          10  statechart.o(.data)
    zona_20                                  0x2007c0f4   Data          10  statechart.o(.data)
    zona_21                                  0x2007c0fe   Data          10  statechart.o(.data)
    zona_22                                  0x2007c108   Data          10  statechart.o(.data)
    zona_23                                  0x2007c112   Data          10  statechart.o(.data)
    zona_24                                  0x2007c11c   Data          10  statechart.o(.data)
    zona_25                                  0x2007c126   Data          10  statechart.o(.data)
    zona_26                                  0x2007c130   Data          10  statechart.o(.data)
    zona_27                                  0x2007c13a   Data          10  statechart.o(.data)
    zona_28                                  0x2007c144   Data          10  statechart.o(.data)
    zona_29                                  0x2007c14e   Data          10  statechart.o(.data)
    zona_30                                  0x2007c158   Data          10  statechart.o(.data)
    zona_31                                  0x2007c162   Data          10  statechart.o(.data)
    zona_27m                                 0x2007c16c   Data          10  statechart.o(.data)
    zona_28m                                 0x2007c176   Data          10  statechart.o(.data)
    zona_29m                                 0x2007c180   Data          10  statechart.o(.data)
    zona_30m                                 0x2007c18a   Data          10  statechart.o(.data)
    zona_27M                                 0x2007c194   Data          10  statechart.o(.data)
    zona_28M                                 0x2007c19e   Data          10  statechart.o(.data)
    zona_29M                                 0x2007c1a8   Data          10  statechart.o(.data)
    zona_30M                                 0x2007c1b2   Data          10  statechart.o(.data)
    zona_32                                  0x2007c1bc   Data          10  statechart.o(.data)
    zona_33                                  0x2007c1c6   Data          10  statechart.o(.data)
    zona_34                                  0x2007c1d0   Data          10  statechart.o(.data)
    zona_35                                  0x2007c1da   Data          10  statechart.o(.data)
    pressedTouchPanel                        0x2007c1e4   Data           1  statechart.o(.data)
    Aux8                                     0x2007c1e5   Data           1  statechart.o(.data)
    matrix                                   0x2007c1e8   Data          56  touchpanel.o(.data)
    DisplaySample                            0x2007c220   Data          12  touchpanel.o(.data)
    display                                  0x2007c230   Data           4  touchpanel.o(.data)
    DATOS                                    0x2007c234   Data           4  main.o(.data)
    ESTADO                                   0x2007c238   Data           4  main.o(.data)
    COUNTERS                                 0x2007c23c   Data           4  main.o(.data)
    ACTUALIZADOR                             0x2007c240   Data           4  main.o(.data)
    objESTADO                                0x2007c244   Data           1  main.o(.data)
    objACTUALIZADOR                          0x2007c245   Data           2  main.o(.data)
    TIM0_ticks                               0x2007c248   Data           1  timers.o(.data)
    Timer2_MODO                              0x2007c249   Data           1  timers.o(.data)
    CAP11_BUFF                               0x2007c24c   Data           4  timers.o(.data)
    sigInit                                  0x2007c250   Data           1  onewire.o(.data)
    OWEjecutameExterno                       0x2007c251   Data           1  onewire.o(.data)
    OWESTADO                                 0x2007c252   Data           1  onewire.o(.data)
    buffex                                   0x2007c258   Data           8  onewire.o(.data)
    Medidas                                  0x2007c260   Data           4  onewire.o(.data)
    ChecksumCalculado                        0x2007c264   Data           1  onewire.o(.data)
    BitsTotal                                0x2007c265   Data           1  onewire.o(.data)
    NumeroDeFallos                           0x2007c266   Data           1  onewire.o(.data)
    BUFFER_BRILLO                            0x2007c268   Data           4  ldr.o(.data)
    BUFFER_UVA                               0x2007c26c   Data           4  ldr.o(.data)
    contador                                 0x2007c270   Data           4  ldr.o(.data)
    objDATOS                                 0x200820e4   Data          36  main.o(.bss)
    objCOUNTERS                              0x20082108   Data          16  main.o(.bss)
    LMDobj                                   0x20082118   Data          16  dma.o(.bss)



==============================================================================

Memory Map of the image

  Image Entry point : 0x000000cd

  Load Region LR_IROM1 (Base: 0x00000000, Size: 0x0001b980, Max: 0x00080000, ABSOLUTE, COMPRESSED[0x0001b7ec])

    Execution Region ER_IROM1 (Base: 0x00000000, Size: 0x0001b684, Max: 0x00080000, ABSOLUTE)

    Base Addr    Size         Type   Attr      Idx    E Section Name        Object

    0x00000000   0x000000cc   Data   RO          414    RESET               startup_lpc17xx.o
    0x000000cc   0x00000000   Code   RO         1226  * .ARM.Collect$$$$00000000  mc_w.l(entry.o)
    0x000000cc   0x00000004   Code   RO         1552    .ARM.Collect$$$$00000001  mc_w.l(entry2.o)
    0x000000d0   0x00000004   Code   RO         1555    .ARM.Collect$$$$00000004  mc_w.l(entry5.o)
    0x000000d4   0x00000000   Code   RO         1557    .ARM.Collect$$$$00000008  mc_w.l(entry7b.o)
    0x000000d4   0x00000000   Code   RO         1559    .ARM.Collect$$$$0000000A  mc_w.l(entry8b.o)
    0x000000d4   0x00000008   Code   RO         1560    .ARM.Collect$$$$0000000B  mc_w.l(entry9a.o)
    0x000000dc   0x00000000   Code   RO         1562    .ARM.Collect$$$$0000000D  mc_w.l(entry10a.o)
    0x000000dc   0x00000000   Code   RO         1564    .ARM.Collect$$$$0000000F  mc_w.l(entry11a.o)
    0x000000dc   0x00000004   Code   RO         1553    .ARM.Collect$$$$00002712  mc_w.l(entry2.o)
    0x000000e0   0x00000028   Code   RO            2    .text               wdt.o
    0x00000108   0x00000184   Code   RO           47    .text               anemometro.o
    0x0000028c   0x00000010   Code   RO          159    .text               http_source.o
    0x0000029c   0x00000010   Code   RO          362    .text               main.o
    0x000002ac   0x00000024   Code   RO          416    .text               startup_lpc17xx.o
    0x000002d0   0x0000002c   Code   RO          587    .text               uva30a.o
    0x000002fc   0x00000004   Code   RO          415    .ARM.__at_0x02FC    startup_lpc17xx.o
    0x00000300   0x000002a0   Code   RO          105    .text               pwm.o
    0x000005a0   0x0000013c   Code   RO          125    .text               rtc.o
    0x000006dc   0x00000074   Code   RO          184    .text               net_config.o
    0x00000750   0x00000230   Code   RO          209    .text               http_cgi.o
    0x00000980   0x000005d0   Code   RO          232    .text               emac_lpc17xx_lan8720.o
    0x00000f50   0x00000b80   Code   RO          272    .text               statechart.o
    0x00001ad0   0x00000844   Code   RO          339    .text               touchpanel.o
    0x00002314   0x00000318   Code   RO          429    .text               system_lpc17xx.o
    0x0000262c   0x000000e0   Code   RO          455    .text               configura.o
    0x0000270c   0x000002c8   Code   RO          475    .text               timers.o
    0x000029d4   0x000002bc   Code   RO          502    .text               onewire.o
    0x00002c90   0x000001e8   Code   RO          525    .text               ldr.o
    0x00002e78   0x00000108   Code   RO          558    .text               ufono.o
    0x00002f80   0x000000dc   Code   RO          606    .text               dac.o
    0x0000305c   0x00000180   Code   RO          635    .text               lut.o
    0x000031dc   0x00000088   Code   RO          658    .text               dma.o
    0x00003264   0x000006b8   Code   RO          774    .text               lpc17xx_ssp.o
    0x0000391c   0x00000100   Code   RO          796    .text               lpc17xx_pinsel.o
    0x00003a1c   0x00000424   Code   RO          812    .text               lpc17xx_gpio.o
    0x00003e40   0x00000150   Code   RO          828    .text               lpc17xx_clkpwr.o
    0x00003f90   0x00000004   Code   RO          843    .text               lpc17xx_libcfg_default.o
    0x00003f94   0x00000020   Code   RO          855    .text               asciilib.o
    0x00003fb4   0x00011100   Code   RO          873    .text               glcd.o
    0x000150b4   0x00000062   Code   RO         1229    .text               mc_w.l(uldiv.o)
    0x00015116   0x00000024   Code   RO         1231    .text               mc_w.l(memcpya.o)
    0x0001513a   0x00000024   Code   RO         1233    .text               mc_w.l(memseta.o)
    0x0001515e   0x0000000e   Code   RO         1235    .text               mc_w.l(strlen.o)
    0x0001516c   0x0000001c   Code   RO         1237    .text               mc_w.l(strcmp.o)
    0x00015188   0x0000001a   Code   RO         1502    .text               mc_w.l(atoi.o)
    0x000151a2   0x000000b0   Code   RO         1504    .text               mf_w.l(fadd.o)
    0x00015252   0x0000006c   Code   RO         1506    .text               mf_w.l(fmul.o)
    0x000152be   0x00000080   Code   RO         1508    .text               mf_w.l(fdiv.o)
    0x0001533e   0x0000014e   Code   RO         1510    .text               mf_w.l(dadd.o)
    0x0001548c   0x000000e4   Code   RO         1512    .text               mf_w.l(dmul.o)
    0x00015570   0x000000de   Code   RO         1514    .text               mf_w.l(ddiv.o)
    0x0001564e   0x00000012   Code   RO         1516    .text               mf_w.l(fflti.o)
    0x00015660   0x0000000a   Code   RO         1518    .text               mf_w.l(ffltui.o)
    0x0001566a   0x00000022   Code   RO         1520    .text               mf_w.l(dflti.o)
    0x0001568c   0x0000001a   Code   RO         1522    .text               mf_w.l(dfltui.o)
    0x000156a6   0x00000028   Code   RO         1524    .text               mf_w.l(ffixui.o)
    0x000156ce   0x00000032   Code   RO         1526    .text               mf_w.l(dfixui.o)
    0x00015700   0x00000026   Code   RO         1528    .text               mf_w.l(f2d.o)
    0x00015726   0x00000002   PAD
    0x00015728   0x00000028   Code   RO         1530    .text               mf_w.l(cdcmple.o)
    0x00015750   0x00000028   Code   RO         1532    .text               mf_w.l(cdrcmple.o)
    0x00015778   0x00000038   Code   RO         1534    .text               mf_w.l(d2f.o)
    0x000157b0   0x00000014   Code   RO         1536    .text               mf_w.l(cfcmple.o)
    0x000157c4   0x0000002c   Code   RO         1569    .text               mc_w.l(uidiv.o)
    0x000157f0   0x0000001e   Code   RO         1571    .text               mc_w.l(llshl.o)
    0x0001580e   0x00000020   Code   RO         1573    .text               mc_w.l(llushr.o)
    0x0001582e   0x00000024   Code   RO         1575    .text               mc_w.l(llsshr.o)
    0x00015852   0x00000070   Code   RO         1584    .text               mc_w.l(strtol.o)
    0x000158c2   0x00000000   Code   RO         1586    .text               mc_w.l(iusefp.o)
    0x000158c2   0x0000006c   Code   RO         1587    .text               mf_w.l(fepilogue.o)
    0x0001592e   0x000000be   Code   RO         1589    .text               mf_w.l(depilogue.o)
    0x000159ec   0x0000002e   Code   RO         1591    .text               mf_w.l(dscalb.o)
    0x00015a1a   0x00000030   Code   RO         1593    .text               mf_w.l(dfixul.o)
    0x00015a4a   0x00000002   PAD
    0x00015a4c   0x00000024   Code   RO         1601    .text               mc_w.l(init.o)
    0x00015a70   0x00000008   Code   RO         1604    .text               mc_w.l(ctype_o.o)
    0x00015a78   0x0000009e   Code   RO         1632    .text               mc_w.l(_strtoul.o)
    0x00015b16   0x0000003e   Code   RO         1635    .text               mf_w.l(dfixi.o)
    0x00015b54   0x0000001c   Code   RO         1637    .text               mc_w.l(_chval.o)
    0x00015b70   0x0000005c   Code   RO         1647    .text               mc_w.l(__dczerorl2.o)
    0x00015bcc   0x00000028   Code   RO         1476    i.__0sprintf        mc_w.l(printfa.o)
    0x00015bf4   0x00000028   Code   RO         1597    i.__ARM_fpclassify  m_ws.l(fpclassify.o)
    0x00015c1c   0x00000008   Code   RO         1577    i.__aeabi_errno_addr  mc_w.l(errno.o)
    0x00015c24   0x00000388   Code   RO         1541    i.__ieee754_rem_pio2  m_ws.l(rred.o)
    0x00015fac   0x000000fc   Code   RO         1538    i.__kernel_cos      m_ws.l(cos_i.o)
    0x000160a8   0x000000aa   Code   RO         1599    i.__kernel_poly     m_ws.l(poly.o)
    0x00016152   0x00000002   PAD
    0x00016154   0x000000ec   Code   RO         1546    i.__kernel_sin      m_ws.l(sin_i.o)
    0x00016240   0x00000010   Code   RO         1595    i.__mathlib_dbl_underflow  m_ws.l(dunder.o)
    0x00016250   0x0000000e   Code   RO         1641    i.__scatterload_copy  mc_w.l(handlers.o)
    0x0001625e   0x00000002   Code   RO         1642    i.__scatterload_null  mc_w.l(handlers.o)
    0x00016260   0x0000000e   Code   RO         1643    i.__scatterload_zeroinit  mc_w.l(handlers.o)
    0x0001626e   0x00000002   PAD
    0x00016270   0x0000000c   Code   RO         1579    i.__set_errno       mc_w.l(errno.o)
    0x0001627c   0x0000015c   Code   RO         1481    i._fp_digits        mc_w.l(printfa.o)
    0x000163d8   0x000006f0   Code   RO         1482    i._printf_core      mc_w.l(printfa.o)
    0x00016ac8   0x00000026   Code   RO         1483    i._printf_post_padding  mc_w.l(printfa.o)
    0x00016aee   0x00000030   Code   RO         1484    i._printf_pre_padding  mc_w.l(printfa.o)
    0x00016b1e   0x0000000a   Code   RO         1486    i._sputc            mc_w.l(printfa.o)
    0x00016b28   0x00000034   Code   RO         1043    i.add_server_id     TCP_CM3.lib(at_http.o)
    0x00016b5c   0x000000b8   Code   RO         1129    i.alloc_mem         TCP_CM3.lib(at_mem.o)
    0x00016c14   0x000000b8   Code   RO          890    i.arp_cache_add     TCP_CM3.lib(at_arp.o)
    0x00016ccc   0x00000088   Code   RO          891    i.arp_cache_alloc   TCP_CM3.lib(at_arp.o)
    0x00016d54   0x00000098   Code   RO          892    i.arp_cache_early   TCP_CM3.lib(at_arp.o)
    0x00016dec   0x000000b4   Code   RO          893    i.arp_cache_find    TCP_CM3.lib(at_arp.o)
    0x00016ea0   0x000000f4   Code   RO          896    i.arp_cache_update  TCP_CM3.lib(at_arp.o)
    0x00016f94   0x0000002c   Code   RO          899    i.arp_init          TCP_CM3.lib(at_arp.o)
    0x00016fc0   0x00000034   Code   RO          900    i.arp_is_cacheable  TCP_CM3.lib(at_arp.o)
    0x00016ff4   0x00000028   Code   RO          901    i.arp_notify        TCP_CM3.lib(at_arp.o)
    0x0001701c   0x00000088   Code   RO          903    i.arp_proc_response  TCP_CM3.lib(at_arp.o)
    0x000170a4   0x00000138   Code   RO          904    i.arp_process       TCP_CM3.lib(at_arp.o)
    0x000171dc   0x000000a0   Code   RO          905    i.arp_send_reply    TCP_CM3.lib(at_arp.o)
    0x0001727c   0x000000b8   Code   RO          906    i.arp_send_request  TCP_CM3.lib(at_arp.o)
    0x00017334   0x0000001c   Code   RO         1130    i.avail_mem         TCP_CM3.lib(at_mem.o)
    0x00017350   0x00000078   Code   RO         1159    i.b64_to_asc        TCP_CM3.lib(at_lib.o)
    0x000173c8   0x00000012   Code   RO         1161    i.calc_chksum16be   TCP_CM3.lib(at_lib.o)
    0x000173da   0x00000004   Code   RO         1044    i.cgx_content_type  TCP_CM3.lib(at_http.o)
    0x000173de   0x00000002   PAD
    0x000173e0   0x000001cc   Code   RO         1045    i.chk_post_req      TCP_CM3.lib(at_http.o)
    0x000175ac   0x00000028   Code   RO         1162    i.chksum16_buf      TCP_CM3.lib(at_lib.o)
    0x000175d4   0x0000000a   Code   RO         1163    i.chksum16_val      TCP_CM3.lib(at_lib.o)
    0x000175de   0x0000001e   Code   RO         1046    i.cmp_fname_ext     TCP_CM3.lib(at_http.o)
    0x000175fc   0x00000028   Code   RO         1047    i.cmp_header        TCP_CM3.lib(at_http.o)
    0x00017624   0x00000010   Code   RO         1115    i.eth_chk_adr       TCP_CM3.lib(at_ethernet.o)
    0x00017634   0x00000034   Code   RO         1117    i.eth_init_link     TCP_CM3.lib(at_ethernet.o)
    0x00017668   0x000000d4   Code   RO         1118    i.eth_run_link      TCP_CM3.lib(at_ethernet.o)
    0x0001773c   0x000000a8   Code   RO         1119    i.eth_send_frame    TCP_CM3.lib(at_ethernet.o)
    0x000177e4   0x00000084   Code   RO         1131    i.free_mem          TCP_CM3.lib(at_mem.o)
    0x00017868   0x00000028   Code   RO         1165    i.get_crc32         TCP_CM3.lib(at_lib.o)
    0x00017890   0x00000068   Code   RO         1048    i.get_file_type     TCP_CM3.lib(at_http.o)
    0x000178f8   0x00000028   Code   RO         1049    i.get_next_field    TCP_CM3.lib(at_http.o)
    0x00017920   0x00000032   Code   RO         1050    i.get_next_par      TCP_CM3.lib(at_http.o)
    0x00017952   0x00000002   PAD
    0x00017954   0x0000001c   Code   RO         1143    i.get_rnd32         TCP_CM3.lib(at_system.o)
    0x00017970   0x00000004   Code   RO         1052    i.http_accept_host  TCP_CM3.lib(at_http.o)
    0x00017974   0x000002bc   Code   RO         1053    i.http_add_header   TCP_CM3.lib(at_http.o)
    0x00017c30   0x00000004   Code   RO         1054    i.http_check_account  TCP_CM3.lib(at_http.o)
    0x00017c34   0x00000188   Code   RO         1056    i.http_error_msg    TCP_CM3.lib(at_http.o)
    0x00017dbc   0x00000002   Code   RO         1208    i.http_fclose       TCP_CM3.lib(at_http_uif.o)
    0x00017dbe   0x00000004   Code   RO         1209    i.http_fgets        TCP_CM3.lib(at_http_uif.o)
    0x00017dc2   0x00000004   Code   RO         1057    i.http_file_access  TCP_CM3.lib(at_http.o)
    0x00017dc6   0x00000004   Code   RO         1210    i.http_finfo        TCP_CM3.lib(at_http_uif.o)
    0x00017dca   0x00000004   Code   RO         1211    i.http_fopen        TCP_CM3.lib(at_http_uif.o)
    0x00017dce   0x00000004   Code   RO         1212    i.http_fread        TCP_CM3.lib(at_http_uif.o)
    0x00017dd2   0x00000002   PAD
    0x00017dd4   0x00000050   Code   RO         1064    i.http_init         TCP_CM3.lib(at_http.o)
    0x00017e24   0x0000005e   Code   RO         1065    i.http_kill_session  TCP_CM3.lib(at_http.o)
    0x00017e82   0x00000002   PAD
    0x00017e84   0x00000224   Code   RO         1066    i.http_listener     TCP_CM3.lib(at_http.o)
    0x000180a8   0x00000120   Code   RO         1067    i.http_open_file    TCP_CM3.lib(at_http.o)
    0x000181c8   0x00000154   Code   RO         1068    i.http_proc_header  TCP_CM3.lib(at_http.o)
    0x0001831c   0x0000017c   Code   RO         1069    i.http_proc_multipart  TCP_CM3.lib(at_http.o)
    0x00018498   0x000000f8   Code   RO         1070    i.http_proc_post    TCP_CM3.lib(at_http.o)
    0x00018590   0x0000033c   Code   RO         1071    i.http_run_server   TCP_CM3.lib(at_http.o)
    0x000188cc   0x0000001e   Code   RO         1072    i.http_strcpy       TCP_CM3.lib(at_http.o)
    0x000188ea   0x00000002   PAD
    0x000188ec   0x000000a8   Code   RO         1073    i.http_to_utc       TCP_CM3.lib(at_http.o)
    0x00018994   0x00000010   Code   RO          940    i.icmp_init         TCP_CM3.lib(at_icmp.o)
    0x000189a4   0x000000cc   Code   RO          942    i.icmp_process      TCP_CM3.lib(at_icmp.o)
    0x00018a70   0x00000048   Code   RO          943    i.icmp_run_engine   TCP_CM3.lib(at_icmp.o)
    0x00018ab8   0x00000070   Code   RO          944    i.icmp_send_message  TCP_CM3.lib(at_icmp.o)
    0x00018b28   0x00000038   Code   RO         1132    i.ifree_mem         TCP_CM3.lib(at_mem.o)
    0x00018b60   0x00000030   Code   RO         1144    i.init_TcpNet       TCP_CM3.lib(at_system.o)
    0x00018b90   0x00000060   Code   RO         1133    i.init_mem          TCP_CM3.lib(at_mem.o)
    0x00018bf0   0x000000c8   Code   RO          926    i.ip_chk_frame      TCP_CM3.lib(at_ip.o)
    0x00018cb8   0x0000000a   Code   RO          927    i.ip_get_chksum     TCP_CM3.lib(at_ip.o)
    0x00018cc2   0x00000002   PAD
    0x00018cc4   0x000000b8   Code   RO          928    i.ip_get_locadr     TCP_CM3.lib(at_ip.o)
    0x00018d7c   0x0000000c   Code   RO          929    i.ip_init           TCP_CM3.lib(at_ip.o)
    0x00018d88   0x0000005c   Code   RO          930    i.ip_run_local      TCP_CM3.lib(at_ip.o)
    0x00018de4   0x00000150   Code   RO          931    i.ip_send_frame     TCP_CM3.lib(at_ip.o)
    0x00018f34   0x00000014   Code   RO         1166    i.is_subnet         TCP_CM3.lib(at_lib.o)
    0x00018f48   0x00000064   Code   RO         1145    i.main_TcpNet       TCP_CM3.lib(at_system.o)
    0x00018fac   0x00000018   Code   RO         1167    i.mem_comp          TCP_CM3.lib(at_lib.o)
    0x00018fc4   0x00000016   Code   RO         1168    i.mem_copy          TCP_CM3.lib(at_lib.o)
    0x00018fda   0x00000020   Code   RO         1169    i.mem_crc32         TCP_CM3.lib(at_lib.o)
    0x00018ffa   0x0000000a   Code   RO         1171    i.mem_set           TCP_CM3.lib(at_lib.o)
    0x00019004   0x00000014   Code   RO         1172    i.mem_test          TCP_CM3.lib(at_lib.o)
    0x00019018   0x00000016   Code   RO         1174    i.nrd_u32be         TCP_CM3.lib(at_lib.o)
    0x0001902e   0x00000010   Code   RO         1176    i.nwr_u32be         TCP_CM3.lib(at_lib.o)
    0x0001903e   0x00000002   PAD
    0x00019040   0x00000028   Code   RO         1074    i.proc_req_line     TCP_CM3.lib(at_http.o)
    0x00019068   0x00000028   Code   RO         1120    i.put_in_queue      TCP_CM3.lib(at_ethernet.o)
    0x00019090   0x000000a0   Code   RO         1075    i.read_script_line  TCP_CM3.lib(at_http.o)
    0x00019130   0x00000048   Code   RO         1134    i.resize_mem        TCP_CM3.lib(at_mem.o)
    0x00019178   0x0000004c   Code   RO         1076    i.search_delim      TCP_CM3.lib(at_http.o)
    0x000191c4   0x000000b0   Code   RO         1219    i.sin               m_ws.l(sin.o)
    0x00019274   0x00000012   Code   RO         1177    i.str_copy          TCP_CM3.lib(at_lib.o)
    0x00019286   0x0000001a   Code   RO         1178    i.str_crc32         TCP_CM3.lib(at_lib.o)
    0x000192a0   0x00000016   Code   RO         1179    i.str_pos           TCP_CM3.lib(at_lib.o)
    0x000192b6   0x0000001a   Code   RO         1180    i.str_scomp         TCP_CM3.lib(at_lib.o)
    0x000192d0   0x00000050   Code   RO          951    i.tcp_abort         TCP_CM3.lib(at_tcp.o)
    0x00019320   0x0000009c   Code   RO          953    i.tcp_close         TCP_CM3.lib(at_tcp.o)
    0x000193bc   0x00000020   Code   RO          956    i.tcp_get_buf       TCP_CM3.lib(at_tcp.o)
    0x000193dc   0x0000004c   Code   RO          958    i.tcp_get_socket    TCP_CM3.lib(at_tcp.o)
    0x00019428   0x00000024   Code   RO          959    i.tcp_get_state     TCP_CM3.lib(at_tcp.o)
    0x0001944c   0x00000018   Code   RO          960    i.tcp_init          TCP_CM3.lib(at_tcp.o)
    0x00019464   0x0000006c   Code   RO          962    i.tcp_listen        TCP_CM3.lib(at_tcp.o)
    0x000194d0   0x00000098   Code   RO          963    i.tcp_map_socket    TCP_CM3.lib(at_tcp.o)
    0x00019568   0x00000024   Code   RO          964    i.tcp_max_dsize     TCP_CM3.lib(at_tcp.o)
    0x0001958c   0x0000005e   Code   RO          966    i.tcp_parse_opt     TCP_CM3.lib(at_tcp.o)
    0x000195ea   0x00000002   PAD
    0x000195ec   0x00000284   Code   RO          967    i.tcp_poll_sockets  TCP_CM3.lib(at_tcp.o)
    0x00019870   0x000000c8   Code   RO          968    i.tcp_proc_acknr    TCP_CM3.lib(at_tcp.o)
    0x00019938   0x00000052   Code   RO          969    i.tcp_proc_dupack   TCP_CM3.lib(at_tcp.o)
    0x0001998a   0x00000002   PAD
    0x0001998c   0x00000498   Code   RO          970    i.tcp_process       TCP_CM3.lib(at_tcp.o)
    0x00019e24   0x0000001a   Code   RO          971    i.tcp_que_free      TCP_CM3.lib(at_tcp.o)
    0x00019e3e   0x0000001a   Code   RO          972    i.tcp_que_init      TCP_CM3.lib(at_tcp.o)
    0x00019e58   0x00000094   Code   RO          973    i.tcp_que_resend    TCP_CM3.lib(at_tcp.o)
    0x00019eec   0x000000d4   Code   RO          977    i.tcp_send          TCP_CM3.lib(at_tcp.o)
    0x00019fc0   0x0000006a   Code   RO          978    i.tcp_send_ctrl     TCP_CM3.lib(at_tcp.o)
    0x0001a02a   0x00000050   Code   RO          979    i.tcp_send_data     TCP_CM3.lib(at_tcp.o)
    0x0001a07a   0x00000068   Code   RO          980    i.tcp_send_reset    TCP_CM3.lib(at_tcp.o)
    0x0001a0e2   0x00000026   Code   RO          981    i.tcp_set_cwnd      TCP_CM3.lib(at_tcp.o)
    0x0001a108   0x00000068   Code   RO          982    i.tcp_transit       TCP_CM3.lib(at_tcp.o)
    0x0001a170   0x000000c4   Code   RO          983    i.tcp_write         TCP_CM3.lib(at_tcp.o)
    0x0001a234   0x00000014   Code   RO         1146    i.timer_tick        TCP_CM3.lib(at_system.o)
    0x0001a248   0x00000018   Code   RO         1022    i.udp_init          TCP_CM3.lib(at_udp.o)
    0x0001a260   0x000000b8   Code   RO         1027    i.udp_process       TCP_CM3.lib(at_udp.o)
    0x0001a318   0x000000e0   Code   RO         1077    i.utc_to_http       TCP_CM3.lib(at_http.o)
    0x0001a3f8   0x00000090   Data   RO          186    .constdata          net_config.o
    0x0001a488   0x00000704   Data   RO          262    .constdata          web.o
    0x0001ab8c   0x000005f0   Data   RO          856    .constdata          asciilib.o
    0x0001b17c   0x00000006   Data   RO          907    .constdata          TCP_CM3.lib(at_arp.o)
    0x0001b182   0x00000008   Data   RO          932    .constdata          TCP_CM3.lib(at_ip.o)
    0x0001b18a   0x000000f4   Data   RO         1078    .constdata          TCP_CM3.lib(at_http.o)
    0x0001b27e   0x00000006   Data   RO         1122    .constdata          TCP_CM3.lib(at_ethernet.o)
    0x0001b284   0x00000056   Data   RO         1152    .constdata          TCP_CM3.lib(http_err.o)
    0x0001b2da   0x00000051   Data   RO         1153    .constdata          TCP_CM3.lib(http_err.o)
    0x0001b32b   0x0000004e   Data   RO         1154    .constdata          TCP_CM3.lib(http_err.o)
    0x0001b379   0x0000004b   Data   RO         1155    .constdata          TCP_CM3.lib(http_err.o)
    0x0001b3c4   0x0000002f   Data   RO         1156    .constdata          TCP_CM3.lib(http_err.o)
    0x0001b3f3   0x00000088   Data   RO         1157    .constdata          TCP_CM3.lib(http_err.o)
    0x0001b47b   0x00000005   PAD
    0x0001b480   0x00000030   Data   RO         1539    .constdata          m_ws.l(cos_i.o)
    0x0001b4b0   0x000000c8   Data   RO         1543    .constdata          m_ws.l(rred.o)
    0x0001b578   0x00000028   Data   RO         1547    .constdata          m_ws.l(sin_i.o)
    0x0001b5a0   0x00000081   Data   RO         1605    .constdata          mc_w.l(ctype_o.o)
    0x0001b621   0x00000003   PAD
    0x0001b624   0x00000004   Data   RO         1606    .constdata          mc_w.l(ctype_o.o)
    0x0001b628   0x00000019   Data   RO          187    .conststring        net_config.o
    0x0001b641   0x00000003   PAD
    0x0001b644   0x00000040   Data   RO         1639    Region$$Table       anon$$obj.o


    Execution Region RW_IRAM1 (Base: 0x10000000, Size: 0x00006130, Max: 0x00008000, ABSOLUTE)

    Base Addr    Size         Type   Attr      Idx    E Section Name        Object

    0x10000000   0x00000010   Data   RW           48    .data               anemometro.o
    0x10000010   0x00000014   Data   RW          234    .data               emac_lpc17xx_lan8720.o
    0x10000024   0x00000004   Data   RW          430    .data               system_lpc17xx.o
    0x10000028   0x0000000c   Data   RW          559    .data               ufono.o
    0x10000034   0x00000024   Data   RW          636    .data               lut.o
    0x10000058   0x00000004   Data   RW          660    .data               dma.o
    0x1000005c   0x0000000c   Data   RW         1079    .data               TCP_CM3.lib(at_http.o)
    0x10000068   0x00000004   Data   RW         1580    .data               mc_w.l(errno.o)
    0x1000006c   0x00000017   Zero   RW          126    .bss                rtc.o
    0x10000083   0x00000001   PAD
    0x10000084   0x0000000c   Zero   RW          340    .bss                touchpanel.o
    0x10000090   0x00005dc0   Zero   RW          526    .bss                ldr.o
    0x10005e50   0x00000010   Zero   RW          945    .bss                TCP_CM3.lib(at_icmp.o)
    0x10005e60   0x00000084   Zero   RW         1121    .bss                TCP_CM3.lib(at_ethernet.o)
    0x10005ee4   0x0000004c   Zero   RW         1147    .bss                TCP_CM3.lib(at_system.o)
    0x10005f30   0x00000200   Zero   RW          412    STACK               startup_lpc17xx.o


    Execution Region RW_IRAM2 (Base: 0x2007c000, Size: 0x00006138, Max: 0x00008000, ABSOLUTE, COMPRESSED[0x000000fc])

    Base Addr    Size         Type   Attr      Idx    E Section Name        Object

    0x2007c000   0x0000002a   Data   RW          188    .data               net_config.o
    0x2007c02a   0x000001bc   Data   RW          273    .data               statechart.o
    0x2007c1e6   0x00000002   PAD
    0x2007c1e8   0x0000004c   Data   RW          341    .data               touchpanel.o
    0x2007c234   0x00000013   Data   RW          364    .data               main.o
    0x2007c247   0x00000001   PAD
    0x2007c248   0x00000008   Data   RW          476    .data               timers.o
    0x2007c250   0x00000017   Data   RW          503    .data               onewire.o
    0x2007c267   0x00000001   PAD
    0x2007c268   0x0000000c   Data   RW          527    .data               ldr.o
    0x2007c274   0x00000001   Data   RW          874    .data               glcd.o
    0x2007c275   0x00000003   PAD
    0x2007c278   0x00000008   Data   RW          908    .data               TCP_CM3.lib(at_arp.o)
    0x2007c280   0x0000000c   Data   RW          933    .data               TCP_CM3.lib(at_ip.o)
    0x2007c28c   0x00000004   Data   RW          984    .data               TCP_CM3.lib(at_tcp.o)
    0x2007c290   0x000033ec   Zero   RW          185    .bss                net_config.o
    0x2007f67c   0x00000004   PAD
    0x2007f680   0x00002a64   Zero   RW          233    .bss                emac_lpc17xx_lan8720.o
    0x200820e4   0x00000034   Zero   RW          363    .bss                main.o
    0x20082118   0x00000010   Zero   RW          659    .bss                dma.o
    0x20082128   0x00000010   Zero   RW         1135    .bss                TCP_CM3.lib(at_mem.o)


==============================================================================

Image component sizes


      Code (inc. data)   RO Data    RW Data    ZI Data      Debug   Object Name

       388         48          0         16          0      27113   anemometro.o
        32          6       1520          0          0        975   asciilib.o
       224         46          0          0          0        532   configura.o
       220         28          0          0          0        854   dac.o
       136         42          0          4         16        944   dma.o
      1488        130          0         20      10852      42929   emac_lpc17xx_lan8720.o
     69888        342          0          1          0     186894   glcd.o
       560         74          0          0          0       1620   http_cgi.o
        16          0          0          0          0       6847   http_source.o
       488         72          0         12      24000       3759   ldr.o
       336         32          0          0          0       1779   lpc17xx_clkpwr.o
      1060         62          0          0          0       8279   lpc17xx_gpio.o
         4          0          0          0          0        799   lpc17xx_libcfg_default.o
       256          4          0          0          0       2169   lpc17xx_pinsel.o
      1720         62          0          0          0       6088   lpc17xx_ssp.o
       384         48          0         36          0       1515   lut.o
        16          0          0         19         52       1163   main.o
       116          8        169         42      13292       3169   net_config.o
       700         80          0         23          0       2118   onewire.o
       672         54          0          0          0       1049   pwm.o
       316         80          0          0         23      17528   rtc.o
        40         12        204          0        512        904   startup_lpc17xx.o
      2944        710          0        444          0      16022   statechart.o
       792         78          0          4          0       1037   system_lpc17xx.o
       712         74          0          8          0      18280   timers.o
      2116         68          0         76         12       5485   touchpanel.o
       264         30          0         12          0       1126   ufono.o
        44          8          0          0          0        402   uva30a.o
        40          6          0          0          0      24251   wdt.o
         0          0       1796          0          0        501   web.o

    ----------------------------------------------------------------------
     85972       2204       3756        724      48764     386131   Object Totals
         0          0         64          0          0          0   (incl. Generated)
         0          0          3          7          5          0   (incl. Padding)

    ----------------------------------------------------------------------

      Code (inc. data)   RO Data    RW Data    ZI Data      Debug   Library Member Name

      1824        138          6          8          0       1040   at_arp.o
       488         58          6          0        132        404   at_ethernet.o
      5388       1172        244         12          0       2116   at_http.o
        18          0          0          0          0        340   at_http_uif.o
       404         30          0          0         16        308   at_icmp.o
       834         56          8         12          0        520   at_ip.o
       486          6          0          0          0       1224   at_lib.o
       568         46          0          0         16        520   at_mem.o
       196         40          0          0         76        292   at_system.o
      3936        158          0          4          0       2008   at_tcp.o
       208         12          0          0          0        156   at_udp.o
         0          0        503          0          0          0   http_err.o
       252         22         48          0          0        124   cos_i.o
        16          6          0          0          0         68   dunder.o
        40          0          0          0          0         68   fpclassify.o
       170          0          0          0          0         96   poly.o
       904         72        200          0          0        140   rred.o
       176         10          0          0          0        116   sin.o
       236         12         40          0          0        128   sin_i.o
        92          0          0          0          0          0   __dczerorl2.o
        28          0          0          0          0         68   _chval.o
       158          0          0          0          0         92   _strtoul.o
        26          0          0          0          0         80   atoi.o
         8          4        133          0          0         68   ctype_o.o
         0          0          0          0          0          0   entry.o
         0          0          0          0          0          0   entry10a.o
         0          0          0          0          0          0   entry11a.o
         8          4          0          0          0          0   entry2.o
         4          0          0          0          0          0   entry5.o
         0          0          0          0          0          0   entry7b.o
         0          0          0          0          0          0   entry8b.o
         8          4          0          0          0          0   entry9a.o
        20         10          0          4          0        136   errno.o
        30          0          0          0          0          0   handlers.o
        36          8          0          0          0         68   init.o
         0          0          0          0          0          0   iusefp.o
        30          0          0          0          0         68   llshl.o
        36          0          0          0          0         68   llsshr.o
        32          0          0          0          0         68   llushr.o
        36          0          0          0          0         68   memcpya.o
        36          0          0          0          0        108   memseta.o
      2260         86          0          0          0        512   printfa.o
        28          0          0          0          0         76   strcmp.o
        14          0          0          0          0         68   strlen.o
       112          0          0          0          0         88   strtol.o
        44          0          0          0          0         80   uidiv.o
        98          0          0          0          0         92   uldiv.o
        40          2          0          0          0         68   cdcmple.o
        40          2          0          0          0         68   cdrcmple.o
        20          0          0          0          0         68   cfcmple.o
        56          0          0          0          0         88   d2f.o
       334          0          0          0          0        148   dadd.o
       222          0          0          0          0        100   ddiv.o
       190          0          0          0          0        176   depilogue.o
        62          0          0          0          0         80   dfixi.o
        50          0          0          0          0         76   dfixui.o
        48          0          0          0          0         68   dfixul.o
        34          0          0          0          0         76   dflti.o
        26          0          0          0          0         76   dfltui.o
       228          0          0          0          0         96   dmul.o
        46          0          0          0          0         80   dscalb.o
        38          0          0          0          0         68   f2d.o
       176          0          0          0          0        140   fadd.o
       128          0          0          0          0         88   fdiv.o
       108          0          0          0          0        168   fepilogue.o
        40          0          0          0          0         68   ffixui.o
        18          0          0          0          0         68   fflti.o
        10          0          0          0          0         68   ffltui.o
       108          0          0          0          0         76   fmul.o

    ----------------------------------------------------------------------
     21336       1958       1196         40        240      13488   Library Totals
        26          0          8          0          0          0   (incl. Padding)

    ----------------------------------------------------------------------

      Code (inc. data)   RO Data    RW Data    ZI Data      Debug   Library Name

     14350       1716        767         36        240       8928   TCP_CM3.lib
      1794        122        288          0          0        740   m_ws.l
      3144        116        133          4          0       1808   mc_w.l
      2022          4          0          0          0       2012   mf_w.l

    ----------------------------------------------------------------------
     21336       1958       1196         40        240      13488   Library Totals

    ----------------------------------------------------------------------

==============================================================================


      Code (inc. data)   RO Data    RW Data    ZI Data      Debug   

    107308       4162       4952        764      49004     389115   Grand Totals
    107308       4162       4952        360      49004     389115   ELF Image Totals (compressed)
    107308       4162       4952        360          0          0   ROM Totals

==============================================================================

    Total RO  Size (Code + RO Data)               112260 ( 109.63kB)
    Total RW  Size (RW Data + ZI Data)             49768 (  48.60kB)
    Total ROM Size (Code + RO Data + RW Data)     112620 ( 109.98kB)

==============================================================================

