ARM Linker, 5.03 [Build 76] [MDK-ARM Professional]

==============================================================================

Section Cross References

    anemometro.o(.text) refers to ffltui.o(.text) for __aeabi_ui2f
    anemometro.o(.text) refers to fmul.o(.text) for __aeabi_fmul
    anemometro.o(.text) refers to fdiv.o(.text) for __aeabi_fdiv
    anemometro.o(.text) refers to anemometro.o(.data) for CAPcont
    anemometro.o(.text) refers to main.o(.data) for DATOS
    pwm.o(.text) refers to fdiv.o(.text) for __aeabi_fdiv
    pwm.o(.text) refers to ffixui.o(.text) for __aeabi_f2uiz
    pwm.o(.text) refers to f2d.o(.text) for __aeabi_f2d
    pwm.o(.text) refers to dmul.o(.text) for __aeabi_dmul
    pwm.o(.text) refers to d2f.o(.text) for __aeabi_d2f
    pwm.o(.text) refers to ffltui.o(.text) for __aeabi_ui2f
    pwm.o(.text) refers to fmul.o(.text) for __aeabi_fmul
    pwm.o(.text) refers to fadd.o(.text) for __aeabi_fsub
    pwm.o(.text) refers to main.o(.data) for COUNTERS
    rtc.o(.text) refers to printfa.o(i.__0sprintf) for __2sprintf
    rtc.o(.text) refers to main.o(.data) for COUNTERS
    rtc.o(.text) refers to rtc.o(.bss) for Clock
    http_source.o(.text) refers to at_system.o(i.init_TcpNet) for init_TcpNet
    http_source.o(.text) refers to at_system.o(i.main_TcpNet) for main_TcpNet
    net_config.o(.text) refers to at_ethernet.o(i.eth_init_link) for eth_init_link
    net_config.o(.text) refers to at_ip.o(i.ip_init) for ip_init
    net_config.o(.text) refers to at_icmp.o(i.icmp_init) for icmp_init
    net_config.o(.text) refers to at_udp.o(i.udp_init) for udp_init
    net_config.o(.text) refers to at_tcp.o(i.tcp_init) for tcp_init
    net_config.o(.text) refers to at_http.o(i.http_init) for http_init
    net_config.o(.text) refers to at_arp.o(i.arp_notify) for arp_notify
    net_config.o(.text) refers to at_ethernet.o(i.eth_run_link) for eth_run_link
    net_config.o(.text) refers to at_ip.o(i.ip_run_local) for ip_run_local
    net_config.o(.text) refers to at_icmp.o(i.icmp_run_engine) for icmp_run_engine
    net_config.o(.text) refers to at_tcp.o(i.tcp_poll_sockets) for tcp_poll_sockets
    net_config.o(.text) refers to at_http.o(i.http_run_server) for http_run_server
    net_config.o(.constdata) refers to net_config.o(.bss) for mem_pool
    net_config.o(.constdata) refers to net_config.o(.data) for lhost_name
    net_config.o(.constdata) refers to net_config.o(.conststring) for .conststring
    http_cgi.o(.text) refers to f2d.o(.text) for __aeabi_f2d
    http_cgi.o(.text) refers to printfa.o(i.__0sprintf) for __2sprintf
    http_cgi.o(.text) refers to main.o(.data) for DATOS
    emac_lpc17xx_lan8720.o(.text) refers to net_config.o(.data) for own_hw_adr
    emac_lpc17xx_lan8720.o(.text) refers to emac_lpc17xx_lan8720.o(.bss) for tx_buf
    emac_lpc17xx_lan8720.o(.text) refers to emac_lpc17xx_lan8720.o(.data) for tout
    emac_lpc17xx_lan8720.o(.text) refers to at_mem.o(i.alloc_mem) for alloc_mem
    emac_lpc17xx_lan8720.o(.text) refers to at_ethernet.o(i.put_in_queue) for put_in_queue
    statechart.o(.text) refers to pwm.o(.text) for modificaPulso
    statechart.o(.text) refers to glcd.o(.text) for LCD_DrawLine
    statechart.o(.text) refers to strlen.o(.text) for strlen
    statechart.o(.text) refers to printfa.o(i.__0sprintf) for __2sprintf
    statechart.o(.text) refers to f2d.o(.text) for __aeabi_f2d
    statechart.o(.text) refers to fadd.o(.text) for __aeabi_fsub
    statechart.o(.text) refers to fmul.o(.text) for __aeabi_fmul
    statechart.o(.text) refers to fdiv.o(.text) for __aeabi_fdiv
    statechart.o(.text) refers to ffixi.o(.text) for __aeabi_f2iz
    statechart.o(.text) refers to statechart.o(.data) for pressedTouchPanel
    statechart.o(.text) refers to touchpanel.o(.data) for display
    statechart.o(.text) refers to statechart.o(.bss) for MODIFICABLES
    statechart.o(.text) refers to timers.o(.data) for contadorLUZ
    statechart.o(.text) refers to rtc.o(.bss) for Clock
    statechart.o(.text) refers to main.o(.data) for ACTUALIZADOR
    statechart.o(.text) refers to cfrcmple.o(.text) for __aeabi_cfrcmple
    statechart.o(.text) refers to cfcmple.o(.text) for __aeabi_cfcmple
    statechart.o(.text) refers to touchpanel.o(.text) for Read_Ads7846
    statechart.o(.text) refers to wdt.o(.text) for alimentaWDT
    statechart.o(.text) refers to lut.o(.text) for goto_LUT
    statechart.o(.text) refers to dac.o(.text) for activarDac
    statechart.o(.text) refers to ufono.o(.text) for lanzaUFONO
    touchpanel.o(.text) refers to lpc17xx_pinsel.o(.text) for PINSEL_ConfigPin
    touchpanel.o(.text) refers to lpc17xx_gpio.o(.text) for GPIO_SetDir
    touchpanel.o(.text) refers to lpc17xx_ssp.o(.text) for SSP_ConfigStructInit
    touchpanel.o(.text) refers to wdt.o(.text) for alimentaWDT
    touchpanel.o(.text) refers to glcd.o(.text) for LCD_SetPoint
    touchpanel.o(.text) refers to memseta.o(.text) for __aeabi_memclr4
[...]
    .bss                                     0x20082308   Section      132  at_ethernet.o(.bss)
    eth_control                              0x20082308   Data         132  at_ethernet.o(.bss)
    .bss                                     0x2008238c   Section       76  at_system.o(.bss)

    Global Symbols

    Symbol Name                              Value     Ov Type        Size  Object(Section)

    BuildAttributes$$THM_ISAv4$P$D$K$B$S$PE$A:L22UL41UL21$X:L11$S22US41US21$IEEE1$IW$USESV6$~STKCKD$USESV7$~SHL$OTIME$ROPI$IEEEX$EBA8$MICROLIB$REQ8$PRES8$EABIv2 0x00000000   Number         0  anon$$obj.o ABSOLUTE
    __ARM_use_no_argv                        0x00000000   Number         0  main.o ABSOLUTE
    __Vectors                                0x00000000   Data           4  startup_lpc17xx.o(RESET)
    _printf_a                                0x00000000   Number         0  stubs.o ABSOLUTE
    _printf_c                                0x00000000   Number         0  stubs.o ABSOLUTE
    _printf_charcount                        0x00000000   Number         0  stubs.o ABSOLUTE
    _printf_d                                0x00000000   Number         0  stubs.o ABSOLUTE
    _printf_e                                0x00000000   Number         0  stubs.o ABSOLUTE
    _printf_f                                0x00000000   Number         0  stubs.o ABSOLUTE
    _printf_flags                            0x00000000   Number         0  stubs.o ABSOLUTE
    _printf_fp_dec                           0x00000000   Number         0  stubs.o ABSOLUTE
    _printf_fp_hex                           0x00000000   Number         0  stubs.o ABSOLUTE
    _printf_g                                0x00000000   Number         0  stubs.o ABSOLUTE
    _printf_i                                0x00000000   Number         0  stubs.o ABSOLUTE
    _printf_int_dec                          0x00000000   Number         0  stubs.o ABSOLUTE
    _printf_l                                0x00000000   Number         0  stubs.o ABSOLUTE
    _printf_lc                               0x00000000   Number         0  stubs.o ABSOLUTE
    _printf_ll                               0x00000000   Number         0  stubs.o ABSOLUTE
    _printf_lld                              0x00000000   Number         0  stubs.o ABSOLUTE
    _printf_lli                              0x00000000   Number         0  stubs.o ABSOLUTE
    _printf_llo                              0x00000000   Number         0  stubs.o ABSOLUTE
    _printf_llu                              0x00000000   Number         0  stubs.o ABSOLUTE
    _printf_llx                              0x00000000   Number         0  stubs.o ABSOLUTE
    _printf_longlong_dec                     0x00000000   Number         0  stubs.o ABSOLUTE
    _printf_longlong_hex                     0x00000000   Number         0  stubs.o ABSOLUTE
    _printf_longlong_oct                     0x00000000   Number         0  stubs.o ABSOLUTE
    _printf_ls                               0x00000000   Number         0  stubs.o ABSOLUTE
    _printf_mbtowc                           0x00000000   Number         0  stubs.o ABSOLUTE
    _printf_n                                0x00000000   Number         0  stubs.o ABSOLUTE
    _printf_o                                0x00000000   Number         0  stubs.o ABSOLUTE
    _printf_p                                0x00000000   Number         0  stubs.o ABSOLUTE
    _printf_percent                          0x00000000   Number         0  stubs.o ABSOLUTE
    _printf_pre_padding                      0x00000000   Number         0  stubs.o ABSOLUTE
    _printf_return_value                     0x00000000   Number         0  stubs.o ABSOLUTE
    _printf_s                                0x00000000   Number         0  stubs.o ABSOLUTE
    _printf_sizespec                         0x00000000   Number         0  stubs.o ABSOLUTE
    _printf_str                              0x00000000   Number         0  stubs.o ABSOLUTE
    _printf_truncate_signed                  0x00000000   Number         0  stubs.o ABSOLUTE
    _printf_truncate_unsigned                0x00000000   Number         0  stubs.o ABSOLUTE
    _printf_u                                0x00000000   Number         0  stubs.o ABSOLUTE
    _printf_wc                               0x00000000   Number         0  stubs.o ABSOLUTE
    _printf_wctomb                           0x00000000   Number         0  stubs.o ABSOLUTE
    _printf_widthprec                        0x00000000   Number         0  stubs.o ABSOLUTE
    _printf_x                                0x00000000   Number         0  stubs.o ABSOLUTE
    __cpp_initialize__aeabi_                  - Undefined Weak Reference
    __cxa_finalize                            - Undefined Weak Reference
    _clock_init                               - Undefined Weak Reference
    _microlib_exit                            - Undefined Weak Reference
    _scanf_int                                - Undefined Weak Reference
    _scanf_longlong                           - Undefined Weak Reference
    _scanf_real                               - Undefined Weak Reference
    poll_ethernet                             - Undefined Weak Reference
    __main                                   0x000000cd   Thumb Code     0  entry.o(.ARM.Collect$$$$00000000)
    _main_stk                                0x000000cd   Thumb Code     0  entry2.o(.ARM.Collect$$$$00000001)
    _main_scatterload                        0x000000d1   Thumb Code     0  entry5.o(.ARM.Collect$$$$00000004)
    __main_after_scatterload                 0x000000d5   Thumb Code     0  entry5.o(.ARM.Collect$$$$00000004)
    _main_clock                              0x000000d5   Thumb Code     0  entry7b.o(.ARM.Collect$$$$00000008)
    _main_cpp_init                           0x000000d5   Thumb Code     0  entry8b.o(.ARM.Collect$$$$0000000A)
    _main_init                               0x000000d5   Thumb Code     0  entry9a.o(.ARM.Collect$$$$0000000B)
    __rt_final_cpp                           0x000000dd   Thumb Code     0  entry10a.o(.ARM.Collect$$$$0000000D)
    __rt_final_exit                          0x000000dd   Thumb Code     0  entry11a.o(.ARM.Collect$$$$0000000F)
    alimentaWDT                              0x000000e1   Thumb Code    12  wdt.o(.text)
    __configuraWDT__                         0x000000ed   Thumb Code    22  wdt.o(.text)
    __configuraAnemometro__                  0x00000109   Thumb Code   148  anemometro.o(.text)
    mideAnemometro                           0x0000019d   Thumb Code   192  anemometro.o(.text)
    __configuraWEB__                         0x0000028d   Thumb Code     8  http_source.o(.text)
    __mantenerTCP__                          0x00000295   Thumb Code     8  http_source.o(.text)
    main                                     0x0000029d   Thumb Code    16  main.o(.text)
    Reset_Handler                            0x000002ad   Thumb Code     8  startup_lpc17xx.o(.text)
    NMI_Handler                              0x000002b5   Thumb Code     2  startup_lpc17xx.o(.text)
    HardFault_Handler                        0x000002b7   Thumb Code     2  startup_lpc17xx.o(.text)
    MemManage_Handler                        0x000002b9   Thumb Code     2  startup_lpc17xx.o(.text)
    BusFault_Handler                         0x000002bb   Thumb Code     2  startup_lpc17xx.o(.text)
    UsageFault_Handler                       0x000002bd   Thumb Code     2  startup_lpc17xx.o(.text)
    SVC_Handler                              0x000002bf   Thumb Code     2  startup_lpc17xx.o(.text)
    DebugMon_Handler                         0x000002c1   Thumb Code     2  startup_lpc17xx.o(.text)
    PendSV_Handler                           0x000002c3   Thumb Code     2  startup_lpc17xx.o(.text)
    BOD_IRQHandler                           0x000002c7   Thumb Code     0  startup_lpc17xx.o(.text)
    CANActivity_IRQHandler                   0x000002c7   Thumb Code     0  startup_lpc17xx.o(.text)
    CAN_IRQHandler                           0x000002c7   Thumb Code     0  startup_lpc17xx.o(.text)
    DMA_IRQHandler                           0x000002c7   Thumb Code     0  startup_lpc17xx.o(.text)
    EINT0_IRQHandler                         0x000002c7   Thumb Code     0  startup_lpc17xx.o(.text)
    EINT1_IRQHandler                         0x000002c7   Thumb Code     0  startup_lpc17xx.o(.text)
    EINT2_IRQHandler                         0x000002c7   Thumb Code     0  startup_lpc17xx.o(.text)
    EINT3_IRQHandler                         0x000002c7   Thumb Code     0  startup_lpc17xx.o(.text)
    I2C0_IRQHandler                          0x000002c7   Thumb Code     0  startup_lpc17xx.o(.text)
    I2C1_IRQHandler                          0x000002c7   Thumb Code     0  startup_lpc17xx.o(.text)
    I2C2_IRQHandler                          0x000002c7   Thumb Code     0  startup_lpc17xx.o(.text)
    I2S_IRQHandler                           0x000002c7   Thumb Code     0  startup_lpc17xx.o(.text)
    MCPWM_IRQHandler                         0x000002c7   Thumb Code     0  startup_lpc17xx.o(.text)
    PLL0_IRQHandler                          0x000002c7   Thumb Code     0  startup_lpc17xx.o(.text)
    PLL1_IRQHandler                          0x000002c7   Thumb Code     0  startup_lpc17xx.o(.text)
    PWM1_IRQHandler                          0x000002c7   Thumb Code     0  startup_lpc17xx.o(.text)
    QEI_IRQHandler                           0x000002c7   Thumb Code     0  startup_lpc17xx.o(.text)
    RIT_IRQHandler                           0x000002c7   Thumb Code     0  startup_lpc17xx.o(.text)
    SPI_IRQHandler                           0x000002c7   Thumb Code     0  startup_lpc17xx.o(.text)
    SSP0_IRQHandler                          0x000002c7   Thumb Code     0  startup_lpc17xx.o(.text)
    SSP1_IRQHandler                          0x000002c7   Thumb Code     0  startup_lpc17xx.o(.text)
    UART1_IRQHandler                         0x000002c7   Thumb Code     0  startup_lpc17xx.o(.text)
    UART2_IRQHandler                         0x000002c7   Thumb Code     0  startup_lpc17xx.o(.text)
    UART3_IRQHandler                         0x000002c7   Thumb Code     0  startup_lpc17xx.o(.text)
    USBActivity_IRQHandler                   0x000002c7   Thumb Code     0  startup_lpc17xx.o(.text)
    USB_IRQHandler                           0x000002c7   Thumb Code     0  startup_lpc17xx.o(.text)
    WDT_IRQHandler                           0x000002c7   Thumb Code     0  startup_lpc17xx.o(.text)
    __configuraUVA30A__                      0x000002d1   Thumb Code    36  uva30a.o(.text)
    __configuraPWM__                         0x00000301   Thumb Code   384  pwm.o(.text)
    __RL_TCP_VER                             0x00000472   Number         0  at_system.o ABSOLUTE
    modificaPulso                            0x00000481   Thumb Code   240  pwm.o(.text)
    __configuraRTC__                         0x000005a1   Thumb Code   152  rtc.o(.text)
    RTC_IRQHandler                           0x00000639   Thumb Code    72  rtc.o(.text)
    sys_error                                0x000006d1   Thumb Code    36  net_config.o(.text)
    init_system                              0x000006f5   Thumb Code    34  net_config.o(.text)
    run_system                               0x00000717   Thumb Code    26  net_config.o(.text)
    igmp_is_member                           0x00000731   Thumb Code     4  net_config.o(.text)
    igmp_process                             0x00000735   Thumb Code     2  net_config.o(.text)
    dhcp_disable                             0x00000737   Thumb Code     2  net_config.o(.text)
    ppp_send_frame                           0x00000739   Thumb Code     4  net_config.o(.text)
    slip_send_frame                          0x0000073d   Thumb Code     4  net_config.o(.text)
    sntp_get_time                            0x00000741   Thumb Code     4  net_config.o(.text)
    cgi_process_var                          0x00000745   Thumb Code     2  http_cgi.o(.text)
    cgi_process_data                         0x00000747   Thumb Code     2  http_cgi.o(.text)
    cgi_func                                 0x00000749   Thumb Code   482  http_cgi.o(.text)
    int_enable_eth                           0x00000975   Thumb Code    24  emac_lpc17xx_lan8720.o(.text)
    int_disable_eth                          0x0000098d   Thumb Code    18  emac_lpc17xx_lan8720.o(.text)
    setMac                                   0x0000099f   Thumb Code   182  emac_lpc17xx_lan8720.o(.text)
    init_ethernet                            0x00000b65   Thumb Code   724  emac_lpc17xx_lan8720.o(.text)
    send_frame                               0x00000e39   Thumb Code    70  emac_lpc17xx_lan8720.o(.text)
    ENET_IRQHandler                          0x00000e7f   Thumb Code   156  emac_lpc17xx_lan8720.o(.text)
    zoneNewPressed                           0x00000f45   Thumb Code   164  statechart.o(.text)
    squareButton                             0x00000fe9   Thumb Code   258  statechart.o(.text)
    __pintaAjustes__                         0x000010eb   Thumb Code   280  statechart.o(.text)
    squareBox                                0x00001203   Thumb Code    62  statechart.o(.text)
    __pintaMedidas2__                        0x00001241   Thumb Code  3164  statechart.o(.text)
    __pintaMedidas1__                        0x00001e9d   Thumb Code   404  statechart.o(.text)
    __pintaInicio__                          0x00002031   Thumb Code   990  statechart.o(.text)
    checkTouchPanel                          0x0000240f   Thumb Code    36  statechart.o(.text)
    __mainLoop__                             0x00002433   Thumb Code  1070  statechart.o(.text)
    __configuraLCD__                         0x00002861   Thumb Code    12  statechart.o(.text)
    TP_Init                                  0x000028d9   Thumb Code   176  touchpanel.o(.text)
    Read_X                                   0x00002a09   Thumb Code    42  touchpanel.o(.text)
    Read_Y                                   0x00002a33   Thumb Code    42  touchpanel.o(.text)
    TP_GetAdXY                               0x00002a5d   Thumb Code    34  touchpanel.o(.text)
    TP_DrawPoint                             0x00002a7f   Thumb Code    64  touchpanel.o(.text)
    DrawCross                                0x00002abf   Thumb Code   356  touchpanel.o(.text)
    Read_Ads7846                             0x00002c23   Thumb Code   520  touchpanel.o(.text)
    setCalibrationMatrix                     0x00002e2b   Thumb Code   356  touchpanel.o(.text)
    getDisplayPoint                          0x00002f8f   Thumb Code   238  touchpanel.o(.text)
    TouchPanel_Calibrate                     0x0000307d   Thumb Code   108  touchpanel.o(.text)
    SystemCoreClockUpdate                    0x0000311d   Thumb Code   424  system_lpc17xx.o(.text)
    SystemInit                               0x000032c5   Thumb Code   290  system_lpc17xx.o(.text)
    __iniciaVariables__                      0x00003435   Thumb Code    92  configura.o(.text)
    __configuraPrograma__                    0x00003491   Thumb Code   122  configura.o(.text)
    __configuraSysTick__                     0x00003551   Thumb Code    80  timers.o(.text)
    __configuraTimer0__                      0x000035a1   Thumb Code    94  timers.o(.text)
    SysTick_Handler                          0x000035ff   Thumb Code    70  timers.o(.text)
    TIMER0_IRQHandler                        0x0000375b   Thumb Code   174  timers.o(.text)
    TIMER1_IRQHandler                        0x00003809   Thumb Code    38  timers.o(.text)
    TIMER2_IRQHandler                        0x0000382f   Thumb Code     2  timers.o(.text)
    TIMER3_IRQHandler                        0x00003831   Thumb Code     2  timers.o(.text)
    reiniciaCuenta                           0x00003881   Thumb Code    16  onewirev2.o(.text)
    inicializaT3                             0x00003891   Thumb Code    30  onewirev2.o(.text)
    __configuraOW__                          0x000038af   Thumb Code    12  onewirev2.o(.text)
    leerByte                                 0x000038bb   Thumb Code   164  onewirev2.o(.text)
    compruebaRespuesta                       0x0000395f   Thumb Code   188  onewirev2.o(.text)
    _delayUS                                 0x00003a1b   Thumb Code    20  onewirev2.o(.text)
    mideTemperatura                          0x00003a2f   Thumb Code   228  onewirev2.o(.text)
    __configuraLDR__                         0x00003b39   Thumb Code   124  ldr.o(.text)
    ADC_IRQHandler                           0x00003bb5   Thumb Code   292  ldr.o(.text)
    __configuraUFONO__                       0x00003d21   Thumb Code    56  ufono.o(.text)
    lanzaUFONO                               0x00003d59   Thumb Code   122  ufono.o(.text)
    recuperaContexto                         0x00003dd3   Thumb Code    56  ufono.o(.text)
    __configuraDAC__                         0x00003e29   Thumb Code    44  dac.o(.text)
    escribirEnDac                            0x00003e55   Thumb Code    52  dac.o(.text)
    activarDac                               0x00003e89   Thumb Code    40  dac.o(.text)
    desactivarDAC                            0x00003eb1   Thumb Code    56  dac.o(.text)
    goto_LUT                                 0x00003f05   Thumb Code   220  lut.o(.text)
    crearSeno                                0x00003fe1   Thumb Code   116  lut.o(.text)
    __configuraDMA__                         0x00004085   Thumb Code    94  dma.o(.text)
    SSP_Init                                 0x0000418f   Thumb Code   100  lpc17xx_ssp.o(.text)
    SSP_DeInit                               0x000041f3   Thumb Code    60  lpc17xx_ssp.o(.text)
    SSP_GetDataSize                          0x0000422f   Thumb Code    34  lpc17xx_ssp.o(.text)
    SSP_ConfigStructInit                     0x00004251   Thumb Code    22  lpc17xx_ssp.o(.text)
    SSP_Cmd                                  0x00004267   Thumb Code    68  lpc17xx_ssp.o(.text)
    SSP_LoopBackCmd                          0x000042ab   Thumb Code    68  lpc17xx_ssp.o(.text)
    SSP_SlaveOutputCmd                       0x000042ef   Thumb Code    72  lpc17xx_ssp.o(.text)
    SSP_SendData                             0x00004337   Thumb Code    36  lpc17xx_ssp.o(.text)
    SSP_ReceiveData                          0x0000435b   Thumb Code    34  lpc17xx_ssp.o(.text)
    SSP_ReadWrite                            0x0000437d   Thumb Code   604  lpc17xx_ssp.o(.text)
    SSP_GetStatus                            0x000045d9   Thumb Code    80  lpc17xx_ssp.o(.text)
    SSP_IntConfig                            0x00004629   Thumb Code    58  lpc17xx_ssp.o(.text)
    SSP_GetRawIntStatus                      0x00004663   Thumb Code    76  lpc17xx_ssp.o(.text)
    SSP_GetRawIntStatusReg                   0x000046af   Thumb Code    34  lpc17xx_ssp.o(.text)
    SSP_GetIntStatus                         0x000046d1   Thumb Code    76  lpc17xx_ssp.o(.text)
    SSP_ClearIntPending                      0x0000471d   Thumb Code    58  lpc17xx_ssp.o(.text)
    SSP_DMACmd                               0x00004757   Thumb Code   100  lpc17xx_ssp.o(.text)
    PINSEL_ConfigTraceFunc                   0x0000486b   Thumb Code    34  lpc17xx_pinsel.o(.text)
    PINSEL_SetI2C0Pins                       0x0000488d   Thumb Code    16  lpc17xx_pinsel.o(.text)
    PINSEL_ConfigPin                         0x0000489d   Thumb Code    36  lpc17xx_pinsel.o(.text)
    GPIO_SetDir                              0x00004961   Thumb Code    40  lpc17xx_gpio.o(.text)
    GPIO_SetValue                            0x00004989   Thumb Code    20  lpc17xx_gpio.o(.text)
    GPIO_ClearValue                          0x0000499d   Thumb Code    20  lpc17xx_gpio.o(.text)
    GPIO_ReadValue                           0x000049b1   Thumb Code    22  lpc17xx_gpio.o(.text)
    GPIO_IntCmd                              0x000049c7   Thumb Code    54  lpc17xx_gpio.o(.text)
    GPIO_GetIntStatus                        0x000049fd   Thumb Code    86  lpc17xx_gpio.o(.text)
    GPIO_ClearInt                            0x00004a53   Thumb Code    24  lpc17xx_gpio.o(.text)
    FIO_SetDir                               0x00004a6b   Thumb Code    20  lpc17xx_gpio.o(.text)
    FIO_SetValue                             0x00004a7f   Thumb Code    16  lpc17xx_gpio.o(.text)
    FIO_ClearValue                           0x00004a8f   Thumb Code    16  lpc17xx_gpio.o(.text)
    FIO_ReadValue                            0x00004a9f   Thumb Code    12  lpc17xx_gpio.o(.text)
    FIO_IntCmd                               0x00004aab   Thumb Code    20  lpc17xx_gpio.o(.text)
    FIO_GetIntStatus                         0x00004abf   Thumb Code    20  lpc17xx_gpio.o(.text)
    FIO_ClearInt                             0x00004ad3   Thumb Code    16  lpc17xx_gpio.o(.text)
    FIO_SetMask                              0x00004ae3   Thumb Code    40  lpc17xx_gpio.o(.text)
    FIO_HalfWordSetDir                       0x00004b0b   Thumb Code    62  lpc17xx_gpio.o(.text)
    FIO_HalfWordSetMask                      0x00004b49   Thumb Code    62  lpc17xx_gpio.o(.text)
    FIO_HalfWordSetValue                     0x00004b87   Thumb Code    32  lpc17xx_gpio.o(.text)
    FIO_HalfWordClearValue                   0x00004ba7   Thumb Code    32  lpc17xx_gpio.o(.text)
    FIO_HalfWordReadValue                    0x00004bc7   Thumb Code    30  lpc17xx_gpio.o(.text)
    FIO_ByteSetDir                           0x00004be5   Thumb Code    50  lpc17xx_gpio.o(.text)
    FIO_ByteSetMask                          0x00004c17   Thumb Code    66  lpc17xx_gpio.o(.text)
    FIO_ByteSetValue                         0x00004c59   Thumb Code    34  lpc17xx_gpio.o(.text)
    FIO_ByteClearValue                       0x00004c7b   Thumb Code    34  lpc17xx_gpio.o(.text)
    FIO_ByteReadValue                        0x00004c9d   Thumb Code    76  lpc17xx_gpio.o(.text)
    CLKPWR_SetPCLKDiv                        0x00004ce9   Thumb Code   106  lpc17xx_clkpwr.o(.text)
    CLKPWR_GetPCLKSEL                        0x00004d53   Thumb Code    32  lpc17xx_clkpwr.o(.text)
    CLKPWR_GetPCLK                           0x00004d73   Thumb Code    58  lpc17xx_clkpwr.o(.text)
    CLKPWR_ConfigPPWR                        0x00004dad   Thumb Code    50  lpc17xx_clkpwr.o(.text)
    CLKPWR_Sleep                             0x00004ddf   Thumb Code    10  lpc17xx_clkpwr.o(.text)
    CLKPWR_DeepSleep                         0x00004de9   Thumb Code    16  lpc17xx_clkpwr.o(.text)
    CLKPWR_PowerDown                         0x00004df9   Thumb Code    16  lpc17xx_clkpwr.o(.text)
    CLKPWR_DeepPowerDown                     0x00004e09   Thumb Code    16  lpc17xx_clkpwr.o(.text)
    check_failed                             0x00004e39   Thumb Code     4  lpc17xx_libcfg_default.o(.text)
    GetASCIICode                             0x00004e3d   Thumb Code    26  asciilib.o(.text)
    LCD_Initializtion                        0x00004ea7   Thumb Code 63088  glcd.o(.text)
    LCD_Clear                                0x00014517   Thumb Code  2744  glcd.o(.text)
    LCD_GetPoint                             0x00014fe9   Thumb Code  2218  glcd.o(.text)
    LCD_SetPoint                             0x00015893   Thumb Code  1304  glcd.o(.text)
    LCD_DrawLine                             0x00015dab   Thumb Code   250  glcd.o(.text)
    PutChar                                  0x00015ea5   Thumb Code   100  glcd.o(.text)
    GUI_Text                                 0x00015f09   Thumb Code    80  glcd.o(.text)
    UART0_MandaBufferTx                      0x00015f5d   Thumb Code    42  uart0.o(.text)
    __configuraUART0__                       0x00015f87   Thumb Code   126  uart0.o(.text)
    procesarComando                          0x00016005   Thumb Code   350  uart0.o(.text)
    UART0_IRQHandler                         0x000161d1   Thumb Code    36  uart0.o(.text)
    __calibraBMP                             0x0001638d   Thumb Code   630  i2c.o(.text)
    __configuraI2C__                         0x00016603   Thumb Code     8  i2c.o(.text)
    procesarDato                             0x0001660b   Thumb Code   106  i2c.o(.text)
    pedirDato                                0x00016675   Thumb Code    52  i2c.o(.text)
    irRegistro                               0x000166a9   Thumb Code    20  i2c.o(.text)
    pedirDatoReg                             0x000166bd   Thumb Code    22  i2c.o(.text)
    obtenerDato                              0x000166d3   Thumb Code    50  i2c.o(.text)
    mandaDato                                0x00016705   Thumb Code    32  i2c.o(.text)
    medirBMP                                 0x00016725   Thumb Code   410  i2c.o(.text)
    I2Cdelay                                 0x000168d5   Thumb Code    14  i2clib.o(.text)
    pulso_SCL                                0x000168e3   Thumb Code    24  i2clib.o(.text)
    I2CSendByte                              0x000168fb   Thumb Code    74  i2clib.o(.text)
    I2CSendAddr                              0x00016945   Thumb Code    80  i2clib.o(.text)
    I2CGetByte                               0x00016995   Thumb Code   100  i2clib.o(.text)
    I2CSendStop                              0x000169f9   Thumb Code    34  i2clib.o(.text)
    __aeabi_uldivmod                         0x00016a21   Thumb Code    98  uldiv.o(.text)
    __aeabi_memcpy                           0x00016a83   Thumb Code    36  memcpya.o(.text)
    __aeabi_memcpy4                          0x00016a83   Thumb Code     0  memcpya.o(.text)
    __aeabi_memcpy8                          0x00016a83   Thumb Code     0  memcpya.o(.text)
    __aeabi_memset                           0x00016aa7   Thumb Code    14  memseta.o(.text)
    __aeabi_memset4                          0x00016aa7   Thumb Code     0  memseta.o(.text)
    __aeabi_memset8                          0x00016aa7   Thumb Code     0  memseta.o(.text)
    __aeabi_memclr                           0x00016ab5   Thumb Code     4  memseta.o(.text)
    __aeabi_memclr4                          0x00016ab5   Thumb Code     0  memseta.o(.text)
    __aeabi_memclr8                          0x00016ab5   Thumb Code     0  memseta.o(.text)
    _memset$wrapper                          0x00016ab9   Thumb Code    18  memseta.o(.text)
    strlen                                   0x00016acb   Thumb Code    14  strlen.o(.text)
    strcmp                                   0x00016ad9   Thumb Code    28  strcmp.o(.text)
    strcpy                                   0x00016af5   Thumb Code    18  strcpy.o(.text)
    __0sscanf                                0x00016b09   Thumb Code    48  __0sscanf.o(.text)
    _scanf_string                            0x00016b41   Thumb Code   218  _scanf_str.o(.text)
    atoi                                     0x00016c1b   Thumb Code    26  atoi.o(.text)
    __aeabi_fadd                             0x00016c35   Thumb Code   164  fadd.o(.text)
    __aeabi_fsub                             0x00016cd9   Thumb Code     6  fadd.o(.text)
    __aeabi_frsub                            0x00016cdf   Thumb Code     6  fadd.o(.text)
    __aeabi_fmul                             0x00016ce5   Thumb Code   108  fmul.o(.text)
    __aeabi_fdiv                             0x00016d51   Thumb Code   128  fdiv.o(.text)
    __aeabi_dadd                             0x00016dd1   Thumb Code   322  dadd.o(.text)
    __aeabi_dsub                             0x00016f13   Thumb Code     6  dadd.o(.text)
    __aeabi_drsub                            0x00016f19   Thumb Code     6  dadd.o(.text)
    __aeabi_dmul                             0x00016f1f   Thumb Code   228  dmul.o(.text)
    __aeabi_ddiv                             0x00017003   Thumb Code   222  ddiv.o(.text)
    __aeabi_i2f                              0x000170e1   Thumb Code    18  fflti.o(.text)
    __aeabi_ui2f                             0x000170f3   Thumb Code    10  ffltui.o(.text)
    __aeabi_i2d                              0x000170fd   Thumb Code    34  dflti.o(.text)
    __aeabi_ui2d                             0x0001711f   Thumb Code    26  dfltui.o(.text)
    __aeabi_f2iz                             0x00017139   Thumb Code    50  ffixi.o(.text)
    __aeabi_f2uiz                            0x0001716b   Thumb Code    40  ffixui.o(.text)
    __aeabi_d2uiz                            0x00017193   Thumb Code    50  dfixui.o(.text)
    __aeabi_f2d                              0x000171c5   Thumb Code    38  f2d.o(.text)
    __aeabi_cdcmpeq                          0x000171ed   Thumb Code     0  cdcmple.o(.text)
    __aeabi_cdcmple                          0x000171ed   Thumb Code    38  cdcmple.o(.text)
    __aeabi_d2f                              0x00017215   Thumb Code    56  d2f.o(.text)
    __aeabi_cfcmpeq                          0x0001724d   Thumb Code     0  cfcmple.o(.text)
    __aeabi_cfcmple                          0x0001724d   Thumb Code    20  cfcmple.o(.text)
    __aeabi_cfrcmple                         0x00017261   Thumb Code    20  cfrcmple.o(.text)
    __aeabi_uidiv                            0x00017275   Thumb Code     0  uidiv.o(.text)
    __aeabi_uidivmod                         0x00017275   Thumb Code    44  uidiv.o(.text)
    __aeabi_llsl                             0x000172a1   Thumb Code    30  llshl.o(.text)
    _ll_shift_l                              0x000172a1   Thumb Code     0  llshl.o(.text)
    __aeabi_llsr                             0x000172bf   Thumb Code    32  llushr.o(.text)
    _ll_ushift_r                             0x000172bf   Thumb Code     0  llushr.o(.text)
    __aeabi_lasr                             0x000172df   Thumb Code    36  llsshr.o(.text)
    _ll_sshift_r                             0x000172df   Thumb Code     0  llsshr.o(.text)
    __vfscanf_char                           0x00017311   Thumb Code    20  scanf_char.o(.text)
    _sgetc                                   0x0001732d   Thumb Code    30  _sgetc.o(.text)
    _sbackspace                              0x0001734b   Thumb Code    34  _sgetc.o(.text)
    strtol                                   0x0001736d   Thumb Code   112  strtol.o(.text)
    __I$use$fp                               0x000173dd   Thumb Code     0  iusefp.o(.text)
    _float_round                             0x000173dd   Thumb Code    18  fepilogue.o(.text)
    _float_epilogue                          0x000173ef   Thumb Code    90  fepilogue.o(.text)
    _double_round                            0x00017449   Thumb Code    26  depilogue.o(.text)
    _double_epilogue                         0x00017463   Thumb Code   164  depilogue.o(.text)
    __ARM_scalbn                             0x00017507   Thumb Code    46  dscalb.o(.text)
    scalbn                                   0x00017507   Thumb Code     0  dscalb.o(.text)
    __aeabi_d2ulz                            0x00017535   Thumb Code    48  dfixul.o(.text)
    __aeabi_cdrcmple                         0x00017565   Thumb Code    38  cdrcmple.o(.text)
    __scatterload                            0x0001758d   Thumb Code    28  init.o(.text)
    __scatterload_rt2                        0x0001758d   Thumb Code     0  init.o(.text)
    __rt_ctype_table                         0x000175b1   Thumb Code     4  ctype_o.o(.text)
    isspace                                  0x000175b9   Thumb Code    18  isspace_o.o(.text)
    __vfscanf                                0x000175cd   Thumb Code   806  _scanf.o(.text)
    _strtoul                                 0x000178f9   Thumb Code   158  _strtoul.o(.text)
    _dsqrt                                   0x00017997   Thumb Code   162  dsqrt.o(.text)
    __aeabi_d2iz                             0x00017a39   Thumb Code    62  dfixi.o(.text)
    _chval                                   0x00017a77   Thumb Code    28  _chval.o(.text)
    __decompress                             0x00017a93   Thumb Code     0  __dczerorl2.o(.text)
    __decompress1                            0x00017a93   Thumb Code    92  __dczerorl2.o(.text)
    __0sprintf                               0x00017af1   Thumb Code    34  printfa.o(i.__0sprintf)
    __1sprintf                               0x00017af1   Thumb Code     0  printfa.o(i.__0sprintf)
    __2sprintf                               0x00017af1   Thumb Code     0  printfa.o(i.__0sprintf)
    __c89sprintf                             0x00017af1   Thumb Code     0  printfa.o(i.__0sprintf)
    sprintf                                  0x00017af1   Thumb Code     0  printfa.o(i.__0sprintf)
    __ARM_fpclassify                         0x00017b19   Thumb Code    40  fpclassify.o(i.__ARM_fpclassify)
    __aeabi_errno_addr                       0x00017b41   Thumb Code     4  errno.o(i.__aeabi_errno_addr)
    __rt_errno_addr                          0x00017b41   Thumb Code     0  errno.o(i.__aeabi_errno_addr)
    __ieee754_rem_pio2                       0x00017b49   Thumb Code   832  rred.o(i.__ieee754_rem_pio2)
    __kernel_cos                             0x00017ed1   Thumb Code   230  cos_i.o(i.__kernel_cos)
    __kernel_poly                            0x00017fcd   Thumb Code   170  poly.o(i.__kernel_poly)
    __kernel_sin                             0x00018079   Thumb Code   224  sin_i.o(i.__kernel_sin)
    __mathlib_dbl_underflow                  0x00018165   Thumb Code    10  dunder.o(i.__mathlib_dbl_underflow)
    __scatterload_copy                       0x00018175   Thumb Code    14  handlers.o(i.__scatterload_copy)
    __scatterload_null                       0x00018183   Thumb Code     2  handlers.o(i.__scatterload_null)
    __scatterload_zeroinit                   0x00018185   Thumb Code    14  handlers.o(i.__scatterload_zeroinit)
    __set_errno                              0x00018195   Thumb Code     6  errno.o(i.__set_errno)
    alloc_mem                                0x00018a81   Thumb Code   174  at_mem.o(i.alloc_mem)
    arp_cache_add                            0x00018b39   Thumb Code   174  at_arp.o(i.arp_cache_add)
    arp_cache_early                          0x00018c79   Thumb Code   142  at_arp.o(i.arp_cache_early)
    arp_cache_find                           0x00018d11   Thumb Code   168  at_arp.o(i.arp_cache_find)
    arp_cache_update                         0x00018dc5   Thumb Code   228  at_arp.o(i.arp_cache_update)
    arp_init                                 0x00018eb9   Thumb Code    34  at_arp.o(i.arp_init)
    arp_notify                               0x00018f19   Thumb Code    26  at_arp.o(i.arp_notify)
    arp_process                              0x00018fc9   Thumb Code   294  at_arp.o(i.arp_process)
    avail_mem                                0x00019259   Thumb Code    22  at_mem.o(i.avail_mem)
    b64_to_asc                               0x00019275   Thumb Code   120  at_lib.o(i.b64_to_asc)
    calc_chksum16be                          0x000192ed   Thumb Code    18  at_lib.o(i.calc_chksum16be)
    cgx_content_type                         0x000192ff   Thumb Code     4  at_http.o(i.cgx_content_type)
    chksum16_buf                             0x000194d1   Thumb Code    40  at_lib.o(i.chksum16_buf)
    chksum16_val                             0x000194f9   Thumb Code    10  at_lib.o(i.chksum16_val)
    eth_chk_adr                              0x00019549   Thumb Code    10  at_ethernet.o(i.eth_chk_adr)
    eth_init_link                            0x00019559   Thumb Code    40  at_ethernet.o(i.eth_init_link)
    eth_run_link                             0x0001958d   Thumb Code   194  at_ethernet.o(i.eth_run_link)
    eth_send_frame                           0x00019661   Thumb Code   150  at_ethernet.o(i.eth_send_frame)
    free_mem                                 0x00019709   Thumb Code   124  at_mem.o(i.free_mem)
    get_rnd32                                0x00019879   Thumb Code    18  at_system.o(i.get_rnd32)
    http_accept_host                         0x00019895   Thumb Code     4  at_http.o(i.http_accept_host)
    http_check_account                       0x00019b55   Thumb Code     4  at_http.o(i.http_check_account)
    http_fclose                              0x00019ce1   Thumb Code     2  at_http_uif.o(i.http_fclose)
    http_fgets                               0x00019ce3   Thumb Code     4  at_http_uif.o(i.http_fgets)
    http_file_access                         0x00019ce7   Thumb Code     4  at_http.o(i.http_file_access)
    http_finfo                               0x00019ceb   Thumb Code     4  at_http_uif.o(i.http_finfo)
    http_fopen                               0x00019cef   Thumb Code     4  at_http_uif.o(i.http_fopen)
    http_fread                               0x00019cf3   Thumb Code     4  at_http_uif.o(i.http_fread)
    http_init                                0x00019cf9   Thumb Code    72  at_http.o(i.http_init)
    http_run_server                          0x0001a4b5   Thumb Code   816  at_http.o(i.http_run_server)
    icmp_init                                0x0001a8b9   Thumb Code    10  at_icmp.o(i.icmp_init)
    icmp_process                             0x0001a8c9   Thumb Code   198  at_icmp.o(i.icmp_process)
    icmp_run_engine                          0x0001a995   Thumb Code    58  at_icmp.o(i.icmp_run_engine)
    ifree_mem                                0x0001aa4d   Thumb Code    48  at_mem.o(i.ifree_mem)
    init_TcpNet                              0x0001aa85   Thumb Code    38  at_system.o(i.init_TcpNet)
    init_mem                                 0x0001aab5   Thumb Code    86  at_mem.o(i.init_mem)
    ip_chk_frame                             0x0001ab15   Thumb Code   190  at_ip.o(i.ip_chk_frame)
    ip_get_locadr                            0x0001abe9   Thumb Code   166  at_ip.o(i.ip_get_locadr)
    ip_init                                  0x0001aca1   Thumb Code     8  at_ip.o(i.ip_init)
    ip_run_local                             0x0001acad   Thumb Code    82  at_ip.o(i.ip_run_local)
    ip_send_frame                            0x0001ad09   Thumb Code   328  at_ip.o(i.ip_send_frame)
    is_subnet                                0x0001ae59   Thumb Code    20  at_lib.o(i.is_subnet)
    main_TcpNet                              0x0001ae6d   Thumb Code    86  at_system.o(i.main_TcpNet)
    mem_comp                                 0x0001aed1   Thumb Code    24  at_lib.o(i.mem_comp)
    mem_copy                                 0x0001aee9   Thumb Code    22  at_lib.o(i.mem_copy)
    mem_crc32                                0x0001aeff   Thumb Code    32  at_lib.o(i.mem_crc32)
    mem_set                                  0x0001af1f   Thumb Code    10  at_lib.o(i.mem_set)
    mem_test                                 0x0001af29   Thumb Code    20  at_lib.o(i.mem_test)
    nrd_u32be                                0x0001af3d   Thumb Code    22  at_lib.o(i.nrd_u32be)
    nwr_u32be                                0x0001af53   Thumb Code    16  at_lib.o(i.nwr_u32be)
    pow                                      0x0001af65   Thumb Code  2510  pow.o(i.pow)
    put_in_queue                             0x0001b96d   Thumb Code    36  at_ethernet.o(i.put_in_queue)
    resize_mem                               0x0001ba35   Thumb Code    68  at_mem.o(i.resize_mem)
    sin                                      0x0001bac9   Thumb Code   166  sin.o(i.sin)
    sqrt                                     0x0001bb79   Thumb Code    76  sqrt.o(i.sqrt)
    str_copy                                 0x0001bbc5   Thumb Code    18  at_lib.o(i.str_copy)
    str_crc32                                0x0001bbd7   Thumb Code    26  at_lib.o(i.str_crc32)
    str_pos                                  0x0001bbf1   Thumb Code    22  at_lib.o(i.str_pos)
    str_scomp                                0x0001bc07   Thumb Code    26  at_lib.o(i.str_scomp)
    tcp_abort                                0x0001bc21   Thumb Code    76  at_tcp.o(i.tcp_abort)
    tcp_close                                0x0001bc71   Thumb Code   150  at_tcp.o(i.tcp_close)
    tcp_get_buf                              0x0001bd0d   Thumb Code    32  at_tcp.o(i.tcp_get_buf)
    tcp_get_socket                           0x0001bd2d   Thumb Code    70  at_tcp.o(i.tcp_get_socket)
    tcp_get_state                            0x0001bd79   Thumb Code    32  at_tcp.o(i.tcp_get_state)
    tcp_init                                 0x0001bd9d   Thumb Code    18  at_tcp.o(i.tcp_init)
    tcp_listen                               0x0001bdb5   Thumb Code   102  at_tcp.o(i.tcp_listen)
    tcp_max_dsize                            0x0001beb9   Thumb Code    30  at_tcp.o(i.tcp_max_dsize)
    tcp_poll_sockets                         0x0001bf3d   Thumb Code   630  at_tcp.o(i.tcp_poll_sockets)
    tcp_process                              0x0001c2dd   Thumb Code  1164  at_tcp.o(i.tcp_process)
    tcp_send                                 0x0001c83d   Thumb Code   204  at_tcp.o(i.tcp_send)
    timer_tick                               0x0001cb85   Thumb Code    14  at_system.o(i.timer_tick)
    udp_init                                 0x0001cb99   Thumb Code    18  at_udp.o(i.udp_init)
    udp_process                              0x0001cbb1   Thumb Code   178  at_udp.o(i.udp_process)
    nlocalm                                  0x0001cd48   Data          60  net_config.o(.constdata)
    sys_config                               0x0001cd84   Data          16  net_config.o(.constdata)
    arp_config                               0x0001cd94   Data          12  net_config.o(.constdata)
    udp_config                               0x0001cda0   Data           8  net_config.o(.constdata)
    tcp_config                               0x0001cda8   Data          24  net_config.o(.constdata)
    http_config                              0x0001cdc0   Data          24  net_config.o(.constdata)
    FileMD                                   0x0001cdd8   Data           4  web.o(.constdata)
    FileTab                                  0x0001d4cc   Data          16  web.o(.constdata)
    IP_Broadcast                             0x0001dc38   Data           4  at_ip.o(.constdata)
    MAC_Broadcast                            0x0001dd34   Data           6  at_ethernet.o(.constdata)
    http_err_401                             0x0001dd3a   Data          86  http_err.o(.constdata)
    http_err_403                             0x0001dd90   Data          81  http_err.o(.constdata)
    http_err_404                             0x0001dde1   Data          78  http_err.o(.constdata)
    http_err_501                             0x0001de2f   Data          75  http_err.o(.constdata)
    http_err_head                            0x0001de7a   Data          47  http_err.o(.constdata)
    http_err_foot                            0x0001dea9   Data         136  http_err.o(.constdata)
    __mathlib_zero                           0x0001dff0   Data           8  qnan.o(.constdata)
    __ctype_table                            0x0001e0e8   Data         129  ctype_o.o(.constdata)
    Region$$Table$$Base                      0x0001e18c   Number         0  anon$$obj.o(Region$$Table)
    Region$$Table$$Limit                     0x0001e1cc   Number         0  anon$$obj.o(Region$$Table)
    CAPcont                                  0x10000000   Data           1  anemometro.o(.data)
    SLAYERcont                               0x10000001   Data           1  anemometro.o(.data)
    CLKbuff                                  0x10000004   Data           8  anemometro.o(.data)
    aux_viento                               0x1000000c   Data           4  anemometro.o(.data)
    lhost_name                               0x10000010   Data          16  net_config.o(.data)
    own_hw_adr                               0x10000020   Data           6  net_config.o(.data)
    iap_entry                                0x1000003c   Data           4  emac_lpc17xx_lan8720.o(.data)
    SystemCoreClock                          0x10000050   Data           4  system_lpc17xx.o(.data)
    TIM0_ticks                               0x10000054   Data           1  timers.o(.data)
    Timer2_MODO                              0x10000055   Data           1  timers.o(.data)
    CAP11_BUFF                               0x10000058   Data           4  timers.o(.data)
    contadorLUZ                              0x1000005c   Data           2  timers.o(.data)
    BUFFER_BRILLO                            0x10000060   Data           4  ldr.o(.data)
    BUFFER_UVA                               0x10000064   Data           4  ldr.o(.data)
    contador                                 0x10000068   Data           4  ldr.o(.data)
    TemperaturaConBmp                        0x10000070   Data           1  i2c.o(.data)
    LecturaBMP0                              0x10000071   Data           1  i2c.o(.data)
    LecturaBMP1                              0x10000072   Data           1  i2c.o(.data)
    LecturaBMP                               0x10000074   Data           2  i2c.o(.data)
    temperatura                              0x10000078   Data           4  i2c.o(.data)
    presion                                  0x1000007c   Data           4  i2c.o(.data)
    Clock                                    0x10000098   Data          23  rtc.o(.bss)
    objDATOS                                 0x100000b0   Data          36  main.o(.bss)
    objCOUNTERS                              0x100000d4   Data          16  main.o(.bss)
    TRAZA                                    0x100000e4   Data         400  onewirev2.o(.bss)
    HOLD                                     0x10000274   Data         400  onewirev2.o(.bss)
    AUDIO                                    0x10000404   Data       24000  ldr.o(.bss)
    __initial_sp                             0x100063d8   Data           0  startup_lpc17xx.o(STACK)
    Modo_energetico                          0x2007c000   Data           1  statechart.o(.data)
    Modo_brillo                              0x2007c001   Data           1  statechart.o(.data)
    __brilloFade                             0x2007c002   Data           1  statechart.o(.data)
    __brilloAuto                             0x2007c003   Data           1  statechart.o(.data)
    zona_0                                   0x2007c004   Data          10  statechart.o(.data)
    zona_1                                   0x2007c00e   Data          10  statechart.o(.data)
    zona_2                                   0x2007c018   Data          10  statechart.o(.data)
    zona_3                                   0x2007c022   Data          10  statechart.o(.data)
    zona_4                                   0x2007c02c   Data          10  statechart.o(.data)
    zona_5                                   0x2007c036   Data          10  statechart.o(.data)
    zona_6                                   0x2007c040   Data          10  statechart.o(.data)
    zona_7                                   0x2007c04a   Data          10  statechart.o(.data)
    zona_8                                   0x2007c054   Data          10  statechart.o(.data)
    zona_9                                   0x2007c05e   Data          10  statechart.o(.data)
    zona_10                                  0x2007c068   Data          10  statechart.o(.data)
    zona_11                                  0x2007c072   Data          10  statechart.o(.data)
    zona_12                                  0x2007c07c   Data          10  statechart.o(.data)
    zona_13                                  0x2007c086   Data          10  statechart.o(.data)
    zona_14                                  0x2007c090   Data          10  statechart.o(.data)
    zona_15                                  0x2007c09a   Data          10  statechart.o(.data)
    zona_16                                  0x2007c0a4   Data          10  statechart.o(.data)
    zona_17                                  0x2007c0ae   Data          10  statechart.o(.data)
    zona_18                                  0x2007c0b8   Data          10  statechart.o(.data)
    zona_19                                  0x2007c0c2   Data          10  statechart.o(.data)
    zona_20                                  0x2007c0cc   Data          10  statechart.o(.data)
    zona_21                                  0x2007c0d6   Data          10  statechart.o(.data)
    zona_22                                  0x2007c0e0   Data          10  statechart.o(.data)
    zona_23                                  0x2007c0ea   Data          10  statechart.o(.data)
    zona_24                                  0x2007c0f4   Data          10  statechart.o(.data)
    zona_25                                  0x2007c0fe   Data          10  statechart.o(.data)
    zona_26                                  0x2007c108   Data          10  statechart.o(.data)
    zona_27                                  0x2007c112   Data          10  statechart.o(.data)
    zona_28                                  0x2007c11c   Data          10  statechart.o(.data)
    zona_29                                  0x2007c126   Data          10  statechart.o(.data)
    zona_30                                  0x2007c130   Data          10  statechart.o(.data)
    zona_31                                  0x2007c13a   Data          10  statechart.o(.data)
    zona_27m                                 0x2007c144   Data          10  statechart.o(.data)
    zona_28m                                 0x2007c14e   Data          10  statechart.o(.data)
    zona_29m                                 0x2007c158   Data          10  statechart.o(.data)
    zona_30m                                 0x2007c162   Data          10  statechart.o(.data)
    zona_27M                                 0x2007c16c   Data          10  statechart.o(.data)
    zona_28M                                 0x2007c176   Data          10  statechart.o(.data)
    zona_29M                                 0x2007c180   Data          10  statechart.o(.data)
    zona_30M                                 0x2007c18a   Data          10  statechart.o(.data)
    zona_32                                  0x2007c194   Data          10  statechart.o(.data)
    zona_32n                                 0x2007c19e   Data          10  statechart.o(.data)
    zona_33                                  0x2007c1a8   Data          10  statechart.o(.data)
    zona_34                                  0x2007c1b2   Data          10  statechart.o(.data)
    zona_34n                                 0x2007c1bc   Data          10  statechart.o(.data)
    zona_35                                  0x2007c1c6   Data          10  statechart.o(.data)
    zona_350                                 0x2007c1d0   Data          10  statechart.o(.data)
    zona_351                                 0x2007c1da   Data          10  statechart.o(.data)
    zona_352                                 0x2007c1e4   Data          10  statechart.o(.data)
    zona_353                                 0x2007c1ee   Data          10  statechart.o(.data)
    zona_354                                 0x2007c1f8   Data          10  statechart.o(.data)
    zona_355                                 0x2007c202   Data          10  statechart.o(.data)
    zona_356                                 0x2007c20c   Data          10  statechart.o(.data)
    zona_357                                 0x2007c216   Data          10  statechart.o(.data)
    zona_358                                 0x2007c220   Data          10  statechart.o(.data)
    zona_359                                 0x2007c22a   Data          10  statechart.o(.data)
    zona_330                                 0x2007c234   Data          10  statechart.o(.data)
    zona_331                                 0x2007c23e   Data          10  statechart.o(.data)
    zona_332                                 0x2007c248   Data          10  statechart.o(.data)
    zona_333                                 0x2007c252   Data          10  statechart.o(.data)
    zona_334                                 0x2007c25c   Data          10  statechart.o(.data)
    zona_335                                 0x2007c266   Data          10  statechart.o(.data)
    zona_336                                 0x2007c270   Data          10  statechart.o(.data)
    zona_337                                 0x2007c27a   Data          10  statechart.o(.data)
    zona_338                                 0x2007c284   Data          10  statechart.o(.data)
    zona_339                                 0x2007c28e   Data          10  statechart.o(.data)
    pressedTouchPanel                        0x2007c298   Data           1  statechart.o(.data)
    Aux8                                     0x2007c299   Data           1  statechart.o(.data)
    matrix                                   0x2007c2a0   Data          56  touchpanel.o(.data)
    DisplaySample                            0x2007c2d8   Data          12  touchpanel.o(.data)
    display                                  0x2007c2e8   Data           4  touchpanel.o(.data)
    DATOS                                    0x2007c2ec   Data           4  main.o(.data)
    ESTADO                                   0x2007c2f0   Data           4  main.o(.data)
    COUNTERS                                 0x2007c2f4   Data           4  main.o(.data)
    ACTUALIZADOR                             0x2007c2f8   Data           4  main.o(.data)
    objESTADO                                0x2007c2fc   Data           1  main.o(.data)
    objACTUALIZADOR                          0x2007c2fd   Data           2  main.o(.data)
    p                                        0x2007c300   Data           4  onewirev2.o(.data)
    Checksum                                 0x2007c304   Data           1  onewirev2.o(.data)
    YaPuedesMedir                            0x2007c308   Data           1  ufono.o(.data)
    ADC_ConfigBuffer                         0x2007c30c   Data           4  ufono.o(.data)
    ADC_IntenBuffer                          0x2007c310   Data           4  ufono.o(.data)
    Brillo2ciclo_LDR                         0x2007c314   Data          14  lut.o(.data)
    Brillo_LDR                               0x2007c322   Data          22  lut.o(.data)
    LMD                                      0x2007c338   Data           4  dma.o(.data)
    MODIFICABLES                             0x200821a4   Data          24  statechart.o(.bss)
    buffer                                   0x200821bc   Data          23  statechart.o(.bss)
    ScreenSample                             0x200821d4   Data          12  touchpanel.o(.bss)
    LMDobj                                   0x200821e0   Data          16  dma.o(.bss)
    UART0_BUFFER_RX                          0x200821f0   Data         121  uart0.o(.bss)
    UART0_BUFFER_TX                          0x20082269   Data         121  uart0.o(.bss)
    COEF                                     0x200822e2   Data          22  i2c.o(.bss)
    localm                                   0x2008238c   Data          60  at_system.o(.bss)
    sys_control                              0x200823c8   Data          16  at_system.o(.bss)



==============================================================================

Memory Map of the image

  Image Entry point : 0x000000cd

  Load Region LR_IROM1 (Base: 0x00000000, Size: 0x0001e5b8, Max: 0x00080000, ABSOLUTE, COMPRESSED[0x0001e3bc])

    Execution Region ER_IROM1 (Base: 0x00000000, Size: 0x0001e1cc, Max: 0x00080000, ABSOLUTE)

    Base Addr    Size         Type   Attr      Idx    E Section Name        Object

    0x00000000   0x000000cc   Data   RO          433    RESET               startup_lpc17xx.o
    0x000000cc   0x00000000   Code   RO         1429  * .ARM.Collect$$$$00000000  mc_w.l(entry.o)
    0x000000cc   0x00000004   Code   RO         1778    .ARM.Collect$$$$00000001  mc_w.l(entry2.o)
    0x000000d0   0x00000004   Code   RO         1781    .ARM.Collect$$$$00000004  mc_w.l(entry5.o)
    0x000000d4   0x00000000   Code   RO         1783    .ARM.Collect$$$$00000008  mc_w.l(entry7b.o)
    0x000000d4   0x00000000   Code   RO         1785    .ARM.Collect$$$$0000000A  mc_w.l(entry8b.o)
    0x000000d4   0x00000008   Code   RO         1786    .ARM.Collect$$$$0000000B  mc_w.l(entry9a.o)
    0x000000dc   0x00000000   Code   RO         1788    .ARM.Collect$$$$0000000D  mc_w.l(entry10a.o)
    0x000000dc   0x00000000   Code   RO         1790    .ARM.Collect$$$$0000000F  mc_w.l(entry11a.o)
    0x000000dc   0x00000004   Code   RO         1779    .ARM.Collect$$$$00002712  mc_w.l(entry2.o)
    0x000000e0   0x00000028   Code   RO            2    .text               wdt.o
    0x00000108   0x00000184   Code   RO           47    .text               anemometro.o
    0x0000028c   0x00000010   Code   RO          162    .text               http_source.o
    0x0000029c   0x00000010   Code   RO          375    .text               main.o
    0x000002ac   0x00000024   Code   RO          435    .text               startup_lpc17xx.o
    0x000002d0   0x0000002c   Code   RO          703    .text               uva30a.o
    0x000002fc   0x00000004   Code   RO          434    .ARM.__at_0x02FC    startup_lpc17xx.o
    0x00000300   0x000002a0   Code   RO          108    .text               pwm.o
    0x000005a0   0x00000130   Code   RO          128    .text               rtc.o
    0x000006d0   0x00000074   Code   RO          190    .text               net_config.o
    0x00000744   0x00000230   Code   RO          215    .text               http_cgi.o
    0x00000974   0x000005d0   Code   RO          241    .text               emac_lpc17xx_lan8720.o
    0x00000f44   0x00001994   Code   RO          284    .text               statechart.o
    0x000028d8   0x00000844   Code   RO          352    .text               touchpanel.o
    0x0000311c   0x00000318   Code   RO          448    .text               system_lpc17xx.o
    0x00003434   0x000000fc   Code   RO          474    .text               configura.o
    0x00003530   0x00000350   Code   RO          587    .text               timers.o
    0x00003880   0x000002b8   Code   RO          617    .text               onewirev2.o
    0x00003b38   0x000001e8   Code   RO          641    .text               ldr.o
    0x00003d20   0x00000108   Code   RO          674    .text               ufono.o
    0x00003e28   0x000000dc   Code   RO          722    .text               dac.o
    0x00003f04   0x00000180   Code   RO          754    .text               lut.o
    0x00004084   0x00000088   Code   RO          777    .text               dma.o
    0x0000410c   0x000006b8   Code   RO          893    .text               lpc17xx_ssp.o
    0x000047c4   0x00000100   Code   RO          915    .text               lpc17xx_pinsel.o
    0x000048c4   0x00000424   Code   RO          931    .text               lpc17xx_gpio.o
    0x00004ce8   0x00000150   Code   RO          947    .text               lpc17xx_clkpwr.o
    0x00004e38   0x00000004   Code   RO          962    .text               lpc17xx_libcfg_default.o
    0x00004e3c   0x00000020   Code   RO          974    .text               asciilib.o
    0x00004e5c   0x00011100   Code   RO          992    .text               glcd.o
    0x00015f5c   0x00000430   Code   RO         1010    .text               uart0.o
    0x0001638c   0x00000548   Code   RO         1044    .text               i2c.o
    0x000168d4   0x0000014c   Code   RO         1068    .text               i2clib.o
    0x00016a20   0x00000062   Code   RO         1432    .text               mc_w.l(uldiv.o)
    0x00016a82   0x00000024   Code   RO         1434    .text               mc_w.l(memcpya.o)
    0x00016aa6   0x00000024   Code   RO         1436    .text               mc_w.l(memseta.o)
    0x00016aca   0x0000000e   Code   RO         1438    .text               mc_w.l(strlen.o)
    0x00016ad8   0x0000001c   Code   RO         1440    .text               mc_w.l(strcmp.o)
    0x00016af4   0x00000012   Code   RO         1442    .text               mc_w.l(strcpy.o)
    0x00016b06   0x00000002   PAD
    0x00016b08   0x00000038   Code   RO         1707    .text               mc_w.l(__0sscanf.o)
    0x00016b40   0x000000da   Code   RO         1709    .text               mc_w.l(_scanf_str.o)
    0x00016c1a   0x0000001a   Code   RO         1711    .text               mc_w.l(atoi.o)
    0x00016c34   0x000000b0   Code   RO         1713    .text               mf_w.l(fadd.o)
    0x00016ce4   0x0000006c   Code   RO         1715    .text               mf_w.l(fmul.o)
    0x00016d50   0x00000080   Code   RO         1717    .text               mf_w.l(fdiv.o)
    0x00016dd0   0x0000014e   Code   RO         1719    .text               mf_w.l(dadd.o)
    0x00016f1e   0x000000e4   Code   RO         1721    .text               mf_w.l(dmul.o)
    0x00017002   0x000000de   Code   RO         1723    .text               mf_w.l(ddiv.o)
    0x000170e0   0x00000012   Code   RO         1725    .text               mf_w.l(fflti.o)
    0x000170f2   0x0000000a   Code   RO         1727    .text               mf_w.l(ffltui.o)
    0x000170fc   0x00000022   Code   RO         1729    .text               mf_w.l(dflti.o)
    0x0001711e   0x0000001a   Code   RO         1731    .text               mf_w.l(dfltui.o)
    0x00017138   0x00000032   Code   RO         1733    .text               mf_w.l(ffixi.o)
    0x0001716a   0x00000028   Code   RO         1735    .text               mf_w.l(ffixui.o)
    0x00017192   0x00000032   Code   RO         1737    .text               mf_w.l(dfixui.o)
    0x000171c4   0x00000026   Code   RO         1739    .text               mf_w.l(f2d.o)
    0x000171ea   0x00000002   PAD
    0x000171ec   0x00000028   Code   RO         1741    .text               mf_w.l(cdcmple.o)
    0x00017214   0x00000038   Code   RO         1743    .text               mf_w.l(d2f.o)
    0x0001724c   0x00000014   Code   RO         1745    .text               mf_w.l(cfcmple.o)
    0x00017260   0x00000014   Code   RO         1747    .text               mf_w.l(cfrcmple.o)
    0x00017274   0x0000002c   Code   RO         1795    .text               mc_w.l(uidiv.o)
    0x000172a0   0x0000001e   Code   RO         1797    .text               mc_w.l(llshl.o)
    0x000172be   0x00000020   Code   RO         1799    .text               mc_w.l(llushr.o)
    0x000172de   0x00000024   Code   RO         1801    .text               mc_w.l(llsshr.o)
    0x00017302   0x00000002   PAD
    0x00017304   0x00000028   Code   RO         1810    .text               mc_w.l(scanf_char.o)
    0x0001732c   0x00000040   Code   RO         1812    .text               mc_w.l(_sgetc.o)
    0x0001736c   0x00000070   Code   RO         1814    .text               mc_w.l(strtol.o)
    0x000173dc   0x00000000   Code   RO         1816    .text               mc_w.l(iusefp.o)
    0x000173dc   0x0000006c   Code   RO         1817    .text               mf_w.l(fepilogue.o)
    0x00017448   0x000000be   Code   RO         1819    .text               mf_w.l(depilogue.o)
    0x00017506   0x0000002e   Code   RO         1821    .text               mf_w.l(dscalb.o)
    0x00017534   0x00000030   Code   RO         1823    .text               mf_w.l(dfixul.o)
    0x00017564   0x00000028   Code   RO         1825    .text               mf_w.l(cdrcmple.o)
    0x0001758c   0x00000024   Code   RO         1827    .text               mc_w.l(init.o)
    0x000175b0   0x00000008   Code   RO         1832    .text               mc_w.l(ctype_o.o)
    0x000175b8   0x00000012   Code   RO         1854    .text               mc_w.l(isspace_o.o)
    0x000175ca   0x00000002   PAD
    0x000175cc   0x0000032c   Code   RO         1860    .text               mc_w.l(_scanf.o)
    0x000178f8   0x0000009e   Code   RO         1862    .text               mc_w.l(_strtoul.o)
    0x00017996   0x000000a2   Code   RO         1865    .text               mf_w.l(dsqrt.o)
    0x00017a38   0x0000003e   Code   RO         1867    .text               mf_w.l(dfixi.o)
    0x00017a76   0x0000001c   Code   RO         1872    .text               mc_w.l(_chval.o)
    0x00017a92   0x0000005c   Code   RO         1882    .text               mc_w.l(__dczerorl2.o)
    0x00017aee   0x00000002   PAD
    0x00017af0   0x00000028   Code   RO         1681    i.__0sprintf        mc_w.l(printfa.o)
    0x00017b18   0x00000028   Code   RO         1754    i.__ARM_fpclassify  m_ws.l(fpclassify.o)
    0x00017b40   0x00000008   Code   RO         1803    i.__aeabi_errno_addr  mc_w.l(errno.o)
    0x00017b48   0x00000388   Code   RO         1759    i.__ieee754_rem_pio2  m_ws.l(rred.o)
    0x00017ed0   0x000000fc   Code   RO         1749    i.__kernel_cos      m_ws.l(cos_i.o)
    0x00017fcc   0x000000aa   Code   RO         1756    i.__kernel_poly     m_ws.l(poly.o)
    0x00018076   0x00000002   PAD
    0x00018078   0x000000ec   Code   RO         1764    i.__kernel_sin      m_ws.l(sin_i.o)
    0x00018164   0x00000010   Code   RO         1752    i.__mathlib_dbl_underflow  m_ws.l(dunder.o)
    0x00018174   0x0000000e   Code   RO         1876    i.__scatterload_copy  mc_w.l(handlers.o)
    0x00018182   0x00000002   Code   RO         1877    i.__scatterload_null  mc_w.l(handlers.o)
    0x00018184   0x0000000e   Code   RO         1878    i.__scatterload_zeroinit  mc_w.l(handlers.o)
    0x00018192   0x00000002   PAD
    0x00018194   0x0000000c   Code   RO         1805    i.__set_errno       mc_w.l(errno.o)
    0x000181a0   0x0000015c   Code   RO         1686    i._fp_digits        mc_w.l(printfa.o)
    0x000182fc   0x000006f0   Code   RO         1687    i._printf_core      mc_w.l(printfa.o)
    0x000189ec   0x00000026   Code   RO         1688    i._printf_post_padding  mc_w.l(printfa.o)
    0x00018a12   0x00000030   Code   RO         1689    i._printf_pre_padding  mc_w.l(printfa.o)
    0x00018a42   0x0000000a   Code   RO         1691    i._sputc            mc_w.l(printfa.o)
    0x00018a4c   0x00000034   Code   RO         1236    i.add_server_id     TCP_CM3.lib(at_http.o)
    0x00018a80   0x000000b8   Code   RO         1322    i.alloc_mem         TCP_CM3.lib(at_mem.o)
    0x00018b38   0x000000b8   Code   RO         1083    i.arp_cache_add     TCP_CM3.lib(at_arp.o)
    0x00018bf0   0x00000088   Code   RO         1084    i.arp_cache_alloc   TCP_CM3.lib(at_arp.o)
    0x00018c78   0x00000098   Code   RO         1085    i.arp_cache_early   TCP_CM3.lib(at_arp.o)
    0x00018d10   0x000000b4   Code   RO         1086    i.arp_cache_find    TCP_CM3.lib(at_arp.o)
    0x00018dc4   0x000000f4   Code   RO         1089    i.arp_cache_update  TCP_CM3.lib(at_arp.o)
    0x00018eb8   0x0000002c   Code   RO         1092    i.arp_init          TCP_CM3.lib(at_arp.o)
    0x00018ee4   0x00000034   Code   RO         1093    i.arp_is_cacheable  TCP_CM3.lib(at_arp.o)
    0x00018f18   0x00000028   Code   RO         1094    i.arp_notify        TCP_CM3.lib(at_arp.o)
    0x00018f40   0x00000088   Code   RO         1096    i.arp_proc_response  TCP_CM3.lib(at_arp.o)
    0x00018fc8   0x00000138   Code   RO         1097    i.arp_process       TCP_CM3.lib(at_arp.o)
    0x00019100   0x000000a0   Code   RO         1098    i.arp_send_reply    TCP_CM3.lib(at_arp.o)
    0x000191a0   0x000000b8   Code   RO         1099    i.arp_send_request  TCP_CM3.lib(at_arp.o)
    0x00019258   0x0000001c   Code   RO         1323    i.avail_mem         TCP_CM3.lib(at_mem.o)
    0x00019274   0x00000078   Code   RO         1352    i.b64_to_asc        TCP_CM3.lib(at_lib.o)
    0x000192ec   0x00000012   Code   RO         1354    i.calc_chksum16be   TCP_CM3.lib(at_lib.o)
    0x000192fe   0x00000004   Code   RO         1237    i.cgx_content_type  TCP_CM3.lib(at_http.o)
    0x00019302   0x00000002   PAD
    0x00019304   0x000001cc   Code   RO         1238    i.chk_post_req      TCP_CM3.lib(at_http.o)
    0x000194d0   0x00000028   Code   RO         1355    i.chksum16_buf      TCP_CM3.lib(at_lib.o)
    0x000194f8   0x0000000a   Code   RO         1356    i.chksum16_val      TCP_CM3.lib(at_lib.o)
    0x00019502   0x0000001e   Code   RO         1239    i.cmp_fname_ext     TCP_CM3.lib(at_http.o)
    0x00019520   0x00000028   Code   RO         1240    i.cmp_header        TCP_CM3.lib(at_http.o)
    0x00019548   0x00000010   Code   RO         1308    i.eth_chk_adr       TCP_CM3.lib(at_ethernet.o)
    0x00019558   0x00000034   Code   RO         1310    i.eth_init_link     TCP_CM3.lib(at_ethernet.o)
    0x0001958c   0x000000d4   Code   RO         1311    i.eth_run_link      TCP_CM3.lib(at_ethernet.o)
    0x00019660   0x000000a8   Code   RO         1312    i.eth_send_frame    TCP_CM3.lib(at_ethernet.o)
    0x00019708   0x00000084   Code   RO         1324    i.free_mem          TCP_CM3.lib(at_mem.o)
    0x0001978c   0x00000028   Code   RO         1358    i.get_crc32         TCP_CM3.lib(at_lib.o)
    0x000197b4   0x00000068   Code   RO         1241    i.get_file_type     TCP_CM3.lib(at_http.o)
    0x0001981c   0x00000028   Code   RO         1242    i.get_next_field    TCP_CM3.lib(at_http.o)
    0x00019844   0x00000032   Code   RO         1243    i.get_next_par      TCP_CM3.lib(at_http.o)
    0x00019876   0x00000002   PAD
    0x00019878   0x0000001c   Code   RO         1336    i.get_rnd32         TCP_CM3.lib(at_system.o)
    0x00019894   0x00000004   Code   RO         1245    i.http_accept_host  TCP_CM3.lib(at_http.o)
    0x00019898   0x000002bc   Code   RO         1246    i.http_add_header   TCP_CM3.lib(at_http.o)
    0x00019b54   0x00000004   Code   RO         1247    i.http_check_account  TCP_CM3.lib(at_http.o)
    0x00019b58   0x00000188   Code   RO         1249    i.http_error_msg    TCP_CM3.lib(at_http.o)
    0x00019ce0   0x00000002   Code   RO         1401    i.http_fclose       TCP_CM3.lib(at_http_uif.o)
    0x00019ce2   0x00000004   Code   RO         1402    i.http_fgets        TCP_CM3.lib(at_http_uif.o)
    0x00019ce6   0x00000004   Code   RO         1250    i.http_file_access  TCP_CM3.lib(at_http.o)
    0x00019cea   0x00000004   Code   RO         1403    i.http_finfo        TCP_CM3.lib(at_http_uif.o)
    0x00019cee   0x00000004   Code   RO         1404    i.http_fopen        TCP_CM3.lib(at_http_uif.o)
    0x00019cf2   0x00000004   Code   RO         1405    i.http_fread        TCP_CM3.lib(at_http_uif.o)
    0x00019cf6   0x00000002   PAD
    0x00019cf8   0x00000050   Code   RO         1257    i.http_init         TCP_CM3.lib(at_http.o)
    0x00019d48   0x0000005e   Code   RO         1258    i.http_kill_session  TCP_CM3.lib(at_http.o)
    0x00019da6   0x00000002   PAD
    0x00019da8   0x00000224   Code   RO         1259    i.http_listener     TCP_CM3.lib(at_http.o)
    0x00019fcc   0x00000120   Code   RO         1260    i.http_open_file    TCP_CM3.lib(at_http.o)
    0x0001a0ec   0x00000154   Code   RO         1261    i.http_proc_header  TCP_CM3.lib(at_http.o)
    0x0001a240   0x0000017c   Code   RO         1262    i.http_proc_multipart  TCP_CM3.lib(at_http.o)
    0x0001a3bc   0x000000f8   Code   RO         1263    i.http_proc_post    TCP_CM3.lib(at_http.o)
    0x0001a4b4   0x0000033c   Code   RO         1264    i.http_run_server   TCP_CM3.lib(at_http.o)
    0x0001a7f0   0x0000001e   Code   RO         1265    i.http_strcpy       TCP_CM3.lib(at_http.o)
    0x0001a80e   0x00000002   PAD
    0x0001a810   0x000000a8   Code   RO         1266    i.http_to_utc       TCP_CM3.lib(at_http.o)
    0x0001a8b8   0x00000010   Code   RO         1133    i.icmp_init         TCP_CM3.lib(at_icmp.o)
    0x0001a8c8   0x000000cc   Code   RO         1135    i.icmp_process      TCP_CM3.lib(at_icmp.o)
    0x0001a994   0x00000048   Code   RO         1136    i.icmp_run_engine   TCP_CM3.lib(at_icmp.o)
    0x0001a9dc   0x00000070   Code   RO         1137    i.icmp_send_message  TCP_CM3.lib(at_icmp.o)
    0x0001aa4c   0x00000038   Code   RO         1325    i.ifree_mem         TCP_CM3.lib(at_mem.o)
    0x0001aa84   0x00000030   Code   RO         1337    i.init_TcpNet       TCP_CM3.lib(at_system.o)
    0x0001aab4   0x00000060   Code   RO         1326    i.init_mem          TCP_CM3.lib(at_mem.o)
    0x0001ab14   0x000000c8   Code   RO         1119    i.ip_chk_frame      TCP_CM3.lib(at_ip.o)
    0x0001abdc   0x0000000a   Code   RO         1120    i.ip_get_chksum     TCP_CM3.lib(at_ip.o)
    0x0001abe6   0x00000002   PAD
    0x0001abe8   0x000000b8   Code   RO         1121    i.ip_get_locadr     TCP_CM3.lib(at_ip.o)
    0x0001aca0   0x0000000c   Code   RO         1122    i.ip_init           TCP_CM3.lib(at_ip.o)
    0x0001acac   0x0000005c   Code   RO         1123    i.ip_run_local      TCP_CM3.lib(at_ip.o)
    0x0001ad08   0x00000150   Code   RO         1124    i.ip_send_frame     TCP_CM3.lib(at_ip.o)
    0x0001ae58   0x00000014   Code   RO         1359    i.is_subnet         TCP_CM3.lib(at_lib.o)
    0x0001ae6c   0x00000064   Code   RO         1338    i.main_TcpNet       TCP_CM3.lib(at_system.o)
    0x0001aed0   0x00000018   Code   RO         1360    i.mem_comp          TCP_CM3.lib(at_lib.o)
    0x0001aee8   0x00000016   Code   RO         1361    i.mem_copy          TCP_CM3.lib(at_lib.o)
    0x0001aefe   0x00000020   Code   RO         1362    i.mem_crc32         TCP_CM3.lib(at_lib.o)
    0x0001af1e   0x0000000a   Code   RO         1364    i.mem_set           TCP_CM3.lib(at_lib.o)
    0x0001af28   0x00000014   Code   RO         1365    i.mem_test          TCP_CM3.lib(at_lib.o)
    0x0001af3c   0x00000016   Code   RO         1367    i.nrd_u32be         TCP_CM3.lib(at_lib.o)
    0x0001af52   0x00000010   Code   RO         1369    i.nwr_u32be         TCP_CM3.lib(at_lib.o)
    0x0001af62   0x00000002   PAD
    0x0001af64   0x000009e0   Code   RO         1412    i.pow               m_ws.l(pow.o)
    0x0001b944   0x00000028   Code   RO         1267    i.proc_req_line     TCP_CM3.lib(at_http.o)
    0x0001b96c   0x00000028   Code   RO         1313    i.put_in_queue      TCP_CM3.lib(at_ethernet.o)
    0x0001b994   0x000000a0   Code   RO         1268    i.read_script_line  TCP_CM3.lib(at_http.o)
    0x0001ba34   0x00000048   Code   RO         1327    i.resize_mem        TCP_CM3.lib(at_mem.o)
    0x0001ba7c   0x0000004c   Code   RO         1269    i.search_delim      TCP_CM3.lib(at_http.o)
    0x0001bac8   0x000000b0   Code   RO         1422    i.sin               m_ws.l(sin.o)
    0x0001bb78   0x0000004c   Code   RO         1771    i.sqrt              m_ws.l(sqrt.o)
    0x0001bbc4   0x00000012   Code   RO         1370    i.str_copy          TCP_CM3.lib(at_lib.o)
    0x0001bbd6   0x0000001a   Code   RO         1371    i.str_crc32         TCP_CM3.lib(at_lib.o)
    0x0001bbf0   0x00000016   Code   RO         1372    i.str_pos           TCP_CM3.lib(at_lib.o)
    0x0001bc06   0x0000001a   Code   RO         1373    i.str_scomp         TCP_CM3.lib(at_lib.o)
    0x0001bc20   0x00000050   Code   RO         1144    i.tcp_abort         TCP_CM3.lib(at_tcp.o)
    0x0001bc70   0x0000009c   Code   RO         1146    i.tcp_close         TCP_CM3.lib(at_tcp.o)
    0x0001bd0c   0x00000020   Code   RO         1149    i.tcp_get_buf       TCP_CM3.lib(at_tcp.o)
    0x0001bd2c   0x0000004c   Code   RO         1151    i.tcp_get_socket    TCP_CM3.lib(at_tcp.o)
    0x0001bd78   0x00000024   Code   RO         1152    i.tcp_get_state     TCP_CM3.lib(at_tcp.o)
    0x0001bd9c   0x00000018   Code   RO         1153    i.tcp_init          TCP_CM3.lib(at_tcp.o)
    0x0001bdb4   0x0000006c   Code   RO         1155    i.tcp_listen        TCP_CM3.lib(at_tcp.o)
    0x0001be20   0x00000098   Code   RO         1156    i.tcp_map_socket    TCP_CM3.lib(at_tcp.o)
    0x0001beb8   0x00000024   Code   RO         1157    i.tcp_max_dsize     TCP_CM3.lib(at_tcp.o)
    0x0001bedc   0x0000005e   Code   RO         1159    i.tcp_parse_opt     TCP_CM3.lib(at_tcp.o)
    0x0001bf3a   0x00000002   PAD
    0x0001bf3c   0x00000284   Code   RO         1160    i.tcp_poll_sockets  TCP_CM3.lib(at_tcp.o)
    0x0001c1c0   0x000000c8   Code   RO         1161    i.tcp_proc_acknr    TCP_CM3.lib(at_tcp.o)
    0x0001c288   0x00000052   Code   RO         1162    i.tcp_proc_dupack   TCP_CM3.lib(at_tcp.o)
    0x0001c2da   0x00000002   PAD
    0x0001c2dc   0x00000498   Code   RO         1163    i.tcp_process       TCP_CM3.lib(at_tcp.o)
    0x0001c774   0x0000001a   Code   RO         1164    i.tcp_que_free      TCP_CM3.lib(at_tcp.o)
    0x0001c78e   0x0000001a   Code   RO         1165    i.tcp_que_init      TCP_CM3.lib(at_tcp.o)
    0x0001c7a8   0x00000094   Code   RO         1166    i.tcp_que_resend    TCP_CM3.lib(at_tcp.o)
    0x0001c83c   0x000000d4   Code   RO         1170    i.tcp_send          TCP_CM3.lib(at_tcp.o)
    0x0001c910   0x0000006a   Code   RO         1171    i.tcp_send_ctrl     TCP_CM3.lib(at_tcp.o)
    0x0001c97a   0x00000050   Code   RO         1172    i.tcp_send_data     TCP_CM3.lib(at_tcp.o)
    0x0001c9ca   0x00000068   Code   RO         1173    i.tcp_send_reset    TCP_CM3.lib(at_tcp.o)
    0x0001ca32   0x00000026   Code   RO         1174    i.tcp_set_cwnd      TCP_CM3.lib(at_tcp.o)
    0x0001ca58   0x00000068   Code   RO         1175    i.tcp_transit       TCP_CM3.lib(at_tcp.o)
    0x0001cac0   0x000000c4   Code   RO         1176    i.tcp_write         TCP_CM3.lib(at_tcp.o)
    0x0001cb84   0x00000014   Code   RO         1339    i.timer_tick        TCP_CM3.lib(at_system.o)
    0x0001cb98   0x00000018   Code   RO         1215    i.udp_init          TCP_CM3.lib(at_udp.o)
    0x0001cbb0   0x000000b8   Code   RO         1220    i.udp_process       TCP_CM3.lib(at_udp.o)
    0x0001cc68   0x000000e0   Code   RO         1270    i.utc_to_http       TCP_CM3.lib(at_http.o)
    0x0001cd48   0x00000090   Data   RO          192    .constdata          net_config.o
    0x0001cdd8   0x00000704   Data   RO          271    .constdata          web.o
    0x0001d4dc   0x000005f0   Data   RO          975    .constdata          asciilib.o
    0x0001dacc   0x00000166   Data   RO         1012    .constdata          uart0.o
    0x0001dc32   0x00000006   Data   RO         1100    .constdata          TCP_CM3.lib(at_arp.o)
    0x0001dc38   0x00000008   Data   RO         1125    .constdata          TCP_CM3.lib(at_ip.o)
    0x0001dc40   0x000000f4   Data   RO         1271    .constdata          TCP_CM3.lib(at_http.o)
    0x0001dd34   0x00000006   Data   RO         1315    .constdata          TCP_CM3.lib(at_ethernet.o)
    0x0001dd3a   0x00000056   Data   RO         1345    .constdata          TCP_CM3.lib(http_err.o)
    0x0001dd90   0x00000051   Data   RO         1346    .constdata          TCP_CM3.lib(http_err.o)
    0x0001dde1   0x0000004e   Data   RO         1347    .constdata          TCP_CM3.lib(http_err.o)
    0x0001de2f   0x0000004b   Data   RO         1348    .constdata          TCP_CM3.lib(http_err.o)
    0x0001de7a   0x0000002f   Data   RO         1349    .constdata          TCP_CM3.lib(http_err.o)
    0x0001dea9   0x00000088   Data   RO         1350    .constdata          TCP_CM3.lib(http_err.o)
    0x0001df31   0x00000007   PAD
    0x0001df38   0x00000088   Data   RO         1413    .constdata          m_ws.l(pow.o)
    0x0001dfc0   0x00000030   Data   RO         1750    .constdata          m_ws.l(cos_i.o)
    0x0001dff0   0x00000008   Data   RO         1758    .constdata          m_ws.l(qnan.o)
    0x0001dff8   0x000000c8   Data   RO         1761    .constdata          m_ws.l(rred.o)
    0x0001e0c0   0x00000028   Data   RO         1765    .constdata          m_ws.l(sin_i.o)
    0x0001e0e8   0x00000081   Data   RO         1833    .constdata          mc_w.l(ctype_o.o)
    0x0001e169   0x00000003   PAD
    0x0001e16c   0x00000004   Data   RO         1834    .constdata          mc_w.l(ctype_o.o)
    0x0001e170   0x00000019   Data   RO          193    .conststring        net_config.o
    0x0001e189   0x00000003   PAD
    0x0001e18c   0x00000040   Data   RO         1874    Region$$Table       anon$$obj.o


    Execution Region RW_IRAM1 (Base: 0x10000000, Size: 0x000063d8, Max: 0x00008000, ABSOLUTE)

    Base Addr    Size         Type   Attr      Idx    E Section Name        Object

    0x10000000   0x00000010   Data   RW           48    .data               anemometro.o
    0x10000010   0x0000002a   Data   RW          194    .data               net_config.o
    0x1000003a   0x00000002   PAD
    0x1000003c   0x00000014   Data   RW          243    .data               emac_lpc17xx_lan8720.o
    0x10000050   0x00000004   Data   RW          449    .data               system_lpc17xx.o
    0x10000054   0x0000000a   Data   RW          588    .data               timers.o
    0x1000005e   0x00000002   PAD
    0x10000060   0x0000000c   Data   RW          643    .data               ldr.o
    0x1000006c   0x00000001   Data   RW          993    .data               glcd.o
    0x1000006d   0x00000003   PAD
    0x10000070   0x00000010   Data   RW         1046    .data               i2c.o
    0x10000080   0x00000008   Data   RW         1101    .data               TCP_CM3.lib(at_arp.o)
    0x10000088   0x0000000c   Data   RW         1126    .data               TCP_CM3.lib(at_ip.o)
    0x10000094   0x00000004   Data   RW         1177    .data               TCP_CM3.lib(at_tcp.o)
    0x10000098   0x00000017   Zero   RW          129    .bss                rtc.o
    0x100000af   0x00000001   PAD
    0x100000b0   0x00000034   Zero   RW          376    .bss                main.o
    0x100000e4   0x00000320   Zero   RW          618    .bss                onewirev2.o
    0x10000404   0x00005dc0   Zero   RW          642    .bss                ldr.o
    0x100061c4   0x00000010   Zero   RW         1328    .bss                TCP_CM3.lib(at_mem.o)
    0x100061d4   0x00000004   PAD
    0x100061d8   0x00000200   Zero   RW          431    STACK               startup_lpc17xx.o


    Execution Region RW_IRAM2 (Base: 0x2007c000, Size: 0x000063d8, Max: 0x00008000, ABSOLUTE, COMPRESSED[0x00000158])

    Base Addr    Size         Type   Attr      Idx    E Section Name        Object

    0x2007c000   0x0000029a   Data   RW          286    .data               statechart.o
    0x2007c29a   0x00000006   PAD
    0x2007c2a0   0x0000004c   Data   RW          354    .data               touchpanel.o
    0x2007c2ec   0x00000013   Data   RW          377    .data               main.o
    0x2007c2ff   0x00000001   PAD
    0x2007c300   0x00000005   Data   RW          619    .data               onewirev2.o
    0x2007c305   0x00000003   PAD
    0x2007c308   0x0000000c   Data   RW          675    .data               ufono.o
    0x2007c314   0x00000024   Data   RW          755    .data               lut.o
    0x2007c338   0x00000004   Data   RW          779    .data               dma.o
    0x2007c33c   0x00000008   Data   RW         1013    .data               uart0.o
    0x2007c344   0x0000000c   Data   RW         1272    .data               TCP_CM3.lib(at_http.o)
    0x2007c350   0x00000004   Data   RW         1806    .data               mc_w.l(errno.o)
    0x2007c354   0x000033ec   Zero   RW          191    .bss                net_config.o
    0x2007f740   0x00002a64   Zero   RW          242    .bss                emac_lpc17xx_lan8720.o
    0x200821a4   0x0000002f   Zero   RW          285    .bss                statechart.o
    0x200821d3   0x00000001   PAD
    0x200821d4   0x0000000c   Zero   RW          353    .bss                touchpanel.o
    0x200821e0   0x00000010   Zero   RW          778    .bss                dma.o
    0x200821f0   0x000000f2   Zero   RW         1011    .bss                uart0.o
    0x200822e2   0x00000016   Zero   RW         1045    .bss                i2c.o
    0x200822f8   0x00000010   Zero   RW         1138    .bss                TCP_CM3.lib(at_icmp.o)
    0x20082308   0x00000084   Zero   RW         1314    .bss                TCP_CM3.lib(at_ethernet.o)
    0x2008238c   0x0000004c   Zero   RW         1340    .bss                TCP_CM3.lib(at_system.o)


==============================================================================

Image component sizes


      Code (inc. data)   RO Data    RW Data    ZI Data      Debug   Object Name

       388         48          0         16          0      20445   anemometro.o
        32          6       1520          0          0       1023   asciilib.o
       252         38          0          0          0      17828   configura.o
       220         28          0          0          0        866   dac.o
       136         42          0          4         16        984   dma.o
      1488        130          0         20      10852      43025   emac_lpc17xx_lan8720.o
     69888        342          0          1          0     186942   glcd.o
       560         74          0          0          0       4360   http_cgi.o
        16          0          0          0          0      13919   http_source.o
      1352         78          0         16         22       3866   i2c.o
       332          6          0          0          0       1432   i2clib.o
       488         72          0         12      24000       4115   ldr.o
       336         32          0          0          0       1791   lpc17xx_clkpwr.o
      1060         62          0          0          0       8307   lpc17xx_gpio.o
         4          0          0          0          0        831   lpc17xx_libcfg_default.o
       256          4          0          0          0       2201   lpc17xx_pinsel.o
      1720         62          0          0          0       6120   lpc17xx_ssp.o
       384         48          0         36          0       1555   lut.o
        16          0          0         19         52       1203   main.o
       116          8        169         42      13292       3213   net_config.o
       696         38          0          5        800       3019   onewirev2.o
       672         54          0          0          0       1065   pwm.o
       304         80          0          0         23      17588   rtc.o
        40         12        204          0        512        936   startup_lpc17xx.o
      6548        968          0        666         47      18731   statechart.o
       792         78          0          4          0       1069   system_lpc17xx.o
       848         78          0         10          0      18498   timers.o
      2116         68          0         76         12       5545   touchpanel.o
      1072        408        358          8        242      18419   uart0.o
       264         30          0         12          0       1154   ufono.o
        44          8          0          0          0        418   uva30a.o
        40          6          0          0          0      24587   wdt.o
         0          0       1796          0          0       6841   web.o

    ----------------------------------------------------------------------
     92480       2908       4114        964      49872     441896   Object Totals
         0          0         64          0          0          0   (incl. Generated)
         0          0          3         17          2          0   (incl. Padding)

    ----------------------------------------------------------------------

      Code (inc. data)   RO Data    RW Data    ZI Data      Debug   Library Member Name

      1824        138          6          8          0       1040   at_arp.o
       488         58          6          0        132        404   at_ethernet.o
      5388       1172        244         12          0       2116   at_http.o
        18          0          0          0          0        340   at_http_uif.o
       404         30          0          0         16        308   at_icmp.o
       834         56          8         12          0        520   at_ip.o
       486          6          0          0          0       1224   at_lib.o
       568         46          0          0         16        520   at_mem.o
       196         40          0          0         76        292   at_system.o
      3936        158          0          4          0       2008   at_tcp.o
       208         12          0          0          0        156   at_udp.o
         0          0        503          0          0          0   http_err.o
       252         22         48          0          0        124   cos_i.o
        16          6          0          0          0         68   dunder.o
        40          0          0          0          0         68   fpclassify.o
       170          0          0          0          0         96   poly.o
      2528        190        136          0          0        332   pow.o
         0          0          8          0          0          0   qnan.o
       904         72        200          0          0        140   rred.o
       176         10          0          0          0        116   sin.o
       236         12         40          0          0        128   sin_i.o
        76          0          0          0          0         84   sqrt.o
        56          8          0          0          0         84   __0sscanf.o
        92          0          0          0          0          0   __dczerorl2.o
        28          0          0          0          0         68   _chval.o
       812          6          0          0          0        112   _scanf.o
       218          0          0          0          0         96   _scanf_str.o
        64          0          0          0          0         84   _sgetc.o
       158          0          0          0          0         92   _strtoul.o
        26          0          0          0          0         80   atoi.o
         8          4        133          0          0         68   ctype_o.o
         0          0          0          0          0          0   entry.o
         0          0          0          0          0          0   entry10a.o
         0          0          0          0          0          0   entry11a.o
         8          4          0          0          0          0   entry2.o
         4          0          0          0          0          0   entry5.o
         0          0          0          0          0          0   entry7b.o
         0          0          0          0          0          0   entry8b.o
         8          4          0          0          0          0   entry9a.o
        20         10          0          4          0        136   errno.o
        30          0          0          0          0          0   handlers.o
        36          8          0          0          0         68   init.o
        18          0          0          0          0         76   isspace_o.o
         0          0          0          0          0          0   iusefp.o
        30          0          0          0          0         68   llshl.o
        36          0          0          0          0         68   llsshr.o
        32          0          0          0          0         68   llushr.o
        36          0          0          0          0         68   memcpya.o
        36          0          0          0          0        108   memseta.o
      2260         86          0          0          0        512   printfa.o
        40          8          0          0          0         84   scanf_char.o
        28          0          0          0          0         76   strcmp.o
        18          0          0          0          0         68   strcpy.o
        14          0          0          0          0         68   strlen.o
       112          0          0          0          0         88   strtol.o
        44          0          0          0          0         80   uidiv.o
        98          0          0          0          0         92   uldiv.o
        40          2          0          0          0         68   cdcmple.o
        40          2          0          0          0         68   cdrcmple.o
        20          0          0          0          0         68   cfcmple.o
        20          0          0          0          0         68   cfrcmple.o
        56          0          0          0          0         88   d2f.o
       334          0          0          0          0        148   dadd.o
       222          0          0          0          0        100   ddiv.o
       190          0          0          0          0        176   depilogue.o
        62          0          0          0          0         80   dfixi.o
        50          0          0          0          0         76   dfixui.o
        48          0          0          0          0         68   dfixul.o
        34          0          0          0          0         76   dflti.o
        26          0          0          0          0         76   dfltui.o
       228          0          0          0          0         96   dmul.o
        46          0          0          0          0         80   dscalb.o
       162          0          0          0          0        100   dsqrt.o
        38          0          0          0          0         68   f2d.o
       176          0          0          0          0        140   fadd.o
       128          0          0          0          0         88   fdiv.o
       108          0          0          0          0        168   fepilogue.o
        50          0          0          0          0         68   ffixi.o
        40          0          0          0          0         68   ffixui.o
        18          0          0          0          0         68   fflti.o
        10          0          0          0          0         68   ffltui.o
       108          0          0          0          0         76   fmul.o

    ----------------------------------------------------------------------
     25404       2170       1342         40        244      14744   Library Totals
        32          0         10          0          4          0   (incl. Padding)

    ----------------------------------------------------------------------

      Code (inc. data)   RO Data    RW Data    ZI Data      Debug   Library Name

     14350       1716        767         36        240       8928   TCP_CM3.lib
      4398        312        432          0          0       1156   m_ws.l
      4370        138        133          4          0       2412   mc_w.l
      2254          4          0          0          0       2248   mf_w.l

    ----------------------------------------------------------------------
     25404       2170       1342         40        244      14744   Library Totals

    ----------------------------------------------------------------------

==============================================================================


      Code (inc. data)   RO Data    RW Data    ZI Data      Debug   

    117884       5078       5456       1004      50116     445304   Grand Totals
    117884       5078       5456        496      50116     445304   ELF Image Totals (compressed)
    117884       5078       5456        496          0          0   ROM Totals

==============================================================================

    Total RO  Size (Code + RO Data)               123340 ( 120.45kB)
    Total RW  Size (RW Data + ZI Data)             51120 (  49.92kB)
    Total ROM Size (Code + RO Data + RW Data)     123836 ( 120.93kB)

==============================================================================

