ARM Linker, 5.03 [Build 76] [MDK-ARM Professional]

==============================================================================

Section Cross References

    anemometro.o(.text) refers to ffltui.o(.text) for __aeabi_ui2f
    anemometro.o(.text) refers to fmul.o(.text) for __aeabi_fmul
    anemometro.o(.text) refers to fdiv.o(.text) for __aeabi_fdiv
    anemometro.o(.text) refers to anemometro.o(.data) for CAPcont
    anemometro.o(.text) refers to main.o(.data) for DATOS
    pwm.o(.text) refers to fdiv.o(.text) for __aeabi_fdiv
    pwm.o(.text) refers to ffixui.o(.text) for __aeabi_f2uiz
    pwm.o(.text) refers to f2d.o(.text) for __aeabi_f2d
    pwm.o(.text) refers to dmul.o(.text) for __aeabi_dmul
    pwm.o(.text) refers to d2f.o(.text) for __aeabi_d2f
    pwm.o(.text) refers to ffltui.o(.text) for __aeabi_ui2f
    pwm.o(.text) refers to fmul.o(.text) for __aeabi_fmul
    pwm.o(.text) refers to fadd.o(.text) for __aeabi_fsub
    pwm.o(.text) refers to main.o(.data) for COUNTERS
    rtc.o(.text) refers to printfa.o(i.__0sprintf) for __2sprintf
    rtc.o(.text) refers to main.o(.data) for COUNTERS
    rtc.o(.text) refers to rtc.o(.bss) for Clock
    http_source.o(.text) refers to at_system.o(i.init_TcpNet) for init_TcpNet
    http_source.o(.text) refers to at_system.o(i.main_TcpNet) for main_TcpNet
    net_config.o(.text) refers to at_ethernet.o(i.eth_init_link) for eth_init_link
    net_config.o(.text) refers to at_ip.o(i.ip_init) for ip_init
    net_config.o(.text) refers to at_icmp.o(i.icmp_init) for icmp_init
    net_config.o(.text) refers to at_udp.o(i.udp_init) for udp_init
    net_config.o(.text) refers to at_tcp.o(i.tcp_init) for tcp_init
    net_config.o(.text) refers to at_http.o(i.http_init) for http_init
    net_config.o(.text) refers to at_arp.o(i.arp_notify) for arp_notify
    net_config.o(.text) refers to at_ethernet.o(i.eth_run_link) for eth_run_link
    net_config.o(.text) refers to at_ip.o(i.ip_run_local) for ip_run_local
    net_config.o(.text) refers to at_icmp.o(i.icmp_run_engine) for icmp_run_engine
    net_config.o(.text) refers to at_tcp.o(i.tcp_poll_sockets) for tcp_poll_sockets
    net_config.o(.text) refers to at_http.o(i.http_run_server) for http_run_server
    net_config.o(.constdata) refers to net_config.o(.bss) for mem_pool
    net_config.o(.constdata) refers to net_config.o(.data) for lhost_name
    net_config.o(.constdata) refers to net_config.o(.conststring) for .conststring
    http_cgi.o(.text) refers to f2d.o(.text) for __aeabi_f2d
    http_cgi.o(.text) refers to printfa.o(i.__0sprintf) for __2sprintf
    http_cgi.o(.text) refers to main.o(.data) for DATOS
    emac_lpc17xx_lan8720.o(.text) refers to net_config.o(.data) for own_hw_adr
    emac_lpc17xx_lan8720.o(.text) refers to emac_lpc17xx_lan8720.o(.bss) for tx_buf
    emac_lpc17xx_lan8720.o(.text) refers to emac_lpc17xx_lan8720.o(.data) for tout
    emac_lpc17xx_lan8720.o(.text) refers to at_mem.o(i.alloc_mem) for alloc_mem
    emac_lpc17xx_lan8720.o(.text) refers to at_ethernet.o(i.put_in_queue) for put_in_queue
    statechart.o(.text) refers to pwm.o(.text) for modificaPulso
    statechart.o(.text) refers to glcd.o(.text) for LCD_DrawLine
    statechart.o(.text) refers to strlen.o(.text) for strlen
    statechart.o(.text) refers to printfa.o(i.__0sprintf) for __2sprintf
    statechart.o(.text) refers to f2d.o(.text) for __aeabi_f2d
    statechart.o(.text) refers to statechart.o(.data) for pressedTouchPanel
    statechart.o(.text) refers to touchpanel.o(.data) for display
    statechart.o(.text) refers to timers.o(.data) for contadorLUZ
    statechart.o(.text) refers to rtc.o(.bss) for Clock
    statechart.o(.text) refers to main.o(.data) for DATOS
    statechart.o(.text) refers to touchpanel.o(.text) for Read_Ads7846
    statechart.o(.text) refers to wdt.o(.text) for alimentaWDT
    statechart.o(.text) refers to lut.o(.text) for goto_LUT
    statechart.o(.text) refers to dac.o(.text) for activarDac
    statechart.o(.text) refers to ufono.o(.text) for lanzaUFONO
    touchpanel.o(.text) refers to lpc17xx_pinsel.o(.text) for PINSEL_ConfigPin
    touchpanel.o(.text) refers to lpc17xx_gpio.o(.text) for GPIO_SetDir
    touchpanel.o(.text) refers to lpc17xx_ssp.o(.text) for SSP_ConfigStructInit
    touchpanel.o(.text) refers to wdt.o(.text) for alimentaWDT
    touchpanel.o(.text) refers to glcd.o(.text) for LCD_SetPoint
    touchpanel.o(.text) refers to memseta.o(.text) for __aeabi_memclr4
    touchpanel.o(.text) refers to touchpanel.o(.data) for screen
    touchpanel.o(.text) refers to dflti.o(.text) for __aeabi_i2d
    touchpanel.o(.text) refers to cdcmple.o(.text) for __aeabi_cdcmpeq
    touchpanel.o(.text) refers to dfltui.o(.text) for __aeabi_ui2d
    touchpanel.o(.text) refers to dmul.o(.text) for __aeabi_dmul
    touchpanel.o(.text) refers to dadd.o(.text) for __aeabi_dadd
    touchpanel.o(.text) refers to ddiv.o(.text) for __aeabi_ddiv
    touchpanel.o(.text) refers to dfixui.o(.text) for __aeabi_d2uiz
[...]
    .data                                    0x2007c270   Section        4  at_tcp.o(.data)
    socket                                   0x2007c270   Data           1  at_tcp.o(.data)
    no_ack                                   0x2007c271   Data           1  at_tcp.o(.data)
    port                                     0x2007c272   Data           2  at_tcp.o(.data)
    .data                                    0x2007c274   Section       12  at_http.o(.data)
    session                                  0x2007c274   Data           1  at_http.o(.data)
    cgi                                      0x2007c278   Data           8  at_http.o(.data)
    .bss                                     0x2007c280   Section       23  rtc.o(.bss)
    .bss                                     0x2007c298   Section    13292  net_config.o(.bss)
    mem_pool                                 0x2007c298   Data       12000  net_config.o(.bss)
    arp_table                                0x2007f178   Data         140  net_config.o(.bss)
    udp_scb                                  0x2007f204   Data          24  net_config.o(.bss)
    tcp_scb                                  0x2007f21c   Data         816  net_config.o(.bss)
    http_scb                                 0x2007f54c   Data         312  net_config.o(.bss)
    .bss                                     0x2007f688   Section    10852  emac_lpc17xx_lan8720.o(.bss)
    Rx_Desc                                  0x2007f688   Data          32  emac_lpc17xx_lan8720.o(.bss)
    Rx_Stat                                  0x2007f6a8   Data          32  emac_lpc17xx_lan8720.o(.bss)
    Tx_Desc                                  0x2007f6c8   Data          24  emac_lpc17xx_lan8720.o(.bss)
    Tx_Stat                                  0x2007f6e0   Data          12  emac_lpc17xx_lan8720.o(.bss)
    rx_buf                                   0x2007f6ec   Data        6144  emac_lpc17xx_lan8720.o(.bss)
    tx_buf                                   0x20080eec   Data        4608  emac_lpc17xx_lan8720.o(.bss)
    .bss                                     0x200820ec   Section       12  touchpanel.o(.bss)
    .bss                                     0x200820f8   Section       52  main.o(.bss)
    .bss                                     0x2008212c   Section       16  dma.o(.bss)
    .bss                                     0x2008213c   Section       16  at_icmp.o(.bss)
    icmp_control                             0x2008213c   Data          16  at_icmp.o(.bss)
    .bss                                     0x2008214c   Section      132  at_ethernet.o(.bss)
    eth_control                              0x2008214c   Data         132  at_ethernet.o(.bss)
    STACK                                    0x200821d0   Section      512  startup_lpc17xx.o(STACK)

    Global Symbols

    Symbol Name                              Value     Ov Type        Size  Object(Section)

    BuildAttributes$$THM_ISAv4$P$D$K$B$S$PE$A:L22UL41UL21$X:L11$S22US41US21$IEEE1$IW$USESV6$~STKCKD$USESV7$~SHL$OTIME$ROPI$IEEEX$EBA8$MICROLIB$REQ8$PRES8$EABIv2 0x00000000   Number         0  anon$$obj.o ABSOLUTE
    __ARM_use_no_argv                        0x00000000   Number         0  main.o ABSOLUTE
    __Vectors                                0x00000000   Data           4  startup_lpc17xx.o(RESET)
    _printf_a                                0x00000000   Number         0  stubs.o ABSOLUTE
    _printf_c                                0x00000000   Number         0  stubs.o ABSOLUTE
    _printf_charcount                        0x00000000   Number         0  stubs.o ABSOLUTE
    _printf_d                                0x00000000   Number         0  stubs.o ABSOLUTE
    _printf_e                                0x00000000   Number         0  stubs.o ABSOLUTE
    _printf_f                                0x00000000   Number         0  stubs.o ABSOLUTE
    _printf_flags                            0x00000000   Number         0  stubs.o ABSOLUTE
    _printf_fp_dec                           0x00000000   Number         0  stubs.o ABSOLUTE
    _printf_fp_hex                           0x00000000   Number         0  stubs.o ABSOLUTE
    _printf_g                                0x00000000   Number         0  stubs.o ABSOLUTE
    _printf_i                                0x00000000   Number         0  stubs.o ABSOLUTE
    _printf_int_dec                          0x00000000   Number         0  stubs.o ABSOLUTE
    _printf_l                                0x00000000   Number         0  stubs.o ABSOLUTE
    _printf_lc                               0x00000000   Number         0  stubs.o ABSOLUTE
    _printf_ll                               0x00000000   Number         0  stubs.o ABSOLUTE
    _printf_lld                              0x00000000   Number         0  stubs.o ABSOLUTE
    _printf_lli                              0x00000000   Number         0  stubs.o ABSOLUTE
    _printf_llo                              0x00000000   Number         0  stubs.o ABSOLUTE
    _printf_llu                              0x00000000   Number         0  stubs.o ABSOLUTE
    _printf_llx                              0x00000000   Number         0  stubs.o ABSOLUTE
    _printf_longlong_dec                     0x00000000   Number         0  stubs.o ABSOLUTE
    _printf_longlong_hex                     0x00000000   Number         0  stubs.o ABSOLUTE
    _printf_longlong_oct                     0x00000000   Number         0  stubs.o ABSOLUTE
    _printf_ls                               0x00000000   Number         0  stubs.o ABSOLUTE
    _printf_mbtowc                           0x00000000   Number         0  stubs.o ABSOLUTE
    _printf_n                                0x00000000   Number         0  stubs.o ABSOLUTE
    _printf_o                                0x00000000   Number         0  stubs.o ABSOLUTE
    _printf_p                                0x00000000   Number         0  stubs.o ABSOLUTE
    _printf_percent                          0x00000000   Number         0  stubs.o ABSOLUTE
    _printf_pre_padding                      0x00000000   Number         0  stubs.o ABSOLUTE
    _printf_return_value                     0x00000000   Number         0  stubs.o ABSOLUTE
    _printf_s                                0x00000000   Number         0  stubs.o ABSOLUTE
    _printf_sizespec                         0x00000000   Number         0  stubs.o ABSOLUTE
    _printf_str                              0x00000000   Number         0  stubs.o ABSOLUTE
    _printf_truncate_signed                  0x00000000   Number         0  stubs.o ABSOLUTE
    _printf_truncate_unsigned                0x00000000   Number         0  stubs.o ABSOLUTE
    _printf_u                                0x00000000   Number         0  stubs.o ABSOLUTE
    _printf_wc                               0x00000000   Number         0  stubs.o ABSOLUTE
    _printf_wctomb                           0x00000000   Number         0  stubs.o ABSOLUTE
    _printf_widthprec                        0x00000000   Number         0  stubs.o ABSOLUTE
    _printf_x                                0x00000000   Number         0  stubs.o ABSOLUTE
    __cpp_initialize__aeabi_                  - Undefined Weak Reference
    __cxa_finalize                            - Undefined Weak Reference
    _clock_init                               - Undefined Weak Reference
    _microlib_exit                            - Undefined Weak Reference
    _scanf_int                                - Undefined Weak Reference
    _scanf_longlong                           - Undefined Weak Reference
    _scanf_real                               - Undefined Weak Reference
    poll_ethernet                             - Undefined Weak Reference
    __main                                   0x000000cd   Thumb Code     0  entry.o(.ARM.Collect$$$$00000000)
    _main_stk                                0x000000cd   Thumb Code     0  entry2.o(.ARM.Collect$$$$00000001)
    _main_scatterload                        0x000000d1   Thumb Code     0  entry5.o(.ARM.Collect$$$$00000004)
    __main_after_scatterload                 0x000000d5   Thumb Code     0  entry5.o(.ARM.Collect$$$$00000004)
    _main_clock                              0x000000d5   Thumb Code     0  entry7b.o(.ARM.Collect$$$$00000008)
    _main_cpp_init                           0x000000d5   Thumb Code     0  entry8b.o(.ARM.Collect$$$$0000000A)
    _main_init                               0x000000d5   Thumb Code     0  entry9a.o(.ARM.Collect$$$$0000000B)
    __rt_final_cpp                           0x000000dd   Thumb Code     0  entry10a.o(.ARM.Collect$$$$0000000D)
    __rt_final_exit                          0x000000dd   Thumb Code     0  entry11a.o(.ARM.Collect$$$$0000000F)
    alimentaWDT                              0x000000e1   Thumb Code    12  wdt.o(.text)
    __configuraWDT__                         0x000000ed   Thumb Code    22  wdt.o(.text)
    __configuraAnemometro__                  0x00000109   Thumb Code   148  anemometro.o(.text)
    mideAnemometro                           0x0000019d   Thumb Code   192  anemometro.o(.text)
    __configuraWEB__                         0x0000028d   Thumb Code     8  http_source.o(.text)
    __mantenerTCP__                          0x00000295   Thumb Code     8  http_source.o(.text)
    main                                     0x0000029d   Thumb Code    16  main.o(.text)
    Reset_Handler                            0x000002ad   Thumb Code     8  startup_lpc17xx.o(.text)
    NMI_Handler                              0x000002b5   Thumb Code     2  startup_lpc17xx.o(.text)
    HardFault_Handler                        0x000002b7   Thumb Code     2  startup_lpc17xx.o(.text)
    MemManage_Handler                        0x000002b9   Thumb Code     2  startup_lpc17xx.o(.text)
    BusFault_Handler                         0x000002bb   Thumb Code     2  startup_lpc17xx.o(.text)
    UsageFault_Handler                       0x000002bd   Thumb Code     2  startup_lpc17xx.o(.text)
    SVC_Handler                              0x000002bf   Thumb Code     2  startup_lpc17xx.o(.text)
    DebugMon_Handler                         0x000002c1   Thumb Code     2  startup_lpc17xx.o(.text)
    PendSV_Handler                           0x000002c3   Thumb Code     2  startup_lpc17xx.o(.text)
    BOD_IRQHandler                           0x000002c7   Thumb Code     0  startup_lpc17xx.o(.text)
    CANActivity_IRQHandler                   0x000002c7   Thumb Code     0  startup_lpc17xx.o(.text)
    CAN_IRQHandler                           0x000002c7   Thumb Code     0  startup_lpc17xx.o(.text)
    DMA_IRQHandler                           0x000002c7   Thumb Code     0  startup_lpc17xx.o(.text)
    EINT0_IRQHandler                         0x000002c7   Thumb Code     0  startup_lpc17xx.o(.text)
    EINT1_IRQHandler                         0x000002c7   Thumb Code     0  startup_lpc17xx.o(.text)
    EINT2_IRQHandler                         0x000002c7   Thumb Code     0  startup_lpc17xx.o(.text)
    EINT3_IRQHandler                         0x000002c7   Thumb Code     0  startup_lpc17xx.o(.text)
    I2C0_IRQHandler                          0x000002c7   Thumb Code     0  startup_lpc17xx.o(.text)
    I2C1_IRQHandler                          0x000002c7   Thumb Code     0  startup_lpc17xx.o(.text)
    I2C2_IRQHandler                          0x000002c7   Thumb Code     0  startup_lpc17xx.o(.text)
    I2S_IRQHandler                           0x000002c7   Thumb Code     0  startup_lpc17xx.o(.text)
    MCPWM_IRQHandler                         0x000002c7   Thumb Code     0  startup_lpc17xx.o(.text)
    PLL0_IRQHandler                          0x000002c7   Thumb Code     0  startup_lpc17xx.o(.text)
    PLL1_IRQHandler                          0x000002c7   Thumb Code     0  startup_lpc17xx.o(.text)
    PWM1_IRQHandler                          0x000002c7   Thumb Code     0  startup_lpc17xx.o(.text)
    QEI_IRQHandler                           0x000002c7   Thumb Code     0  startup_lpc17xx.o(.text)
    RIT_IRQHandler                           0x000002c7   Thumb Code     0  startup_lpc17xx.o(.text)
    SPI_IRQHandler                           0x000002c7   Thumb Code     0  startup_lpc17xx.o(.text)
    SSP0_IRQHandler                          0x000002c7   Thumb Code     0  startup_lpc17xx.o(.text)
    SSP1_IRQHandler                          0x000002c7   Thumb Code     0  startup_lpc17xx.o(.text)
    UART1_IRQHandler                         0x000002c7   Thumb Code     0  startup_lpc17xx.o(.text)
    UART2_IRQHandler                         0x000002c7   Thumb Code     0  startup_lpc17xx.o(.text)
    USBActivity_IRQHandler                   0x000002c7   Thumb Code     0  startup_lpc17xx.o(.text)
    USB_IRQHandler                           0x000002c7   Thumb Code     0  startup_lpc17xx.o(.text)
    WDT_IRQHandler                           0x000002c7   Thumb Code     0  startup_lpc17xx.o(.text)
    __configuraUVA30A__                      0x000002d1   Thumb Code    36  uva30a.o(.text)
    __configuraPWM__                         0x00000301   Thumb Code   384  pwm.o(.text)
    __RL_TCP_VER                             0x00000472   Number         0  at_system.o ABSOLUTE
    modificaPulso                            0x00000481   Thumb Code   240  pwm.o(.text)
    __configuraRTC__                         0x000005a1   Thumb Code   152  rtc.o(.text)
    RTC_IRQHandler                           0x00000639   Thumb Code    72  rtc.o(.text)
    sys_error                                0x000006d1   Thumb Code    36  net_config.o(.text)
    init_system                              0x000006f5   Thumb Code    34  net_config.o(.text)
    run_system                               0x00000717   Thumb Code    26  net_config.o(.text)
    igmp_is_member                           0x00000731   Thumb Code     4  net_config.o(.text)
    igmp_process                             0x00000735   Thumb Code     2  net_config.o(.text)
    dhcp_disable                             0x00000737   Thumb Code     2  net_config.o(.text)
    ppp_send_frame                           0x00000739   Thumb Code     4  net_config.o(.text)
    slip_send_frame                          0x0000073d   Thumb Code     4  net_config.o(.text)
    sntp_get_time                            0x00000741   Thumb Code     4  net_config.o(.text)
    cgi_process_var                          0x00000745   Thumb Code     2  http_cgi.o(.text)
    cgi_process_data                         0x00000747   Thumb Code     2  http_cgi.o(.text)
    cgi_func                                 0x00000749   Thumb Code   482  http_cgi.o(.text)
    int_enable_eth                           0x00000975   Thumb Code    24  emac_lpc17xx_lan8720.o(.text)
    int_disable_eth                          0x0000098d   Thumb Code    18  emac_lpc17xx_lan8720.o(.text)
    setMac                                   0x0000099f   Thumb Code   182  emac_lpc17xx_lan8720.o(.text)
    init_ethernet                            0x00000b65   Thumb Code   724  emac_lpc17xx_lan8720.o(.text)
    send_frame                               0x00000e39   Thumb Code    70  emac_lpc17xx_lan8720.o(.text)
    ENET_IRQHandler                          0x00000e7f   Thumb Code   156  emac_lpc17xx_lan8720.o(.text)
    zoneNewPressed                           0x00000f45   Thumb Code   116  statechart.o(.text)
    squareButton                             0x00000fb9   Thumb Code   226  statechart.o(.text)
    __pintaAjustes__                         0x0000109b   Thumb Code   284  statechart.o(.text)
    __pintaMedidas2__                        0x000011b7   Thumb Code   236  statechart.o(.text)
    __pintaMedidas1__                        0x000012a3   Thumb Code   722  statechart.o(.text)
    __pintaInicio__                          0x00001575   Thumb Code   264  statechart.o(.text)
    checkTouchPanel                          0x0000167d   Thumb Code    36  statechart.o(.text)
    __mainLoop__                             0x000016a1   Thumb Code  1002  statechart.o(.text)
    __configuraLCD__                         0x00001a8b   Thumb Code    12  statechart.o(.text)
    TP_Init                                  0x00001ad9   Thumb Code   176  touchpanel.o(.text)
    Read_X                                   0x00001c09   Thumb Code    42  touchpanel.o(.text)
    Read_Y                                   0x00001c33   Thumb Code    42  touchpanel.o(.text)
    TP_GetAdXY                               0x00001c5d   Thumb Code    34  touchpanel.o(.text)
    TP_DrawPoint                             0x00001c7f   Thumb Code    64  touchpanel.o(.text)
    DrawCross                                0x00001cbf   Thumb Code   356  touchpanel.o(.text)
    Read_Ads7846                             0x00001e23   Thumb Code   520  touchpanel.o(.text)
    setCalibrationMatrix                     0x0000202b   Thumb Code   356  touchpanel.o(.text)
    getDisplayPoint                          0x0000218f   Thumb Code   238  touchpanel.o(.text)
    TouchPanel_Calibrate                     0x0000227d   Thumb Code   108  touchpanel.o(.text)
    SystemCoreClockUpdate                    0x0000231d   Thumb Code   424  system_lpc17xx.o(.text)
    SystemInit                               0x000024c5   Thumb Code   290  system_lpc17xx.o(.text)
    __iniciaVariables__                      0x00002635   Thumb Code    72  configura.o(.text)
    __configuraPrograma__                    0x0000267d   Thumb Code   118  configura.o(.text)
    __configuraSysTick__                     0x0000273d   Thumb Code    80  timers.o(.text)
    __configuraTimer0__                      0x0000278d   Thumb Code    94  timers.o(.text)
    SysTick_Handler                          0x000027eb   Thumb Code    54  timers.o(.text)
    TIMER0_IRQHandler                        0x00002937   Thumb Code    98  timers.o(.text)
    TIMER1_IRQHandler                        0x00002999   Thumb Code    38  timers.o(.text)
    TIMER2_IRQHandler                        0x000029bf   Thumb Code     2  timers.o(.text)
    TIMER3_IRQHandler                        0x000029c1   Thumb Code     2  timers.o(.text)
    reiniciaCuenta                           0x00002a11   Thumb Code    16  onewirev2.o(.text)
    inicializaT3                             0x00002a21   Thumb Code    30  onewirev2.o(.text)
    __configuraOW__                          0x00002a3f   Thumb Code    12  onewirev2.o(.text)
    leerByte                                 0x00002a4b   Thumb Code   164  onewirev2.o(.text)
    compruebaRespuesta                       0x00002aef   Thumb Code   188  onewirev2.o(.text)
    _delayUS                                 0x00002bab   Thumb Code    20  onewirev2.o(.text)
    mideTemperatura                          0x00002bbf   Thumb Code   226  onewirev2.o(.text)
    __configuraLDR__                         0x00002cc5   Thumb Code   124  ldr.o(.text)
    ADC_IRQHandler                           0x00002d41   Thumb Code   292  ldr.o(.text)
    __configuraUFONO__                       0x00002ead   Thumb Code    56  ufono.o(.text)
    lanzaUFONO                               0x00002ee5   Thumb Code   122  ufono.o(.text)
    recuperaContexto                         0x00002f5f   Thumb Code    56  ufono.o(.text)
    __configuraDAC__                         0x00002fb5   Thumb Code    44  dac.o(.text)
    escribirEnDac                            0x00002fe1   Thumb Code    52  dac.o(.text)
    activarDac                               0x00003015   Thumb Code    40  dac.o(.text)
    desactivarDAC                            0x0000303d   Thumb Code    56  dac.o(.text)
    goto_LUT                                 0x00003091   Thumb Code   220  lut.o(.text)
    crearSeno                                0x0000316d   Thumb Code   116  lut.o(.text)
    __configuraDMA__                         0x00003211   Thumb Code    94  dma.o(.text)
    SSP_Init                                 0x0000331b   Thumb Code   100  lpc17xx_ssp.o(.text)
    SSP_DeInit                               0x0000337f   Thumb Code    60  lpc17xx_ssp.o(.text)
    SSP_GetDataSize                          0x000033bb   Thumb Code    34  lpc17xx_ssp.o(.text)
    SSP_ConfigStructInit                     0x000033dd   Thumb Code    22  lpc17xx_ssp.o(.text)
    SSP_Cmd                                  0x000033f3   Thumb Code    68  lpc17xx_ssp.o(.text)
    SSP_LoopBackCmd                          0x00003437   Thumb Code    68  lpc17xx_ssp.o(.text)
    SSP_SlaveOutputCmd                       0x0000347b   Thumb Code    72  lpc17xx_ssp.o(.text)
    SSP_SendData                             0x000034c3   Thumb Code    36  lpc17xx_ssp.o(.text)
    SSP_ReceiveData                          0x000034e7   Thumb Code    34  lpc17xx_ssp.o(.text)
    SSP_ReadWrite                            0x00003509   Thumb Code   604  lpc17xx_ssp.o(.text)
    SSP_GetStatus                            0x00003765   Thumb Code    80  lpc17xx_ssp.o(.text)
    SSP_IntConfig                            0x000037b5   Thumb Code    58  lpc17xx_ssp.o(.text)
    SSP_GetRawIntStatus                      0x000037ef   Thumb Code    76  lpc17xx_ssp.o(.text)
    SSP_GetRawIntStatusReg                   0x0000383b   Thumb Code    34  lpc17xx_ssp.o(.text)
    SSP_GetIntStatus                         0x0000385d   Thumb Code    76  lpc17xx_ssp.o(.text)
    SSP_ClearIntPending                      0x000038a9   Thumb Code    58  lpc17xx_ssp.o(.text)
    SSP_DMACmd                               0x000038e3   Thumb Code   100  lpc17xx_ssp.o(.text)
    PINSEL_ConfigTraceFunc                   0x000039f7   Thumb Code    34  lpc17xx_pinsel.o(.text)
    PINSEL_SetI2C0Pins                       0x00003a19   Thumb Code    16  lpc17xx_pinsel.o(.text)
    PINSEL_ConfigPin                         0x00003a29   Thumb Code    36  lpc17xx_pinsel.o(.text)
    GPIO_SetDir                              0x00003aed   Thumb Code    40  lpc17xx_gpio.o(.text)
    GPIO_SetValue                            0x00003b15   Thumb Code    20  lpc17xx_gpio.o(.text)
    GPIO_ClearValue                          0x00003b29   Thumb Code    20  lpc17xx_gpio.o(.text)
    GPIO_ReadValue                           0x00003b3d   Thumb Code    22  lpc17xx_gpio.o(.text)
    GPIO_IntCmd                              0x00003b53   Thumb Code    54  lpc17xx_gpio.o(.text)
    GPIO_GetIntStatus                        0x00003b89   Thumb Code    86  lpc17xx_gpio.o(.text)
    GPIO_ClearInt                            0x00003bdf   Thumb Code    24  lpc17xx_gpio.o(.text)
    FIO_SetDir                               0x00003bf7   Thumb Code    20  lpc17xx_gpio.o(.text)
    FIO_SetValue                             0x00003c0b   Thumb Code    16  lpc17xx_gpio.o(.text)
    FIO_ClearValue                           0x00003c1b   Thumb Code    16  lpc17xx_gpio.o(.text)
    FIO_ReadValue                            0x00003c2b   Thumb Code    12  lpc17xx_gpio.o(.text)
    FIO_IntCmd                               0x00003c37   Thumb Code    20  lpc17xx_gpio.o(.text)
    FIO_GetIntStatus                         0x00003c4b   Thumb Code    20  lpc17xx_gpio.o(.text)
    FIO_ClearInt                             0x00003c5f   Thumb Code    16  lpc17xx_gpio.o(.text)
    FIO_SetMask                              0x00003c6f   Thumb Code    40  lpc17xx_gpio.o(.text)
    FIO_HalfWordSetDir                       0x00003c97   Thumb Code    62  lpc17xx_gpio.o(.text)
    FIO_HalfWordSetMask                      0x00003cd5   Thumb Code    62  lpc17xx_gpio.o(.text)
    FIO_HalfWordSetValue                     0x00003d13   Thumb Code    32  lpc17xx_gpio.o(.text)
    FIO_HalfWordClearValue                   0x00003d33   Thumb Code    32  lpc17xx_gpio.o(.text)
    FIO_HalfWordReadValue                    0x00003d53   Thumb Code    30  lpc17xx_gpio.o(.text)
    FIO_ByteSetDir                           0x00003d71   Thumb Code    50  lpc17xx_gpio.o(.text)
    FIO_ByteSetMask                          0x00003da3   Thumb Code    66  lpc17xx_gpio.o(.text)
    FIO_ByteSetValue                         0x00003de5   Thumb Code    34  lpc17xx_gpio.o(.text)
    FIO_ByteClearValue                       0x00003e07   Thumb Code    34  lpc17xx_gpio.o(.text)
    FIO_ByteReadValue                        0x00003e29   Thumb Code    76  lpc17xx_gpio.o(.text)
    CLKPWR_SetPCLKDiv                        0x00003e75   Thumb Code   106  lpc17xx_clkpwr.o(.text)
    CLKPWR_GetPCLKSEL                        0x00003edf   Thumb Code    32  lpc17xx_clkpwr.o(.text)
    CLKPWR_GetPCLK                           0x00003eff   Thumb Code    58  lpc17xx_clkpwr.o(.text)
    CLKPWR_ConfigPPWR                        0x00003f39   Thumb Code    50  lpc17xx_clkpwr.o(.text)
    CLKPWR_Sleep                             0x00003f6b   Thumb Code    10  lpc17xx_clkpwr.o(.text)
    CLKPWR_DeepSleep                         0x00003f75   Thumb Code    16  lpc17xx_clkpwr.o(.text)
    CLKPWR_PowerDown                         0x00003f85   Thumb Code    16  lpc17xx_clkpwr.o(.text)
    CLKPWR_DeepPowerDown                     0x00003f95   Thumb Code    16  lpc17xx_clkpwr.o(.text)
    check_failed                             0x00003fc5   Thumb Code     4  lpc17xx_libcfg_default.o(.text)
    GetASCIICode                             0x00003fc9   Thumb Code    26  asciilib.o(.text)
    LCD_Initializtion                        0x00004033   Thumb Code 63088  glcd.o(.text)
    LCD_Clear                                0x000136a3   Thumb Code  2744  glcd.o(.text)
    LCD_GetPoint                             0x00014175   Thumb Code  2218  glcd.o(.text)
    LCD_SetPoint                             0x00014a1f   Thumb Code  1304  glcd.o(.text)
    LCD_DrawLine                             0x00014f37   Thumb Code   250  glcd.o(.text)
    PutChar                                  0x00015031   Thumb Code   100  glcd.o(.text)
    GUI_Text                                 0x00015095   Thumb Code    80  glcd.o(.text)
    UART0_MandaBufferTx                      0x000150e9   Thumb Code    42  uart0.o(.text)
    __configuraUART0__                       0x00015113   Thumb Code   126  uart0.o(.text)
    procesarComando                          0x00015193   Thumb Code   350  uart0.o(.text)
    UART0_IRQHandler                         0x0001535f   Thumb Code    44  uart0.o(.text)
    __configuraUART3__                       0x00015541   Thumb Code   120  uart3.o(.text)
    UART3_MandaBufferTx                      0x00015623   Thumb Code    42  uart3.o(.text)
    UART3_IRQHandler                         0x0001564d   Thumb Code    44  uart3.o(.text)
    __calibraBMP                             0x0001569d   Thumb Code   630  i2c.o(.text)
    __configuraI2C__                         0x00015913   Thumb Code     8  i2c.o(.text)
    procesarDato                             0x0001591b   Thumb Code   106  i2c.o(.text)
    pedirDato                                0x00015985   Thumb Code    52  i2c.o(.text)
    irRegistro                               0x000159b9   Thumb Code    20  i2c.o(.text)
    pedirDatoReg                             0x000159cd   Thumb Code    22  i2c.o(.text)
    obtenerDato                              0x000159e3   Thumb Code    50  i2c.o(.text)
    mandaDato                                0x00015a15   Thumb Code    32  i2c.o(.text)
    medirBMP                                 0x00015a35   Thumb Code   410  i2c.o(.text)
    I2Cdelay                                 0x00015be5   Thumb Code    14  i2clib.o(.text)
    pulso_SCL                                0x00015bf3   Thumb Code    24  i2clib.o(.text)
    I2CSendByte                              0x00015c0b   Thumb Code    74  i2clib.o(.text)
    I2CSendAddr                              0x00015c55   Thumb Code    80  i2clib.o(.text)
    I2CGetByte                               0x00015ca5   Thumb Code   100  i2clib.o(.text)
    I2CSendStop                              0x00015d09   Thumb Code    34  i2clib.o(.text)
    __aeabi_uldivmod                         0x00015d31   Thumb Code    98  uldiv.o(.text)
    __aeabi_memcpy                           0x00015d93   Thumb Code    36  memcpya.o(.text)
    __aeabi_memcpy4                          0x00015d93   Thumb Code     0  memcpya.o(.text)
    __aeabi_memcpy8                          0x00015d93   Thumb Code     0  memcpya.o(.text)
    __aeabi_memset                           0x00015db7   Thumb Code    14  memseta.o(.text)
    __aeabi_memset4                          0x00015db7   Thumb Code     0  memseta.o(.text)
    __aeabi_memset8                          0x00015db7   Thumb Code     0  memseta.o(.text)
    __aeabi_memclr                           0x00015dc5   Thumb Code     4  memseta.o(.text)
    __aeabi_memclr4                          0x00015dc5   Thumb Code     0  memseta.o(.text)
    __aeabi_memclr8                          0x00015dc5   Thumb Code     0  memseta.o(.text)
    _memset$wrapper                          0x00015dc9   Thumb Code    18  memseta.o(.text)
    strlen                                   0x00015ddb   Thumb Code    14  strlen.o(.text)
    strcmp                                   0x00015de9   Thumb Code    28  strcmp.o(.text)
    strcpy                                   0x00015e05   Thumb Code    18  strcpy.o(.text)
    __0sscanf                                0x00015e19   Thumb Code    48  __0sscanf.o(.text)
    _scanf_string                            0x00015e51   Thumb Code   218  _scanf_str.o(.text)
    atoi                                     0x00015f2b   Thumb Code    26  atoi.o(.text)
    __aeabi_fadd                             0x00015f45   Thumb Code   164  fadd.o(.text)
    __aeabi_fsub                             0x00015fe9   Thumb Code     6  fadd.o(.text)
    __aeabi_frsub                            0x00015fef   Thumb Code     6  fadd.o(.text)
    __aeabi_fmul                             0x00015ff5   Thumb Code   108  fmul.o(.text)
    __aeabi_fdiv                             0x00016061   Thumb Code   128  fdiv.o(.text)
    __aeabi_dadd                             0x000160e1   Thumb Code   322  dadd.o(.text)
    __aeabi_dsub                             0x00016223   Thumb Code     6  dadd.o(.text)
    __aeabi_drsub                            0x00016229   Thumb Code     6  dadd.o(.text)
    __aeabi_dmul                             0x0001622f   Thumb Code   228  dmul.o(.text)
    __aeabi_ddiv                             0x00016313   Thumb Code   222  ddiv.o(.text)
    __aeabi_i2f                              0x000163f1   Thumb Code    18  fflti.o(.text)
    __aeabi_ui2f                             0x00016403   Thumb Code    10  ffltui.o(.text)
    __aeabi_i2d                              0x0001640d   Thumb Code    34  dflti.o(.text)
    __aeabi_ui2d                             0x0001642f   Thumb Code    26  dfltui.o(.text)
    __aeabi_f2uiz                            0x00016449   Thumb Code    40  ffixui.o(.text)
    __aeabi_d2uiz                            0x00016471   Thumb Code    50  dfixui.o(.text)
    __aeabi_f2d                              0x000164a3   Thumb Code    38  f2d.o(.text)
    __aeabi_cdcmpeq                          0x000164c9   Thumb Code     0  cdcmple.o(.text)
    __aeabi_cdcmple                          0x000164c9   Thumb Code    38  cdcmple.o(.text)
    __aeabi_d2f                              0x000164f1   Thumb Code    56  d2f.o(.text)
    __aeabi_cfcmpeq                          0x00016529   Thumb Code     0  cfcmple.o(.text)
    __aeabi_cfcmple                          0x00016529   Thumb Code    20  cfcmple.o(.text)
    __aeabi_uidiv                            0x0001653d   Thumb Code     0  uidiv.o(.text)
    __aeabi_uidivmod                         0x0001653d   Thumb Code    44  uidiv.o(.text)
    __aeabi_llsl                             0x00016569   Thumb Code    30  llshl.o(.text)
    _ll_shift_l                              0x00016569   Thumb Code     0  llshl.o(.text)
    __aeabi_llsr                             0x00016587   Thumb Code    32  llushr.o(.text)
    _ll_ushift_r                             0x00016587   Thumb Code     0  llushr.o(.text)
    __aeabi_lasr                             0x000165a7   Thumb Code    36  llsshr.o(.text)
    _ll_sshift_r                             0x000165a7   Thumb Code     0  llsshr.o(.text)
    __vfscanf_char                           0x000165d9   Thumb Code    20  scanf_char.o(.text)
    _sgetc                                   0x000165f5   Thumb Code    30  _sgetc.o(.text)
    _sbackspace                              0x00016613   Thumb Code    34  _sgetc.o(.text)
    strtol                                   0x00016635   Thumb Code   112  strtol.o(.text)
    __I$use$fp                               0x000166a5   Thumb Code     0  iusefp.o(.text)
    _float_round                             0x000166a5   Thumb Code    18  fepilogue.o(.text)
    _float_epilogue                          0x000166b7   Thumb Code    90  fepilogue.o(.text)
    _double_round                            0x00016711   Thumb Code    26  depilogue.o(.text)
    _double_epilogue                         0x0001672b   Thumb Code   164  depilogue.o(.text)
    __ARM_scalbn                             0x000167cf   Thumb Code    46  dscalb.o(.text)
    scalbn                                   0x000167cf   Thumb Code     0  dscalb.o(.text)
    __aeabi_d2ulz                            0x000167fd   Thumb Code    48  dfixul.o(.text)
    __aeabi_cdrcmple                         0x0001682d   Thumb Code    38  cdrcmple.o(.text)
    __scatterload                            0x00016855   Thumb Code    28  init.o(.text)
    __scatterload_rt2                        0x00016855   Thumb Code     0  init.o(.text)
    __rt_ctype_table                         0x00016879   Thumb Code     4  ctype_o.o(.text)
    isspace                                  0x00016881   Thumb Code    18  isspace_o.o(.text)
    __vfscanf                                0x00016895   Thumb Code   806  _scanf.o(.text)
    _strtoul                                 0x00016bc1   Thumb Code   158  _strtoul.o(.text)
    _dsqrt                                   0x00016c5f   Thumb Code   162  dsqrt.o(.text)
    __aeabi_d2iz                             0x00016d01   Thumb Code    62  dfixi.o(.text)
    _chval                                   0x00016d3f   Thumb Code    28  _chval.o(.text)
    __decompress                             0x00016d5b   Thumb Code     0  __dczerorl2.o(.text)
    __decompress1                            0x00016d5b   Thumb Code    92  __dczerorl2.o(.text)
    __0sprintf                               0x00016db9   Thumb Code    34  printfa.o(i.__0sprintf)
    __1sprintf                               0x00016db9   Thumb Code     0  printfa.o(i.__0sprintf)
    __2sprintf                               0x00016db9   Thumb Code     0  printfa.o(i.__0sprintf)
    __c89sprintf                             0x00016db9   Thumb Code     0  printfa.o(i.__0sprintf)
    sprintf                                  0x00016db9   Thumb Code     0  printfa.o(i.__0sprintf)
    __ARM_fpclassify                         0x00016de1   Thumb Code    40  fpclassify.o(i.__ARM_fpclassify)
    __aeabi_errno_addr                       0x00016e09   Thumb Code     4  errno.o(i.__aeabi_errno_addr)
    __rt_errno_addr                          0x00016e09   Thumb Code     0  errno.o(i.__aeabi_errno_addr)
    __ieee754_rem_pio2                       0x00016e11   Thumb Code   832  rred.o(i.__ieee754_rem_pio2)
    __kernel_cos                             0x00017199   Thumb Code   230  cos_i.o(i.__kernel_cos)
    __kernel_poly                            0x00017295   Thumb Code   170  poly.o(i.__kernel_poly)
    __kernel_sin                             0x00017341   Thumb Code   224  sin_i.o(i.__kernel_sin)
    __mathlib_dbl_underflow                  0x0001742d   Thumb Code    10  dunder.o(i.__mathlib_dbl_underflow)
    __scatterload_copy                       0x0001743d   Thumb Code    14  handlers.o(i.__scatterload_copy)
    __scatterload_null                       0x0001744b   Thumb Code     2  handlers.o(i.__scatterload_null)
    __scatterload_zeroinit                   0x0001744d   Thumb Code    14  handlers.o(i.__scatterload_zeroinit)
    __set_errno                              0x0001745d   Thumb Code     6  errno.o(i.__set_errno)
    alloc_mem                                0x00017d49   Thumb Code   174  at_mem.o(i.alloc_mem)
    arp_cache_add                            0x00017e01   Thumb Code   174  at_arp.o(i.arp_cache_add)
    arp_cache_early                          0x00017f41   Thumb Code   142  at_arp.o(i.arp_cache_early)
    arp_cache_find                           0x00017fd9   Thumb Code   168  at_arp.o(i.arp_cache_find)
    arp_cache_update                         0x0001808d   Thumb Code   228  at_arp.o(i.arp_cache_update)
    arp_init                                 0x00018181   Thumb Code    34  at_arp.o(i.arp_init)
    arp_notify                               0x000181e1   Thumb Code    26  at_arp.o(i.arp_notify)
    arp_process                              0x00018291   Thumb Code   294  at_arp.o(i.arp_process)
    avail_mem                                0x00018521   Thumb Code    22  at_mem.o(i.avail_mem)
    b64_to_asc                               0x0001853d   Thumb Code   120  at_lib.o(i.b64_to_asc)
    calc_chksum16be                          0x000185b5   Thumb Code    18  at_lib.o(i.calc_chksum16be)
    cgx_content_type                         0x000185c7   Thumb Code     4  at_http.o(i.cgx_content_type)
    chksum16_buf                             0x00018799   Thumb Code    40  at_lib.o(i.chksum16_buf)
    chksum16_val                             0x000187c1   Thumb Code    10  at_lib.o(i.chksum16_val)
    eth_chk_adr                              0x00018811   Thumb Code    10  at_ethernet.o(i.eth_chk_adr)
    eth_init_link                            0x00018821   Thumb Code    40  at_ethernet.o(i.eth_init_link)
    eth_run_link                             0x00018855   Thumb Code   194  at_ethernet.o(i.eth_run_link)
    eth_send_frame                           0x00018929   Thumb Code   150  at_ethernet.o(i.eth_send_frame)
    free_mem                                 0x000189d1   Thumb Code   124  at_mem.o(i.free_mem)
    get_rnd32                                0x00018b41   Thumb Code    18  at_system.o(i.get_rnd32)
    http_accept_host                         0x00018b5d   Thumb Code     4  at_http.o(i.http_accept_host)
    http_check_account                       0x00018e1d   Thumb Code     4  at_http.o(i.http_check_account)
    http_fclose                              0x00018fa9   Thumb Code     2  at_http_uif.o(i.http_fclose)
    http_fgets                               0x00018fab   Thumb Code     4  at_http_uif.o(i.http_fgets)
    http_file_access                         0x00018faf   Thumb Code     4  at_http.o(i.http_file_access)
    http_finfo                               0x00018fb3   Thumb Code     4  at_http_uif.o(i.http_finfo)
    http_fopen                               0x00018fb7   Thumb Code     4  at_http_uif.o(i.http_fopen)
    http_fread                               0x00018fbb   Thumb Code     4  at_http_uif.o(i.http_fread)
    http_init                                0x00018fc1   Thumb Code    72  at_http.o(i.http_init)
    http_run_server                          0x0001977d   Thumb Code   816  at_http.o(i.http_run_server)
    icmp_init                                0x00019b81   Thumb Code    10  at_icmp.o(i.icmp_init)
    icmp_process                             0x00019b91   Thumb Code   198  at_icmp.o(i.icmp_process)
    icmp_run_engine                          0x00019c5d   Thumb Code    58  at_icmp.o(i.icmp_run_engine)
    ifree_mem                                0x00019d15   Thumb Code    48  at_mem.o(i.ifree_mem)
    init_TcpNet                              0x00019d4d   Thumb Code    38  at_system.o(i.init_TcpNet)
    init_mem                                 0x00019d7d   Thumb Code    86  at_mem.o(i.init_mem)
    ip_chk_frame                             0x00019ddd   Thumb Code   190  at_ip.o(i.ip_chk_frame)
    ip_get_locadr                            0x00019eb1   Thumb Code   166  at_ip.o(i.ip_get_locadr)
    ip_init                                  0x00019f69   Thumb Code     8  at_ip.o(i.ip_init)
    ip_run_local                             0x00019f75   Thumb Code    82  at_ip.o(i.ip_run_local)
    ip_send_frame                            0x00019fd1   Thumb Code   328  at_ip.o(i.ip_send_frame)
    is_subnet                                0x0001a121   Thumb Code    20  at_lib.o(i.is_subnet)
    main_TcpNet                              0x0001a135   Thumb Code    86  at_system.o(i.main_TcpNet)
    mem_comp                                 0x0001a199   Thumb Code    24  at_lib.o(i.mem_comp)
    mem_copy                                 0x0001a1b1   Thumb Code    22  at_lib.o(i.mem_copy)
    mem_crc32                                0x0001a1c7   Thumb Code    32  at_lib.o(i.mem_crc32)
    mem_set                                  0x0001a1e7   Thumb Code    10  at_lib.o(i.mem_set)
    mem_test                                 0x0001a1f1   Thumb Code    20  at_lib.o(i.mem_test)
    nrd_u32be                                0x0001a205   Thumb Code    22  at_lib.o(i.nrd_u32be)
    nwr_u32be                                0x0001a21b   Thumb Code    16  at_lib.o(i.nwr_u32be)
    pow                                      0x0001a22d   Thumb Code  2510  pow.o(i.pow)
    put_in_queue                             0x0001ac35   Thumb Code    36  at_ethernet.o(i.put_in_queue)
    resize_mem                               0x0001acfd   Thumb Code    68  at_mem.o(i.resize_mem)
    sin                                      0x0001ad91   Thumb Code   166  sin.o(i.sin)
    sqrt                                     0x0001ae41   Thumb Code    76  sqrt.o(i.sqrt)
    str_copy                                 0x0001ae8d   Thumb Code    18  at_lib.o(i.str_copy)
    str_crc32                                0x0001ae9f   Thumb Code    26  at_lib.o(i.str_crc32)
    str_pos                                  0x0001aeb9   Thumb Code    22  at_lib.o(i.str_pos)
    str_scomp                                0x0001aecf   Thumb Code    26  at_lib.o(i.str_scomp)
    tcp_abort                                0x0001aee9   Thumb Code    76  at_tcp.o(i.tcp_abort)
    tcp_close                                0x0001af39   Thumb Code   150  at_tcp.o(i.tcp_close)
    tcp_get_buf                              0x0001afd5   Thumb Code    32  at_tcp.o(i.tcp_get_buf)
    tcp_get_socket                           0x0001aff5   Thumb Code    70  at_tcp.o(i.tcp_get_socket)
    tcp_get_state                            0x0001b041   Thumb Code    32  at_tcp.o(i.tcp_get_state)
    tcp_init                                 0x0001b065   Thumb Code    18  at_tcp.o(i.tcp_init)
    tcp_listen                               0x0001b07d   Thumb Code   102  at_tcp.o(i.tcp_listen)
    tcp_max_dsize                            0x0001b181   Thumb Code    30  at_tcp.o(i.tcp_max_dsize)
    tcp_poll_sockets                         0x0001b205   Thumb Code   630  at_tcp.o(i.tcp_poll_sockets)
    tcp_process                              0x0001b5a5   Thumb Code  1164  at_tcp.o(i.tcp_process)
    tcp_send                                 0x0001bb05   Thumb Code   204  at_tcp.o(i.tcp_send)
    timer_tick                               0x0001be4d   Thumb Code    14  at_system.o(i.timer_tick)
    udp_init                                 0x0001be61   Thumb Code    18  at_udp.o(i.udp_init)
    udp_process                              0x0001be79   Thumb Code   178  at_udp.o(i.udp_process)
    nlocalm                                  0x0001c010   Data          60  net_config.o(.constdata)
    sys_config                               0x0001c04c   Data          16  net_config.o(.constdata)
    arp_config                               0x0001c05c   Data          12  net_config.o(.constdata)
    udp_config                               0x0001c068   Data           8  net_config.o(.constdata)
    tcp_config                               0x0001c070   Data          24  net_config.o(.constdata)
    http_config                              0x0001c088   Data          24  net_config.o(.constdata)
    FileMD                                   0x0001c0a0   Data           4  web.o(.constdata)
    FileTab                                  0x0001c794   Data          16  web.o(.constdata)
    IP_Broadcast                             0x0001cf00   Data           4  at_ip.o(.constdata)
    MAC_Broadcast                            0x0001cffc   Data           6  at_ethernet.o(.constdata)
    http_err_401                             0x0001d002   Data          86  http_err.o(.constdata)
    http_err_403                             0x0001d058   Data          81  http_err.o(.constdata)
    http_err_404                             0x0001d0a9   Data          78  http_err.o(.constdata)
    http_err_501                             0x0001d0f7   Data          75  http_err.o(.constdata)
    http_err_head                            0x0001d142   Data          47  http_err.o(.constdata)
    http_err_foot                            0x0001d171   Data         136  http_err.o(.constdata)
    __mathlib_zero                           0x0001d2b8   Data           8  qnan.o(.constdata)
    __ctype_table                            0x0001d3b0   Data         129  ctype_o.o(.constdata)
    Region$$Table$$Base                      0x0001d454   Number         0  anon$$obj.o(Region$$Table)
    Region$$Table$$Limit                     0x0001d494   Number         0  anon$$obj.o(Region$$Table)
    CAPcont                                  0x10000000   Data           1  anemometro.o(.data)
    SLAYERcont                               0x10000001   Data           1  anemometro.o(.data)
    CLKbuff                                  0x10000004   Data           8  anemometro.o(.data)
    aux_viento                               0x1000000c   Data           4  anemometro.o(.data)
    lhost_name                               0x10000010   Data          16  net_config.o(.data)
    own_hw_adr                               0x10000020   Data           6  net_config.o(.data)
    TIM0_ticks                               0x1000003c   Data           1  timers.o(.data)
    Timer2_MODO                              0x1000003d   Data           1  timers.o(.data)
    CAP11_BUFF                               0x10000040   Data           4  timers.o(.data)
    contadorLUZ                              0x10000044   Data           2  timers.o(.data)
    TEMP_min                                 0x10000048   Data           4  timers.o(.data)
    TEMP_max                                 0x1000004c   Data           4  timers.o(.data)
    p                                        0x10000050   Data           4  onewirev2.o(.data)
    Checksum                                 0x10000054   Data           1  onewirev2.o(.data)
    BUFFER_BRILLO                            0x10000058   Data           4  ldr.o(.data)
    BUFFER_UVA                               0x1000005c   Data           4  ldr.o(.data)
    contador                                 0x10000060   Data           4  ldr.o(.data)
    LMD                                      0x10000064   Data           4  dma.o(.data)
    TemperaturaConBmp                        0x10000078   Data           1  i2c.o(.data)
    LecturaBMP0                              0x10000079   Data           1  i2c.o(.data)
    LecturaBMP1                              0x1000007a   Data           1  i2c.o(.data)
    LecturaBMP                               0x1000007c   Data           2  i2c.o(.data)
    temperatura                              0x10000080   Data           4  i2c.o(.data)
    presion                                  0x10000084   Data           4  i2c.o(.data)
    TRAZA                                    0x10000098   Data         400  onewirev2.o(.bss)
    HOLD                                     0x10000228   Data         400  onewirev2.o(.bss)
    AUDIO                                    0x100003b8   Data       24000  ldr.o(.bss)
    UART0_BUFFER_RX                          0x10006178   Data         121  uart0.o(.bss)
    UART0_BUFFER_TX                          0x100061f1   Data         121  uart0.o(.bss)
    UART3_BUFFER_RX                          0x1000626a   Data         121  uart3.o(.bss)
    UART3_BUFFER_TX                          0x100062e3   Data         121  uart3.o(.bss)
    COEF                                     0x1000635c   Data          22  i2c.o(.bss)
    localm                                   0x10006384   Data          60  at_system.o(.bss)
    sys_control                              0x100063c0   Data          16  at_system.o(.bss)
    iap_entry                                0x2007c000   Data           4  emac_lpc17xx_lan8720.o(.data)
    __brilloAuto                             0x2007c014   Data           1  statechart.o(.data)
    zona_0                                   0x2007c016   Data          10  statechart.o(.data)
    zona_1                                   0x2007c020   Data          10  statechart.o(.data)
    zona_2                                   0x2007c02a   Data          10  statechart.o(.data)
    zona_3                                   0x2007c034   Data          10  statechart.o(.data)
    zona_4                                   0x2007c03e   Data          10  statechart.o(.data)
    zona_5                                   0x2007c048   Data          10  statechart.o(.data)
    zona_6                                   0x2007c052   Data          10  statechart.o(.data)
    zona_7                                   0x2007c05c   Data          10  statechart.o(.data)
    zona_8                                   0x2007c066   Data          10  statechart.o(.data)
    zona_9                                   0x2007c070   Data          10  statechart.o(.data)
    zona_10                                  0x2007c07a   Data          10  statechart.o(.data)
    zona_11                                  0x2007c084   Data          10  statechart.o(.data)
    zona_12                                  0x2007c08e   Data          10  statechart.o(.data)
    zona_13                                  0x2007c098   Data          10  statechart.o(.data)
    zona_14                                  0x2007c0a2   Data          10  statechart.o(.data)
    zona_15                                  0x2007c0ac   Data          10  statechart.o(.data)
    zona_16                                  0x2007c0b6   Data          10  statechart.o(.data)
    zona_17                                  0x2007c0c0   Data          10  statechart.o(.data)
    zona_18                                  0x2007c0ca   Data          10  statechart.o(.data)
    zona_19                                  0x2007c0d4   Data          10  statechart.o(.data)
    zona_20                                  0x2007c0de   Data          10  statechart.o(.data)
    zona_21                                  0x2007c0e8   Data          10  statechart.o(.data)
    zona_22                                  0x2007c0f2   Data          10  statechart.o(.data)
    zona_23                                  0x2007c0fc   Data          10  statechart.o(.data)
    zona_24                                  0x2007c106   Data          10  statechart.o(.data)
    zona_25                                  0x2007c110   Data          10  statechart.o(.data)
    zona_26                                  0x2007c11a   Data          10  statechart.o(.data)
    zona_27                                  0x2007c124   Data          10  statechart.o(.data)
    zona_28                                  0x2007c12e   Data          10  statechart.o(.data)
    zona_29                                  0x2007c138   Data          10  statechart.o(.data)
    zona_30                                  0x2007c142   Data          10  statechart.o(.data)
    zona_31                                  0x2007c14c   Data          10  statechart.o(.data)
    zona_27m                                 0x2007c156   Data          10  statechart.o(.data)
    zona_28m                                 0x2007c160   Data          10  statechart.o(.data)
    zona_29m                                 0x2007c16a   Data          10  statechart.o(.data)
    zona_30m                                 0x2007c174   Data          10  statechart.o(.data)
    zona_27M                                 0x2007c17e   Data          10  statechart.o(.data)
    zona_28M                                 0x2007c188   Data          10  statechart.o(.data)
    zona_29M                                 0x2007c192   Data          10  statechart.o(.data)
    zona_30M                                 0x2007c19c   Data          10  statechart.o(.data)
    zona_32                                  0x2007c1a6   Data          10  statechart.o(.data)
    zona_33                                  0x2007c1b0   Data          10  statechart.o(.data)
    zona_34                                  0x2007c1ba   Data          10  statechart.o(.data)
    zona_35                                  0x2007c1c4   Data          10  statechart.o(.data)
    pressedTouchPanel                        0x2007c1ce   Data           1  statechart.o(.data)
    Aux8                                     0x2007c1cf   Data           1  statechart.o(.data)
    matrix                                   0x2007c1d0   Data          56  touchpanel.o(.data)
    DisplaySample                            0x2007c208   Data          12  touchpanel.o(.data)
    display                                  0x2007c218   Data           4  touchpanel.o(.data)
    DATOS                                    0x2007c21c   Data           4  main.o(.data)
    ESTADO                                   0x2007c220   Data           4  main.o(.data)
    COUNTERS                                 0x2007c224   Data           4  main.o(.data)
    ACTUALIZADOR                             0x2007c228   Data           4  main.o(.data)
    objESTADO                                0x2007c22c   Data           1  main.o(.data)
    objACTUALIZADOR                          0x2007c22d   Data           2  main.o(.data)
    SystemCoreClock                          0x2007c230   Data           4  system_lpc17xx.o(.data)
    YaPuedesMedir                            0x2007c234   Data           1  ufono.o(.data)
    ADC_ConfigBuffer                         0x2007c238   Data           4  ufono.o(.data)
    ADC_IntenBuffer                          0x2007c23c   Data           4  ufono.o(.data)
    Brillo2ciclo_LDR                         0x2007c240   Data          14  lut.o(.data)
    Brillo_LDR                               0x2007c24e   Data          22  lut.o(.data)
    Clock                                    0x2007c280   Data          23  rtc.o(.bss)
    ScreenSample                             0x200820ec   Data          12  touchpanel.o(.bss)
    objDATOS                                 0x200820f8   Data          36  main.o(.bss)
    objCOUNTERS                              0x2008211c   Data          16  main.o(.bss)
    LMDobj                                   0x2008212c   Data          16  dma.o(.bss)
    __initial_sp                             0x200823d0   Data           0  startup_lpc17xx.o(STACK)



==============================================================================

Memory Map of the image

  Image Entry point : 0x000000cd

  Load Region LR_IROM1 (Base: 0x00000000, Size: 0x0001d7ac, Max: 0x00080000, ABSOLUTE, COMPRESSED[0x0001d63c])

    Execution Region ER_IROM1 (Base: 0x00000000, Size: 0x0001d494, Max: 0x00080000, ABSOLUTE)

    Base Addr    Size         Type   Attr      Idx    E Section Name        Object

    0x00000000   0x000000cc   Data   RO          429    RESET               startup_lpc17xx.o
    0x000000cc   0x00000000   Code   RO         1348  * .ARM.Collect$$$$00000000  mc_w.l(entry.o)
    0x000000cc   0x00000004   Code   RO         1693    .ARM.Collect$$$$00000001  mc_w.l(entry2.o)
    0x000000d0   0x00000004   Code   RO         1696    .ARM.Collect$$$$00000004  mc_w.l(entry5.o)
    0x000000d4   0x00000000   Code   RO         1698    .ARM.Collect$$$$00000008  mc_w.l(entry7b.o)
    0x000000d4   0x00000000   Code   RO         1700    .ARM.Collect$$$$0000000A  mc_w.l(entry8b.o)
    0x000000d4   0x00000008   Code   RO         1701    .ARM.Collect$$$$0000000B  mc_w.l(entry9a.o)
    0x000000dc   0x00000000   Code   RO         1703    .ARM.Collect$$$$0000000D  mc_w.l(entry10a.o)
    0x000000dc   0x00000000   Code   RO         1705    .ARM.Collect$$$$0000000F  mc_w.l(entry11a.o)
    0x000000dc   0x00000004   Code   RO         1694    .ARM.Collect$$$$00002712  mc_w.l(entry2.o)
    0x000000e0   0x00000028   Code   RO            2    .text               wdt.o
    0x00000108   0x00000184   Code   RO           47    .text               anemometro.o
    0x0000028c   0x00000010   Code   RO          162    .text               http_source.o
    0x0000029c   0x00000010   Code   RO          371    .text               main.o
    0x000002ac   0x00000024   Code   RO          431    .text               startup_lpc17xx.o
    0x000002d0   0x0000002c   Code   RO          606    .text               uva30a.o
    0x000002fc   0x00000004   Code   RO          430    .ARM.__at_0x02FC    startup_lpc17xx.o
    0x00000300   0x000002a0   Code   RO          108    .text               pwm.o
    0x000005a0   0x00000130   Code   RO          128    .text               rtc.o
    0x000006d0   0x00000074   Code   RO          190    .text               net_config.o
    0x00000744   0x00000230   Code   RO          215    .text               http_cgi.o
    0x00000974   0x000005d0   Code   RO          241    .text               emac_lpc17xx_lan8720.o
    0x00000f44   0x00000b94   Code   RO          281    .text               statechart.o
    0x00001ad8   0x00000844   Code   RO          348    .text               touchpanel.o
    0x0000231c   0x00000318   Code   RO          444    .text               system_lpc17xx.o
    0x00002634   0x000000e8   Code   RO          470    .text               configura.o
    0x0000271c   0x000002f4   Code   RO          490    .text               timers.o
    0x00002a10   0x000002b4   Code   RO          520    .text               onewirev2.o
    0x00002cc4   0x000001e8   Code   RO          544    .text               ldr.o
    0x00002eac   0x00000108   Code   RO          577    .text               ufono.o
    0x00002fb4   0x000000dc   Code   RO          625    .text               dac.o
    0x00003090   0x00000180   Code   RO          657    .text               lut.o
    0x00003210   0x00000088   Code   RO          680    .text               dma.o
    0x00003298   0x000006b8   Code   RO          796    .text               lpc17xx_ssp.o
    0x00003950   0x00000100   Code   RO          818    .text               lpc17xx_pinsel.o
    0x00003a50   0x00000424   Code   RO          834    .text               lpc17xx_gpio.o
    0x00003e74   0x00000150   Code   RO          850    .text               lpc17xx_clkpwr.o
    0x00003fc4   0x00000004   Code   RO          865    .text               lpc17xx_libcfg_default.o
    0x00003fc8   0x00000020   Code   RO          877    .text               asciilib.o
    0x00003fe8   0x00011100   Code   RO          895    .text               glcd.o
    0x000150e8   0x00000458   Code   RO          913    .text               uart0.o
    0x00015540   0x0000015c   Code   RO          940    .text               uart3.o
    0x0001569c   0x00000548   Code   RO          963    .text               i2c.o
    0x00015be4   0x0000014c   Code   RO          987    .text               i2clib.o
    0x00015d30   0x00000062   Code   RO         1351    .text               mc_w.l(uldiv.o)
    0x00015d92   0x00000024   Code   RO         1353    .text               mc_w.l(memcpya.o)
    0x00015db6   0x00000024   Code   RO         1355    .text               mc_w.l(memseta.o)
    0x00015dda   0x0000000e   Code   RO         1357    .text               mc_w.l(strlen.o)
    0x00015de8   0x0000001c   Code   RO         1359    .text               mc_w.l(strcmp.o)
    0x00015e04   0x00000012   Code   RO         1361    .text               mc_w.l(strcpy.o)
    0x00015e16   0x00000002   PAD
    0x00015e18   0x00000038   Code   RO         1626    .text               mc_w.l(__0sscanf.o)
    0x00015e50   0x000000da   Code   RO         1628    .text               mc_w.l(_scanf_str.o)
    0x00015f2a   0x0000001a   Code   RO         1630    .text               mc_w.l(atoi.o)
    0x00015f44   0x000000b0   Code   RO         1632    .text               mf_w.l(fadd.o)
    0x00015ff4   0x0000006c   Code   RO         1634    .text               mf_w.l(fmul.o)
    0x00016060   0x00000080   Code   RO         1636    .text               mf_w.l(fdiv.o)
    0x000160e0   0x0000014e   Code   RO         1638    .text               mf_w.l(dadd.o)
    0x0001622e   0x000000e4   Code   RO         1640    .text               mf_w.l(dmul.o)
    0x00016312   0x000000de   Code   RO         1642    .text               mf_w.l(ddiv.o)
    0x000163f0   0x00000012   Code   RO         1644    .text               mf_w.l(fflti.o)
    0x00016402   0x0000000a   Code   RO         1646    .text               mf_w.l(ffltui.o)
    0x0001640c   0x00000022   Code   RO         1648    .text               mf_w.l(dflti.o)
    0x0001642e   0x0000001a   Code   RO         1650    .text               mf_w.l(dfltui.o)
    0x00016448   0x00000028   Code   RO         1652    .text               mf_w.l(ffixui.o)
    0x00016470   0x00000032   Code   RO         1654    .text               mf_w.l(dfixui.o)
    0x000164a2   0x00000026   Code   RO         1656    .text               mf_w.l(f2d.o)
    0x000164c8   0x00000028   Code   RO         1658    .text               mf_w.l(cdcmple.o)
    0x000164f0   0x00000038   Code   RO         1660    .text               mf_w.l(d2f.o)
    0x00016528   0x00000014   Code   RO         1662    .text               mf_w.l(cfcmple.o)
    0x0001653c   0x0000002c   Code   RO         1710    .text               mc_w.l(uidiv.o)
    0x00016568   0x0000001e   Code   RO         1712    .text               mc_w.l(llshl.o)
    0x00016586   0x00000020   Code   RO         1714    .text               mc_w.l(llushr.o)
    0x000165a6   0x00000024   Code   RO         1716    .text               mc_w.l(llsshr.o)
    0x000165ca   0x00000002   PAD
    0x000165cc   0x00000028   Code   RO         1725    .text               mc_w.l(scanf_char.o)
    0x000165f4   0x00000040   Code   RO         1727    .text               mc_w.l(_sgetc.o)
    0x00016634   0x00000070   Code   RO         1729    .text               mc_w.l(strtol.o)
    0x000166a4   0x00000000   Code   RO         1731    .text               mc_w.l(iusefp.o)
    0x000166a4   0x0000006c   Code   RO         1732    .text               mf_w.l(fepilogue.o)
    0x00016710   0x000000be   Code   RO         1734    .text               mf_w.l(depilogue.o)
    0x000167ce   0x0000002e   Code   RO         1736    .text               mf_w.l(dscalb.o)
    0x000167fc   0x00000030   Code   RO         1738    .text               mf_w.l(dfixul.o)
    0x0001682c   0x00000028   Code   RO         1740    .text               mf_w.l(cdrcmple.o)
    0x00016854   0x00000024   Code   RO         1742    .text               mc_w.l(init.o)
    0x00016878   0x00000008   Code   RO         1747    .text               mc_w.l(ctype_o.o)
    0x00016880   0x00000012   Code   RO         1769    .text               mc_w.l(isspace_o.o)
    0x00016892   0x00000002   PAD
    0x00016894   0x0000032c   Code   RO         1775    .text               mc_w.l(_scanf.o)
    0x00016bc0   0x0000009e   Code   RO         1777    .text               mc_w.l(_strtoul.o)
    0x00016c5e   0x000000a2   Code   RO         1780    .text               mf_w.l(dsqrt.o)
    0x00016d00   0x0000003e   Code   RO         1782    .text               mf_w.l(dfixi.o)
    0x00016d3e   0x0000001c   Code   RO         1787    .text               mc_w.l(_chval.o)
    0x00016d5a   0x0000005c   Code   RO         1797    .text               mc_w.l(__dczerorl2.o)
    0x00016db6   0x00000002   PAD
    0x00016db8   0x00000028   Code   RO         1600    i.__0sprintf        mc_w.l(printfa.o)
    0x00016de0   0x00000028   Code   RO         1669    i.__ARM_fpclassify  m_ws.l(fpclassify.o)
    0x00016e08   0x00000008   Code   RO         1718    i.__aeabi_errno_addr  mc_w.l(errno.o)
    0x00016e10   0x00000388   Code   RO         1674    i.__ieee754_rem_pio2  m_ws.l(rred.o)
    0x00017198   0x000000fc   Code   RO         1664    i.__kernel_cos      m_ws.l(cos_i.o)
    0x00017294   0x000000aa   Code   RO         1671    i.__kernel_poly     m_ws.l(poly.o)
    0x0001733e   0x00000002   PAD
    0x00017340   0x000000ec   Code   RO         1679    i.__kernel_sin      m_ws.l(sin_i.o)
    0x0001742c   0x00000010   Code   RO         1667    i.__mathlib_dbl_underflow  m_ws.l(dunder.o)
    0x0001743c   0x0000000e   Code   RO         1791    i.__scatterload_copy  mc_w.l(handlers.o)
    0x0001744a   0x00000002   Code   RO         1792    i.__scatterload_null  mc_w.l(handlers.o)
    0x0001744c   0x0000000e   Code   RO         1793    i.__scatterload_zeroinit  mc_w.l(handlers.o)
    0x0001745a   0x00000002   PAD
    0x0001745c   0x0000000c   Code   RO         1720    i.__set_errno       mc_w.l(errno.o)
    0x00017468   0x0000015c   Code   RO         1605    i._fp_digits        mc_w.l(printfa.o)
    0x000175c4   0x000006f0   Code   RO         1606    i._printf_core      mc_w.l(printfa.o)
    0x00017cb4   0x00000026   Code   RO         1607    i._printf_post_padding  mc_w.l(printfa.o)
    0x00017cda   0x00000030   Code   RO         1608    i._printf_pre_padding  mc_w.l(printfa.o)
    0x00017d0a   0x0000000a   Code   RO         1610    i._sputc            mc_w.l(printfa.o)
    0x00017d14   0x00000034   Code   RO         1155    i.add_server_id     TCP_CM3.lib(at_http.o)
    0x00017d48   0x000000b8   Code   RO         1241    i.alloc_mem         TCP_CM3.lib(at_mem.o)
    0x00017e00   0x000000b8   Code   RO         1002    i.arp_cache_add     TCP_CM3.lib(at_arp.o)
    0x00017eb8   0x00000088   Code   RO         1003    i.arp_cache_alloc   TCP_CM3.lib(at_arp.o)
    0x00017f40   0x00000098   Code   RO         1004    i.arp_cache_early   TCP_CM3.lib(at_arp.o)
    0x00017fd8   0x000000b4   Code   RO         1005    i.arp_cache_find    TCP_CM3.lib(at_arp.o)
    0x0001808c   0x000000f4   Code   RO         1008    i.arp_cache_update  TCP_CM3.lib(at_arp.o)
    0x00018180   0x0000002c   Code   RO         1011    i.arp_init          TCP_CM3.lib(at_arp.o)
    0x000181ac   0x00000034   Code   RO         1012    i.arp_is_cacheable  TCP_CM3.lib(at_arp.o)
    0x000181e0   0x00000028   Code   RO         1013    i.arp_notify        TCP_CM3.lib(at_arp.o)
    0x00018208   0x00000088   Code   RO         1015    i.arp_proc_response  TCP_CM3.lib(at_arp.o)
    0x00018290   0x00000138   Code   RO         1016    i.arp_process       TCP_CM3.lib(at_arp.o)
    0x000183c8   0x000000a0   Code   RO         1017    i.arp_send_reply    TCP_CM3.lib(at_arp.o)
    0x00018468   0x000000b8   Code   RO         1018    i.arp_send_request  TCP_CM3.lib(at_arp.o)
    0x00018520   0x0000001c   Code   RO         1242    i.avail_mem         TCP_CM3.lib(at_mem.o)
    0x0001853c   0x00000078   Code   RO         1271    i.b64_to_asc        TCP_CM3.lib(at_lib.o)
    0x000185b4   0x00000012   Code   RO         1273    i.calc_chksum16be   TCP_CM3.lib(at_lib.o)
    0x000185c6   0x00000004   Code   RO         1156    i.cgx_content_type  TCP_CM3.lib(at_http.o)
    0x000185ca   0x00000002   PAD
    0x000185cc   0x000001cc   Code   RO         1157    i.chk_post_req      TCP_CM3.lib(at_http.o)
    0x00018798   0x00000028   Code   RO         1274    i.chksum16_buf      TCP_CM3.lib(at_lib.o)
    0x000187c0   0x0000000a   Code   RO         1275    i.chksum16_val      TCP_CM3.lib(at_lib.o)
    0x000187ca   0x0000001e   Code   RO         1158    i.cmp_fname_ext     TCP_CM3.lib(at_http.o)
    0x000187e8   0x00000028   Code   RO         1159    i.cmp_header        TCP_CM3.lib(at_http.o)
    0x00018810   0x00000010   Code   RO         1227    i.eth_chk_adr       TCP_CM3.lib(at_ethernet.o)
    0x00018820   0x00000034   Code   RO         1229    i.eth_init_link     TCP_CM3.lib(at_ethernet.o)
    0x00018854   0x000000d4   Code   RO         1230    i.eth_run_link      TCP_CM3.lib(at_ethernet.o)
    0x00018928   0x000000a8   Code   RO         1231    i.eth_send_frame    TCP_CM3.lib(at_ethernet.o)
    0x000189d0   0x00000084   Code   RO         1243    i.free_mem          TCP_CM3.lib(at_mem.o)
    0x00018a54   0x00000028   Code   RO         1277    i.get_crc32         TCP_CM3.lib(at_lib.o)
    0x00018a7c   0x00000068   Code   RO         1160    i.get_file_type     TCP_CM3.lib(at_http.o)
    0x00018ae4   0x00000028   Code   RO         1161    i.get_next_field    TCP_CM3.lib(at_http.o)
    0x00018b0c   0x00000032   Code   RO         1162    i.get_next_par      TCP_CM3.lib(at_http.o)
    0x00018b3e   0x00000002   PAD
    0x00018b40   0x0000001c   Code   RO         1255    i.get_rnd32         TCP_CM3.lib(at_system.o)
    0x00018b5c   0x00000004   Code   RO         1164    i.http_accept_host  TCP_CM3.lib(at_http.o)
    0x00018b60   0x000002bc   Code   RO         1165    i.http_add_header   TCP_CM3.lib(at_http.o)
    0x00018e1c   0x00000004   Code   RO         1166    i.http_check_account  TCP_CM3.lib(at_http.o)
    0x00018e20   0x00000188   Code   RO         1168    i.http_error_msg    TCP_CM3.lib(at_http.o)
    0x00018fa8   0x00000002   Code   RO         1320    i.http_fclose       TCP_CM3.lib(at_http_uif.o)
    0x00018faa   0x00000004   Code   RO         1321    i.http_fgets        TCP_CM3.lib(at_http_uif.o)
    0x00018fae   0x00000004   Code   RO         1169    i.http_file_access  TCP_CM3.lib(at_http.o)
    0x00018fb2   0x00000004   Code   RO         1322    i.http_finfo        TCP_CM3.lib(at_http_uif.o)
    0x00018fb6   0x00000004   Code   RO         1323    i.http_fopen        TCP_CM3.lib(at_http_uif.o)
    0x00018fba   0x00000004   Code   RO         1324    i.http_fread        TCP_CM3.lib(at_http_uif.o)
    0x00018fbe   0x00000002   PAD
    0x00018fc0   0x00000050   Code   RO         1176    i.http_init         TCP_CM3.lib(at_http.o)
    0x00019010   0x0000005e   Code   RO         1177    i.http_kill_session  TCP_CM3.lib(at_http.o)
    0x0001906e   0x00000002   PAD
    0x00019070   0x00000224   Code   RO         1178    i.http_listener     TCP_CM3.lib(at_http.o)
    0x00019294   0x00000120   Code   RO         1179    i.http_open_file    TCP_CM3.lib(at_http.o)
    0x000193b4   0x00000154   Code   RO         1180    i.http_proc_header  TCP_CM3.lib(at_http.o)
    0x00019508   0x0000017c   Code   RO         1181    i.http_proc_multipart  TCP_CM3.lib(at_http.o)
    0x00019684   0x000000f8   Code   RO         1182    i.http_proc_post    TCP_CM3.lib(at_http.o)
    0x0001977c   0x0000033c   Code   RO         1183    i.http_run_server   TCP_CM3.lib(at_http.o)
    0x00019ab8   0x0000001e   Code   RO         1184    i.http_strcpy       TCP_CM3.lib(at_http.o)
    0x00019ad6   0x00000002   PAD
    0x00019ad8   0x000000a8   Code   RO         1185    i.http_to_utc       TCP_CM3.lib(at_http.o)
    0x00019b80   0x00000010   Code   RO         1052    i.icmp_init         TCP_CM3.lib(at_icmp.o)
    0x00019b90   0x000000cc   Code   RO         1054    i.icmp_process      TCP_CM3.lib(at_icmp.o)
    0x00019c5c   0x00000048   Code   RO         1055    i.icmp_run_engine   TCP_CM3.lib(at_icmp.o)
    0x00019ca4   0x00000070   Code   RO         1056    i.icmp_send_message  TCP_CM3.lib(at_icmp.o)
    0x00019d14   0x00000038   Code   RO         1244    i.ifree_mem         TCP_CM3.lib(at_mem.o)
    0x00019d4c   0x00000030   Code   RO         1256    i.init_TcpNet       TCP_CM3.lib(at_system.o)
    0x00019d7c   0x00000060   Code   RO         1245    i.init_mem          TCP_CM3.lib(at_mem.o)
    0x00019ddc   0x000000c8   Code   RO         1038    i.ip_chk_frame      TCP_CM3.lib(at_ip.o)
    0x00019ea4   0x0000000a   Code   RO         1039    i.ip_get_chksum     TCP_CM3.lib(at_ip.o)
    0x00019eae   0x00000002   PAD
    0x00019eb0   0x000000b8   Code   RO         1040    i.ip_get_locadr     TCP_CM3.lib(at_ip.o)
    0x00019f68   0x0000000c   Code   RO         1041    i.ip_init           TCP_CM3.lib(at_ip.o)
    0x00019f74   0x0000005c   Code   RO         1042    i.ip_run_local      TCP_CM3.lib(at_ip.o)
    0x00019fd0   0x00000150   Code   RO         1043    i.ip_send_frame     TCP_CM3.lib(at_ip.o)
    0x0001a120   0x00000014   Code   RO         1278    i.is_subnet         TCP_CM3.lib(at_lib.o)
    0x0001a134   0x00000064   Code   RO         1257    i.main_TcpNet       TCP_CM3.lib(at_system.o)
    0x0001a198   0x00000018   Code   RO         1279    i.mem_comp          TCP_CM3.lib(at_lib.o)
    0x0001a1b0   0x00000016   Code   RO         1280    i.mem_copy          TCP_CM3.lib(at_lib.o)
    0x0001a1c6   0x00000020   Code   RO         1281    i.mem_crc32         TCP_CM3.lib(at_lib.o)
    0x0001a1e6   0x0000000a   Code   RO         1283    i.mem_set           TCP_CM3.lib(at_lib.o)
    0x0001a1f0   0x00000014   Code   RO         1284    i.mem_test          TCP_CM3.lib(at_lib.o)
    0x0001a204   0x00000016   Code   RO         1286    i.nrd_u32be         TCP_CM3.lib(at_lib.o)
    0x0001a21a   0x00000010   Code   RO         1288    i.nwr_u32be         TCP_CM3.lib(at_lib.o)
    0x0001a22a   0x00000002   PAD
    0x0001a22c   0x000009e0   Code   RO         1331    i.pow               m_ws.l(pow.o)
    0x0001ac0c   0x00000028   Code   RO         1186    i.proc_req_line     TCP_CM3.lib(at_http.o)
    0x0001ac34   0x00000028   Code   RO         1232    i.put_in_queue      TCP_CM3.lib(at_ethernet.o)
    0x0001ac5c   0x000000a0   Code   RO         1187    i.read_script_line  TCP_CM3.lib(at_http.o)
    0x0001acfc   0x00000048   Code   RO         1246    i.resize_mem        TCP_CM3.lib(at_mem.o)
    0x0001ad44   0x0000004c   Code   RO         1188    i.search_delim      TCP_CM3.lib(at_http.o)
    0x0001ad90   0x000000b0   Code   RO         1341    i.sin               m_ws.l(sin.o)
    0x0001ae40   0x0000004c   Code   RO         1686    i.sqrt              m_ws.l(sqrt.o)
    0x0001ae8c   0x00000012   Code   RO         1289    i.str_copy          TCP_CM3.lib(at_lib.o)
    0x0001ae9e   0x0000001a   Code   RO         1290    i.str_crc32         TCP_CM3.lib(at_lib.o)
    0x0001aeb8   0x00000016   Code   RO         1291    i.str_pos           TCP_CM3.lib(at_lib.o)
    0x0001aece   0x0000001a   Code   RO         1292    i.str_scomp         TCP_CM3.lib(at_lib.o)
    0x0001aee8   0x00000050   Code   RO         1063    i.tcp_abort         TCP_CM3.lib(at_tcp.o)
    0x0001af38   0x0000009c   Code   RO         1065    i.tcp_close         TCP_CM3.lib(at_tcp.o)
    0x0001afd4   0x00000020   Code   RO         1068    i.tcp_get_buf       TCP_CM3.lib(at_tcp.o)
    0x0001aff4   0x0000004c   Code   RO         1070    i.tcp_get_socket    TCP_CM3.lib(at_tcp.o)
    0x0001b040   0x00000024   Code   RO         1071    i.tcp_get_state     TCP_CM3.lib(at_tcp.o)
    0x0001b064   0x00000018   Code   RO         1072    i.tcp_init          TCP_CM3.lib(at_tcp.o)
    0x0001b07c   0x0000006c   Code   RO         1074    i.tcp_listen        TCP_CM3.lib(at_tcp.o)
    0x0001b0e8   0x00000098   Code   RO         1075    i.tcp_map_socket    TCP_CM3.lib(at_tcp.o)
    0x0001b180   0x00000024   Code   RO         1076    i.tcp_max_dsize     TCP_CM3.lib(at_tcp.o)
    0x0001b1a4   0x0000005e   Code   RO         1078    i.tcp_parse_opt     TCP_CM3.lib(at_tcp.o)
    0x0001b202   0x00000002   PAD
    0x0001b204   0x00000284   Code   RO         1079    i.tcp_poll_sockets  TCP_CM3.lib(at_tcp.o)
    0x0001b488   0x000000c8   Code   RO         1080    i.tcp_proc_acknr    TCP_CM3.lib(at_tcp.o)
    0x0001b550   0x00000052   Code   RO         1081    i.tcp_proc_dupack   TCP_CM3.lib(at_tcp.o)
    0x0001b5a2   0x00000002   PAD
    0x0001b5a4   0x00000498   Code   RO         1082    i.tcp_process       TCP_CM3.lib(at_tcp.o)
    0x0001ba3c   0x0000001a   Code   RO         1083    i.tcp_que_free      TCP_CM3.lib(at_tcp.o)
    0x0001ba56   0x0000001a   Code   RO         1084    i.tcp_que_init      TCP_CM3.lib(at_tcp.o)
    0x0001ba70   0x00000094   Code   RO         1085    i.tcp_que_resend    TCP_CM3.lib(at_tcp.o)
    0x0001bb04   0x000000d4   Code   RO         1089    i.tcp_send          TCP_CM3.lib(at_tcp.o)
    0x0001bbd8   0x0000006a   Code   RO         1090    i.tcp_send_ctrl     TCP_CM3.lib(at_tcp.o)
    0x0001bc42   0x00000050   Code   RO         1091    i.tcp_send_data     TCP_CM3.lib(at_tcp.o)
    0x0001bc92   0x00000068   Code   RO         1092    i.tcp_send_reset    TCP_CM3.lib(at_tcp.o)
    0x0001bcfa   0x00000026   Code   RO         1093    i.tcp_set_cwnd      TCP_CM3.lib(at_tcp.o)
    0x0001bd20   0x00000068   Code   RO         1094    i.tcp_transit       TCP_CM3.lib(at_tcp.o)
    0x0001bd88   0x000000c4   Code   RO         1095    i.tcp_write         TCP_CM3.lib(at_tcp.o)
    0x0001be4c   0x00000014   Code   RO         1258    i.timer_tick        TCP_CM3.lib(at_system.o)
    0x0001be60   0x00000018   Code   RO         1134    i.udp_init          TCP_CM3.lib(at_udp.o)
    0x0001be78   0x000000b8   Code   RO         1139    i.udp_process       TCP_CM3.lib(at_udp.o)
    0x0001bf30   0x000000e0   Code   RO         1189    i.utc_to_http       TCP_CM3.lib(at_http.o)
    0x0001c010   0x00000090   Data   RO          192    .constdata          net_config.o
    0x0001c0a0   0x00000704   Data   RO          271    .constdata          web.o
    0x0001c7a4   0x000005f0   Data   RO          878    .constdata          asciilib.o
    0x0001cd94   0x00000166   Data   RO          915    .constdata          uart0.o
    0x0001cefa   0x00000006   Data   RO         1019    .constdata          TCP_CM3.lib(at_arp.o)
    0x0001cf00   0x00000008   Data   RO         1044    .constdata          TCP_CM3.lib(at_ip.o)
    0x0001cf08   0x000000f4   Data   RO         1190    .constdata          TCP_CM3.lib(at_http.o)
    0x0001cffc   0x00000006   Data   RO         1234    .constdata          TCP_CM3.lib(at_ethernet.o)
    0x0001d002   0x00000056   Data   RO         1264    .constdata          TCP_CM3.lib(http_err.o)
    0x0001d058   0x00000051   Data   RO         1265    .constdata          TCP_CM3.lib(http_err.o)
    0x0001d0a9   0x0000004e   Data   RO         1266    .constdata          TCP_CM3.lib(http_err.o)
    0x0001d0f7   0x0000004b   Data   RO         1267    .constdata          TCP_CM3.lib(http_err.o)
    0x0001d142   0x0000002f   Data   RO         1268    .constdata          TCP_CM3.lib(http_err.o)
    0x0001d171   0x00000088   Data   RO         1269    .constdata          TCP_CM3.lib(http_err.o)
    0x0001d1f9   0x00000007   PAD
    0x0001d200   0x00000088   Data   RO         1332    .constdata          m_ws.l(pow.o)
    0x0001d288   0x00000030   Data   RO         1665    .constdata          m_ws.l(cos_i.o)
    0x0001d2b8   0x00000008   Data   RO         1673    .constdata          m_ws.l(qnan.o)
    0x0001d2c0   0x000000c8   Data   RO         1676    .constdata          m_ws.l(rred.o)
    0x0001d388   0x00000028   Data   RO         1680    .constdata          m_ws.l(sin_i.o)
    0x0001d3b0   0x00000081   Data   RO         1748    .constdata          mc_w.l(ctype_o.o)
    0x0001d431   0x00000003   PAD
    0x0001d434   0x00000004   Data   RO         1749    .constdata          mc_w.l(ctype_o.o)
    0x0001d438   0x00000019   Data   RO          193    .conststring        net_config.o
    0x0001d451   0x00000003   PAD
    0x0001d454   0x00000040   Data   RO         1789    Region$$Table       anon$$obj.o


    Execution Region RW_IRAM1 (Base: 0x10000000, Size: 0x000063d0, Max: 0x00008000, ABSOLUTE)

    Base Addr    Size         Type   Attr      Idx    E Section Name        Object

    0x10000000   0x00000010   Data   RW           48    .data               anemometro.o
    0x10000010   0x0000002a   Data   RW          194    .data               net_config.o
    0x1000003a   0x00000002   PAD
    0x1000003c   0x00000014   Data   RW          491    .data               timers.o
    0x10000050   0x00000005   Data   RW          522    .data               onewirev2.o
    0x10000055   0x00000003   PAD
    0x10000058   0x0000000c   Data   RW          546    .data               ldr.o
    0x10000064   0x00000004   Data   RW          682    .data               dma.o
    0x10000068   0x00000008   Data   RW          916    .data               uart0.o
    0x10000070   0x00000008   Data   RW          942    .data               uart3.o
    0x10000078   0x00000010   Data   RW          965    .data               i2c.o
    0x10000088   0x0000000c   Data   RW         1045    .data               TCP_CM3.lib(at_ip.o)
    0x10000094   0x00000004   Data   RW         1721    .data               mc_w.l(errno.o)
    0x10000098   0x00000320   Zero   RW          521    .bss                onewirev2.o
    0x100003b8   0x00005dc0   Zero   RW          545    .bss                ldr.o
    0x10006178   0x000000f2   Zero   RW          914    .bss                uart0.o
    0x1000626a   0x000000f2   Zero   RW          941    .bss                uart3.o
    0x1000635c   0x00000016   Zero   RW          964    .bss                i2c.o
    0x10006372   0x00000002   PAD
    0x10006374   0x00000010   Zero   RW         1247    .bss                TCP_CM3.lib(at_mem.o)
    0x10006384   0x0000004c   Zero   RW         1259    .bss                TCP_CM3.lib(at_system.o)


    Execution Region RW_IRAM2 (Base: 0x2007c000, Size: 0x000063d0, Max: 0x00008000, ABSOLUTE, COMPRESSED[0x00000110])

    Base Addr    Size         Type   Attr      Idx    E Section Name        Object

    0x2007c000   0x00000014   Data   RW          243    .data               emac_lpc17xx_lan8720.o
    0x2007c014   0x000001bc   Data   RW          282    .data               statechart.o
    0x2007c1d0   0x0000004c   Data   RW          350    .data               touchpanel.o
    0x2007c21c   0x00000013   Data   RW          373    .data               main.o
    0x2007c22f   0x00000001   PAD
    0x2007c230   0x00000004   Data   RW          445    .data               system_lpc17xx.o
    0x2007c234   0x0000000c   Data   RW          578    .data               ufono.o
    0x2007c240   0x00000024   Data   RW          658    .data               lut.o
    0x2007c264   0x00000001   Data   RW          896    .data               glcd.o
    0x2007c265   0x00000003   PAD
    0x2007c268   0x00000008   Data   RW         1020    .data               TCP_CM3.lib(at_arp.o)
    0x2007c270   0x00000004   Data   RW         1096    .data               TCP_CM3.lib(at_tcp.o)
    0x2007c274   0x0000000c   Data   RW         1191    .data               TCP_CM3.lib(at_http.o)
    0x2007c280   0x00000017   Zero   RW          129    .bss                rtc.o
    0x2007c297   0x00000001   PAD
    0x2007c298   0x000033ec   Zero   RW          191    .bss                net_config.o
    0x2007f684   0x00000004   PAD
    0x2007f688   0x00002a64   Zero   RW          242    .bss                emac_lpc17xx_lan8720.o
    0x200820ec   0x0000000c   Zero   RW          349    .bss                touchpanel.o
    0x200820f8   0x00000034   Zero   RW          372    .bss                main.o
    0x2008212c   0x00000010   Zero   RW          681    .bss                dma.o
    0x2008213c   0x00000010   Zero   RW         1057    .bss                TCP_CM3.lib(at_icmp.o)
    0x2008214c   0x00000084   Zero   RW         1233    .bss                TCP_CM3.lib(at_ethernet.o)
    0x200821d0   0x00000200   Zero   RW          427    STACK               startup_lpc17xx.o


==============================================================================

Image component sizes


      Code (inc. data)   RO Data    RW Data    ZI Data      Debug   Object Name

       388         48          0         16          0      20157   anemometro.o
        32          6       1520          0          0       1023   asciilib.o
       232         42          0          0          0        708   configura.o
       220         28          0          0          0        866   dac.o
       136         42          0          4         16        984   dma.o
      1488        130          0         20      10852      43025   emac_lpc17xx_lan8720.o
     69888        342          0          1          0     186942   glcd.o
       560         74          0          0          0       4072   http_cgi.o
        16          0          0          0          0      13919   http_source.o
      1352         78          0         16         22       3866   i2c.o
       332          6          0          0          0       1432   i2clib.o
       488         72          0         12      24000       3827   ldr.o
       336         32          0          0          0       1791   lpc17xx_clkpwr.o
      1060         62          0          0          0       8307   lpc17xx_gpio.o
         4          0          0          0          0        831   lpc17xx_libcfg_default.o
       256          4          0          0          0       2201   lpc17xx_pinsel.o
      1720         62          0          0          0       6120   lpc17xx_ssp.o
       384         48          0         36          0       1555   lut.o
        16          0          0         19         52       1207   main.o
       116          8        169         42      13292       3213   net_config.o
       692         36          0          5        800       3011   onewirev2.o
       672         54          0          0          0       1065   pwm.o
       304         80          0          0         23      17588   rtc.o
        40         12        204          0        512        936   startup_lpc17xx.o
      2964        710          0        444          0      16194   statechart.o
       792         78          0          4          0       1069   system_lpc17xx.o
       756         78          0         20          0      18552   timers.o
      2116         68          0         76         12       5545   touchpanel.o
      1112        438        358          8        242       2240   uart0.o
       348         36          0          8        242       1736   uart3.o
       264         30          0         12          0       1154   ufono.o
        44          8          0          0          0        418   uva30a.o
        40          6          0          0          0      24299   wdt.o
         0          0       1796          0          0        533   web.o

    ----------------------------------------------------------------------
     89168       2718       4114        752      50072     400386   Object Totals
         0          0         64          0          0          0   (incl. Generated)
         0          0          3          9          7          0   (incl. Padding)

    ----------------------------------------------------------------------

      Code (inc. data)   RO Data    RW Data    ZI Data      Debug   Library Member Name

      1824        138          6          8          0       1040   at_arp.o
       488         58          6          0        132        404   at_ethernet.o
      5388       1172        244         12          0       2116   at_http.o
        18          0          0          0          0        340   at_http_uif.o
       404         30          0          0         16        308   at_icmp.o
       834         56          8         12          0        520   at_ip.o
       486          6          0          0          0       1224   at_lib.o
       568         46          0          0         16        520   at_mem.o
       196         40          0          0         76        292   at_system.o
      3936        158          0          4          0       2008   at_tcp.o
       208         12          0          0          0        156   at_udp.o
         0          0        503          0          0          0   http_err.o
       252         22         48          0          0        124   cos_i.o
        16          6          0          0          0         68   dunder.o
        40          0          0          0          0         68   fpclassify.o
       170          0          0          0          0         96   poly.o
      2528        190        136          0          0        332   pow.o
         0          0          8          0          0          0   qnan.o
       904         72        200          0          0        140   rred.o
       176         10          0          0          0        116   sin.o
       236         12         40          0          0        128   sin_i.o
        76          0          0          0          0         84   sqrt.o
        56          8          0          0          0         84   __0sscanf.o
        92          0          0          0          0          0   __dczerorl2.o
        28          0          0          0          0         68   _chval.o
       812          6          0          0          0        112   _scanf.o
       218          0          0          0          0         96   _scanf_str.o
        64          0          0          0          0         84   _sgetc.o
       158          0          0          0          0         92   _strtoul.o
        26          0          0          0          0         80   atoi.o
         8          4        133          0          0         68   ctype_o.o
         0          0          0          0          0          0   entry.o
         0          0          0          0          0          0   entry10a.o
         0          0          0          0          0          0   entry11a.o
         8          4          0          0          0          0   entry2.o
         4          0          0          0          0          0   entry5.o
         0          0          0          0          0          0   entry7b.o
         0          0          0          0          0          0   entry8b.o
         8          4          0          0          0          0   entry9a.o
        20         10          0          4          0        136   errno.o
        30          0          0          0          0          0   handlers.o
        36          8          0          0          0         68   init.o
        18          0          0          0          0         76   isspace_o.o
         0          0          0          0          0          0   iusefp.o
        30          0          0          0          0         68   llshl.o
        36          0          0          0          0         68   llsshr.o
        32          0          0          0          0         68   llushr.o
        36          0          0          0          0         68   memcpya.o
        36          0          0          0          0        108   memseta.o
      2260         86          0          0          0        512   printfa.o
        40          8          0          0          0         84   scanf_char.o
        28          0          0          0          0         76   strcmp.o
        18          0          0          0          0         68   strcpy.o
        14          0          0          0          0         68   strlen.o
       112          0          0          0          0         88   strtol.o
        44          0          0          0          0         80   uidiv.o
        98          0          0          0          0         92   uldiv.o
        40          2          0          0          0         68   cdcmple.o
        40          2          0          0          0         68   cdrcmple.o
        20          0          0          0          0         68   cfcmple.o
        56          0          0          0          0         88   d2f.o
       334          0          0          0          0        148   dadd.o
       222          0          0          0          0        100   ddiv.o
       190          0          0          0          0        176   depilogue.o
        62          0          0          0          0         80   dfixi.o
        50          0          0          0          0         76   dfixui.o
        48          0          0          0          0         68   dfixul.o
        34          0          0          0          0         76   dflti.o
        26          0          0          0          0         76   dfltui.o
       228          0          0          0          0         96   dmul.o
        46          0          0          0          0         80   dscalb.o
       162          0          0          0          0        100   dsqrt.o
        38          0          0          0          0         68   f2d.o
       176          0          0          0          0        140   fadd.o
       128          0          0          0          0         88   fdiv.o
       108          0          0          0          0        168   fepilogue.o
        40          0          0          0          0         68   ffixui.o
        18          0          0          0          0         68   fflti.o
        10          0          0          0          0         68   ffltui.o
       108          0          0          0          0         76   fmul.o

    ----------------------------------------------------------------------
     25332       2170       1342         40        240      14608   Library Totals
        30          0         10          0          0          0   (incl. Padding)

    ----------------------------------------------------------------------

      Code (inc. data)   RO Data    RW Data    ZI Data      Debug   Library Name

     14350       1716        767         36        240       8928   TCP_CM3.lib
      4398        312        432          0          0       1156   m_ws.l
      4370        138        133          4          0       2412   mc_w.l
      2184          4          0          0          0       2112   mf_w.l

    ----------------------------------------------------------------------
     25332       2170       1342         40        240      14608   Library Totals

    ----------------------------------------------------------------------

==============================================================================


      Code (inc. data)   RO Data    RW Data    ZI Data      Debug   

    114500       4888       5456        792      50312     403658   Grand Totals
    114500       4888       5456        424      50312     403658   ELF Image Totals (compressed)
    114500       4888       5456        424          0          0   ROM Totals

==============================================================================

    Total RO  Size (Code + RO Data)               119956 ( 117.14kB)
    Total RW  Size (RW Data + ZI Data)             51104 (  49.91kB)
    Total ROM Size (Code + RO Data + RW Data)     120380 ( 117.56kB)

==============================================================================

